FAST_DOT_PROD=1
/app/hpao_cmplr/bin/fhe_cmplr /app/model/i1024_o4096.onnx -o /app/ae_tmp/i1024_o4096.onnx.c -POLY:muh:mdh:mef -P2C:cte:ctp:df_limit=819200 -VEC:conv_fast -VEC:ms=32768 -CKKS:N=65536 -P2C:df=/app/ae_tmp/i1024_o4096.onnx.weight -CKKS:sk_hw=192 -O2A:ts -FHE_SCHEME:ts -VEC:ts -SIHE:ts -FHE_SCHEME:ts -POLY:ts -P2C:ts -CKKS:ts:q0=60:sf=56 -POLY:ts -P2C:ts -P2C:fp -SIHE:relu_vr_def=10
[/app/hpao_cmplr/bin/fhe_cmplr][ONNX2AIR][--] : phase_time = 0.054290 / 0.054444(s)
[/app/hpao_cmplr/bin/fhe_cmplr][SCHEME_INFO_ANALYZE][--] : phase_time = 0.000030 / 0.054487(s)
[/app/hpao_cmplr/bin/fhe_cmplr][VECTOR][--] : phase_time = 6.125161 / 6.179653(s)
[/app/hpao_cmplr/bin/fhe_cmplr][SIHE][--] : phase_time = 0.036122 / 6.215792(s)
[/app/hpao_cmplr/bin/fhe_cmplr][CKKS][--] : phase_time = 0.037721 / 6.253526(s)
[/app/hpao_cmplr/bin/fhe_cmplr][POLY][--] : phase_time = 0.287984 / 6.541522(s)
[/app/hpao_cmplr/bin/fhe_cmplr][POLY2C][--] : phase_time = 51.427185 / 57.968722(s)
COMPILE RETV:0
COMPILE CMD TIME:58.439801s
/app/hpao_cmplr i1024_o4096.onnx /app/test/i1024_o4096.c i1024_o4096.onnx.c
ckks_param: _provider = 0, _poly_degree = 65536, _sec_level = 0, mul_depth = 3, _first_mod_size = 60, _scaling_mod_size = 56, _num_q_parts = 2, _num_p = 2, _num_rot_idx = 4097,_hamming_wieght = 192
input(tensor): [
 0.061414 -0.096423 -0.017199 -0.033519 0.036503 -0.002912 0.082489 -0.086162 0.012432 0.087918 0.042515 -0.030424 0.074243 -0.038839 0.091900 -0.070942 -0.043209 -0.056978 0.073989 0.023113 0.085229 -0.053142 0.018005 0.019406 -0.027455 0.092480 -0.032509 -0.041314 -0.057843 -0.063304 0.055071 0.073429 0.012541 0.013569 0.038341 -0.061169 -0.034006 0.058804 0.096087 -0.034606 -0.033959 -0.097774 -0.063387 0.018570 0.057667 -0.004127 0.067243 0.064746 0.066128 -0.013776 0.002371 0.077735 0.058959 -0.080537 -0.032175 0.088990 0.096944 0.067918 -0.077518 0.033372 -0.033873 0.008956 -0.025558 0.015587 0.005266 -0.097167 -0.006274 -0.061031 0.073423 0.017727 -0.000454 -0.053245 -0.017487 0.014178 -0.035256 0.028209 -0.074061 -0.018521 0.060613 0.025726 0.069274 0.002933 -0.060801 0.002873 -0.062932 0.017950 -0.003681 -0.078644 -0.086617 0.080227 -0.058373 -0.068934 -0.048047 -0.002723 0.045136 -0.061278 -0.085505 -0.099822 0.025698 -0.031487 -0.062775 -0.079142 -0.047894 0.032953 0.083321 -0.083576 -0.022186 0.021041 -0.071236 0.085612 0.028622 0.050387 -0.080164 -0.086965 0.093104 -0.041234 -0.077653 0.064418 -0.037020 0.035331 -0.094055 0.006914 0.091098 0.083561 -0.063329 -0.077810 0.003668 -0.052642 -0.013384 -0.077790 0.056327 -0.016618 -0.025321 0.095004 -0.060969 -0.061490 -0.021980 0.040152 0.033609 -0.028046 -0.090066 -0.032687 0.066659 0.071686 -0.078211 -0.017601 0.066456 0.074454 -0.095468 0.035235 -0.074120 0.056563 -0.083639 0.070929 0.077077 0.032541 -0.021814 0.018749 0.091952 -0.057593 -0.014531 0.063699 0.018045 -0.099386 0.039704 0.011896 0.063736 -0.051225 -0.023308 -0.099468 -0.045694 0.094394 0.088452 0.053663 0.032465 0.024826 0.029293 0.094812 -0.083753 0.034833 0.079677 -0.060751 -0.013963 0.053523 -0.035547 0.002849 0.094576 -0.070704 -0.037725 0.065898 -0.051088 0.021439 -0.090580 -0.081685 -0.024098 -0.017205 -0.062173 -0.002853 -0.086620 0.099703 -0.080998 -0.032426 0.086812 0.053307 -0.091371 -0.058582 0.001982 0.031295 -0.041678 -0.035324 0.097365 0.068028 -0.043928 0.047477 0.064054 -0.073088 -0.067387 0.059059 0.040507 0.017655 0.021251 -0.073644 0.041583 -0.073356 0.004968 0.074365 -0.017172 -0.046926 -0.004695 0.023901 0.003324 0.055225 0.053402 -0.053181 -0.075055 0.038804 -0.097536 0.036635 -0.022589 0.000586 -0.082983 0.032345 -0.096335 0.064879 -0.071138 0.001520 -0.007945 -0.048237 0.064468 -0.069076 -0.053453 0.071694 0.089949 -0.023409 -0.029122 -0.021604 0.013067 0.069217 0.050001 0.088680 -0.019781 0.090173 0.016465 0.010309 -0.028159 -0.072653 -0.086937 -0.038591 -0.077645 0.026711 0.061078 0.050577 -0.056534 -0.001042 0.020749 0.025372 -0.058418 0.043141 0.039170 -0.005638 -0.091659 -0.049321 0.003781 -0.021788 -0.093054 0.084607 -0.018459 0.052922 0.006168 0.077140 0.079608 0.014128 0.049888 0.032515 0.094078 0.006874 0.088033 0.074596 0.074951 -0.085177 0.057058 -0.027611 -0.006631 0.020501 0.022242 0.044534 -0.073451 0.076956 0.013643 -0.045048 0.094297 0.039397 0.018859 -0.072951 -0.040678 -0.070625 -0.020952 -0.064659 -0.031274 0.090568 -0.091446 -0.064733 -0.039511 -0.094589 -0.025728 0.080661 -0.093191 -0.052992 0.074033 -0.053163 -0.035979 0.055177 -0.092072 -0.051288 0.074026 -0.087527 -0.008269 0.074684 0.056326 -0.058604 0.099990 -0.035884 -0.004720 -0.074931 0.026352 -0.066210 -0.006587 -0.066848 -0.058381 0.014886 0.044802 -0.044066 -0.004987 0.028183 -0.041366 -0.033000 0.002564 0.000313 0.042849 -0.016933 -0.060680 0.036012 0.069417 0.089338 -0.022027 -0.008611 -0.083054 0.056719 0.076744 -0.075154 -0.007092 -0.025079 0.073157 -0.003561 -0.059179 0.023607 -0.023883 -0.047591 -0.063522 0.009471 0.028506 0.059043 0.013830 -0.047875 -0.051366 -0.024313 -0.081544 0.095632 -0.017659 0.022910 -0.075546 0.064518 0.005035 0.093422 -0.059175 -0.083202 -0.015473 -0.082844 -0.067083 0.099883 -0.082287 0.034669 -0.073985 0.057673 -0.017946 0.015360 0.087344 0.060088 0.049615 -0.043702 0.016416 0.017708 -0.078956 -0.069485 0.050153 -0.074229 -0.067941 -0.097647 0.099283 0.029139 0.000090 0.013823 -0.036436 0.075412 -0.045251 0.046950 0.017881 0.099978 0.086428 -0.007052 -0.057409 0.061514 -0.070769 -0.043369 -0.075998 -0.037225 -0.060650 0.045101 -0.093218 -0.060364 -0.020123 -0.093396 0.039535 -0.032585 -0.007828 -0.085198 -0.065307 -0.040216 -0.005628 -0.016059 -0.048905 -0.084359 -0.017163 -0.017165 0.056780 0.071107 0.009793 -0.099408 0.076032 0.012545 -0.013864 -0.074923 -0.022782 0.037774 0.057805 0.033225 -0.060166 -0.001940 0.088561 0.079402 0.075441 0.036932 -0.027617 -0.083106 -0.095943 -0.003006 -0.035742 0.022341 -0.086282 0.087508 0.052824 -0.090058 0.003925 -0.005146 -0.095285 -0.082864 -0.067138 0.076155 -0.099307 -0.089982 0.080552 -0.020910 -0.095583 0.040049 0.057865 0.018879 -0.023289 -0.003627 -0.089387 0.089215 -0.010028 -0.064526 0.037927 0.018446 -0.014767 0.056435 0.041753 0.069720 -0.066348 -0.043615 -0.082357 0.084933 -0.078999 -0.093238 0.082396 0.096880 -0.030261 0.085545 0.082019 0.084070 -0.048247 0.001629 0.070616 -0.030349 -0.067109 0.092614 0.000239 -0.079858 -0.016122 0.013181 0.046209 0.004127 0.057555 0.070300 -0.099609 -0.049647 0.041698 0.057754 0.007093 0.045360 0.083300 0.020520 -0.002712 -0.063377 -0.029283 0.020138 0.004479 0.033110 0.030711 0.081606 -0.023083 0.064288 0.047190 -0.068151 -0.045140 -0.068118 0.082895 -0.027516 -0.078190 -0.043791 0.014462 0.072258 0.044783 -0.035822 -0.078355 0.066262 0.004905 0.097464 0.029950 0.041762 0.079623 -0.018997 0.017642 -0.018353 -0.001290 0.038409 0.017916 -0.010625 -0.098402 0.086256 0.067564 0.072410 -0.018200 -0.066293 -0.006379 -0.040156 0.067858 0.024103 0.050058 -0.080932 0.073438 -0.041798 -0.040479 -0.088515 -0.079018 0.023748 -0.068040 -0.083850 0.009649 -0.026751 -0.029010 0.066103 0.053319 -0.006254 0.055947 0.001146 -0.070472 -0.073675 -0.015273 -0.072207 -0.077592 -0.018707 0.071663 -0.043790 -0.085969 -0.019967 0.098289 -0.096073 0.067087 -0.077096 0.029068 -0.055663 0.009181 0.094458 -0.087472 -0.075334 -0.085825 0.019047 0.031414 0.003706 -0.079553 -0.034323 0.061753 0.072037 0.033646 0.092151 0.035052 -0.072649 0.008204 0.048560 0.042056 -0.022207 -0.097648 0.089123 -0.024089 0.035392 -0.019358 -0.016400 0.024349 -0.026675 -0.053165 0.009975 -0.085101 -0.040367 0.068556 0.070568 -0.084183 -0.048529 0.088221 -0.092010 -0.064362 -0.082973 0.099135 -0.051834 -0.015151 -0.092716 -0.082597 -0.027419 -0.021519 -0.017308 -0.077409 0.077911 0.026196 -0.098355 0.017111 -0.016281 0.021212 0.026431 0.002351 -0.055040 -0.060103 -0.006143 -0.061564 -0.017996 -0.016367 -0.007531 -0.006111 0.034532 0.053680 -0.068342 0.048642 0.029924 0.012798 0.087263 -0.098130 0.019320 0.031758 0.019138 -0.077765 -0.041611 -0.094484 -0.018089 -0.081490 -0.034483 0.088270 -0.061515 0.087202 0.007315 0.089816 -0.035658 0.002693 0.013741 0.051342 0.030544 -0.071532 -0.058133 -0.074758 -0.038343 0.064099 0.016660 0.097524 0.036096 0.081100 0.075047 0.075837 0.081169 0.051352 -0.038428 0.095302 0.057900 -0.061162 -0.059070 -0.011108 0.081883 0.059857 -0.039084 -0.071929 -0.040064 0.096009 0.020251 -0.096153 -0.009461 0.024496 -0.010467 0.074890 -0.070783 0.015448 -0.033168 -0.086677 -0.013698 0.055657 0.043979 0.041733 0.015236 -0.030618 0.092333 -0.038725 -0.019932 0.089610 -0.073463 0.019609 -0.019442 -0.016576 0.038134 -0.020449 -0.022735 0.099867 -0.061120 -0.070887 -0.025254 0.068095 0.006497 0.061045 0.078569 0.057674 -0.011373 -0.021069 0.017586 -0.035043 0.092470 -0.068837 -0.023310 -0.099086 -0.065271 -0.083635 -0.091858 -0.097322 -0.098799 0.069619 0.087756 -0.026962 0.098840 0.078085 -0.066765 -0.098091 0.053975 0.032974 0.008715 -0.046475 -0.082051 -0.014186 -0.009999 -0.021229 0.063849 -0.037481 -0.064682 0.076862 0.076774 -0.086606 0.079037 -0.078268 -0.052699 -0.019632 0.048041 0.090543 0.035031 0.008446 0.096032 -0.062144 -0.057845 0.058386 0.064391 -0.018726 -0.051762 0.027424 0.035329 0.084070 0.075271 -0.082149 0.048426 0.081173 0.022663 -0.061789 -0.060122 -0.090618 0.096395 0.093980 -0.034667 -0.037575 0.091790 -0.088613 -0.089231 -0.064744 -0.040208 0.004084 -0.003500 -0.086940 -0.079503 -0.024370 0.055228 -0.053991 0.005009 0.077051 -0.086870 -0.056022 -0.029064 0.036570 0.097030 -0.088725 0.067455 0.052808 -0.071036 -0.019746 0.094317 -0.076417 -0.052820 -0.015590 -0.008557 -0.020928 0.063023 0.023200 0.007820 -0.078507 -0.099291 0.075349 -0.012484 -0.002602 -0.001499 -0.012270 0.041253 -0.068343 -0.000407 -0.037199 -0.092968 0.031714 -0.082881 0.019663 -0.085764 0.023433 -0.010224 0.038108 -0.093988 -0.056378 0.029255 -0.073805 0.029725 0.042308 -0.081735 0.059488 0.088869 0.068276 0.005618 -0.039832 -0.072849 0.065467 -0.099348 -0.002015 -0.002333 -0.073224 0.089857 0.007886 -0.014532 -0.058102 0.071425 -0.054701 0.022264 -0.029246 0.054363 -0.011118 -0.053310 -0.085743 -0.097279 -0.089350 0.050574 -0.073821 -0.043245 -0.036095 0.032557 -0.028324 0.057286 -0.092524 0.066058 0.052750 -0.001552 0.091173 0.076708 -0.027793 0.088711 -0.017264 0.092867 0.061593 0.099375 0.005990 -0.007120 0.074742 -0.063394 0.057945 -0.024527 0.070723 0.083408 -0.018901 0.090607 -0.062485 0.057136 0.041154 0.091911 0.096380 -0.074412 0.016120 0.002432 -0.008959 0.053053 -0.011774 0.090946 -0.082484 -0.022411 -0.005918 0.061959 0.003183 0.050363 0.078786 -0.076150 0.085823 0.022275 -0.081597 0.075375 -0.011447 0.079570 -0.052854 -0.036629 0.096187 -0.042300 0.058101 -0.013852 0.085089 -0.056162 -0.049719 -0.055187 0.071820 -0.026350 -0.092055 0.045906 0.064646 0.036198 -0.026685 0.029373 0.022899 0.078870 -0.038788 0.087691 -0.055959 0.057951 -0.058860 -0.063718 0.010740 -0.073564 0.012546 0.010971 -0.024696 -0.068965 0.029570 -0.049889 0.093271 0.060315 0.001124 0.002421 -0.028504 -0.012096 0.032020 -0.067297 -0.016155 -0.029332 0.001521 -0.007916
]
Total memory size for keys: rot_key_cnt = 4097, rot_key_size = 51553173744 bytes, total_key_size = 51576242848 bytes
Total memory size for weight plain: cnt = 0, size = 0 bytes
RTLib functions         	       Count	      Elapse
--------------------    	    --------	    --------
FINALIZE_CONTEXT        	           1	    0.014371 sec
PREPARE_CONTEXT         	           1	  237.126418 sec
ENCODE_ARRAY            	           1	    0.009112 sec
NTT                     	       49231	   57.933632 sec
INTT                    	          17	    0.021688 sec
MAIN_GRAPH              	           1	   33.829187 sec
 HW_ADD                  	       61455	    5.180958 sec
 HW_MUL                  	           4	    0.001157 sec
 MULP_FAST               	        8192	    4.755795 sec
 HW_ROT                  	       40968	    2.492117 sec
 COPY_POLY               	           1	    0.000000 sec
 EXTEND                  	           3	    0.000978 sec
 PRECOMP                 	           2	    0.036449 sec
 MOD_DOWN                	           3	    0.027377 sec
 FAST_DOT_PROD           	        8194	   16.227884 sec
 RESCALE_POLY            	           4	    0.013523 sec
 COPY_CIPH               	           3	    0.000837 sec
 INIT_CIPH_SM_SC         	        8195	    0.002343 sec
 INIT_CIPH_UP_SC         	        4097	    0.692501 sec
 INIT_CIPH_DN_SC         	           2	    0.000108 sec
 PT_GET                  	        8194	    4.335735 sec
MAIN_GRAPH              	   sub total	   33.767762 sec
272.74s 52580640KB
Exit 0 - Check log: /app/ae_result/hpao/i1024_o4096.all.log
LINK_EXEC RETV:0
LINK_EXEC CMD TIME:273.631766s
