FAST_DOT_PROD=0
/app/hpao_cmplr/bin/fhe_cmplr /app/model/i32x16x16_ci32_co64_k1p0s2.onnx -o /app/ae_tmp/i32x16x16_ci32_co64_k1p0s2.onnx.c -POLY:muh -VEC:conv_fast -VEC:ms=32768 -CKKS:N=65536 -P2C:df=/app/ae_tmp/i32x16x16_ci32_co64_k1p0s2.onnx.weight -CKKS:sk_hw=192 -O2A:ts -FHE_SCHEME:ts -VEC:ts -SIHE:ts -FHE_SCHEME:ts -POLY:ts -P2C:ts -CKKS:ts:q0=60:sf=56 -POLY:ts -P2C:ts -P2C:fp -SIHE:relu_vr_def=10
[/app/hpao_cmplr/bin/fhe_cmplr][ONNX2AIR][--] : phase_time = 0.000199 / 0.000362(s)
[/app/hpao_cmplr/bin/fhe_cmplr][SCHEME_INFO_ANALYZE][--] : phase_time = 0.000015 / 0.000385(s)
[/app/hpao_cmplr/bin/fhe_cmplr][VECTOR][--] : phase_time = 0.013102 / 0.013490(s)
[/app/hpao_cmplr/bin/fhe_cmplr][SIHE][--] : phase_time = 0.003174 / 0.016674(s)
[/app/hpao_cmplr/bin/fhe_cmplr][CKKS][--] : phase_time = 0.003792 / 0.020472(s)
[/app/hpao_cmplr/bin/fhe_cmplr][POLY][--] : phase_time = 0.018998 / 0.039477(s)
[/app/hpao_cmplr/bin/fhe_cmplr][POLY2C][--] : phase_time = 0.005131 / 0.044616(s)
COMPILE RETV:0
COMPILE CMD TIME:0.053061s
/app/hpao_cmplr i32x16x16_ci32_co64_k1p0s2.onnx /app/test/i32x16x16_ci32_co64_k1p0s2.c i32x16x16_ci32_co64_k1p0s2.onnx.c
ckks_param: _provider = 0, _poly_degree = 65536, _sec_level = 0, mul_depth = 6, _first_mod_size = 60, _scaling_mod_size = 56, _num_q_parts = 3, _num_p = 3, _num_rot_idx = 87,_hamming_wieght = 192
input(tensor): [
 -0.073100 0.085753 -0.033864 0.068867 -0.092093 0.053093 -0.039340 -0.049260 0.062990 -0.047863 0.099087 0.087535 -0.054909 -0.063314 0.041687 0.005808
 0.040643 -0.032291 0.013741 -0.062083 -0.029200 -0.069118 -0.074467 -0.024012 -0.067238 -0.086850 -0.078458 0.057620 0.060756 -0.010754 0.041722 -0.072305
 -0.062140 -0.083702 -0.032533 -0.014310 0.062813 0.098462 -0.050245 0.046387 0.021131 -0.024159 0.042526 -0.021347 -0.004928 -0.037055 0.044077 -0.029528
 0.084799 -0.016811 0.011970 -0.058157 -0.035262 0.006861 0.073094 -0.033840 -0.066264 0.089195 -0.066488 -0.014885 0.051382 0.081539 0.089892 -0.081894
 0.055614 0.006218 0.079393 -0.003632 0.017150 0.002351 0.044204 0.093718 0.025840 -0.032381 0.002837 0.081370 0.008432 -0.016120 -0.035363 0.066743
 0.094264 0.085095 0.041199 0.074150 0.034834 0.045146 0.094350 -0.076114 0.057560 0.005749 -0.096521 -0.074418 0.022374 -0.000864 -0.059886 0.081316
 0.099988 -0.009175 -0.006961 0.094517 0.040406 -0.026430 -0.028681 -0.063687 0.015024 0.054616 -0.022067 0.053368 0.015602 -0.049349 -0.040714 -0.027485
 0.036392 -0.064548 0.019707 0.080562 0.083952 -0.090491 -0.042248 0.060078 -0.052231 0.009915 -0.055085 0.082041 -0.084072 -0.028244 -0.030142 -0.019575
 0.074953 0.028497 -0.065683 0.025248 -0.033349 -0.081373 -0.004662 0.056200 0.057270 -0.063639 -0.051863 0.027522 -0.033513 -0.078394 0.001468 -0.081359
 -0.033418 -0.093330 -0.030022 0.042605 -0.035887 -0.056101 -0.012691 -0.033171 0.067427 0.017747 -0.096324 0.099256 0.071905 -0.083454 0.077555 -0.078726
 -0.082237 -0.019400 -0.045927 0.037563 0.071963 0.079032 0.088351 -0.072861 0.003968 0.045391 -0.029595 0.039769 0.050207 0.096918 0.008821 0.043965
 0.004234 -0.018157 0.050093 -0.035715 -0.072851 -0.022702 -0.006956 -0.070257 0.047058 -0.079713 0.027436 -0.067709 -0.029483 -0.073217 -0.020649 -0.089618
 0.083251 0.071100 -0.082679 0.095649 0.058279 -0.038331 0.059592 -0.007354 0.068787 0.090769 0.084717 0.075029 -0.088445 -0.082805 -0.000502 -0.065710
 0.037949 -0.059462 0.004376 -0.005946 -0.056261 -0.042546 0.039924 0.091382 0.086025 0.009606 0.031854 -0.004254 0.082380 0.018009 -0.068924 -0.023602
 -0.041052 0.093526 -0.080217 0.091715 -0.080452 -0.014667 0.062865 0.095183 -0.060620 -0.064368 -0.056623 0.016623 -0.028369 0.096934 0.086446 0.022411
 0.016472 -0.007351 0.018145 0.044588 -0.052329 -0.098381 0.068103 -0.072442 0.008050 0.025080 -0.051437 -0.072315 0.064766 -0.069005 0.053170 0.049892
 0.050086 0.074476 0.076486 0.056109 -0.072579 -0.050994 -0.084934 0.029943 0.059473 -0.081275 -0.031870 0.008161 0.090312 0.052420 -0.084122 -0.052407
 0.083431 0.042947 0.009292 0.009546 -0.026366 -0.055987 -0.037737 0.058602 -0.055783 0.025929 -0.078806 -0.099287 -0.004900 0.090407 0.070777 0.022914
 0.068231 0.091143 -0.025146 0.050977 0.077680 -0.097801 -0.017176 -0.095430 0.012596 0.064739 -0.027951 0.018037 0.046090 -0.046912 0.043996 -0.043259
 -0.057580 0.079208 -0.039230 0.059826 -0.029343 -0.074251 0.066148 0.079975 0.055717 0.039875 -0.011553 0.004925 -0.002119 0.068641 -0.043517 0.068763
 -0.067695 0.095292 -0.087352 0.067919 0.072929 0.096479 -0.070925 -0.049675 0.029564 -0.049288 0.092037 -0.007741 0.084594 -0.097107 0.067561 -0.017242
 -0.087647 0.060150 0.050860 -0.006943 0.060396 0.086607 -0.047821 -0.075633 0.066529 0.083860 -0.019719 -0.021211 0.066092 -0.073771 -0.062289 0.094881
 0.064984 0.067981 0.041236 -0.027480 -0.012857 -0.081737 -0.009773 0.078623 0.076868 0.063285 0.034201 -0.060012 -0.085714 0.018115 0.075672 0.044595
 -0.015042 -0.079259 -0.073019 0.065965 0.087888 -0.058836 -0.013364 -0.027369 -0.022800 0.016022 0.043850 -0.067533 -0.054762 0.031230 -0.019728 -0.048527
 -0.004291 0.034903 0.083988 -0.099398 0.017899 0.078187 0.095567 0.082877 0.049884 -0.048549 -0.021085 0.050940 -0.018032 0.072376 0.015790 0.054307
 -0.065060 0.064797 0.088443 -0.026164 0.032708 -0.045802 0.025412 0.028380 0.006996 0.059678 -0.085898 0.043872 -0.017228 -0.004273 -0.008583 0.053148
 -0.041385 0.054221 0.080462 0.030107 -0.026170 0.035423 0.043356 -0.048938 -0.024424 -0.098456 -0.086422 0.087136 0.062007 0.085999 -0.028985 -0.038177
 0.000440 0.077873 0.024401 -0.061449 -0.072043 0.013179 -0.040961 0.045106 0.021502 0.032310 -0.016933 -0.037392 0.099903 0.075351 -0.060983 -0.087865
 0.037568 -0.000962 -0.058511 0.015472 -0.023584 -0.056842 0.070643 -0.046755 -0.063385 -0.002753 -0.052276 -0.052155 -0.068637 -0.016451 0.016945 0.002449
 0.083114 -0.009127 -0.071118 -0.095823 -0.050830 -0.014830 -0.023778 -0.038225 0.039669 -0.017443 0.078832 -0.025538 -0.096515 -0.016588 -0.037908 -0.087441
 -0.065591 0.063726 -0.060033 -0.024174 0.011439 0.071074 0.060939 -0.010678 0.000021 -0.078617 0.095007 -0.096099 0.044902 0.000675 -0.051052 -0.093207
 0.005766 -0.042854 -0.053199 0.046214 -0.054544 0.063944 0.008331 0.015531 -0.088769 -0.024311 -0.088913 -0.016154 0.043500 -0.083758 0.072725 -0.032177
 -0.083760 -0.056652 0.069246 0.026463 0.077338 -0.026828 0.000673 -0.001105 0.058006 0.039684 -0.037732 -0.001271 0.006540 0.053386 -0.080390 -0.095649
 -0.008206 0.006574 0.018832 0.051033 -0.096721 0.018635 0.004417 -0.086334 0.003112 -0.009385 -0.004629 0.081540 -0.094982 0.084497 -0.058421 0.005302
 0.044355 -0.076016 -0.064528 0.044375 -0.072220 0.028642 0.075759 -0.001982 -0.050911 0.080686 -0.062656 0.016199 0.092977 0.010399 -0.076534 -0.084360
 -0.091499 0.015426 -0.046145 -0.058307 0.078405 0.029897 -0.032831 0.070843 0.087878 -0.021781 -0.019140 0.091751 0.029943 -0.081770 0.070725 -0.006957
 -0.008558 0.049325 0.077549 0.018795 -0.093393 0.097552 -0.030267 0.066130 0.057656 -0.015729 0.015017 0.064046 -0.056970 0.003433 -0.068700 -0.014791
 -0.050117 -0.002780 -0.002477 0.069896 0.052612 0.071880 -0.090142 0.054717 0.065797 -0.064188 0.029287 -0.016198 0.022484 -0.043410 0.020782 -0.051387
 0.036186 -0.037133 0.075252 -0.070238 -0.060312 -0.043091 -0.023724 -0.019097 0.050152 -0.031026 0.065401 0.090948 -0.000483 0.064047 -0.071903 0.026630
 0.032509 -0.092406 -0.064464 -0.089137 0.042136 0.039359 0.043473 0.034723 0.065858 -0.037490 -0.041015 -0.034323 0.094551 -0.058915 0.050041 0.056978
 0.085015 -0.053696 -0.072298 -0.033123 0.026803 0.069781 0.073658 -0.054721 0.057575 -0.011555 0.016556 -0.080939 -0.045621 -0.024232 -0.086431 0.074825
 0.090539 -0.024147 -0.014201 -0.098812 -0.085272 -0.016178 0.082412 -0.056633 -0.025155 0.008956 0.017771 0.075978 -0.003316 -0.077227 0.098699 -0.026301
 -0.078077 0.079495 -0.002933 -0.091021 -0.046544 0.095241 -0.009440 0.042863 0.092493 -0.078905 -0.047947 -0.009525 0.030200 -0.097138 0.055592 -0.014879
 -0.059108 -0.025704 -0.023365 0.010514 -0.051678 -0.008906 0.052573 0.070785 -0.013393 0.010302 0.097760 -0.076532 0.078577 0.089326 0.089947 -0.086930
 0.025881 -0.022599 -0.075719 0.046181 -0.017124 -0.039197 -0.030271 -0.078570 0.052944 0.011104 -0.043215 -0.097495 0.069164 0.041595 0.099730 0.096331
 0.058143 -0.062941 0.061394 -0.004292 0.069972 0.056418 -0.053085 0.028850 0.084074 0.073294 0.020148 -0.048552 0.051717 -0.031806 -0.004592 0.035618
 0.066991 -0.006792 0.081651 0.095445 0.017861 -0.012239 -0.035592 -0.014989 0.085877 -0.044092 -0.062732 -0.000049 0.073522 0.009830 -0.094660 -0.059784
 0.000456 -0.052727 -0.077920 0.085116 0.035794 0.018463 -0.032691 0.087558 0.024965 0.045495 0.074750 0.072999 0.090157 -0.017899 0.008112 -0.017950
 0.022382 -0.059359 0.099294 0.005646 0.031400 -0.081327 0.021552 0.071885 -0.072698 0.078096 0.096080 0.021741 -0.019949 0.045327 0.012682 -0.025215
 -0.085008 -0.031240 0.049370 -0.018919 -0.080245 -0.005827 -0.008930 0.088735 0.020676 -0.092005 -0.066947 0.008644 0.047192 0.034681 0.019778 0.072554
 -0.063238 -0.060973 0.066852 0.021889 0.089827 -0.004014 -0.028164 -0.085671 0.017992 0.052663 -0.083256 -0.084232 0.045345 0.080174 -0.014428 -0.056875
 -0.057889 -0.089082 -0.020197 -0.007898 0.085352 0.055833 0.074316 -0.060785 -0.099871 0.001474 0.004616 -0.008401 -0.036066 0.074064 0.078249 -0.091354
 0.082876 -0.000059 0.008189 0.079794 -0.053357 0.000014 -0.056410 0.069394 0.083085 0.071904 -0.079801 -0.079446 0.026603 -0.042051 0.042866 -0.096104
 0.086435 -0.075425 -0.025394 -0.089716 0.087541 0.077739 0.016758 0.031609 -0.048670 -0.098897 -0.035160 0.021788 -0.042628 0.071643 -0.055832 -0.063825
 -0.049404 0.098079 0.015819 0.070104 -0.082646 0.022350 -0.096188 -0.076380 -0.049762 -0.072936 0.051718 -0.080891 0.019974 0.082770 0.001358 -0.096850
 -0.007392 0.053785 -0.070489 0.078830 0.087209 -0.002167 0.080373 0.066012 0.084654 0.041718 -0.071787 -0.003642 0.037029 -0.020664 -0.092444 -0.094018
 0.032043 0.061375 -0.037263 0.088237 0.025678 0.081026 0.093439 0.064702 0.029174 0.092135 -0.010989 -0.079159 -0.039343 -0.020141 0.089228 0.016128
 0.063476 -0.038131 0.067148 -0.016805 -0.007396 0.041444 -0.025121 0.073719 -0.051483 -0.013010 -0.080434 0.076078 -0.048794 -0.034035 0.050637 0.089293
 0.040586 -0.089807 0.042275 0.042520 -0.093253 0.077980 -0.044895 -0.072418 0.069661 -0.032727 0.076974 -0.013740 0.098003 0.078550 -0.090807 0.083974
 -0.055909 -0.008545 0.003901 -0.029218 0.079420 0.054733 0.001886 0.057032 -0.058742 -0.032023 -0.099021 0.011643 0.072941 -0.075837 -0.069472 -0.005696
 -0.006590 -0.057568 -0.010201 0.046170 -0.056944 -0.049579 0.033467 0.055386 0.000490 0.014310 0.033660 0.065518 -0.057870 0.056414 -0.059036 0.050330
 0.042536 0.065859 -0.005186 0.063338 0.031680 0.010620 -0.001860 0.078209 -0.064447 -0.001037 0.031973 -0.085089 -0.017620 0.057130 0.053851 -0.061614
 -0.015431 -0.079985 0.035689 -0.078461 0.043795 -0.082567 -0.095835 -0.010387 -0.087522 0.051163 0.088650 -0.003383 0.019149 0.044165 -0.033869 0.054740
 -0.011967 0.049288 0.034506 -0.072832 -0.052380 -0.014969 -0.019882 0.049202 0.060068 -0.010982 0.088677 0.069012 0.018753 0.056057 -0.018955 0.018612
 -0.026718 0.070198 -0.000666 -0.082765 -0.064574 0.041595 -0.033603 0.010376 0.027754 0.010651 0.043740 -0.070769 -0.034703 -0.000825 -0.050866 0.033299
 0.040177 -0.000962 -0.051315 0.032415 0.085670 0.042641 -0.035321 -0.095973 0.078562 -0.007630 -0.025623 0.033402 -0.094617 -0.057126 0.051088 0.077164
 -0.012772 0.005900 -0.016408 -0.082480 0.052891 0.071984 -0.016121 -0.080560 0.093508 0.028065 -0.002008 -0.077491 0.014391 0.065401 -0.094835 -0.072233
 0.032933 0.015148 0.019739 0.081571 -0.081392 -0.067643 -0.072955 0.038674 -0.019089 0.013944 -0.060523 0.055967 -0.047422 -0.070368 -0.085023 -0.018023
 -0.019284 -0.080334 -0.063535 0.063732 0.049291 -0.057679 -0.061446 -0.076827 0.037521 0.090877 0.051982 0.066391 -0.042008 0.046559 -0.067188 -0.079896
 -0.067325 0.083903 -0.045066 0.091384 -0.008439 -0.069269 -0.069085 0.040218 -0.043288 0.071682 -0.091143 0.040503 0.081634 0.023289 0.088873 0.077998
 -0.006275 -0.090789 -0.072674 -0.019293 0.074208 -0.048619 0.078269 -0.087365 -0.059266 0.045473 0.079410 -0.079186 0.088913 -0.076129 -0.051694 -0.004043
 -0.017196 0.083685 0.001322 0.008371 -0.066561 0.026740 0.023228 0.005952 -0.008247 0.017388 0.055193 -0.028515 -0.018821 0.042100 -0.083182 -0.029557
 -0.070832 -0.039440 0.068574 -0.098890 -0.014093 0.073382 -0.008817 -0.082259 -0.077511 0.091247 0.095183 -0.016164 0.096799 0.047728 0.038415 0.015553
 -0.004794 -0.084847 0.012682 0.037580 -0.060196 0.058411 0.092483 -0.016471 0.057204 -0.084126 0.005653 0.014444 -0.019218 -0.098566 -0.045036 0.006249
 0.043315 0.063972 0.006136 0.008982 0.090739 -0.036512 0.023860 -0.000870 -0.086941 0.094993 0.000740 0.072446 -0.098522 -0.025690 0.029794 -0.053862
 -0.044994 -0.031140 0.017158 -0.099539 -0.075922 0.018313 0.095890 -0.051186 0.006943 -0.019528 0.024740 -0.004802 -0.020070 0.042088 0.087170 -0.018830
 0.064033 -0.048311 0.070012 -0.075253 -0.072932 0.078046 -0.003440 -0.073282 0.056467 0.045440 -0.055254 -0.050667 -0.072729 0.038424 -0.080996 0.027445
 0.077882 -0.031003 -0.050152 0.081591 -0.002714 0.098943 -0.083639 0.003527 -0.080914 -0.051638 0.047086 0.067057 0.001218 -0.082276 -0.007430 -0.052759
 0.052688 0.017569 0.001969 0.073708 -0.072751 0.087707 0.049946 0.057984 0.006347 -0.028731 -0.097748 0.091762 -0.034367 0.000874 -0.072921 -0.036576
 -0.035968 -0.099702 -0.092108 0.028226 0.057315 -0.070221 -0.092410 0.065763 0.024226 0.097734 0.090358 -0.054696 -0.084026 0.035265 0.057160 0.020330
 -0.012553 0.065756 -0.020358 -0.081282 0.009455 -0.040323 -0.048280 -0.075687 -0.028960 0.014288 0.013066 0.026430 0.075158 -0.005898 -0.070334 0.095906
 -0.043392 -0.041069 0.089295 -0.080717 0.083320 0.075561 0.055584 -0.025904 -0.084009 0.076368 -0.025763 -0.010563 0.055775 0.059285 0.036457 0.092360
 -0.051399 0.029156 -0.007585 0.053579 -0.094787 0.066435 0.090338 0.042164 0.046218 0.025775 -0.024357 -0.063294 0.032156 0.042696 0.042214 0.065949
 -0.021658 -0.093090 -0.083787 0.068449 -0.002944 0.073102 0.091951 -0.082969 -0.066764 0.032497 -0.020583 -0.022745 -0.085795 -0.030371 0.051240 0.081133
 0.028018 -0.058673 0.081031 -0.070528 0.050756 -0.040405 0.010274 0.023448 -0.071276 -0.030767 0.005149 0.092462 -0.080512 0.008692 -0.016439 0.035718
 -0.025663 -0.004454 0.086916 -0.073376 -0.076190 0.066598 -0.009880 0.042889 -0.078768 -0.002814 -0.075868 -0.043048 0.032542 -0.016485 0.012977 -0.054871
 0.009530 -0.012839 -0.015531 -0.036205 -0.092116 -0.018341 -0.050584 -0.003714 -0.000847 -0.080954 -0.065211 0.088820 -0.011663 0.036293 -0.031962 0.049580
 -0.018199 -0.093266 0.004314 0.089458 0.056883 -0.029626 -0.098498 -0.028202 -0.010936 -0.099372 0.052244 -0.059954 0.077884 0.035981 0.068548 -0.094601
 0.097366 0.034226 0.031683 -0.008741 0.070443 0.032911 0.011493 -0.040350 -0.083232 0.068987 0.083226 0.019542 0.058690 0.087088 -0.095219 0.012321
 0.049122 0.005153 0.062589 -0.099086 -0.046766 -0.014159 -0.082777 0.029923 0.040661 0.051008 0.024093 -0.051901 -0.050703 0.076343 -0.013679 0.045958
 0.069773 0.042881 -0.064396 0.048864 -0.061458 -0.023281 0.085274 0.088826 0.028157 0.002333 0.051824 -0.047308 -0.050016 -0.042657 0.085656 -0.071566
 0.032260 -0.087753 -0.056896 0.055881 0.094799 0.090407 0.065012 -0.075885 0.081676 -0.019674 0.000160 -0.098950 -0.061624 0.042386 -0.004667 0.048812
 -0.025546 -0.069794 -0.022306 -0.002251 -0.020611 0.075670 0.018020 -0.001190 0.062534 0.055819 0.033924 -0.000382 -0.025531 0.074858 -0.029907 -0.027262
 0.038909 0.024626 0.058661 0.068710 -0.041334 0.093693 0.033928 -0.044566 0.066833 0.094459 0.074584 -0.072545 -0.084021 -0.045717 -0.047459 0.058301
 0.081980 0.061467 0.075864 -0.047067 0.008041 0.035749 0.062473 0.024233 -0.044078 0.099616 -0.069886 0.074706 0.075810 -0.084667 0.002520 0.033291
 0.044698 0.036737 0.079007 -0.085930 -0.048625 0.004016 -0.097180 -0.082660 0.086410 -0.048386 0.096858 0.056160 0.030965 0.009146 0.077429 0.012850
 0.082028 0.011653 -0.048273 0.073852 -0.032192 0.048396 0.013176 -0.096823 0.075280 -0.081727 0.039848 0.031296 0.048631 0.010925 -0.086353 0.026702
 0.054609 -0.026593 -0.019107 -0.082025 -0.086665 -0.068662 -0.048866 0.058948 0.061497 -0.018664 -0.044814 -0.009359 0.084526 0.079415 -0.090898 -0.082951
 -0.097269 -0.015054 -0.098168 -0.071506 -0.027404 0.052410 0.062765 0.023538 0.015586 -0.008801 -0.090483 -0.097553 0.017425 -0.068310 0.043345 -0.038602
 0.011561 0.022807 -0.014930 -0.024458 -0.087947 -0.067107 0.045449 0.062365 -0.068724 0.067411 -0.060576 -0.043731 -0.029914 0.063229 0.050706 0.085334
 -0.025837 0.080192 0.096446 0.054907 0.065201 0.081007 0.096983 -0.045978 0.028132 -0.039731 0.010805 -0.008440 -0.074291 -0.034794 -0.047136 0.053376
 -0.020715 -0.035359 0.073020 -0.037032 0.096597 -0.047896 0.012562 -0.079903 0.057640 -0.084469 -0.083027 0.023161 0.026148 0.023519 -0.042655 0.007062
 0.076991 0.099200 -0.079653 0.055855 -0.034905 -0.086077 -0.026015 -0.010305 0.017882 0.065287 0.067010 -0.082383 -0.000961 0.003414 -0.051298 -0.023654
 -0.081831 -0.039076 0.029815 -0.011470 -0.003173 -0.062801 0.057439 -0.032936 0.040584 0.098723 -0.066977 -0.048070 0.023212 -0.018712 -0.023651 0.001472
 0.040471 0.054234 0.014920 0.004537 -0.018305 0.066014 0.005709 -0.072059 -0.055758 0.097824 0.019371 0.010444 0.010133 0.089357 0.052875 -0.072516
 -0.060600 -0.022715 -0.041499 -0.041576 -0.051813 0.076058 -0.066066 -0.090011 0.029081 0.033791 -0.029189 0.088926 0.048696 -0.013781 0.091334 -0.092947
 -0.035593 -0.058934 -0.067010 -0.017056 -0.094211 0.034367 -0.072313 -0.045652 -0.052140 0.012771 0.097005 0.023401 0.007626 0.078250 0.088229 -0.014026
 0.025128 0.083461 -0.089997 0.037000 0.047813 0.060224 -0.088140 -0.096036 0.004965 -0.092742 0.071842 -0.097622 0.042313 -0.036483 -0.028849 -0.030724
 0.031214 0.087934 0.045049 -0.081002 0.075100 0.086202 -0.067307 0.086620 -0.043559 -0.055074 0.062656 0.007917 -0.037621 -0.058041 -0.082422 0.062656
 0.025493 -0.034073 -0.035305 -0.064568 0.084305 -0.071451 -0.066726 -0.051144 -0.066826 0.056353 0.045159 0.050902 0.079140 -0.034041 -0.032237 -0.014838
 -0.077851 0.074534 0.018384 -0.060431 -0.088806 -0.009750 0.050656 -0.079658 -0.069632 0.095567 -0.050585 0.047257 0.049491 0.053493 -0.044490 -0.032636
 0.078457 -0.018085 -0.064403 0.097490 0.088944 -0.096232 -0.046281 0.008647 -0.069087 0.095293 -0.032335 0.000162 -0.083326 0.091346 -0.021475 0.081104
 -0.027859 0.010360 -0.013701 0.082516 -0.044926 0.049620 0.085806 0.086711 -0.073321 -0.066406 -0.037936 -0.062782 -0.086035 -0.083279 -0.093472 0.039442
 0.005955 -0.061632 -0.091761 0.021619 -0.051587 -0.017710 -0.025939 0.085821 -0.083880 0.089553 0.095366 -0.071796 0.088351 0.031638 -0.085840 -0.086373
 -0.051987 -0.021514 -0.096718 -0.012907 -0.052047 -0.057657 0.052127 -0.083479 -0.058768 -0.073726 0.013020 -0.056751 -0.017754 -0.081560 -0.072074 -0.007793
 0.046853 0.046471 -0.009877 0.074148 0.067934 0.056624 -0.081162 0.002704 0.076504 0.089448 -0.055263 0.001352 -0.000211 -0.069505 0.018184 0.062094
 -0.079496 0.017276 0.027575 -0.032085 -0.043902 0.008461 -0.072759 0.098835 -0.007619 -0.086726 0.049722 0.042164 -0.093458 0.095340 0.023671 0.050051
 0.081174 0.048493 -0.002625 -0.099938 -0.089767 -0.039991 -0.058638 -0.036494 -0.010740 0.064948 -0.023182 0.013484 0.074145 0.023051 0.077436 0.027490
 0.093922 -0.000784 0.026741 0.089902 -0.051811 -0.034568 0.049014 0.061907 -0.089240 -0.065708 -0.027147 -0.023949 -0.028594 0.083408 0.037355 -0.055767
 -0.011051 -0.075839 -0.008639 0.079610 0.077616 -0.080991 -0.057803 -0.065840 0.080068 -0.002902 -0.042661 -0.053714 0.094994 0.011092 -0.054015 0.090073
 -0.054317 -0.042573 0.028479 -0.011059 0.050984 -0.086919 -0.021083 0.063598 -0.067581 0.077943 0.020464 0.036949 0.040209 0.008031 -0.018350 -0.046255
 -0.097927 0.098104 -0.020067 0.092654 0.014553 -0.091426 0.035876 -0.046104 -0.041548 -0.008065 -0.024572 -0.023484 -0.072855 -0.077290 0.091252 0.046130
 -0.051403 0.067449 -0.070074 0.043597 -0.028034 0.007403 -0.060040 -0.078371 0.022180 -0.045671 0.046519 0.013280 0.067102 0.045973 0.032299 -0.027866
 -0.003021 -0.099532 -0.060591 -0.067577 0.061567 0.057028 -0.023387 -0.089402 -0.080724 -0.044369 -0.046143 -0.085574 -0.088161 0.062755 0.040385 0.087623
 -0.024849 -0.021801 0.060572 0.043788 0.093523 0.068645 0.073166 0.016288 -0.059093 0.089648 -0.055579 0.018005 -0.089000 0.048635 -0.003776 -0.087955
 0.045127 -0.058629 -0.072822 -0.054640 0.075720 -0.077009 -0.081464 0.041915 0.027154 -0.044394 -0.060084 0.044918 0.040848 -0.090852 -0.095733 -0.052049
 0.001964 0.063441 0.096376 0.028636 0.086987 0.074626 0.039357 0.087638 0.060226 -0.025277 0.093787 -0.027454 0.031808 0.048615 0.041939 -0.045277
 -0.049732 -0.005115 -0.065235 -0.070333 -0.070973 0.006890 0.007113 0.068941 0.067294 0.022249 -0.000642 0.073547 -0.010579 0.061816 -0.029059 -0.024163
 0.015990 0.099791 0.087965 0.044683 0.003652 -0.020088 0.064991 -0.084300 0.040932 0.056036 -0.085865 0.033678 -0.072660 0.093287 -0.003627 0.058678
 -0.061978 -0.091040 -0.082694 -0.062534 -0.090810 0.009015 -0.013408 0.004778 0.011850 -0.048764 -0.071658 0.084838 -0.057316 0.032900 -0.022865 0.030256
 -0.030192 -0.063009 0.048372 -0.060745 0.041715 0.088452 0.049984 -0.039659 -0.037692 0.059595 -0.022388 -0.058759 0.022710 -0.061438 -0.020319 0.073471
 0.016985 -0.071967 0.033299 -0.028671 -0.025098 -0.074686 -0.086768 0.007862 0.011970 -0.053224 0.054690 -0.067734 -0.013358 -0.056085 -0.040426 -0.006747
 -0.077667 -0.011500 0.004814 0.020759 -0.071673 -0.052433 -0.021208 0.091764 0.071473 -0.010405 -0.031107 0.004854 0.057311 -0.021713 -0.014129 0.062792
 -0.029735 0.065898 0.026494 -0.059038 -0.044422 -0.032944 -0.039047 -0.076638 -0.086395 -0.004525 0.003590 0.068074 -0.010959 0.075776 -0.063795 0.060207
 -0.018715 0.051816 -0.089575 -0.099544 -0.068133 0.017642 -0.091988 0.071949 -0.016021 0.002835 -0.082079 0.066574 -0.028376 0.097251 -0.054739 -0.017456
 -0.061346 0.021373 -0.012310 -0.010533 -0.074975 0.047535 0.031331 -0.053730 -0.034687 -0.085337 -0.051301 -0.061119 -0.086454 0.083899 0.079072 -0.083637
 -0.026152 0.016135 0.081487 0.059968 0.060845 -0.039613 0.053013 0.097682 0.038996 0.034424 0.085502 -0.008726 -0.006628 -0.079430 -0.017392 -0.015507
 -0.039526 -0.068234 0.087372 0.056007 -0.059250 0.083570 -0.017939 0.044142 0.092135 -0.050660 -0.087674 0.078934 -0.030010 0.071016 0.003054 0.035860
 -0.052311 -0.008209 0.052444 -0.060289 -0.053269 -0.013610 -0.030394 0.030147 -0.092729 0.008245 0.017700 -0.016114 -0.098735 0.098729 -0.087743 -0.036817
 -0.035413 -0.010632 -0.082835 -0.084481 0.072446 -0.067311 0.076640 0.011103 -0.078556 -0.015891 0.037260 0.001138 -0.008894 -0.065758 -0.097865 -0.052365
 0.029861 -0.099956 0.028155 0.030773 0.000148 -0.035755 -0.022114 -0.068781 0.040485 0.070115 -0.080158 0.084819 0.029075 0.001089 0.071763 -0.001014
 0.000905 -0.070991 0.000527 -0.074442 -0.027734 0.074414 -0.071919 0.015112 -0.071456 0.092397 -0.071959 -0.033837 0.030025 0.083015 -0.041109 0.055517
 0.086880 0.054845 0.053351 0.055565 0.081380 -0.037697 0.038591 0.067424 -0.045288 0.070057 -0.037164 -0.057278 -0.094039 -0.034502 -0.077931 0.096061
 -0.042725 -0.030083 0.064192 0.046477 0.026018 0.035671 -0.012173 0.035824 0.059065 0.081693 -0.044545 -0.071166 0.072646 0.077058 -0.097505 -0.081477
 0.087169 0.000390 0.017243 -0.081821 0.072683 0.055793 0.098207 0.097271 0.087410 -0.041791 0.051115 -0.067024 0.030170 0.038658 -0.088883 -0.033204
 0.029919 0.084503 -0.012861 -0.055085 0.090424 -0.086653 0.075631 -0.087466 -0.022486 -0.046185 0.002162 0.051825 -0.006688 -0.032621 0.034834 -0.089897
 -0.051449 -0.043781 -0.083183 -0.096418 0.003953 0.068898 0.066010 -0.033779 0.045139 -0.010586 -0.004987 -0.081642 0.030435 -0.082035 0.035467 -0.074648
 0.084276 -0.062497 -0.074776 0.016868 -0.036336 -0.062586 0.011890 0.065227 -0.068972 0.014165 0.017375 0.015821 -0.086414 0.012393 0.026553 0.090442
 -0.079788 0.092863 0.068215 0.046142 0.066694 0.046817 0.068822 -0.084182 0.009421 0.080233 -0.062144 0.052181 0.081976 0.022791 0.091605 0.011021
 0.057522 -0.049822 -0.074631 -0.023383 0.002472 -0.047501 0.004632 0.007512 -0.007413 -0.079557 0.016006 -0.064325 -0.083119 0.010838 -0.011248 0.032460
 -0.045894 0.067953 -0.051810 -0.062199 -0.072926 0.094065 -0.036926 0.059299 -0.046540 -0.003679 -0.069495 -0.069941 0.016124 0.079308 0.079521 0.002754
 0.035990 0.027572 -0.097492 -0.082105 0.048397 0.098023 -0.007896 0.024267 -0.084902 0.091105 0.017915 -0.024044 -0.042352 0.059971 -0.087837 -0.051180
 0.021674 -0.087879 -0.025543 0.002386 0.090415 0.039859 -0.033950 0.054225 0.022410 0.001749 0.046225 0.007915 -0.018578 0.046502 -0.077882 -0.051137
 0.053972 -0.072471 -0.015017 0.064613 0.002241 0.027555 0.066612 0.044912 -0.040114 -0.062276 -0.075147 -0.034947 0.068317 -0.019605 -0.060383 -0.099235
 0.093879 0.035505 -0.098174 -0.043547 0.063129 -0.065887 -0.029104 0.002148 -0.056573 -0.007361 -0.058578 -0.073474 -0.004119 -0.094657 -0.006413 0.003352
 -0.049253 -0.038501 -0.022111 -0.007969 -0.062489 -0.077942 -0.064782 0.023387 0.042690 -0.012280 -0.078517 -0.084936 0.085423 -0.001457 -0.000373 0.086547
 -0.035190 0.094951 -0.002947 0.017852 0.056468 -0.095421 -0.001701 -0.008348 0.067276 0.087235 -0.033806 -0.000436 0.069997 -0.026262 0.032644 -0.085052
 -0.072441 -0.061167 0.011605 -0.075030 0.000817 -0.089622 0.080823 0.013288 -0.063377 -0.074309 0.033858 -0.066944 -0.071782 0.036423 0.094222 0.044183
 -0.049779 -0.048712 -0.032504 -0.007666 -0.005904 0.097493 -0.055539 0.018821 -0.013986 0.060615 0.058342 -0.080322 0.085027 0.013824 0.024825 0.085274
 -0.056432 0.039351 0.051909 0.050984 -0.054850 0.086660 -0.048890 -0.027665 -0.078031 -0.044362 0.005584 -0.040903 0.091080 -0.046081 -0.031722 0.077782
 -0.015781 -0.077996 -0.039662 -0.049949 -0.006027 0.063255 -0.024958 0.021263 -0.006360 0.097218 0.028140 -0.036575 -0.071975 0.049394 0.022289 0.027171
 0.071414 0.054938 0.050072 0.017187 -0.009235 0.076096 -0.003109 -0.059088 0.063309 0.038330 -0.059610 0.071282 0.067171 -0.045635 0.039923 -0.047036
 -0.070910 0.079638 -0.013858 -0.008217 -0.072371 -0.031976 0.028387 -0.010379 0.059077 0.067168 0.011517 0.002221 -0.016765 0.081743 -0.054524 -0.009532
 -0.038633 0.020166 0.093210 -0.025816 -0.071674 0.033199 -0.087318 0.028907 -0.052169 -0.060307 -0.074305 0.042010 -0.064060 -0.031906 -0.062887 -0.090057
 -0.081982 0.010313 -0.072077 -0.086710 0.049523 0.022646 -0.091764 -0.043757 0.075020 0.098455 -0.090077 0.029661 0.045735 0.056477 0.002611 0.044454
 0.056757 -0.017267 0.069312 0.066023 -0.026611 -0.042184 -0.021463 -0.039430 -0.032468 -0.090802 -0.006131 0.051807 0.077816 -0.093847 -0.027410 -0.027328
 0.061750 -0.077750 0.061512 0.025319 -0.059749 0.097869 -0.059813 0.087570 0.023614 -0.027395 -0.065565 0.062730 0.073769 0.093177 -0.097700 -0.026443
 0.077346 0.089606 -0.011346 -0.096157 0.083691 -0.030449 0.010411 0.065827 -0.089640 -0.091899 -0.077097 0.028606 -0.096805 0.060937 0.031412 -0.013770
 0.014137 0.059547 -0.025980 0.096674 0.089464 0.014666 0.080537 0.047611 0.052897 0.019371 0.077632 -0.089268 -0.066726 0.040670 -0.003018 -0.008921
 0.081545 0.015672 -0.017992 -0.033504 -0.022388 -0.085624 0.081802 -0.047369 0.038066 0.045228 -0.048537 -0.044929 0.055352 -0.058424 -0.006906 0.001155
 0.066749 -0.001471 0.086729 -0.083244 -0.061730 -0.018620 0.066657 0.004453 -0.078628 0.078169 -0.085904 0.004039 0.067659 0.049703 0.075683 0.096019
 0.033227 0.073540 -0.017874 0.046098 0.037518 -0.018723 0.006019 -0.035157 -0.088412 -0.080558 0.071418 0.052367 -0.072873 0.041382 0.072183 0.046630
 0.009893 0.012659 0.025648 0.038558 -0.008578 -0.015465 0.085635 -0.016831 0.087995 0.030010 -0.003837 0.073962 0.048385 -0.034673 0.088676 0.002692
 0.005426 -0.065823 -0.084960 0.000551 -0.022455 -0.081935 -0.086992 -0.090582 0.068779 0.070690 0.037048 -0.027054 -0.031527 -0.065822 0.066543 -0.075198
 -0.073019 -0.002367 -0.079432 0.085125 0.047346 0.054530 -0.041574 -0.078325 -0.084582 0.076942 -0.073317 -0.031205 -0.047300 0.010319 -0.006274 0.048577
 0.051773 -0.029249 0.099750 0.023603 0.017697 0.031882 -0.073935 0.097512 0.056379 0.046230 -0.022509 0.060095 -0.022977 -0.070790 -0.005934 -0.015624
 -0.055510 0.050588 0.096798 -0.036218 0.014121 0.056264 -0.095977 -0.085862 -0.094310 0.031923 -0.002246 -0.037649 0.023741 0.034102 0.078210 -0.077341
 -0.061214 0.039002 -0.065151 -0.023407 0.015833 0.037317 0.008893 -0.070815 0.025731 0.051169 0.016138 -0.029449 -0.095193 0.059901 0.089164 -0.013651
 0.092768 -0.098777 -0.042540 -0.026182 -0.087122 0.020495 -0.085704 -0.064585 -0.044284 -0.045603 -0.096776 0.053564 0.037852 -0.077843 -0.070793 -0.028481
 0.008409 0.037094 -0.090668 -0.049441 -0.018759 0.062522 0.064150 0.004910 -0.005112 0.050495 0.081261 0.021718 0.081463 -0.049737 0.013037 -0.005888
 0.065319 0.095078 0.009554 -0.043406 0.092644 -0.034751 -0.064636 -0.042305 0.051693 0.006811 -0.086680 0.023875 0.043781 0.046704 0.013784 -0.039632
 -0.001321 0.058835 -0.088991 0.049616 -0.018415 -0.035843 -0.084782 -0.005438 0.088584 0.035251 0.055640 0.094384 -0.065667 0.073193 -0.055791 -0.063906
 0.002962 -0.003104 0.014197 0.007923 -0.006485 -0.075503 0.013290 -0.006305 -0.006155 0.032299 0.028678 -0.003265 -0.040851 0.099358 -0.062994 0.010490
 0.083585 -0.075739 0.035033 -0.072420 -0.083460 0.080729 0.029061 -0.069626 -0.060214 -0.013558 -0.022043 -0.052519 0.097906 -0.088568 0.001758 0.057510
 -0.074949 -0.082530 0.091751 0.038973 -0.076000 -0.018372 0.010700 0.044579 0.063636 -0.085917 -0.013965 0.079385 -0.063379 -0.026674 0.091145 0.042735
 0.090278 -0.075328 0.003261 -0.024118 -0.084163 -0.080415 -0.083265 -0.029509 0.090602 0.020883 0.044159 -0.078411 0.047290 0.066112 0.014843 0.064910
 -0.004106 0.097251 0.096850 0.066398 -0.023769 -0.030904 -0.071060 0.048499 0.033268 -0.011749 0.078591 0.059243 -0.071660 -0.028206 0.031679 -0.038306
 0.033604 -0.040677 0.060048 0.075180 0.093432 0.022657 0.002229 0.061400 -0.095158 -0.021881 0.035347 0.012413 0.050919 0.024380 0.054172 -0.016090
 0.016765 0.000506 -0.039342 -0.005862 0.019325 0.012681 -0.045802 0.022208 0.041478 -0.033774 -0.008063 0.007742 0.000266 -0.001374 0.081907 -0.081057
 0.069594 -0.054961 -0.050464 0.059095 -0.063391 0.052902 -0.041965 -0.021611 -0.054104 -0.016100 0.055689 0.037028 0.031565 0.017532 0.010176 0.013149
 0.051877 -0.018649 -0.088613 -0.035615 0.014024 -0.003843 0.094478 -0.075419 -0.080162 -0.025575 -0.031002 -0.046047 0.043248 0.019022 -0.031591 -0.030371
 -0.082910 -0.072013 -0.019891 0.047957 -0.025740 0.036148 0.091408 -0.079900 0.006538 0.063538 -0.032543 0.007529 0.020586 0.012940 0.020584 0.066183
 -0.023385 -0.097688 -0.091313 0.004209 -0.007668 0.075689 -0.075089 -0.056243 0.069252 -0.041961 -0.046145 0.039764 -0.070663 0.087546 -0.021004 0.011313
 -0.033543 -0.059180 -0.082185 -0.042641 0.056781 0.052693 0.089609 -0.096214 0.096352 0.071940 -0.094715 -0.004206 0.082863 -0.013895 0.097731 -0.065402
 -0.027504 -0.003215 -0.046950 0.002761 0.026274 0.010937 -0.027946 0.018741 0.099587 -0.087579 -0.075356 0.069461 0.079044 0.006826 0.092791 -0.071326
 -0.052678 -0.027227 0.012377 0.092050 0.087428 -0.099895 -0.079673 -0.057669 0.070500 -0.016763 0.059271 -0.063016 -0.075130 -0.024811 -0.016291 0.049721
 -0.016678 0.025057 -0.097155 -0.063701 -0.040276 0.098936 -0.000481 -0.004905 0.087976 -0.045993 -0.069387 -0.040189 0.029119 -0.015011 -0.053823 -0.048850
 0.014980 -0.041584 -0.006279 0.092751 0.050371 -0.009095 -0.033465 0.045343 -0.080576 0.090500 0.040282 0.001782 -0.019458 0.042616 -0.016593 -0.024346
 -0.076941 -0.089046 -0.037615 0.096985 0.038846 -0.026559 -0.056681 -0.075420 0.080721 0.015386 -0.024542 0.099499 -0.090182 0.035655 0.059480 0.030379
 -0.042089 0.080840 -0.076915 0.059103 -0.062125 -0.083013 0.055015 -0.024051 0.065304 -0.049330 -0.000599 0.017519 0.010318 0.026430 0.051324 0.044008
 -0.031200 -0.077528 0.046793 0.075188 -0.013101 -0.010892 -0.017248 0.087692 -0.089307 0.020316 -0.087595 0.016321 0.086763 -0.091829 0.048914 0.045815
 -0.065662 0.065607 -0.050935 0.006501 0.065287 -0.074810 -0.042640 -0.070229 0.021978 -0.042565 -0.063879 -0.020485 -0.075575 -0.095351 -0.039628 0.001037
 -0.099030 0.004532 -0.027396 -0.056818 -0.004251 0.005859 0.035217 -0.072282 0.039832 -0.038615 0.051229 -0.053922 0.065559 0.027665 0.025360 0.077740
 0.063942 0.057582 0.096332 -0.016805 -0.043979 0.033396 0.096206 0.059664 0.072219 -0.008945 0.091346 -0.047226 0.077551 0.024869 -0.059585 -0.052312
 0.037905 -0.089209 -0.064626 0.017909 -0.032193 -0.011519 0.007726 -0.029231 0.070390 -0.022752 -0.090982 -0.010851 0.098873 0.098539 0.099674 0.086739
 0.065441 -0.052027 0.054484 -0.062820 0.090862 -0.032263 -0.049392 -0.029102 -0.069594 0.048855 -0.054457 0.015668 -0.044095 -0.016813 0.005070 0.031711
 -0.065250 0.048156 -0.011003 0.073577 -0.031838 -0.026855 0.015348 0.093820 -0.095790 0.013779 0.037850 -0.073151 0.075581 -0.096837 -0.008443 0.055525
 -0.034088 0.075232 -0.062686 -0.093320 0.073763 0.005582 -0.088008 0.039602 -0.013583 -0.012901 0.000696 0.035790 0.044567 0.083011 -0.081720 0.088132
 0.077770 -0.047856 0.022039 0.047397 0.009303 -0.054808 0.047025 0.064185 0.019518 -0.060634 -0.081778 0.044898 0.067609 0.018459 0.041080 0.035346
 0.064432 0.004374 0.048772 -0.093919 -0.062145 0.036340 0.054273 0.017342 -0.092327 -0.064832 -0.043555 0.009115 0.004576 -0.097420 -0.060958 -0.018847
 -0.082837 -0.062019 -0.048808 -0.056272 0.031374 -0.077729 0.083979 -0.094034 0.070396 0.051812 0.050849 -0.062124 -0.030170 -0.084964 -0.005120 -0.092366
 0.022686 0.066053 -0.005213 -0.006804 -0.027162 -0.089039 0.023783 -0.016505 -0.055566 -0.055595 0.068079 -0.039832 0.093847 -0.024211 -0.053406 0.080554
 0.076782 -0.007848 0.092869 -0.029417 -0.008321 -0.093686 -0.061987 -0.049426 -0.081649 0.004167 0.085215 0.010495 0.057499 -0.020948 -0.053862 0.023816
 -0.010183 -0.020006 0.047331 0.068554 -0.019331 0.075126 -0.048442 0.057211 0.045987 -0.066634 0.056827 0.005968 -0.096299 -0.083551 0.085359 -0.018985
 0.051051 0.083010 0.047517 0.059722 0.050985 0.023399 -0.056794 0.042319 0.039192 0.003459 0.073754 0.058596 0.005448 -0.086590 -0.052166 -0.068324
 0.087081 -0.053089 0.078819 -0.063537 0.032172 -0.018148 0.042453 0.073556 -0.096492 -0.050547 0.065636 0.051201 -0.016153 0.058588 -0.013180 -0.077695
 0.052318 0.003054 0.009645 -0.009995 -0.016861 -0.021652 0.044997 0.010976 -0.072053 0.065705 -0.067299 -0.086105 0.032087 0.016507 0.007407 -0.036323
 0.035345 -0.035829 0.083068 -0.098527 -0.030436 -0.097577 0.047067 0.094480 -0.046266 0.029837 0.064107 -0.009445 -0.034848 -0.047903 -0.039651 0.034434
 -0.024350 -0.057231 -0.033897 -0.046417 0.067484 0.060674 0.036255 0.093781 -0.057895 0.015299 -0.084027 -0.018006 0.084489 -0.090349 -0.057082 -0.033443
 0.092945 0.094512 -0.084516 -0.055560 -0.038081 0.067823 -0.098375 -0.065866 -0.075836 0.009662 -0.006885 0.085820 -0.065262 -0.064348 0.000759 0.048305
 0.025783 -0.085013 0.084256 -0.064225 0.037634 -0.051298 -0.000877 -0.085903 0.028593 -0.090269 0.025973 -0.010210 0.045969 0.048350 -0.065006 0.042659
 0.094122 -0.030447 0.078612 -0.047627 -0.027037 0.046048 0.055914 -0.093873 -0.029645 -0.034108 0.047229 -0.051752 -0.022610 0.082524 0.028255 0.012305
 0.047878 -0.063674 0.025417 0.081215 0.069019 0.078951 0.090478 -0.029918 -0.043287 -0.081613 -0.097570 0.000631 -0.000848 0.000059 0.099610 0.087948
 0.076395 0.047934 0.004750 0.049201 0.072601 -0.085124 -0.013596 0.056280 -0.016439 -0.048299 0.095122 0.088961 0.033594 0.012014 0.010391 -0.002527
 0.042595 -0.023386 0.013338 0.038918 -0.030307 0.082277 0.064892 -0.085750 -0.084872 0.093173 0.096726 0.085526 -0.097433 0.066518 0.000508 0.035959
 -0.054497 -0.076086 0.097339 -0.051610 -0.052357 0.026052 -0.094069 0.042396 0.033355 0.079753 0.061013 -0.075249 -0.045656 0.016431 0.066492 -0.070105
 0.071970 -0.097124 0.063426 -0.043222 -0.069559 0.064131 0.059616 -0.089803 -0.060761 0.045911 0.019968 -0.024906 -0.036968 0.039402 0.091944 0.043278
 -0.008894 -0.052031 -0.014100 0.083757 -0.048644 0.020121 -0.047410 0.073689 0.039565 0.000468 0.007124 0.085158 0.016409 -0.071827 0.051970 -0.088128
 -0.094304 0.038750 -0.046008 0.027630 -0.008402 -0.015369 -0.020993 0.061088 0.009673 0.041302 0.017269 0.095639 0.031448 0.087175 0.000199 0.017535
 -0.086598 -0.055806 0.061857 0.004424 0.062484 0.010285 0.030729 0.088953 0.057805 0.067137 -0.052928 0.045085 0.088666 0.053992 -0.080264 0.030970
 0.079306 0.093124 -0.095882 0.033082 -0.039268 0.061482 -0.013274 -0.015864 0.070723 0.010064 0.000844 -0.000981 -0.072292 0.009142 -0.024903 -0.020706
 -0.041527 -0.024566 0.035681 0.043642 0.052446 0.041296 0.053408 -0.085884 0.076642 -0.046765 -0.084776 -0.031722 0.050396 0.048481 0.086761 -0.042391
 0.061421 -0.058757 0.040390 -0.065868 0.065050 0.027110 0.093982 0.010372 -0.034705 -0.048622 0.011955 0.059043 0.072620 0.012505 0.038764 -0.044276
 0.044520 0.038205 0.075797 -0.018338 0.026506 0.044049 -0.008486 -0.099787 -0.065574 0.047134 0.064292 0.021533 0.014278 0.028951 -0.048335 0.094504
 0.046096 -0.039789 -0.064046 -0.006285 -0.029322 -0.075748 -0.001085 -0.035099 -0.012721 0.070235 0.091799 0.030913 0.092330 -0.070260 -0.042845 0.065870
 -0.004156 0.037112 0.089090 -0.035010 0.041171 0.038867 -0.074027 0.043817 0.083593 0.035805 -0.092647 0.064129 0.079361 -0.040089 0.015640 -0.062059
 0.071973 -0.013921 -0.077114 0.068583 0.033034 -0.015844 -0.056181 0.075898 0.034376 0.079384 0.022060 -0.031294 -0.056041 0.015040 -0.027708 0.024928
 -0.062470 0.022067 0.054367 0.041743 0.087076 -0.083433 -0.001912 0.033018 0.038426 -0.029487 0.035732 0.006865 0.028078 -0.064702 -0.047271 0.012851
 0.017449 -0.076399 0.006380 -0.062145 -0.012186 -0.038597 -0.021308 0.004813 -0.024158 -0.090314 -0.065662 -0.097016 0.008636 -0.075009 0.049538 -0.060974
 0.036049 0.030126 -0.048644 -0.024655 0.023926 -0.078851 0.019407 0.045496 0.079088 0.010785 0.023791 -0.070979 0.029268 -0.079062 0.097609 0.066079
 0.089924 0.027054 -0.065639 0.032835 -0.055976 0.040089 -0.097293 -0.044529 0.007399 0.024309 -0.056639 0.071776 0.068087 0.050362 -0.033640 -0.062338
 0.049019 -0.018267 0.020004 0.062301 -0.088320 -0.018551 0.079192 0.086058 0.044424 0.005585 0.059306 -0.028712 -0.011230 -0.000632 -0.072368 0.024254
 -0.060982 0.062386 0.028109 0.011660 -0.016089 0.043843 0.096100 -0.065659 0.093627 -0.054434 0.072718 -0.005034 -0.012141 -0.090314 -0.089227 -0.063715
 0.086785 0.002985 -0.089656 0.038141 -0.065394 0.041706 -0.075400 0.032978 -0.071142 -0.051526 -0.004616 -0.096826 0.075500 -0.054258 0.025908 0.037927
 -0.001236 0.090222 -0.029150 0.071488 0.052276 0.095271 0.044245 0.047557 0.024537 0.094786 -0.073116 -0.040344 -0.026713 -0.001222 -0.035963 0.036359
 0.097754 -0.081919 -0.007500 0.058151 -0.093643 -0.099790 0.004790 -0.029659 -0.010535 0.078211 -0.001666 -0.042091 0.076220 -0.028805 0.032935 -0.000765
 -0.087413 0.007506 0.010559 0.085766 0.043095 -0.072061 0.065926 0.056992 0.026180 0.053162 0.091998 -0.064902 0.031237 -0.002377 0.089732 -0.014308
 -0.021018 0.076822 0.047831 -0.085790 0.048938 0.077803 -0.012705 -0.029929 -0.000837 -0.011057 -0.098825 0.023797 0.092847 -0.046652 -0.033632 -0.051577
 -0.094056 -0.060683 -0.023567 -0.031864 0.039951 -0.094975 0.028248 0.010264 0.078664 0.095169 -0.002261 0.032860 -0.016510 0.004962 0.088293 0.074669
 -0.035593 -0.062829 0.097844 0.041831 0.069066 -0.027519 0.049560 0.028568 -0.004323 -0.038508 0.002492 0.007519 0.075234 -0.093711 0.071482 -0.089313
 0.086327 -0.003052 -0.009157 0.069432 -0.009826 0.043712 0.048536 -0.088843 0.030861 0.075988 0.003760 -0.045714 0.023642 -0.051025 -0.028986 0.096393
 0.087624 0.057291 0.075720 -0.036820 -0.022483 0.084765 -0.038562 -0.068566 0.073510 0.039178 0.053916 0.018588 -0.058912 0.047818 -0.066139 -0.044461
 0.061602 0.072877 0.089143 0.040870 0.039943 -0.084159 -0.093015 -0.056422 0.086068 0.098281 -0.024400 -0.097387 -0.046880 0.025669 -0.011266 0.073777
 -0.016758 0.058023 -0.064274 -0.079494 0.077733 0.010996 -0.092672 0.067130 -0.089754 -0.076039 0.051985 0.037957 -0.015628 -0.034207 -0.039279 0.097195
 -0.020583 0.083373 0.072395 0.053408 0.044904 0.081713 -0.004128 -0.055897 0.034570 0.015878 -0.029010 -0.085604 -0.031770 -0.094377 -0.029547 0.054002
 0.048455 -0.022855 -0.010589 0.060357 0.041622 -0.015823 0.096546 -0.009647 -0.067761 0.095886 0.010025 0.073473 0.076912 0.094377 -0.097773 -0.009433
 -0.073048 -0.081694 0.074339 0.063750 -0.014054 0.013932 0.008903 0.020197 -0.092315 0.012749 -0.091570 -0.036036 -0.011569 -0.082516 -0.054752 0.044246
 0.071471 0.051907 0.083057 0.013009 0.056673 0.046520 0.053162 -0.012593 0.059765 -0.046500 0.050262 0.025380 -0.077528 0.014581 -0.072367 -0.043255
 0.094993 -0.088417 -0.057919 0.067030 -0.088274 -0.016835 0.093670 0.057344 0.079021 0.084337 0.083840 0.055767 -0.055702 0.096239 -0.019750 -0.067585
 -0.017394 0.025275 -0.057467 0.063969 0.069532 -0.065638 -0.032320 -0.072083 0.051097 -0.000047 0.069092 0.037885 -0.021079 -0.087446 0.056641 0.027127
 0.079280 -0.072833 -0.072758 -0.098808 -0.062410 0.073690 0.022307 -0.012162 0.077421 -0.046650 -0.073515 0.003114 0.043976 0.089933 0.071770 0.045189
 0.069009 0.055425 0.000287 0.042495 0.045788 0.054799 -0.059853 -0.051484 -0.053599 0.051408 0.081946 -0.084425 -0.067928 -0.087495 -0.056772 -0.026154
 -0.055814 0.025422 0.047967 -0.034189 -0.098508 0.073276 0.017728 -0.007283 0.064223 0.033407 0.080402 -0.064345 -0.047315 -0.005857 0.057850 0.039398
 -0.023594 0.079026 -0.071682 -0.046831 0.020599 0.029704 -0.076904 -0.046134 0.089715 -0.069855 -0.047191 -0.070952 0.078656 -0.079218 -0.069490 -0.049226
 -0.084158 0.090577 -0.089167 -0.065241 -0.050600 -0.062418 0.046796 0.055608 -0.065724 0.063956 0.055489 -0.091283 -0.068550 -0.043868 -0.047497 -0.001584
 -0.096997 0.082797 -0.073819 -0.096654 0.076814 -0.094572 -0.036982 0.017251 -0.018751 0.018765 -0.046875 -0.003954 0.074313 0.099435 -0.097477 0.059971
 0.065600 0.070347 -0.028578 -0.061852 -0.038005 -0.081232 0.065066 -0.010228 -0.004213 -0.039527 -0.000960 -0.027242 0.093110 0.058249 -0.070460 -0.024227
 0.085140 0.075679 -0.022285 -0.093662 0.090714 0.015373 -0.073830 0.011932 -0.083128 -0.015057 0.007938 -0.014517 -0.013818 0.057780 0.067167 0.006811
 -0.015964 0.032324 0.033093 0.068723 -0.047903 -0.091687 -0.019903 -0.081869 -0.070649 0.042210 0.072693 -0.044043 0.051069 -0.078261 0.097014 0.078151
 0.013559 0.040982 0.028360 -0.041946 -0.017692 -0.021735 -0.062232 0.003395 -0.065551 0.095401 0.003335 -0.042289 0.089363 0.057759 -0.088951 0.005542
 -0.097728 -0.025207 -0.045092 -0.002987 -0.009167 -0.044197 0.084661 -0.093278 0.064196 -0.095148 0.031554 0.050334 0.023960 -0.010726 -0.001736 -0.011334
 -0.079180 0.017446 -0.085606 -0.013953 0.017191 0.048241 0.035924 0.094630 -0.063540 0.026544 -0.069025 -0.078334 0.027064 -0.078611 0.041378 0.039319
 -0.067029 -0.002651 0.090354 0.014457 -0.015354 -0.052559 -0.057067 0.056909 0.048156 0.029637 0.043432 0.090822 0.037693 0.090189 0.034582 -0.085707
 -0.023302 -0.035972 -0.037315 -0.088031 0.030971 -0.091979 -0.078636 0.069739 0.074810 -0.063196 -0.041329 -0.012117 -0.052323 -0.025281 0.070072 -0.006958
 0.057119 -0.038261 -0.040949 0.054035 -0.026419 -0.065894 -0.073968 0.095354 -0.076938 0.013191 0.043313 0.092578 -0.049751 0.074494 0.040597 0.041584
 -0.073550 0.069352 -0.042856 0.046732 -0.084016 0.095954 -0.068066 -0.079164 -0.054232 0.049103 -0.013613 -0.099769 0.096655 0.015927 0.037309 -0.015033
 -0.086310 0.088282 -0.030419 0.002550 0.094076 -0.059308 0.051909 -0.036476 -0.056978 -0.047807 0.052295 0.022726 0.039645 -0.025022 0.097452 0.044111
 0.001370 0.029880 0.067272 0.096378 0.069279 0.018792 -0.017247 0.093446 0.093635 -0.000157 0.063367 0.013098 0.000595 0.002307 -0.066872 0.029829
 -0.050799 0.082654 0.076006 -0.090531 -0.037044 0.030142 0.023008 -0.054495 0.004248 0.054859 0.047447 0.003014 0.067834 0.082755 -0.055125 -0.025108
 -0.020217 -0.001477 -0.062461 0.006483 0.002315 0.012008 -0.005987 0.080588 -0.033961 -0.025249 -0.060285 -0.080299 0.024808 -0.078098 0.094313 0.038155
 0.087900 -0.040626 0.073751 0.047162 0.087539 0.062094 -0.038121 -0.010523 0.089749 -0.049338 0.074093 -0.091507 -0.004733 0.087166 -0.099327 -0.060347
 0.020070 0.090053 0.023026 0.062047 0.087909 0.052076 -0.052789 0.035335 -0.039906 0.069023 0.003455 0.035850 -0.024322 0.079212 0.054673 0.007498
 0.049841 -0.049620 0.082949 0.051450 0.012178 0.038130 0.036418 -0.016921 -0.021727 0.080896 0.022696 -0.014087 0.040779 0.088566 -0.067019 0.070635
 -0.009490 0.000390 0.091189 -0.036647 0.079371 0.056697 0.097517 -0.092422 0.052315 0.057735 0.008964 -0.073841 -0.068597 0.022056 0.050767 0.072607
 -0.094505 -0.010525 0.065598 -0.002516 0.066995 -0.004741 -0.041419 -0.091960 0.070153 -0.066973 -0.067696 -0.045228 0.074935 -0.056318 -0.044730 0.080563
 -0.046329 -0.072071 0.092238 0.087943 -0.003492 -0.089857 0.035548 -0.060755 0.053306 -0.065281 -0.022226 0.011440 0.029898 -0.085250 -0.049263 -0.066433
 -0.037435 -0.032204 0.006324 0.082561 -0.034609 0.080590 -0.091303 -0.032741 0.085219 -0.066496 0.046032 0.008295 -0.063436 0.039889 -0.029093 0.015949
 0.043001 0.066301 -0.002281 -0.021190 0.016091 -0.071179 -0.084121 -0.085390 0.004985 0.091193 -0.019568 0.009197 -0.073484 0.082033 0.002282 -0.020230
 -0.038331 0.056285 0.050594 0.003477 -0.015313 0.055871 -0.076948 -0.073055 -0.000421 -0.039355 0.028750 -0.020226 -0.097094 0.056856 0.084841 -0.004968
 0.014817 0.053788 0.032719 0.054796 0.036502 0.083256 -0.064381 0.031559 -0.073672 -0.002924 0.043479 -0.087915 0.043947 0.091277 -0.030709 -0.001090
 0.071387 0.023904 0.037563 0.000561 0.049801 0.012851 0.027763 0.083910 0.045133 0.080084 0.020695 0.064989 -0.003173 0.054747 -0.097264 0.008410
 0.039704 0.045591 0.089894 -0.029062 -0.018354 0.033001 0.036386 0.015375 -0.077486 -0.049665 -0.080106 0.055338 -0.048606 0.077221 -0.030208 0.028626
 0.020104 0.037940 0.079925 -0.045171 0.061439 -0.000461 0.019226 -0.049785 0.019847 0.086583 0.081654 -0.092785 -0.051161 0.027444 0.095006 -0.059513
 -0.002246 -0.009051 0.016253 0.067534 0.006177 -0.091966 0.024568 0.038094 -0.075857 0.051933 0.058424 -0.065434 0.032549 0.064225 -0.055017 -0.093327
 -0.039331 0.080807 0.045480 0.020063 0.043445 -0.069441 -0.066749 0.025792 0.025401 -0.084462 0.075756 0.046422 -0.037578 0.019279 0.016222 -0.007022
 -0.083335 -0.080549 -0.013850 0.001209 -0.077522 0.085102 -0.048487 -0.006701 -0.013006 -0.032712 0.024740 0.009377 -0.021108 -0.079222 -0.087600 -0.079503
 -0.005556 -0.097077 0.012000 0.055204 0.030967 -0.038986 -0.053603 -0.042541 0.090762 -0.026939 0.093913 0.091267 0.002227 -0.091011 0.043340 -0.065778
 0.046606 0.057635 0.025941 0.033613 -0.029027 0.054924 0.086515 0.084902 -0.008309 0.032118 0.079801 0.057870 0.018043 -0.089698 0.041664 0.083018
 0.082757 -0.061205 -0.050199 0.057747 0.079251 -0.000116 0.016959 -0.037396 -0.003938 0.087951 0.011049 0.041032 0.085031 0.058073 -0.058803 -0.094782
 -0.092354 0.061622 0.087436 -0.017624 0.092879 -0.084634 0.090750 0.039212 0.089303 0.039915 0.013193 -0.005608 0.085030 -0.034402 -0.014086 0.077663
 0.039141 0.064248 -0.069209 0.027056 -0.039137 0.024057 -0.099462 -0.031820 0.039146 -0.054505 0.064996 0.094242 0.016856 0.054806 0.026022 0.015462
 -0.059298 -0.050055 -0.055961 -0.028751 -0.086212 -0.020994 -0.048913 -0.013759 -0.042069 0.051342 -0.004666 -0.087732 0.057220 0.076239 -0.093863 -0.063865
 0.003512 -0.046732 0.085014 0.083661 0.021371 0.098945 -0.000871 -0.087359 0.020553 -0.093664 -0.086869 0.040374 -0.000094 0.019935 0.071989 -0.038422
 -0.002989 0.002137 -0.061332 -0.033161 0.023805 -0.082794 -0.088406 -0.007402 0.011935 -0.086226 0.069839 0.032675 0.092763 -0.013749 0.073194 0.063308
 -0.060709 0.024418 0.082889 0.037658 -0.038990 -0.065747 0.050298 -0.015844 -0.059547 0.008516 0.095371 0.003747 0.008890 0.075437 0.097911 -0.039763
 0.048127 -0.067390 0.035247 -0.024607 0.018082 0.016524 0.048750 0.058004 0.011316 0.075355 0.003290 -0.013631 -0.034302 0.001328 0.005003 -0.077829
 0.024744 -0.098108 -0.056543 -0.053292 -0.083341 0.035478 0.012345 -0.060770 0.033061 -0.037524 0.063571 -0.017520 -0.028359 -0.055907 -0.049757 0.077930
 0.014090 0.092119 -0.088254 0.088788 -0.014438 0.024179 0.092061 0.003788 0.026520 -0.043297 -0.098787 0.011385 0.067727 0.043391 0.003691 0.036252
 0.044064 0.007522 -0.050293 0.088532 -0.014786 0.027753 -0.013359 -0.027038 -0.082080 0.028403 0.002647 -0.087731 -0.093823 -0.030525 -0.003751 -0.052876
 -0.048256 0.033740 0.061170 0.049817 -0.047719 -0.034647 0.046962 0.070985 0.004198 0.090382 -0.060994 0.055294 -0.013034 -0.015327 0.042177 0.015503
 -0.012168 0.015829 0.062805 -0.086444 0.061048 0.025649 0.029603 0.016309 -0.033139 -0.044211 -0.010849 0.048444 0.071098 0.016877 -0.018487 -0.024334
 0.083636 0.065551 0.007355 -0.084525 -0.068216 -0.037130 0.010710 -0.047681 0.020772 -0.096236 0.076710 -0.061197 0.044517 0.062951 0.032192 0.047290
 0.045798 -0.025475 -0.081821 -0.083822 0.035049 -0.004164 0.036423 -0.039661 -0.057634 0.012939 -0.051858 0.063166 0.051724 -0.078339 0.033450 0.017627
 -0.075578 0.082245 0.086317 0.046722 -0.030803 0.040990 -0.046693 0.047933 0.039147 0.010698 0.004977 0.031496 0.022635 -0.084356 0.004529 0.066050
 0.070715 -0.096148 0.073311 -0.097170 -0.076169 0.094733 -0.051698 0.035486 -0.004526 -0.074678 -0.091228 0.065729 0.092033 0.036570 -0.038361 0.014640
 -0.060936 -0.027635 -0.048625 -0.056813 -0.060442 -0.084339 -0.068314 -0.074548 0.094429 -0.087567 -0.000074 -0.007596 -0.064101 -0.064425 0.079225 -0.083080
 0.065525 -0.070996 0.043822 0.001326 -0.018949 -0.057162 -0.081205 0.082475 0.092354 0.083013 0.084349 -0.052154 0.031785 -0.083129 -0.027842 0.037188
 -0.049959 -0.053300 0.096511 0.062333 0.067033 0.016373 -0.093308 0.020866 0.089071 0.029233 -0.073249 -0.034861 -0.047852 0.000930 0.044828 0.000925
 -0.006991 -0.031031 -0.002634 -0.057077 -0.048652 0.062229 -0.019211 -0.073162 0.091709 -0.078655 0.072842 -0.086886 0.020944 0.003364 -0.033252 -0.008503
 0.016336 -0.058867 -0.080150 0.064924 0.010588 -0.039944 -0.083226 -0.097630 0.012758 -0.056060 0.009283 -0.027823 0.029213 -0.053087 0.028274 -0.073974
 -0.054203 -0.036288 0.088366 -0.014860 -0.060111 0.008499 -0.005667 -0.032808 -0.074994 0.063843 -0.067932 -0.041532 0.044677 -0.086452 0.099524 -0.042513
 -0.044498 -0.045822 -0.027323 -0.076289 0.010368 0.049724 0.038559 -0.008088 0.065634 -0.085749 -0.055045 0.075615 0.079998 -0.069551 0.021186 0.072234
 0.018345 0.071466 0.008088 -0.092208 -0.036884 0.010611 -0.074976 0.021172 -0.061400 0.064333 0.001116 0.026137 -0.025948 -0.019289 0.037030 0.003368
 -0.018501 -0.070414 0.068421 0.098878 -0.022646 -0.041079 0.080190 0.029748 0.085717 0.087478 0.032739 0.025884 -0.016072 -0.009784 0.081402 -0.030863
 0.070581 -0.038854 -0.059707 0.099436 0.081827 -0.047778 0.070244 -0.053085 -0.067940 0.085393 0.051262 -0.003919 -0.092902 -0.019005 -0.019794 -0.030097
 -0.020087 0.020518 -0.079340 0.098891 -0.009450 0.032015 0.079763 0.065724 0.079525 0.062521 -0.032445 -0.047217 -0.088869 -0.052807 0.064261 0.071647
 0.095861 -0.090559 0.092488 0.087413 0.096607 0.089242 -0.002624 0.019082 -0.052649 0.093001 0.002317 0.099984 -0.084287 -0.014295 0.097242 0.006443
 0.070654 0.046453 0.049989 -0.076388 -0.013689 0.018590 0.082940 -0.038022 0.004265 -0.014969 -0.030589 -0.055324 0.079497 0.088026 -0.070465 0.042892
 0.064038 0.020561 0.049516 -0.038089 0.072880 -0.039022 -0.037690 -0.069476 0.097257 0.072959 -0.099309 -0.051234 -0.077549 0.037271 -0.089607 0.036151
 -0.072531 0.096891 -0.070403 -0.072284 0.099618 0.085709 -0.076776 -0.057610 0.004243 0.099541 -0.023279 -0.014728 -0.095954 0.060464 0.036776 -0.095565
 0.085072 0.058833 0.067353 0.081648 0.047157 0.015545 0.049539 -0.087824 0.055678 -0.012306 -0.043618 -0.004057 0.002911 -0.057255 0.069000 -0.087700
 -0.017273 -0.035408 -0.097077 -0.080809 -0.012689 0.030635 0.084224 -0.046608 -0.001740 0.050720 0.095162 0.006584 0.068122 -0.004494 -0.034368 0.080378
 -0.094894 0.024006 0.072064 -0.080083 0.023151 0.021596 0.021031 -0.001081 0.051162 -0.036712 0.028598 0.074027 0.031739 0.076694 -0.012706 0.077161
 -0.092119 0.037433 -0.096039 -0.083362 0.086921 0.098554 -0.084919 -0.029746 -0.049274 -0.003826 0.094484 0.050670 0.096678 -0.097989 0.049916 0.093824
 0.013230 0.053190 -0.092997 0.029958 -0.083974 0.098132 -0.065303 -0.031486 -0.002554 -0.065437 -0.039183 0.096232 -0.015593 -0.005296 -0.040807 -0.015407
 -0.035660 -0.078297 0.040780 0.076007 0.039849 -0.012808 0.090100 0.001708 0.041270 0.045853 -0.018726 0.027787 0.058793 0.028244 -0.056871 0.074976
 0.030638 0.019965 0.061248 -0.017643 -0.046138 -0.052412 -0.074788 0.071679 -0.086661 -0.062413 0.025530 0.063444 0.088104 -0.022032 0.026173 -0.056396
 -0.009690 -0.040404 -0.014375 -0.059425 0.058480 0.018648 0.096127 -0.024154 -0.095371 -0.020028 0.072885 -0.042165 -0.074167 -0.045092 -0.024423 0.015290
 0.044043 0.079723 -0.045127 -0.057425 -0.006936 -0.032990 0.029896 -0.099963 0.050986 -0.096274 0.065067 -0.069875 0.038595 -0.047729 0.047014 -0.060344
 -0.003004 -0.042672 -0.078596 -0.065146 -0.061124 -0.051326 0.029738 0.091305 -0.026271 0.015415 -0.026149 0.090644 0.068499 -0.095030 0.037177 0.019677
 -0.017182 0.084048 0.033094 -0.080769 0.092307 -0.045601 0.093038 -0.013517 -0.068914 -0.099694 0.095953 0.055091 0.092745 -0.019210 0.087185 0.046778
 0.007891 -0.000899 -0.025788 0.008552 -0.042467 0.045776 -0.012675 -0.058005 0.079836 0.017430 -0.008256 -0.014143 -0.079830 0.068155 0.050266 -0.085045
 -0.049938 -0.026735 0.020531 -0.031916 -0.047476 -0.023914 0.002837 -0.042810 -0.025572 -0.014126 0.081558 0.069192 0.094661 0.052113 0.023346 0.053061
 0.030605 -0.031896 -0.007858 -0.038820 -0.081647 0.020886 0.076154 0.028984 0.048650 -0.050451 0.088810 0.039340 -0.017930 0.002753 0.037047 -0.002021
 0.065222 -0.024868 0.078733 0.053553 0.075490 0.092640 -0.057911 0.085077 0.035293 0.086900 0.074155 -0.027908 -0.021722 -0.086178 0.078674 -0.087727
 0.003921 -0.073949 0.090539 0.067315 0.093575 -0.044328 0.014680 0.013140 0.047033 0.026941 0.026243 0.061495 -0.048270 -0.001846 0.058314 0.038877
 -0.019255 -0.084204 0.042901 -0.040321 -0.038026 0.042045 -0.014429 0.081999 0.055961 0.006013 0.098731 -0.073901 -0.052680 -0.075773 0.020017 0.015278
 -0.061293 -0.097434 0.065032 0.083619 -0.026861 0.083407 -0.055964 0.080656 -0.087232 0.034221 -0.003732 -0.051568 -0.090405 0.090410 0.081520 0.028127
 0.099397 -0.016585 0.044855 0.017468 0.038160 0.018755 -0.081608 -0.098390 -0.072476 -0.089101 -0.052349 -0.055084 0.052915 -0.090230 0.055353 -0.046304
 -0.059055 0.095520 -0.026345 0.042571 -0.098209 -0.011375 0.065081 -0.050313 -0.044769 -0.096511 0.063410 -0.077673 0.036933 0.018514 0.052708 -0.066484
 -0.029233 0.030229 0.016626 -0.055750 0.054188 0.022049 0.091361 0.074669 -0.046742 0.098735 -0.084665 -0.063181 0.071209 0.015952 0.097090 0.061761
 -0.034862 0.003262 -0.041732 0.020463 0.073800 0.035944 0.041150 -0.058894 0.026332 0.083066 -0.043930 0.004151 0.064351 0.033736 0.016202 0.064671
 0.050507 0.054306 -0.004445 0.006457 -0.079640 -0.045486 -0.087746 0.022850 0.028420 0.003538 0.096101 -0.018970 0.065234 -0.009081 -0.040261 -0.046514
 0.093023 0.011184 0.072607 0.041878 0.004227 -0.088462 -0.075309 -0.003658 -0.079520 -0.036865 -0.027682 0.092650 0.080861 -0.091629 -0.008380 -0.033752
 -0.040076 0.004416 -0.039431 0.066365 -0.095129 0.044409 -0.084392 0.018623 0.082276 -0.072531 -0.086290 -0.085578 -0.017037 0.023314 -0.034781 -0.068510
 0.004141 0.024149 -0.050676 0.065920 0.094351 0.034889 0.009992 0.075120 -0.004918 -0.018608 -0.037466 -0.049983 0.061490 0.050369 0.002140 -0.045427
 0.090577 0.019107 0.025042 0.063192 0.027946 0.045391 -0.011226 0.045876 0.091152 -0.070534 0.058156 -0.007056 -0.075402 0.098016 0.025557 -0.016986
 -0.005660 0.063503 -0.098704 0.004649 -0.098253 -0.081075 0.049014 -0.017053 0.060590 -0.034209 0.023028 0.075628 -0.061143 0.086394 -0.011940 0.061442
 0.098824 -0.003210 -0.005982 0.014407 -0.006290 -0.027697 -0.002732 0.006369 0.078250 0.036498 0.047482 0.091187 0.051481 -0.020040 -0.026397 0.075677
 -0.018757 -0.030712 0.025049 -0.097219 -0.021393 -0.059483 -0.059999 -0.035122 -0.084136 0.029984 0.070592 0.062665 -0.025359 0.021203 -0.031797 0.037486
 0.065212 0.058060 -0.086219 0.048772 -0.085914 0.052237 0.005239 0.065796 -0.003861 0.080690 -0.016475 -0.009885 -0.056389 -0.080348 -0.061534 0.018389
 0.016510 0.029519 -0.079071 0.050354 -0.058554 -0.083275 0.013178 -0.003952 -0.094716 0.034794 -0.067786 0.054031 0.057445 -0.005636 -0.052524 -0.036499
 0.038646 -0.087987 -0.082152 -0.076011 0.064732 0.060444 0.066371 0.061659 0.050192 0.041252 0.014785 0.069815 0.006896 0.042309 -0.089215 -0.011089
 -0.012878 0.020586 0.087930 -0.058574 0.034460 0.030628 -0.067642 0.087845 0.091922 0.066854 0.045323 -0.050343 0.068069 -0.010059 0.061064 0.035069
 -0.097784 -0.087533 -0.042091 0.081907 -0.087508 0.085248 -0.019019 0.025636 0.007344 0.090840 -0.061418 0.065364 0.029375 0.007920 0.076486 -0.066636
 0.059318 0.015446 0.006574 -0.006039 -0.090739 0.065592 0.065902 -0.025433 -0.086488 -0.000882 -0.011350 0.072542 -0.066921 0.086660 -0.014829 0.042465
 -0.047847 0.016066 -0.041630 0.076672 -0.067605 -0.003892 -0.055057 0.090649 -0.060322 -0.056691 0.082640 -0.004253 -0.025203 -0.083745 -0.097280 -0.023568
 -0.060677 -0.019792 0.038552 0.052243 -0.081134 0.032374 -0.060195 -0.094111 0.042413 0.070586 -0.062935 0.050427 0.024108 -0.057058 0.073317 0.025154
 0.069674 -0.041302 0.011276 -0.054081 -0.023625 -0.004283 0.078590 -0.094103 0.031687 0.055567 -0.080328 -0.047899 -0.015194 0.019786 0.073598 0.069564
 0.075726 -0.000578 0.028083 -0.068294 0.005822 -0.011181 0.033152 -0.065412 0.028825 0.003414 -0.070089 -0.034059 0.025009 0.003615 -0.094561 -0.059981
 0.097005 -0.020225 0.010745 0.077762 -0.078850 0.023289 0.063335 0.004516 0.092105 -0.047722 0.016132 -0.039185 -0.006524 0.049116 0.057838 -0.051061
 -0.035903 -0.020600 0.097995 0.095106 -0.083160 0.005898 0.014301 -0.047710 -0.078436 0.089703 -0.024136 -0.076572 -0.021160 0.082493 -0.013428 -0.037810
 -0.097142 0.071349 0.021717 -0.038869 -0.022887 0.062759 0.026670 0.087622 0.063291 -0.055348 -0.061962 0.027411 0.022602 0.002901 0.037459 0.075816
 -0.090103 -0.067106 0.089406 -0.031621 -0.024796 -0.012191 0.082701 0.014929 -0.087389 0.054140 0.054939 -0.006708 -0.075403 0.006930 -0.073544 0.076826
 0.047554 0.069402 0.017170 -0.047113 -0.056454 -0.007774 0.027816 0.040906 -0.074267 0.059585 -0.087409 0.011944 -0.051085 0.016773 0.081443 -0.093796
 -0.019104 -0.051687 0.005044 0.047325 0.059556 -0.098547 0.093276 -0.033615 -0.050604 0.011181 -0.073761 0.052425 0.080686 -0.018475 0.025381 -0.089594
 -0.023158 -0.069909 0.067391 0.096983 -0.068895 0.033295 0.010546 -0.073964 0.080904 0.091367 0.093790 0.055234 -0.008242 0.045786 0.072454 -0.027737
 -0.099514 0.097107 -0.046297 -0.004879 -0.036103 0.086727 0.058720 0.046809 -0.028000 0.033075 -0.091119 -0.016892 0.031089 0.020194 0.010919 0.097860
 0.053870 -0.036448 -0.080897 0.016636 0.086917 0.060054 -0.061383 -0.013177 0.006977 0.043119 -0.092914 0.096054 0.042784 -0.061780 -0.031992 -0.031536
 -0.071757 -0.070180 0.062488 -0.057281 0.093319 -0.011996 -0.076951 -0.086864 0.078165 -0.031791 0.057255 -0.030663 -0.010935 -0.038278 -0.012285 -0.073389
 -0.048968 -0.059620 0.013401 0.066077 -0.098211 0.076708 0.049649 0.094789 -0.022239 -0.070163 0.020447 0.077659 -0.045061 -0.034434 -0.088613 0.059014
 0.009459 -0.003575 -0.082432 0.019963 0.096319 -0.062865 0.024428 -0.059632 -0.099439 -0.012024 0.039758 0.082937 -0.092448 0.089228 -0.011732 -0.086796
 -0.096683 -0.093280 0.069078 0.038994 -0.017486 0.010912 -0.080003 -0.007532 -0.041394 -0.051858 -0.027372 0.074337 -0.090542 -0.084534 -0.050038 -0.018935
 -0.034098 0.017071 0.057534 -0.006472 -0.000340 -0.023046 -0.070186 -0.028651 -0.072006 0.008468 0.094606 -0.039456 -0.020184 -0.080855 0.019552 0.079201
 0.064016 0.041179 -0.047832 0.044352 -0.041798 0.095683 -0.091034 0.061473 -0.000402 -0.018283 0.014481 0.006971 0.019275 -0.021280 -0.022965 -0.069641
 0.076067 -0.084766 0.034697 -0.029468 -0.020306 -0.091308 0.097081 -0.004113 -0.069626 0.097642 0.012026 0.040543 0.081911 0.081729 0.025396 0.090650
 0.090780 0.008499 -0.041316 0.044616 -0.024252 -0.021482 0.039627 0.037865 0.084669 -0.022972 -0.074375 -0.083317 0.043110 -0.030961 0.031718 0.083352
 0.057550 -0.064020 -0.002361 0.024649 0.066648 0.069529 -0.014193 -0.018770 0.084139 -0.074854 0.095896 -0.004197 0.025741 -0.029691 -0.027415 0.094878
 -0.050675 0.034494 -0.018956 0.000550 0.014364 0.025778 -0.081569 -0.053501 0.053336 -0.098948 -0.008151 0.023030 0.058537 0.014375 0.047858 -0.045826
 0.099850 -0.059636 -0.028235 -0.022192 -0.017125 -0.063934 -0.014219 -0.010038 0.046666 -0.042351 -0.062160 0.000863 -0.067333 -0.098524 -0.002411 0.062892
 0.024180 0.004475 0.016946 0.074465 -0.073894 -0.090272 -0.094492 0.031349 0.037108 -0.011288 -0.054005 0.013961 -0.061080 -0.079692 -0.093725 -0.027377
 0.081389 0.014808 0.046187 0.070890 -0.050183 -0.094259 -0.033772 -0.062985 -0.022130 -0.082629 -0.091331 -0.016469 0.051475 -0.079594 -0.063527 -0.085123
 -0.010862 0.075208 0.099580 -0.010110 0.008099 0.026231 0.016576 -0.066038 0.069135 -0.051084 -0.035726 0.040261 -0.086753 -0.034139 0.080454 0.030736
 -0.003715 -0.023235 0.099515 0.055536 -0.085229 -0.013610 -0.021711 -0.068456 -0.035017 -0.018200 -0.044268 -0.068410 0.053662 -0.024347 0.013862 -0.034064
 0.040891 0.008589 -0.097061 -0.038151 -0.081238 -0.041951 -0.010573 -0.007789 0.053598 -0.052482 -0.021601 -0.030717 -0.054295 -0.005846 0.036290 -0.031191
 0.064052 -0.036696 0.014350 -0.035265 -0.098169 -0.023803 0.013393 0.064824 0.045960 0.053242 0.092933 -0.072260 -0.064326 -0.030659 0.041855 -0.074130
 0.054603 0.051770 0.049881 0.050261 0.074845 -0.039390 -0.000678 0.039258 0.080756 -0.073307 0.076763 0.040602 -0.028126 0.068324 -0.018389 0.064336
 -0.023589 -0.099835 0.051356 -0.082627 -0.036127 -0.058091 -0.088915 -0.050574 0.046459 0.027022 -0.043287 0.010771 0.012315 -0.004215 -0.007102 -0.002376
 -0.059256 -0.061997 0.005062 0.091795 -0.019523 0.080203 -0.036176 -0.039052 0.036311 0.054696 0.062073 0.017864 -0.080840 -0.071301 -0.056393 0.005844
 -0.094227 -0.016362 -0.071096 -0.090929 -0.075418 -0.027779 0.050344 -0.094566 -0.089769 0.027052 -0.030143 -0.097119 -0.074466 -0.030926 0.011864 0.036735
 0.048018 0.084504 -0.066109 -0.069828 0.007445 -0.013648 -0.079509 0.092955 0.083200 -0.034415 -0.051536 -0.043659 -0.096409 -0.083691 -0.093419 0.002731
 -0.097102 0.051941 0.082928 -0.009613 0.097971 -0.025227 0.084199 -0.079479 0.030853 0.029189 -0.065105 0.051705 0.084331 -0.030547 -0.075846 -0.031623
 -0.080861 0.045027 -0.004326 0.060493 0.079787 -0.012306 0.003057 -0.055497 -0.084965 0.083204 0.007049 -0.036451 -0.086590 -0.047722 0.081587 0.015794
 0.063543 0.044364 0.073963 -0.070876 0.038560 0.076682 0.009613 0.081688 0.017737 -0.096737 0.058573 0.028482 0.071694 -0.039335 -0.073053 -0.094756
 0.065694 0.015520 -0.095343 -0.006246 0.041068 0.007822 0.069277 0.021202 0.084583 0.076386 0.050419 -0.059523 -0.055624 -0.009286 -0.081292 -0.079796
 -0.034443 0.096999 -0.001578 -0.056268 -0.031989 -0.088577 -0.099829 -0.088975 -0.095629 0.084147 -0.092209 0.089740 -0.007572 -0.098197 0.030983 -0.038819
 -0.008570 -0.037954 0.059257 -0.052373 -0.088911 0.088909 0.056091 0.006316 0.072095 -0.048697 -0.026507 0.049196 0.082322 -0.015473 0.041888 -0.030020
 0.095801 -0.039580 -0.050321 0.025786 0.058099 -0.062260 0.088489 0.009394 0.047041 0.080742 0.078634 0.040726 0.043601 -0.071476 0.089214 0.005932
 -0.072669 0.015563 -0.057684 -0.020907 -0.052878 -0.074025 -0.026567 0.019277 -0.034097 -0.033313 0.016006 -0.037856 0.024027 -0.096836 -0.015427 -0.008693
 -0.081222 0.005299 -0.003630 0.087567 0.022565 0.081634 -0.042924 -0.048038 0.015577 -0.071948 0.056672 -0.001954 0.073885 0.053315 0.060367 -0.090729
 0.017554 0.006793 0.050481 -0.016099 0.078634 0.094450 0.035504 -0.018454 -0.011281 -0.056519 -0.085451 -0.081437 0.094271 -0.016090 0.011427 -0.084825
 0.051625 0.057411 0.095359 0.004404 -0.026472 0.021245 -0.087643 -0.018855 -0.034903 -0.004952 -0.093710 0.033575 0.082511 -0.087998 -0.044569 -0.047584
 0.052338 -0.021628 -0.016921 -0.096733 -0.009021 -0.085354 0.039069 0.017604 -0.001503 0.019001 0.020203 0.014406 0.052813 -0.072104 -0.043765 0.065477
 -0.002885 0.073331 0.046670 -0.092916 0.087256 0.080538 -0.097404 0.009374 0.053281 -0.052708 -0.080185 -0.040657 -0.089430 0.083616 0.040478 0.055614
 0.023864 0.079670 0.071618 0.086318 -0.020750 -0.099178 -0.055389 0.042119 -0.093931 -0.099023 0.016777 -0.031943 0.031613 -0.049626 0.060889 -0.068881
 -0.045970 -0.083327 -0.078560 0.033515 0.053169 0.084523 0.057132 0.013505 0.038608 0.043008 0.092359 0.073541 -0.005255 -0.012192 0.053017 0.067205
 -0.011193 0.073877 0.047894 -0.049007 0.028102 -0.074772 -0.028414 -0.077793 -0.023394 0.079101 0.049053 -0.010150 -0.080804 0.045828 0.098465 0.014062
 -0.009152 -0.068105 0.071375 0.073153 -0.003025 0.000151 0.052299 -0.050539 0.046323 -0.062455 -0.034982 -0.051948 -0.029479 -0.071182 0.038331 -0.070316
 0.027388 -0.092526 0.089286 0.006182 0.053824 0.022992 -0.043681 0.047225 -0.035438 0.070869 0.084618 0.056445 -0.076767 -0.089803 -0.014470 -0.030984
 -0.083360 0.036453 -0.082714 0.083289 -0.079293 -0.097371 -0.034624 0.039624 -0.042832 0.016360 -0.057356 -0.048832 0.031884 -0.087528 0.035922 0.092806
 -0.017532 0.059158 0.014904 -0.095255 0.044356 -0.022590 -0.032556 -0.040208 0.076974 0.063265 -0.008859 0.008991 0.056813 -0.023295 0.021386 -0.020601
 -0.062546 0.061643 -0.046249 0.065113 -0.069432 0.010416 -0.093563 -0.044472 0.005179 0.055082 -0.013815 0.062369 0.005754 -0.070057 0.034488 -0.001764
 0.097490 0.089375 0.080357 -0.026612 -0.009497 -0.083922 0.037688 0.049307 0.006821 -0.021387 -0.035124 -0.021849 0.001339 0.062379 0.083025 0.049482
 0.028947 -0.099944 -0.012888 -0.018029 -0.020328 0.090047 -0.062277 -0.060472 0.028309 0.091995 0.001804 0.058066 0.045699 0.060097 -0.000433 0.069721
 -0.083087 0.000520 -0.060677 0.033750 -0.080726 0.005727 0.045789 0.074511 0.009215 -0.009265 0.004895 0.094753 0.051181 -0.061775 0.002843 -0.095692
 -0.072177 -0.011085 -0.092700 -0.043513 0.071043 0.058189 0.066410 0.042010 0.092389 -0.014795 -0.069437 0.060803 -0.041574 -0.092112 0.010346 0.051626
 0.077438 0.007302 0.007768 -0.001749 0.028932 0.011672 -0.075310 -0.099987 -0.026721 -0.093844 0.001884 0.063887 -0.042897 0.090804 -0.013491 0.074894
 0.077986 0.014151 0.079400 0.012111 -0.020964 0.016662 -0.015757 -0.092485 -0.034575 -0.030196 -0.040209 0.031327 -0.069941 0.079466 -0.040923 0.030120
 0.067870 0.047502 0.090066 -0.044181 -0.016201 -0.067925 0.040036 0.092538 0.036950 0.058958 -0.041335 -0.086487 0.020093 -0.084469 0.083670 -0.019112
 0.079269 0.014833 0.086625 -0.043022 0.069800 0.049520 -0.089224 -0.075635 0.065555 -0.072699 0.035991 -0.031668 -0.086137 0.063765 0.035756 -0.090037
 0.052994 -0.033675 0.094783 -0.042829 -0.055594 -0.036317 -0.002597 0.038577 0.099633 0.098231 0.017549 -0.013644 0.097345 0.074685 -0.057297 0.083554
 -0.085142 0.043633 -0.067309 0.030398 -0.077936 0.011386 0.068874 -0.043259 -0.045718 -0.085144 -0.002662 -0.014983 0.023774 0.050145 -0.060939 -0.038170
 0.094396 -0.080618 0.013682 0.042226 -0.075510 0.086034 -0.093724 -0.069929 -0.082270 0.041147 -0.095106 -0.088850 0.045249 -0.072642 0.019760 -0.079113
 -0.003418 0.025269 0.008422 0.096645 0.044367 0.012731 -0.060237 0.046601 0.052119 0.025597 -0.045810 0.085018 0.070106 0.013936 -0.081639 0.005469
 -0.071704 0.059430 0.077465 0.035546 0.071063 0.050763 0.093617 -0.051886 -0.035215 -0.011143 -0.003383 -0.020401 -0.097102 0.050590 -0.050493 0.031896
 -0.077856 -0.025538 -0.035411 -0.037856 -0.078253 0.049762 -0.008667 -0.079646 -0.020175 0.093944 -0.061751 -0.027210 -0.078895 -0.019121 -0.069691 0.099870
 0.063408 -0.052617 0.006936 0.058670 0.019092 0.028776 0.090112 0.041065 0.039610 -0.045781 0.012827 0.039848 -0.039945 0.008501 -0.058811 0.028560
 0.087698 0.014718 0.096710 0.066190 0.028805 -0.004865 0.029442 -0.003722 0.034567 -0.006457 -0.034075 0.084225 0.031013 0.077554 0.048773 0.065887
 -0.084835 -0.098630 -0.053578 -0.077279 -0.042664 -0.000615 0.058662 0.005257 -0.033651 0.094495 -0.078361 -0.009653 0.059964 0.026811 0.005368 -0.016389
 -0.070351 0.006711 0.002645 -0.014096 -0.082086 -0.011175 -0.010021 -0.019007 -0.054410 0.047892 0.062651 0.047935 0.030374 -0.049796 0.043557 -0.023569
 0.008726 -0.096722 0.078099 0.099363 0.037055 -0.060528 0.080493 -0.004676 0.027264 -0.068339 0.083690 -0.081799 -0.075604 0.080063 -0.041307 -0.022297
 -0.051984 0.087084 -0.081326 -0.067355 -0.071753 -0.077992 -0.097913 0.060068 -0.044328 0.004764 0.094387 0.088046 0.021545 -0.046499 0.054559 -0.011292
 -0.035233 0.033569 -0.099111 -0.082881 -0.038303 -0.062805 -0.034654 0.073101 0.008658 0.036351 0.045748 -0.061984 0.088821 0.094812 0.067169 0.060435
 -0.059088 0.095264 0.019188 -0.060728 -0.010378 0.033047 0.055380 -0.074239 -0.036128 -0.001535 -0.085166 -0.039062 -0.031424 0.037289 -0.032729 0.026680
 -0.048757 -0.007429 -0.007287 -0.063786 -0.038073 0.093811 0.025530 -0.080669 -0.020059 -0.008663 -0.090808 -0.050250 0.022944 -0.014354 -0.011503 -0.046905
 0.064497 -0.083856 -0.023388 -0.089956 -0.038694 -0.053507 0.034351 -0.004363 0.095680 0.035136 0.083414 0.000877 0.021902 0.019912 0.010954 -0.064693
 0.077863 0.082499 -0.028147 0.003006 0.034189 0.005195 0.003716 0.017502 -0.061227 -0.025085 -0.019316 0.099992 0.003456 0.003679 0.005734 -0.008640
 0.094718 0.058706 -0.064117 -0.026781 0.093032 -0.050470 0.014612 -0.095675 -0.093154 -0.078386 -0.057456 0.063044 -0.082935 0.096358 0.064591 0.011451
 0.019320 -0.090084 0.027869 0.021163 -0.016264 -0.050818 -0.022293 -0.039919 0.043113 -0.000563 0.099647 0.082768 -0.040560 0.007644 -0.075922 0.011388
 -0.016036 -0.066101 0.007010 0.041838 -0.066039 -0.035439 0.099944 -0.094662 -0.003710 0.039065 0.020914 -0.014409 0.077425 -0.074350 -0.041227 0.040510
 0.062875 0.037938 -0.078156 -0.097559 -0.084476 -0.004579 0.042295 0.087949 -0.042918 -0.068583 -0.017595 -0.015301 -0.074404 0.075184 0.000345 0.065247
 -0.004449 -0.055420 0.022282 -0.059126 0.047853 -0.040562 -0.013886 -0.027471 0.098909 -0.066915 0.055813 -0.003598 0.062529 0.056701 0.011282 0.015172
 0.049177 0.041926 -0.083782 -0.091771 0.035836 0.005346 -0.073735 -0.040985 0.016314 -0.059058 0.016691 -0.042794 -0.014932 0.046150 0.069241 -0.077449
 -0.094006 -0.065970 0.033723 -0.036931 -0.057824 -0.055243 0.030526 0.097558 -0.074718 -0.032187 -0.023258 0.019386 -0.047414 0.037713 0.057724 0.029806
 -0.089354 -0.061453 -0.006375 0.097868 0.074203 -0.060854 -0.030526 -0.064519 0.062376 0.063151 -0.051591 0.023269 0.098537 0.049348 0.053084 -0.046213
 0.062623 0.036804 -0.026649 -0.043852 0.087744 0.056730 -0.098342 -0.016486 -0.057275 0.015876 -0.040624 -0.068026 -0.086284 0.091530 0.087224 0.089808
 -0.029463 -0.093955 0.054934 0.050384 0.098819 0.059076 -0.084861 -0.049565 0.086078 -0.033399 -0.067996 0.038551 -0.031537 -0.081027 0.083355 -0.093912
 -0.035812 0.057515 0.047208 0.082378 0.047830 0.062692 0.036845 -0.067588 0.049446 -0.096695 -0.057842 -0.017794 -0.026931 0.012208 -0.018242 0.073326
 0.063033 -0.002814 0.083922 -0.064144 0.061509 -0.022653 -0.099619 0.018774 0.037759 0.018857 -0.088714 -0.054000 -0.084200 0.052272 -0.035342 0.085362
 -0.034462 -0.066483 0.037096 -0.092334 0.016562 -0.056876 0.080077 0.090314 0.026269 -0.025122 0.090685 -0.010425 0.087660 0.085326 0.084735 -0.089270
 -0.073887 -0.022217 0.096724 0.018674 0.072602 -0.085546 -0.017210 -0.012892 -0.082619 -0.041988 0.031001 -0.022631 -0.066692 -0.067501 0.086280 0.043097
 0.059197 -0.006092 0.099469 0.005727 -0.086067 0.027118 -0.026134 0.036399 -0.052936 -0.045500 -0.034825 -0.086053 0.097961 -0.082210 0.025293 0.033164
 0.016019 -0.083416 -0.018207 0.089670 0.090553 0.035201 -0.017973 -0.027826 -0.099036 0.014844 -0.047513 0.039418 0.025438 -0.032589 0.019060 0.006128
 0.076242 0.031779 0.042335 -0.062413 -0.052652 0.037424 0.072439 0.020895 -0.019553 0.044030 0.033315 0.081571 -0.043644 0.067298 -0.028450 0.074074
 0.032910 -0.093125 -0.029193 -0.039907 -0.047981 -0.086762 -0.096442 0.047187 -0.035614 -0.047379 -0.082430 -0.047177 -0.018565 0.061606 0.056825 0.083301
 -0.015860 -0.064687 -0.076257 0.037694 0.098866 0.036649 -0.018279 0.078765 -0.049312 -0.034812 -0.045054 -0.084569 0.031268 -0.077485 0.038129 0.030021
 0.047909 0.072102 0.043080 -0.048146 -0.036649 -0.065744 -0.020224 0.089843 0.092661 0.092749 0.005769 -0.002088 -0.051961 -0.049220 0.090057 -0.028734
 0.061263 0.050231 -0.004991 -0.024735 0.052806 0.026291 -0.097023 0.030900 0.090060 0.024787 0.024496 0.015769 -0.041281 -0.053739 -0.087593 0.063066
 0.098680 -0.056453 0.080045 -0.086238 0.053587 0.068249 -0.083429 -0.010775 0.097270 -0.011011 0.032411 -0.014026 -0.024091 0.075116 0.005272 0.027670
 -0.018037 -0.067822 -0.049503 -0.059214 -0.047281 0.077638 0.090329 -0.040052 -0.005233 0.023957 -0.084190 0.073151 -0.083162 -0.018694 -0.015912 0.083594
 -0.043322 0.010689 -0.023908 -0.045002 -0.056418 -0.038528 0.037799 -0.003615 0.037652 0.002348 -0.056220 -0.032337 0.007168 -0.008634 0.058234 -0.066463
 0.062930 -0.045532 0.069170 0.077356 -0.012098 -0.071354 -0.091849 0.028972 0.037599 -0.004014 -0.096924 0.097728 -0.094593 -0.040388 0.049546 -0.014924
 -0.076797 -0.011053 -0.023543 0.052825 0.096415 -0.078491 0.051678 -0.055144 0.068529 0.084156 0.071945 -0.067323 -0.005239 -0.000187 -0.076035 0.049917
 0.058566 -0.011902 0.077078 -0.030906 -0.089729 0.079117 -0.061756 -0.094215 -0.098745 -0.026812 -0.068425 -0.061237 0.041606 0.036988 -0.067510 0.093628
 0.003917 0.096044 -0.078697 0.053074 -0.088794 -0.075829 0.026191 -0.077256 -0.009261 0.021554 -0.013330 0.065351 0.049086 0.097134 -0.068599 -0.018588
 -0.098594 -0.077599 -0.019132 0.060769 -0.029948 0.061434 -0.031331 -0.025300 0.034668 0.070431 -0.029948 0.092397 -0.076930 -0.024647 0.059112 0.027782
 0.009673 0.063850 0.036952 0.015949 0.035865 -0.021540 0.000153 -0.097477 0.000296 -0.053735 0.093714 -0.068033 -0.054377 -0.049037 0.011900 0.021817
 -0.086901 -0.085770 0.028403 0.098426 0.054606 0.096400 -0.026851 0.037094 0.065953 0.007605 0.075951 0.075418 0.087546 0.014927 0.043611 0.057123
 -0.022094 0.036238 0.046474 -0.094345 -0.013334 -0.093827 -0.081065 0.088817 0.095319 0.028367 0.099783 -0.067328 -0.039968 0.092568 0.018002 0.053823
 0.000600 -0.049256 0.087313 -0.017807 0.013370 0.035513 0.099056 0.083736 -0.017368 -0.035819 0.050273 -0.077160 -0.099135 0.097740 -0.042357 0.079097
 0.076459 0.078778 0.090129 -0.098245 -0.001183 -0.066560 0.094146 0.031688 0.043515 0.074582 0.053618 -0.039510 -0.021962 -0.045426 0.099411 -0.075354
 0.089784 0.076813 0.027531 0.006291 0.071602 0.087185 0.097113 0.092845 -0.003226 -0.084667 0.098869 0.007757 -0.089327 0.020328 0.099212 -0.004499
 0.055871 -0.086983 -0.029691 -0.058937 0.021566 -0.005720 0.087244 0.064117 -0.034223 -0.040761 -0.095792 -0.010867 0.061265 -0.092680 0.003142 -0.067694
 -0.061150 -0.070298 -0.094912 0.056742 0.032375 0.067341 -0.065194 -0.068168 -0.065194 -0.084368 -0.022016 0.082394 -0.046398 -0.088868 -0.022531 0.095888
 0.089619 -0.055585 -0.006067 -0.049935 -0.004171 -0.081088 -0.039670 0.027200 -0.024570 0.078275 -0.048545 0.059551 -0.088701 -0.060917 0.017356 0.041751
 -0.044432 -0.095701 -0.023901 -0.095673 0.091238 -0.027711 -0.023436 0.013832 0.016540 0.021288 -0.072643 -0.095515 -0.005754 0.002446 0.060711 0.088366
 -0.049793 0.078215 -0.029364 0.001013 -0.024946 -0.092537 -0.011013 0.010112 -0.065414 -0.037615 0.009485 -0.021018 -0.029668 -0.097863 -0.011868 -0.053122
 -0.018937 0.098973 0.013269 0.085070 -0.037435 0.062111 0.028051 0.024195 0.047075 -0.050552 0.073879 0.016575 -0.037885 0.049494 -0.041973 -0.076959
 0.098277 -0.029372 -0.099969 -0.000337 0.038242 -0.003951 0.035381 0.054960 0.048689 0.049450 -0.035428 0.078069 -0.073196 -0.030611 0.070308 0.093521
 -0.066461 0.063844 -0.058532 -0.030093 -0.033713 -0.002487 0.001676 0.050045 0.073948 -0.053283 0.063511 -0.081879 0.010249 -0.002856 0.067413 0.074927
 -0.099198 0.021974 -0.062119 -0.019902 -0.071678 0.091393 0.003116 -0.087039 0.087171 -0.006955 -0.006636 0.093879 -0.028478 0.098868 0.084939 -0.014375
 0.071534 0.065901 0.044098 -0.093371 0.089147 -0.009933 0.030319 0.096554 0.097265 -0.089342 0.058732 -0.021417 -0.004106 -0.088770 0.083805 -0.060283
 -0.065591 -0.041088 0.052701 0.023625 -0.013306 -0.093017 -0.016852 -0.049656 0.033147 0.099674 0.096632 -0.027158 0.068010 0.087316 0.051379 -0.087149
 -0.070671 0.024034 0.086709 -0.034950 0.091884 -0.025746 -0.022118 0.023941 -0.038312 0.099059 0.060189 -0.053525 0.054829 -0.078072 0.027096 -0.058407
 -0.037796 -0.065132 -0.032824 -0.035570 -0.099170 0.022481 0.011402 -0.026781 0.057253 0.063014 0.079751 0.033528 -0.057785 0.060988 -0.084627 -0.025675
 0.076887 -0.010194 0.037608 -0.067989 0.033677 -0.052847 0.089766 -0.097179 -0.094401 -0.078063 -0.051674 0.023087 0.094339 -0.051061 0.016242 0.093301
 0.058571 0.078413 0.050168 0.019645 0.069094 0.063322 -0.065024 0.036030 0.086870 0.086391 -0.024418 -0.057608 0.057060 0.044934 -0.048932 -0.018817
 -0.026477 -0.036949 0.028141 -0.022175 -0.081919 0.086721 0.046684 -0.084933 0.099463 -0.055090 0.019885 0.009578 0.024816 -0.005563 -0.070329 0.000325
 -0.075889 0.006720 -0.070127 -0.084333 0.095935 -0.042097 -0.003145 0.068675 -0.088241 0.000566 -0.078808 -0.002304 -0.079911 -0.044143 -0.007570 -0.083040
 0.074769 -0.005568 0.014148 0.069197 0.042801 0.060540 -0.075757 0.024691 0.010509 -0.015960 0.030040 0.009014 -0.035956 0.080716 -0.029782 0.078898
 -0.001170 0.096166 -0.065898 0.067223 0.049948 -0.058171 -0.098886 0.041068 0.090598 0.028580 0.050580 0.005020 -0.004549 -0.030648 0.057036 0.057494
 0.008389 0.052053 0.017493 0.072502 -0.040544 -0.052091 0.008479 0.037337 -0.023159 0.009703 -0.078047 -0.099163 0.090553 -0.045803 -0.060116 0.083833
 0.016657 -0.002836 -0.006749 0.024578 0.038889 0.038977 0.068925 -0.031834 0.095795 0.090317 -0.007872 -0.000798 0.075135 0.072859 -0.035436 0.090043
 0.046034 -0.019528 -0.003741 -0.035359 0.035012 0.009407 0.045667 -0.041751 0.079660 0.012720 0.086565 0.004590 -0.033012 -0.078566 0.056316 -0.031568
 0.021374 -0.032665 0.025374 -0.001106 -0.023034 -0.030445 0.050249 -0.069118 -0.053178 0.039721 -0.001247 -0.056493 -0.051684 0.086752 0.010262 -0.009137
 -0.093874 -0.069680 -0.041803 -0.086683 -0.035936 -0.099068 -0.045191 0.071030 -0.076016 0.076771 -0.046929 -0.042299 0.014692 0.015315 -0.056361 -0.014623
 0.011832 -0.059970 0.078082 0.048189 0.080699 0.065805 -0.081084 0.076041 0.055595 -0.007821 -0.002154 -0.065060 0.051843 0.088731 0.070085 0.092351
 0.068657 0.036737 -0.091452 -0.083580 -0.049360 -0.099717 -0.091565 0.045764 -0.037862 -0.079207 -0.064581 0.034899 -0.006436 0.049060 0.047258 0.024235
 0.037686 0.057438 -0.010168 0.068779 -0.018142 -0.045481 0.077949 0.098169 0.013635 -0.097566 0.086200 0.095493 -0.083959 0.005960 -0.095531 -0.059474
 0.006766 0.061177 -0.006178 -0.074521 0.084967 0.043430 0.016006 0.060530 -0.000401 -0.020976 0.031018 -0.082593 -0.073294 0.096558 0.002226 -0.086522
 -0.093758 0.074951 -0.052870 -0.004475 -0.026818 0.046906 0.025801 0.019944 -0.000572 -0.052754 -0.039339 -0.050901 0.047991 -0.034489 -0.068480 0.046346
 0.025221 0.008330 -0.079891 -0.062611 -0.028399 -0.006174 -0.099358 -0.057235 -0.087620 -0.045238 0.024717 -0.098897 -0.074693 -0.040884 0.067217 0.044801
]
Total memory size for keys: rot_key_cnt = 87, rot_key_size = 2736813288 bytes, total_key_size = 2786096896 bytes
Total memory size for weight plain: cnt = 115, size = 204480600 bytes
RTLib functions         	       Count	      Elapse
--------------------    	    --------	    --------
FINALIZE_CONTEXT        	           1	    0.004733 sec
PREPARE_CONTEXT         	           1	   12.117610 sec
ENCODE_ARRAY            	         116	    0.799390 sec
NTT                     	        3806	    4.513329 sec
INTT                    	         657	    0.828471 sec
MAIN_GRAPH              	           1	    4.165189 sec
 HW_ADD                  	        1157	    0.086468 sec
 HW_MUL                  	         772	    0.228421 sec
 HW_ROT                  	         546	    0.042682 sec
 COPY_POLY               	           1	    0.000211 sec
 PRECOMP                 	          14	    0.416714 sec
 MOD_DOWN                	         190	    1.921581 sec
 DOT_PROD                	         190	    0.555802 sec
 RESCALE_POLY            	          12	    0.073291 sec
 COPY_CIPH               	           9	    0.010309 sec
 INIT_CIPH_SM_SC         	         219	    0.011074 sec
 INIT_CIPH_UP_SC         	         114	    0.018404 sec
 INIT_CIPH_DN_SC         	           6	    0.000504 sec
 PT_ENCODE               	         115	    0.789195 sec
MAIN_GRAPH              	   sub total	    4.154655 sec
16.48s 2910816KB
Exit 0 - Check log: /app/ae_result/hpao/i32x16x16_ci32_co64_k1p0s2.modup.log
LINK_EXEC RETV:0
LINK_EXEC CMD TIME:17.503089s
