FAST_DOT_PROD=0
/app/hpao_cmplr/bin/fhe_cmplr /app/model/i32x16x16_ci32_co64_k3p1s2.onnx -o /app/ae_tmp/i32x16x16_ci32_co64_k3p1s2.onnx.c -POLY:mdh -VEC:conv_fast -VEC:ms=32768 -CKKS:N=65536 -P2C:df=/app/ae_tmp/i32x16x16_ci32_co64_k3p1s2.onnx.weight -CKKS:sk_hw=192 -O2A:ts -FHE_SCHEME:ts -VEC:ts -SIHE:ts -FHE_SCHEME:ts -POLY:ts -P2C:ts -CKKS:ts:q0=60:sf=56 -POLY:ts -P2C:ts -P2C:fp -SIHE:relu_vr_def=10
[/app/hpao_cmplr/bin/fhe_cmplr][ONNX2AIR][--] : phase_time = 0.000327 / 0.000464(s)
[/app/hpao_cmplr/bin/fhe_cmplr][SCHEME_INFO_ANALYZE][--] : phase_time = 0.000022 / 0.000493(s)
[/app/hpao_cmplr/bin/fhe_cmplr][VECTOR][--] : phase_time = 0.046407 / 0.046905(s)
[/app/hpao_cmplr/bin/fhe_cmplr][SIHE][--] : phase_time = 0.008211 / 0.055129(s)
[/app/hpao_cmplr/bin/fhe_cmplr][CKKS][--] : phase_time = 0.008860 / 0.063998(s)
[/app/hpao_cmplr/bin/fhe_cmplr][POLY][--] : phase_time = 0.052936 / 0.116941(s)
[/app/hpao_cmplr/bin/fhe_cmplr][POLY2C][--] : phase_time = 0.013046 / 0.129997(s)
COMPILE RETV:0
COMPILE CMD TIME:0.145146s
/app/hpao_cmplr i32x16x16_ci32_co64_k3p1s2.onnx /app/test/i32x16x16_ci32_co64_k3p1s2.c i32x16x16_ci32_co64_k3p1s2.onnx.c
ckks_param: _provider = 0, _poly_degree = 65536, _sec_level = 0, mul_depth = 6, _first_mod_size = 60, _scaling_mod_size = 56, _num_q_parts = 3, _num_p = 3, _num_rot_idx = 108,_hamming_wieght = 192
input(tensor): [
 0.031050 0.008338 0.059708 0.048163 -0.078126 0.005057 -0.056413 0.077287 0.079027 0.066253 -0.089170 -0.007081 0.095775 0.026663 -0.087187 -0.046690
 0.097626 -0.046861 0.040572 -0.080881 -0.089702 0.099257 0.002870 0.017650 -0.092059 0.084322 0.017117 -0.014438 -0.047939 0.088816 0.031818 0.042602
 -0.051421 0.028517 -0.068205 0.060323 -0.014691 -0.040421 -0.008239 0.096657 0.023183 -0.027256 -0.067682 0.099562 -0.077506 -0.055605 -0.090652 -0.028088
 0.067212 -0.039365 -0.054680 0.029280 -0.094593 -0.074191 0.099271 0.061637 -0.076298 -0.059902 0.053160 -0.074084 0.011582 0.070007 0.067614 -0.069648
 -0.047250 0.097780 -0.045963 0.036213 -0.057452 0.075405 0.056467 0.089800 -0.064961 -0.007156 0.016157 -0.040552 0.091758 0.034246 -0.097059 0.031816
 0.012834 -0.055145 -0.096507 0.014164 -0.070387 0.008206 -0.045401 0.029126 0.032733 0.014603 0.018339 0.087403 0.025660 -0.006717 0.034960 0.010666
 -0.016178 0.006156 -0.058559 0.020701 0.083231 -0.012140 -0.091690 0.036411 0.072694 0.021308 0.066476 -0.088330 0.004386 -0.064638 -0.062837 -0.023840
 0.035032 0.053712 0.052290 0.029981 0.010447 -0.074871 0.096151 -0.066252 0.083629 -0.004208 0.054495 0.041366 0.095894 0.048239 0.026330 0.073968
 -0.094671 0.077957 0.085698 0.005112 -0.080778 0.054578 -0.095778 0.002661 0.045476 0.075026 -0.007687 0.077997 -0.061750 -0.073667 0.091431 -0.022209
 0.027837 -0.073033 0.041168 -0.035401 -0.026822 -0.029090 0.086827 -0.065535 0.011526 -0.043636 0.055913 -0.053599 -0.049587 0.078486 -0.085537 0.069062
 -0.093580 0.076743 0.060487 -0.025605 0.015889 -0.075469 0.070206 0.048722 0.068734 0.041555 -0.058770 -0.034358 0.042699 -0.051167 0.037316 0.094616
 -0.052400 0.028164 -0.045108 0.083088 -0.005161 0.015002 -0.045359 -0.007938 0.023669 -0.092967 -0.063830 -0.078812 0.063484 0.040080 -0.081896 0.092947
 0.048030 0.060486 -0.040768 -0.033094 -0.052005 0.087841 0.014061 -0.085714 0.078081 -0.034664 0.099264 0.093482 -0.002431 -0.067250 -0.003527 -0.037791
 0.096886 0.023668 0.039443 -0.069618 -0.059348 0.020549 -0.024379 0.096024 0.024740 -0.098454 0.005940 -0.089791 -0.085318 0.014904 0.066939 -0.064099
 -0.046673 -0.067215 -0.021045 -0.025174 0.015780 -0.031710 -0.010328 -0.071319 0.028786 -0.021851 -0.083118 0.078141 0.072543 0.013462 -0.081615 0.059147
 -0.033824 0.027982 0.033950 -0.006509 -0.029555 -0.001182 0.095590 -0.012736 -0.049184 0.056861 -0.002795 -0.064229 -0.032519 -0.047743 -0.088730 -0.022360
 -0.069970 0.005855 0.074723 0.054738 -0.085978 0.018179 0.011840 -0.075674 -0.055022 -0.087970 -0.046847 -0.088699 -0.033237 0.001170 0.074473 0.064587
 -0.007021 0.077066 0.090469 -0.050205 -0.015233 0.006792 0.009127 0.019602 0.021951 -0.044193 0.023906 -0.058209 -0.058832 0.060494 -0.031292 -0.011378
 0.000168 -0.021683 -0.041383 -0.006046 -0.076830 -0.081878 0.098961 0.082811 -0.050378 -0.005068 0.078898 0.023001 -0.044645 0.090442 0.016305 0.081609
 -0.002732 0.003761 -0.085064 -0.085303 0.058257 0.049327 -0.036382 -0.041362 0.097180 -0.005415 -0.097736 -0.016413 -0.002321 -0.097200 -0.099907 0.087674
 -0.074101 0.046054 0.071566 -0.015477 0.059221 0.029597 0.079233 0.036725 -0.027607 0.043120 -0.044776 -0.071648 0.078570 -0.007904 -0.018887 -0.068515
 0.030270 -0.056053 -0.083622 -0.075709 -0.001597 0.085319 -0.044455 -0.062288 0.010142 0.056965 -0.027183 -0.035166 0.052482 0.064924 0.062492 -0.021405
 0.025622 -0.070002 -0.045078 0.073761 0.089369 0.022205 -0.088931 -0.048604 -0.055615 -0.074742 -0.016583 -0.018125 -0.023179 0.053487 0.082075 -0.003849
 -0.023177 -0.056659 -0.081661 -0.076802 -0.082672 -0.073342 0.047283 -0.060866 -0.002869 -0.059952 0.031260 0.015277 0.071554 -0.079045 0.027591 0.064818
 0.036957 -0.011760 0.045557 0.016350 -0.012184 -0.053726 -0.096415 -0.017175 -0.068595 0.092480 0.075269 -0.042946 -0.071136 -0.053834 0.082635 -0.063952
 0.088020 -0.043855 0.005183 0.029701 -0.088606 -0.087987 -0.044551 -0.067876 0.065967 -0.071297 0.082534 0.040233 -0.055216 -0.008801 -0.077405 0.017916
 0.004707 0.056437 0.060316 -0.053596 -0.052205 -0.091022 0.020481 0.045628 -0.002008 0.069198 0.010324 0.070844 0.061078 0.007893 -0.034229 -0.085838
 -0.079723 0.071630 -0.082203 0.097538 -0.008075 -0.039405 -0.013307 0.052680 -0.036157 -0.076873 0.074995 -0.064785 0.082646 0.076283 -0.020811 -0.079882
 0.080771 -0.047990 -0.007359 -0.013014 0.043893 0.091258 -0.034258 0.066373 0.079968 -0.013753 -0.059230 0.094284 -0.085652 0.018346 0.057865 -0.090244
 -0.037398 0.031516 -0.097714 -0.042946 -0.028017 0.048521 -0.067857 0.023476 -0.054667 -0.099483 -0.048543 0.049278 0.015225 -0.073511 0.023488 0.072170
 0.027823 -0.071906 0.024700 0.029133 -0.070478 -0.071708 -0.018751 -0.017189 0.066764 0.075864 0.014203 0.064721 0.066474 -0.098241 0.038189 0.007962
 0.042334 0.061679 -0.046825 -0.004415 0.090821 -0.031689 -0.063416 -0.061771 0.061321 0.054210 -0.041980 -0.088766 0.043354 0.071669 -0.097438 0.049339
 -0.067802 -0.061393 -0.026100 0.009627 0.067671 -0.079580 0.094190 0.067466 -0.097912 -0.059845 0.045409 -0.056518 0.096313 -0.010505 0.027211 0.096119
 0.026565 0.063916 0.086027 -0.032252 0.091777 0.050351 -0.017966 -0.058894 0.079698 -0.032327 -0.099229 0.047318 0.092591 0.058715 0.022333 -0.093556
 -0.026499 0.066236 -0.054557 0.048003 0.035809 -0.087464 0.043211 0.039792 -0.058453 -0.010107 0.043324 0.060809 -0.021976 -0.058393 -0.053637 -0.075572
 0.005724 0.025631 -0.069032 -0.070077 0.055878 0.031124 0.021350 0.035413 0.021075 0.069029 -0.035160 -0.010658 -0.031416 0.042097 0.021197 0.008817
 0.070923 -0.072000 -0.057736 0.004778 0.049140 0.008204 0.039712 0.004810 0.059910 0.065554 -0.044825 0.055167 0.058965 -0.043891 0.054754 -0.042470
 0.080449 -0.059365 0.076395 -0.082254 -0.014235 -0.085591 0.020385 0.005217 0.045365 0.095782 -0.043799 -0.036377 -0.022708 0.022293 -0.029968 0.078224
 -0.061242 -0.093620 0.028656 -0.045239 -0.059679 -0.058204 -0.082946 0.022942 0.026125 0.078531 0.054605 0.053190 0.039714 0.057550 0.026371 0.045646
 -0.000468 0.016068 -0.059970 0.075303 0.085242 -0.002550 0.055207 0.009541 -0.093837 -0.050135 0.052908 -0.016162 0.038043 -0.007919 -0.004515 -0.018355
 -0.007695 -0.077828 -0.090808 0.048902 -0.030817 -0.087961 0.039469 0.078572 0.016748 -0.066059 0.063014 -0.079482 -0.017376 0.047774 -0.016029 -0.053173
 0.029428 -0.015790 0.049021 0.055112 0.077226 -0.098036 0.001476 -0.082809 0.034630 0.035156 -0.094551 0.012992 -0.049662 0.010638 0.070373 0.021643
 -0.097923 -0.078076 -0.090358 -0.004273 -0.024900 0.007712 0.069940 -0.049323 -0.089929 -0.055932 -0.097894 -0.058240 -0.017129 0.081925 0.026660 -0.083866
 -0.076581 -0.031812 0.076767 -0.073940 -0.017939 -0.030692 -0.094971 -0.002649 0.022389 -0.035283 0.081572 0.096075 0.070678 -0.064080 0.090422 -0.056338
 0.047369 0.035268 -0.063025 -0.044813 0.025224 -0.016191 0.071160 0.012464 -0.098924 -0.012302 0.049510 -0.007092 -0.031253 0.041062 0.006740 -0.077763
 0.007092 -0.087999 -0.000711 0.018045 -0.084071 -0.090615 -0.026602 -0.057927 0.036348 0.051843 0.047362 0.032465 -0.071675 0.014221 0.023038 0.078584
 -0.054782 -0.032321 -0.093293 -0.046481 0.038112 0.067112 0.077339 -0.090338 -0.004682 0.075814 -0.091096 -0.094028 0.087671 -0.096959 -0.048590 -0.071524
 -0.009702 0.081070 0.037873 0.054947 0.003451 -0.022005 -0.055971 -0.016457 0.006291 -0.090151 -0.063640 -0.057357 -0.089092 -0.084603 0.068498 0.033194
 0.073389 0.066952 -0.024251 -0.069351 0.051167 0.067361 -0.075112 0.035086 0.059088 0.057677 -0.021549 -0.013452 0.059590 0.041133 -0.075007 -0.036822
 0.060906 0.088150 0.097266 0.021556 -0.065662 -0.084060 0.016118 -0.008877 -0.000805 0.030746 0.085513 -0.054167 0.085734 -0.089906 -0.004050 0.073826
 0.058445 -0.084078 0.082115 0.043827 -0.059106 0.077041 0.045324 -0.021181 -0.091822 -0.041442 0.047573 0.076996 -0.019710 -0.004956 0.077789 -0.048449
 -0.040435 -0.092771 0.002007 -0.018501 -0.066006 0.048963 -0.052579 0.047965 -0.013412 0.055911 -0.001794 0.066872 -0.045845 0.069268 -0.070926 -0.007304
 -0.008981 0.094275 0.005536 0.002167 -0.034639 0.069294 -0.072116 0.043654 0.023002 -0.079466 0.034834 -0.050791 -0.036101 0.002753 -0.049036 0.027985
 0.063900 0.068651 -0.001807 0.094801 0.080332 -0.048712 -0.051592 -0.017233 -0.058510 0.031597 0.046692 0.056756 -0.090300 -0.035008 0.098007 0.056270
 0.018447 -0.059197 0.091669 0.056775 0.067609 -0.071138 -0.025065 0.044948 -0.031596 -0.049564 0.029604 -0.082509 -0.016152 0.035378 0.006037 -0.092950
 -0.016738 -0.023022 0.020796 0.004897 0.030600 0.088476 0.095174 -0.026792 0.058745 -0.055156 0.022552 -0.070969 -0.089090 0.095496 0.064679 0.045222
 -0.044458 0.076049 -0.001426 0.078673 0.063380 -0.063954 -0.012091 0.029422 -0.053057 -0.014077 0.037502 0.070802 -0.066088 -0.089685 0.092879 0.045897
 0.012193 -0.028991 -0.070223 0.048659 -0.084771 -0.098940 0.045173 -0.033327 -0.013165 0.072875 0.035964 -0.020569 0.071509 -0.060115 -0.057020 -0.017387
 -0.000998 -0.033742 0.098091 0.029504 -0.093133 0.001081 0.098645 -0.081850 -0.049061 -0.053909 -0.075806 -0.044617 -0.005066 0.002772 0.051713 -0.053142
 -0.049058 0.090792 0.092175 -0.082345 -0.073571 -0.057360 -0.024254 -0.037498 -0.063718 0.098687 0.007572 -0.023790 0.086606 -0.062473 0.043691 -0.028585
 0.015211 0.079588 -0.076985 0.074029 -0.007134 -0.004753 0.079303 0.083328 0.023538 0.059951 -0.030786 -0.072876 -0.035630 0.064745 -0.018002 0.029301
 -0.027236 0.064928 0.003530 0.023198 0.014323 0.050827 -0.004618 0.074232 0.027764 0.033528 0.069115 0.029834 -0.008642 0.053882 -0.099876 -0.040651
 -0.063873 0.040151 -0.013824 -0.078121 0.068991 -0.087954 -0.012701 -0.012611 0.065309 -0.047992 0.098336 0.033545 -0.037733 -0.073481 0.064435 -0.017802
 -0.029158 -0.087363 0.050922 -0.061742 0.015020 -0.055803 0.039759 0.080704 0.030840 0.047827 0.081602 0.009410 0.094598 -0.082911 0.056918 0.001533
 -0.051079 0.083222 0.033499 0.049851 0.008998 0.051507 -0.085235 -0.096038 0.035424 -0.049293 -0.045953 -0.061951 0.070769 0.086498 0.023705 0.078635
 0.081759 0.020967 0.046175 -0.057077 -0.091460 0.041159 -0.047132 0.028610 -0.021774 0.094253 0.024531 -0.033729 0.001131 0.041806 -0.004780 -0.024731
 0.049555 -0.016513 0.038562 0.053021 0.096868 0.060735 -0.028193 -0.069188 -0.022809 -0.043955 -0.005641 -0.076074 -0.036392 0.097375 0.012059 0.069796
 -0.004102 0.015830 0.056844 0.071536 -0.038828 -0.011249 0.063263 0.038027 0.021817 0.050168 0.026217 0.080217 -0.067397 -0.051202 0.016650 0.055741
 -0.033072 -0.055768 -0.040447 0.011254 0.027429 0.026744 0.034559 0.011369 -0.097635 -0.078808 0.076475 -0.089017 0.071208 -0.052632 0.035695 -0.019155
 -0.089259 0.072559 -0.071947 0.065025 -0.006806 -0.097047 -0.014153 -0.008225 0.013228 0.071281 0.010387 0.083293 0.098130 -0.077467 -0.076531 -0.032214
 -0.019990 -0.025206 0.053608 0.037079 -0.081964 0.071696 0.094018 -0.053536 -0.016335 0.097485 0.075579 -0.012306 0.078891 0.093466 0.034127 0.099816
 0.004513 0.032763 0.040907 0.033429 0.004772 0.015845 0.082954 -0.036960 0.055587 0.041658 0.090164 -0.002017 0.079961 -0.092008 0.053491 0.045422
 0.080633 -0.024584 0.034978 0.058569 -0.090660 0.046837 0.064725 -0.082508 -0.068517 0.055045 -0.017725 -0.023288 0.062691 0.055341 0.009560 0.041858
 -0.087981 0.017448 -0.069222 -0.093711 -0.094492 -0.040808 -0.046392 -0.063394 -0.000419 0.005505 -0.027785 -0.073145 0.028446 0.064128 -0.090896 0.074680
 0.004406 0.006310 0.056878 -0.067553 -0.033536 0.012038 -0.003499 0.073628 0.064173 -0.045433 0.048851 -0.090744 -0.045327 0.097137 -0.070758 -0.050501
 -0.076260 -0.098781 0.064270 -0.071716 -0.063454 -0.062993 -0.098350 -0.002574 0.022099 -0.015444 0.012238 -0.089941 0.082084 0.014512 0.030046 0.083381
 -0.039207 -0.076578 0.089469 -0.002387 -0.000260 0.060577 0.083368 0.097596 -0.025802 -0.032701 -0.089166 0.040110 0.049138 -0.013524 -0.064846 -0.078668
 -0.035483 -0.095982 0.087897 -0.096243 0.024148 -0.030341 0.057587 -0.022488 -0.048698 0.033127 0.094684 0.097081 0.022720 -0.022400 -0.035596 0.067245
 0.033665 -0.084437 0.016892 -0.028406 0.032949 0.073455 0.023685 -0.035441 0.091773 0.059976 0.088160 0.068998 0.059272 0.067174 0.041133 -0.094553
 -0.037592 -0.021575 -0.031303 -0.021576 0.025146 0.085658 0.055402 0.085826 0.058081 -0.025251 -0.092915 0.077173 0.033892 -0.099968 0.072869 0.065456
 -0.016786 -0.075681 -0.078812 -0.057325 -0.014794 0.015703 0.006882 0.095008 0.044990 0.055049 -0.006640 -0.033063 0.023061 -0.063180 -0.029726 -0.026046
 0.007669 -0.021290 -0.035196 -0.070225 -0.013127 -0.027111 -0.055378 -0.059351 0.077116 -0.007714 0.045516 -0.097298 0.065999 -0.042837 -0.025837 0.079090
 0.086450 -0.017628 -0.061323 0.085680 -0.015129 -0.021088 -0.015556 0.017318 -0.039031 -0.009396 0.037108 -0.063234 -0.026938 -0.015808 0.081708 -0.099182
 -0.014394 0.088378 -0.073592 0.027401 -0.001470 0.093068 -0.039353 -0.040577 0.019800 -0.056093 0.097729 0.079256 0.028438 0.002886 0.073615 0.029419
 0.036108 0.054014 -0.085544 0.078885 -0.065771 0.076510 0.072219 -0.086234 -0.066169 -0.007393 0.016200 0.050967 0.002279 -0.045865 0.020477 -0.081956
 -0.034215 -0.002533 -0.010471 0.054673 -0.036642 -0.038476 -0.068864 -0.069229 0.053493 -0.070507 -0.079377 -0.042105 0.031706 -0.074513 0.019372 -0.069659
 0.023338 0.070612 -0.025286 0.053564 -0.059554 0.024632 -0.048760 -0.045708 -0.058755 -0.094264 0.044483 0.043620 0.057082 -0.032122 0.012630 -0.074489
 -0.026099 0.053590 -0.009007 0.099523 0.003078 0.033281 0.070831 0.027498 0.008014 0.049835 0.039451 -0.072553 -0.070420 -0.066561 0.095915 -0.096666
 -0.098229 0.064985 -0.057610 -0.080520 0.087365 -0.096844 -0.065364 0.027570 0.043818 -0.026757 -0.041218 -0.069111 -0.048385 0.086505 0.088441 -0.053065
 -0.064172 -0.003415 0.058961 -0.036384 -0.053417 -0.014417 -0.009942 0.015689 -0.088977 -0.037711 0.062986 0.068496 -0.083389 -0.029136 -0.016550 -0.040296
 0.081837 -0.017049 0.017930 -0.000284 0.010256 0.017842 0.002291 -0.011480 0.077809 -0.070871 -0.000283 -0.064976 0.077640 -0.035688 0.054794 0.078927
 -0.096710 0.004934 -0.008575 0.054885 -0.023747 -0.068834 -0.086708 0.021458 0.094473 0.089583 -0.068927 -0.096087 -0.000487 0.030704 -0.003581 0.053385
 0.018832 0.075851 -0.079308 0.000781 0.097014 -0.007695 -0.090021 0.095098 -0.084876 0.043360 -0.069545 -0.087214 0.016737 -0.023684 -0.033142 -0.085874
 0.063818 0.055828 -0.092554 -0.087662 -0.065092 0.074716 0.015100 0.079498 0.094197 0.020144 0.055542 0.065987 -0.062152 -0.008948 0.057535 -0.073758
 -0.076184 -0.097443 -0.009201 0.001841 -0.002084 -0.073974 -0.040551 0.003928 0.037926 0.047951 -0.070549 -0.099335 0.087830 0.053698 0.019792 -0.078960
 0.032434 -0.030253 -0.062595 -0.003164 0.011314 -0.096303 0.006062 -0.039875 0.083411 0.005958 -0.094023 0.078619 0.060295 -0.088338 0.034726 0.030634
 0.025298 -0.064054 0.040483 -0.075547 -0.049048 0.031959 0.083964 0.098021 0.062973 0.072359 0.064918 0.046795 0.002645 -0.046716 -0.044055 0.078781
 -0.020584 0.015636 0.083376 -0.036276 0.012103 0.096990 0.004660 0.003089 0.044175 -0.058253 0.008674 0.031245 0.020304 -0.024040 -0.021278 0.056406
 0.093614 0.026367 0.000145 -0.061324 0.054121 0.035543 -0.006896 -0.020461 0.082841 0.070489 -0.089117 0.054755 -0.021088 -0.085821 0.090638 0.018209
 0.012695 0.044914 -0.053316 0.015655 -0.007558 -0.014013 0.043629 -0.076512 0.082310 -0.072592 -0.043708 0.027276 0.005563 -0.080371 0.059663 -0.097157
 -0.078070 -0.073350 -0.035851 0.046593 -0.004708 0.006842 -0.071756 0.019686 0.055675 -0.002119 0.056527 -0.065710 -0.015777 -0.021686 0.089043 0.094295
 0.034208 -0.011585 0.082151 0.040529 -0.091462 -0.072491 0.022830 0.042136 0.081826 0.097576 0.057615 0.050824 0.059732 -0.012707 0.073612 -0.011968
 -0.086941 -0.029118 0.026135 -0.029645 -0.088788 -0.015566 0.007772 0.084404 0.091749 0.091596 0.070480 0.009607 -0.091282 -0.006269 -0.003894 -0.008236
 0.006023 0.043360 -0.004035 0.048293 0.029137 -0.004968 0.057561 0.021902 0.001451 -0.088680 0.028482 -0.010865 0.013511 -0.027657 0.015017 0.056944
 0.036332 0.006490 -0.023571 0.039255 0.050772 -0.059354 0.036133 0.004467 -0.016883 -0.060310 0.009000 0.071168 -0.061674 -0.042549 -0.037758 -0.025049
 -0.042557 0.053021 -0.039088 -0.031732 0.023066 -0.085994 -0.003406 0.025269 0.058172 -0.012045 -0.088907 0.090652 0.045432 -0.014145 -0.043093 0.058361
 0.025525 0.006137 -0.079573 0.034516 0.056765 -0.045764 -0.015350 -0.050303 0.096577 -0.052285 0.035034 -0.061854 0.044399 -0.018018 0.096075 -0.059827
 0.085339 0.077148 -0.021860 -0.069550 0.034025 0.033674 0.007579 -0.010644 -0.004473 0.059748 0.049287 -0.010112 -0.099131 -0.050445 -0.003735 0.096596
 -0.025308 0.066017 -0.070692 -0.052885 -0.018137 -0.047193 0.073537 -0.013533 -0.076657 0.060758 0.025176 0.078079 0.061042 -0.027613 0.005192 -0.009350
 0.055229 -0.003381 0.063446 0.081857 -0.037608 -0.092424 -0.096518 -0.011989 0.099094 0.040131 -0.007260 -0.007762 0.013105 -0.001422 -0.097748 0.047235
 -0.077764 0.055069 -0.013117 -0.063883 0.036989 0.029810 0.044851 0.048998 -0.094394 -0.065117 0.071187 -0.047842 0.089008 -0.014306 -0.061130 -0.031104
 0.061652 0.093403 0.075731 0.015421 -0.057472 -0.019893 -0.044699 0.020950 0.014898 -0.078352 0.088901 -0.045089 -0.080078 -0.014661 -0.096187 0.008000
 0.020416 0.098858 0.022615 0.006919 -0.096602 -0.021538 0.003697 -0.048819 0.095068 0.039831 0.045933 0.002233 -0.001132 0.028011 0.051112 -0.073015
 0.042563 0.057457 -0.088490 0.060249 -0.038327 -0.018890 -0.053088 0.039463 -0.013985 0.019570 -0.069828 -0.085672 -0.091297 -0.094820 0.052142 0.033102
 0.043137 0.010431 0.047366 0.016094 0.032426 -0.090581 0.038237 -0.084839 -0.071907 0.054180 0.024629 0.038745 0.053633 -0.068296 0.017329 -0.087870
 -0.019281 0.093082 -0.006796 -0.074785 -0.090837 0.086544 0.082599 -0.098786 -0.013960 -0.093528 0.013600 0.056183 -0.063742 -0.045786 0.040164 0.074209
 0.011662 0.042975 0.001026 -0.013342 -0.014114 -0.017929 -0.087126 0.018561 -0.095906 -0.080639 0.077206 0.079870 0.057877 -0.071064 0.056085 -0.009756
 -0.003015 0.031159 -0.038113 0.021545 -0.040153 0.013514 0.025665 -0.054061 -0.067248 0.005172 0.079471 -0.071899 -0.087273 -0.024174 0.026133 0.094823
 -0.085982 -0.056908 0.018726 -0.087255 0.078254 -0.077363 -0.064376 0.034976 0.014937 -0.004787 0.086566 -0.003577 -0.075307 0.040187 -0.038702 -0.051106
 0.061066 -0.082355 0.061995 0.019635 -0.039415 0.083322 -0.088960 -0.077509 0.062666 0.046997 0.021915 -0.097410 0.070859 -0.035723 0.039715 0.019349
 0.055251 0.027699 -0.063464 0.085682 -0.032597 0.075264 0.005248 -0.005280 -0.031117 0.002025 0.028580 0.063678 0.076938 -0.057895 -0.046537 -0.057332
 0.024827 0.061740 0.048317 -0.041911 -0.033616 0.056830 0.015768 0.092018 0.051952 -0.001048 0.054929 -0.037217 0.095133 0.089164 -0.071392 -0.085930
 0.043631 -0.007128 0.001858 -0.010798 -0.004482 -0.086093 0.018861 0.015415 0.052650 0.012419 -0.003341 -0.043355 0.049242 -0.029499 0.086765 -0.059443
 -0.076089 -0.050633 0.094899 -0.016946 0.049053 0.021112 0.044460 0.042848 0.020146 -0.002777 -0.031933 0.091100 -0.056914 0.003895 -0.033788 0.041159
 0.009323 0.092255 -0.049231 0.071969 -0.020933 0.044538 0.062081 -0.021040 0.082565 0.081286 -0.012848 -0.091484 0.069329 -0.073513 -0.046248 0.005855
 0.085068 0.011280 -0.066894 -0.072286 -0.074298 0.043996 -0.086623 0.035081 -0.045318 0.041170 -0.098335 0.021125 0.034432 0.034587 0.073419 -0.070906
 0.083307 0.093721 0.012378 0.021400 0.011695 0.051523 -0.075235 0.009901 0.044372 0.056956 0.071501 -0.087083 0.031742 0.067040 -0.046806 0.045302
 0.027841 -0.090177 -0.038672 0.043765 -0.043551 0.000483 -0.086559 0.054417 0.074467 0.091632 -0.039734 0.094435 -0.047081 0.061973 0.018154 0.085892
 0.099857 0.074710 -0.040667 0.065167 -0.036276 0.056242 -0.000889 -0.053891 -0.027329 0.033854 -0.069303 0.049664 -0.094968 0.055301 0.087018 -0.055042
 -0.023519 0.003411 -0.047176 -0.087418 0.075105 0.091660 0.035245 0.072181 -0.026910 0.092612 -0.011236 0.006999 0.087910 -0.052782 -0.006666 -0.052598
 0.050048 -0.074051 -0.001381 0.047077 -0.000738 -0.019950 0.065234 -0.004876 0.092538 0.064778 0.000566 0.061965 -0.032552 0.060399 -0.016734 -0.013771
 0.045750 0.036884 -0.004580 -0.028616 -0.023115 -0.042567 0.091187 0.047083 -0.006766 -0.090371 -0.058777 -0.025713 0.026658 -0.049930 0.074584 -0.057059
 -0.043405 -0.096243 -0.033089 0.002050 0.083824 0.046863 -0.094685 -0.018459 0.070428 -0.080059 0.078045 -0.047098 -0.080429 0.005262 0.037247 0.087867
 -0.093531 0.062347 -0.086164 0.039042 -0.091625 0.065506 -0.078360 -0.011825 0.056253 -0.022029 -0.020594 0.077310 -0.056144 -0.006143 -0.037538 -0.056447
 0.014686 0.002365 0.031608 0.007368 0.072568 -0.034731 0.021433 0.018600 0.042088 -0.022961 -0.000423 0.035542 -0.064522 0.086588 0.044822 -0.023126
 -0.086123 -0.070001 -0.024864 -0.054285 -0.063033 0.046097 -0.071957 -0.009300 0.009950 0.038490 -0.009533 0.016491 -0.084131 0.077806 -0.070223 0.070643
 0.001545 0.070734 0.025141 0.069924 0.097450 0.027999 0.070049 0.045860 0.048608 0.052802 -0.012468 0.004702 -0.015110 0.025396 0.073704 -0.025143
 -0.029339 0.017661 -0.037898 -0.098787 0.072537 -0.088981 -0.081670 -0.058205 0.024187 0.024846 0.049807 -0.096711 0.025736 0.014702 0.087521 0.095333
 0.097545 0.072088 0.028843 0.088050 -0.066363 -0.012151 -0.068553 0.017432 0.041558 -0.051311 0.033272 -0.028462 -0.014084 0.038577 -0.013199 0.089735
 0.083330 0.073499 0.038526 -0.014333 0.062165 0.071682 -0.031807 0.057545 -0.064649 0.079485 0.061558 0.029529 0.097960 -0.087305 0.056063 -0.091803
 -0.073190 0.015956 0.018713 0.036285 -0.009092 0.047272 0.042986 0.015225 0.067729 -0.077300 -0.003184 -0.059103 -0.098111 0.040801 0.091140 0.003880
 0.022747 -0.072612 0.074774 -0.060887 -0.066515 0.046737 -0.085997 0.041508 0.021017 -0.080036 0.029983 -0.041834 -0.041755 0.007528 -0.008397 -0.083046
 0.044324 0.068446 0.084914 0.058889 0.014352 0.088103 0.035050 0.073286 0.020255 -0.096551 -0.001357 0.090884 0.011996 -0.040556 -0.020566 0.062090
 0.003751 -0.040191 -0.025813 -0.089370 -0.051509 0.064389 -0.056478 -0.008552 0.045771 0.046661 0.004865 0.025271 -0.068320 0.076560 0.075459 0.063251
 -0.008702 -0.044835 -0.011171 -0.092867 -0.032522 -0.082256 -0.099319 -0.005812 -0.056213 0.040636 -0.006171 0.040911 -0.091503 0.085903 -0.076315 -0.099597
 0.097978 -0.066738 0.013468 -0.012600 0.013511 -0.004799 0.001329 -0.033766 0.012176 -0.059637 0.001605 0.031566 -0.023536 0.025403 -0.055117 -0.069444
 -0.000523 -0.045080 -0.053875 -0.019879 0.000678 -0.034555 0.068622 0.093351 0.048278 -0.064393 -0.065024 0.015854 -0.065736 0.047005 -0.068003 -0.053633
 0.027199 -0.023724 0.037251 0.049709 -0.085681 -0.008053 -0.019201 0.069772 -0.005224 -0.099943 -0.046956 -0.061160 -0.089767 -0.075415 -0.017259 -0.050198
 -0.072934 0.093276 -0.088607 0.032843 0.033533 -0.074115 0.057180 0.057045 0.077032 -0.038700 -0.005739 0.040460 -0.073162 -0.061568 -0.032403 0.028964
 0.020842 0.057690 -0.022294 -0.056816 -0.080947 -0.042184 0.058776 0.090266 0.067531 -0.085854 0.054875 -0.017564 -0.057129 0.064036 -0.000397 -0.004677
 -0.083875 -0.086021 -0.050837 -0.060755 0.045083 -0.070268 0.035071 -0.028334 0.021630 0.041944 0.095005 -0.066052 0.088867 0.082805 0.060142 0.094843
 -0.058127 -0.060835 0.064926 0.028351 -0.066260 0.074241 -0.098338 -0.031100 0.024912 0.034044 -0.018929 -0.020991 -0.011091 0.084680 0.092722 -0.052671
 -0.035173 -0.049933 0.018692 0.060848 -0.028815 -0.089168 0.069909 0.048060 0.081221 -0.097896 0.038588 0.022368 0.090276 -0.002739 -0.036448 0.081445
 -0.045848 -0.095627 -0.059779 0.063139 0.004620 0.058636 0.008628 0.008753 -0.055131 -0.041658 -0.084513 -0.077487 0.063227 -0.075196 -0.065222 -0.090535
 -0.074469 0.069092 -0.003364 0.010256 0.043531 -0.097960 0.087141 -0.010725 -0.005235 0.069188 -0.074753 -0.052409 0.022180 0.003997 -0.094698 0.016470
 0.009214 0.068026 -0.048523 0.050215 0.070677 -0.051707 0.047004 -0.056936 0.006202 0.081993 -0.009980 -0.021910 0.069734 0.030477 0.022373 -0.045562
 -0.093048 -0.042602 -0.071352 0.032072 -0.058270 -0.036644 0.091654 0.098034 -0.099526 -0.008235 0.046625 -0.053189 -0.041144 -0.006031 0.072761 -0.030370
 -0.007407 -0.000769 -0.076442 -0.096933 -0.023544 -0.096868 -0.099716 -0.095451 -0.042883 0.036899 0.043830 0.019013 0.008320 0.058482 0.032287 -0.077140
 -0.081934 -0.013892 0.002719 -0.014874 0.066984 -0.069193 0.013154 0.035911 -0.051975 -0.037816 0.006123 0.005349 0.049132 -0.020669 -0.012798 0.059336
 0.029104 0.082523 0.049893 -0.022100 0.093689 0.049493 0.035108 -0.087812 0.029241 0.076844 -0.025779 0.021787 0.011950 -0.070778 -0.030599 -0.021052
 -0.044093 0.039799 -0.052806 -0.042440 0.057217 0.097833 -0.073320 0.086991 0.053935 -0.008119 0.029118 -0.053604 -0.039389 -0.092459 0.062644 -0.029720
 -0.080164 0.098564 -0.032789 0.042693 -0.027176 0.007168 -0.002640 0.085553 0.087778 -0.050759 0.069337 -0.099711 0.047908 0.098821 0.055494 -0.056034
 -0.038208 0.062705 -0.097998 0.041794 0.088366 0.093206 0.029137 -0.082757 -0.055017 0.074893 0.035802 -0.045185 0.014625 0.053633 -0.084020 -0.066953
 0.046465 0.064640 -0.051668 -0.056440 0.093554 0.090345 -0.030843 0.082363 0.053522 -0.014268 0.003494 0.057030 0.016513 -0.083693 0.046424 -0.022422
 -0.068973 0.030452 -0.025822 0.092560 -0.066674 -0.050697 0.033195 -0.082866 0.068489 0.051338 -0.055823 0.011182 0.088358 -0.027593 -0.097785 0.024343
 -0.010846 -0.050640 0.043834 -0.035772 0.069731 -0.010878 0.012516 0.028710 -0.095967 0.085794 0.010010 0.074407 -0.092626 -0.082456 -0.021286 -0.052553
 0.009967 -0.042751 0.043662 0.085672 0.030860 -0.060792 -0.013507 0.009344 0.026097 0.039320 0.071857 -0.061135 0.010270 -0.063832 0.069054 -0.086863
 0.088166 0.088777 -0.049287 0.066086 0.039746 -0.063348 -0.062716 -0.081992 -0.054376 0.063515 0.064289 -0.060501 -0.028019 0.049514 0.049537 -0.029754
 -0.053161 -0.053166 -0.044639 0.007496 -0.033135 0.065181 0.089842 0.070580 0.055677 0.011815 0.058148 0.069088 0.059766 0.061314 0.041126 -0.046497
 -0.011825 -0.016874 0.003481 0.098113 0.019507 -0.026232 -0.086219 0.059664 0.052849 0.040584 -0.012773 -0.013122 0.049141 0.006068 0.064407 -0.094758
 -0.081791 -0.048837 -0.078600 -0.096664 -0.092605 0.026977 -0.061549 0.048262 0.009768 -0.036963 -0.058057 -0.002716 0.032138 0.006736 -0.058695 0.093630
 0.093458 0.053054 -0.084555 0.019633 -0.001023 0.084080 -0.000946 0.019237 0.069660 -0.021871 -0.073650 -0.087398 0.084523 0.016085 -0.090619 -0.095244
 -0.043945 0.020737 0.077166 0.011614 -0.050514 -0.080628 -0.079670 -0.026045 -0.077122 0.061339 0.007307 -0.037778 0.004257 0.053014 -0.042020 -0.028583
 -0.036232 0.099448 -0.030707 0.067601 -0.031573 0.060894 -0.014230 -0.086651 0.055963 0.070044 -0.019776 -0.009784 -0.087138 0.043884 0.077151 0.081838
 0.035947 0.050309 0.037752 0.067428 -0.048511 -0.014675 0.020457 -0.027181 0.062333 -0.085287 0.096545 0.048538 0.081923 -0.029579 0.093049 -0.067386
 0.048600 0.014899 0.003448 -0.013419 0.074877 0.073122 0.009682 0.076538 -0.054720 0.052078 0.014892 0.041821 0.054971 0.069039 -0.016505 0.060087
 -0.001985 -0.069215 0.009189 -0.051431 0.092513 0.043806 -0.084476 -0.050221 -0.082249 0.014170 -0.060352 -0.021490 -0.088627 0.004690 -0.032294 0.001253
 -0.000546 -0.058173 0.020948 0.082152 -0.065261 0.006112 0.076755 0.098824 -0.015529 0.043821 -0.049859 0.055901 0.072444 -0.026352 -0.008121 0.096607
 0.029206 0.072995 -0.047341 -0.016252 -0.055931 0.029701 0.032342 0.054433 -0.082756 -0.069874 -0.018743 0.002125 -0.015235 -0.053724 -0.043568 -0.094927
 0.048721 -0.069419 -0.008335 -0.076578 0.095387 0.048592 0.025305 -0.034005 -0.021044 -0.035407 -0.099139 0.070886 -0.007408 -0.050777 0.023364 0.045257
 -0.006932 0.023723 -0.023539 0.069581 -0.046373 0.076715 0.038136 0.042959 0.045809 -0.045658 0.087898 -0.004273 0.078692 0.002177 0.054008 -0.094276
 0.023095 0.007130 -0.008276 0.012536 0.029943 0.066133 0.070446 0.060714 -0.042906 -0.018891 -0.022755 0.079866 -0.003994 0.067364 0.088431 0.081914
 0.036378 0.002390 -0.008144 -0.024530 -0.069984 -0.008991 0.096622 -0.095616 -0.084920 -0.064573 -0.071707 0.013018 0.002450 -0.027062 0.013326 -0.058551
 0.051524 -0.027771 0.090718 -0.068171 -0.047209 -0.066815 -0.011996 0.067608 -0.007540 0.074518 0.047878 0.040698 0.079274 0.080907 -0.017050 0.067208
 -0.056142 0.085077 0.081721 -0.010620 0.037151 -0.020244 -0.012378 -0.021063 -0.056978 0.030832 -0.051238 -0.000835 0.051849 0.093713 0.054801 0.068604
 0.031028 0.078189 0.023357 0.042336 -0.098410 -0.013778 0.034467 0.068828 -0.021441 0.080266 0.043077 0.017556 -0.097877 0.073924 -0.020848 0.016831
 -0.059455 -0.054231 0.072602 0.013375 -0.040040 -0.006452 -0.064444 0.023276 0.048629 0.024951 0.098852 -0.016286 -0.050110 -0.055670 0.097728 -0.076039
 -0.031282 0.072625 0.058158 -0.099632 -0.026768 0.066886 -0.028460 0.097772 0.057106 0.009782 0.093250 -0.084934 0.079098 0.067997 -0.028967 -0.058586
 0.029116 0.002116 -0.036560 -0.028585 0.001532 0.090800 0.057699 -0.016778 -0.090823 0.095405 -0.073035 -0.014091 0.047269 0.018207 0.041290 0.071372
 -0.098046 -0.095335 0.080415 -0.052491 -0.021520 0.082771 -0.087577 -0.043930 -0.061528 -0.055371 0.036391 0.093795 0.041112 -0.020475 -0.014804 -0.013367
 -0.055602 0.043065 -0.024128 -0.073719 -0.065725 -0.016711 -0.096297 0.097710 -0.011605 -0.052637 0.076566 0.012575 -0.004595 -0.000570 -0.052657 -0.003596
 -0.093899 -0.058895 -0.073546 0.083351 0.015711 -0.031827 -0.005118 0.068929 -0.058978 -0.052346 -0.048393 0.093381 0.040764 0.083856 0.039012 0.094510
 0.054255 -0.087370 -0.049468 0.043798 0.006748 -0.032746 -0.017648 0.091125 0.056472 -0.001631 -0.094271 -0.005506 0.096404 -0.061876 0.051602 0.039764
 -0.085805 0.027638 -0.029054 -0.052999 -0.037166 0.076190 0.046966 -0.042678 -0.023521 0.088102 -0.005528 0.028153 -0.057114 0.039335 0.096755 0.066411
 -0.042234 -0.058986 0.038872 -0.031797 -0.076635 0.056723 0.066318 0.097528 -0.016670 0.053740 0.051253 -0.012884 -0.051527 -0.063271 0.087205 -0.065908
 -0.011365 -0.025584 0.027532 0.065170 -0.095906 -0.010952 -0.003599 0.061200 -0.005881 -0.004803 0.098739 0.005491 0.081687 -0.074493 -0.082368 0.029190
 -0.057833 0.003069 -0.007253 -0.001845 -0.096646 -0.020125 -0.085953 0.051603 0.003948 -0.065432 -0.065318 -0.091746 0.072272 0.082770 -0.097547 -0.031582
 -0.032969 -0.076094 -0.078422 0.010538 -0.082359 -0.089491 -0.078979 0.098105 0.062498 -0.013962 0.090303 0.075751 -0.036998 -0.060465 -0.078864 -0.015428
 0.089543 0.035653 -0.034483 0.004256 0.037669 0.095286 0.049528 0.009334 0.045303 0.070137 0.067091 0.060719 0.000664 -0.048854 -0.048315 0.054019
 0.001847 -0.028768 -0.016846 0.031031 0.050932 0.060887 -0.084409 -0.083958 -0.093150 0.020580 -0.094119 0.004060 -0.062219 -0.000144 0.091617 -0.056941
 0.078091 0.039270 0.017138 0.017012 -0.015739 0.045715 -0.067229 -0.039522 -0.043380 0.026473 0.094840 -0.011127 0.066564 0.066849 -0.091064 -0.034990
 -0.076631 -0.049586 -0.064050 -0.015849 0.032800 0.081809 0.014662 0.042409 0.004019 0.036805 -0.011485 0.085504 -0.096380 -0.040270 0.098128 0.061987
 -0.094157 -0.021159 0.066604 0.070044 -0.027305 -0.071990 0.064968 -0.009528 0.026300 -0.098279 -0.080851 0.032180 0.001168 -0.011634 0.066487 0.007770
 0.090739 -0.013831 0.090109 0.022158 -0.058761 0.050820 0.009848 0.054801 0.032835 0.031920 -0.029350 -0.065589 -0.021351 0.012752 -0.070169 0.006119
 0.050124 -0.033320 -0.092325 0.015622 -0.021542 -0.022988 -0.070373 -0.004556 -0.029147 -0.053140 0.016249 0.088651 0.012983 -0.016283 0.058171 -0.012760
 0.024100 0.080361 0.048565 -0.045465 0.070926 0.066106 0.056178 -0.012721 -0.068392 -0.040607 0.056748 0.070021 0.088434 -0.016230 0.080872 0.000197
 0.091087 0.092055 0.082132 -0.026769 -0.099037 -0.005024 -0.000222 -0.024222 0.052432 0.048276 0.051585 -0.051175 -0.065914 0.061906 0.060003 0.036924
 0.024843 0.096476 0.060509 0.005562 0.030464 -0.086788 0.051834 -0.088939 -0.009074 -0.042154 0.091834 -0.058377 0.057758 -0.086971 0.014542 0.056434
 -0.077335 -0.077143 0.094600 0.069359 0.014307 0.002373 0.022812 -0.053894 -0.032747 -0.097874 -0.061199 0.048938 0.088735 -0.057235 -0.088995 0.039599
 -0.046896 0.028929 -0.016512 -0.028210 -0.095556 0.086244 -0.061853 -0.030385 -0.069406 -0.093083 0.071436 -0.070289 0.021453 -0.005265 0.074485 0.035694
 -0.039838 0.065730 0.036129 -0.005395 -0.035337 -0.055428 -0.001438 -0.033762 -0.021538 0.058590 -0.090041 -0.018198 -0.098143 0.069832 0.015919 -0.086081
 0.060913 -0.051440 -0.085534 0.018041 0.062142 0.085872 0.084436 -0.031654 -0.083722 -0.065126 0.029837 0.020957 -0.013601 0.077233 0.075109 -0.036130
 -0.050527 0.061112 0.070695 -0.053706 -0.023447 -0.029701 0.093992 0.077102 0.045378 -0.009238 -0.087737 0.077723 0.046929 -0.019258 -0.024949 -0.030391
 -0.060094 -0.066867 -0.092285 -0.015467 0.028263 -0.087489 -0.003985 0.061540 0.075272 -0.094829 -0.049789 0.075387 0.070764 -0.026551 -0.096963 -0.000865
 0.053241 0.026312 -0.076675 0.074231 0.054925 -0.051679 -0.010728 0.039551 0.001969 0.042006 -0.039997 -0.034214 0.019062 0.063713 0.094839 0.066853
 0.048571 0.088424 0.087184 0.083260 0.060378 0.076555 -0.095525 -0.081921 -0.087455 -0.037712 0.097360 -0.050851 0.051164 -0.027129 0.011915 -0.038489
 -0.044477 0.000705 0.089053 -0.021516 -0.076323 -0.060375 0.067199 0.019969 0.013345 -0.009697 -0.081846 0.029574 -0.054611 -0.077465 0.003850 -0.048037
 0.092847 -0.053826 0.067555 0.030816 0.028824 -0.006174 0.090092 -0.070001 -0.080483 0.082776 0.094867 0.001446 0.037845 -0.023536 0.073696 0.044484
 -0.058762 0.092140 -0.092089 -0.019900 0.077730 0.018416 -0.024815 -0.099650 -0.011455 -0.015762 -0.069353 0.095096 0.095193 -0.081636 -0.051770 0.076103
 -0.041130 0.049616 -0.069816 -0.014174 0.070012 0.066805 -0.053643 -0.022657 -0.081071 -0.040665 0.018129 -0.026087 -0.032375 0.002171 -0.039899 -0.015129
 0.047348 -0.006507 0.038694 -0.029121 0.067481 -0.031033 -0.049472 0.048542 0.037704 -0.056749 0.092538 -0.075466 0.012427 0.034034 0.096602 0.088847
 -0.039781 -0.075352 -0.038145 -0.034797 0.000930 -0.028042 -0.034687 0.070410 -0.019868 -0.016385 0.060585 -0.086052 -0.064949 0.035997 -0.093363 -0.092703
 -0.088211 0.030260 0.061269 -0.019951 0.014714 -0.014988 0.080928 -0.093576 -0.075978 -0.073446 -0.003742 -0.000317 -0.036143 0.020034 -0.035367 -0.038170
 -0.039026 0.029493 -0.069725 0.070813 -0.004106 0.042309 0.090730 -0.076440 0.029874 -0.050313 -0.069426 -0.034206 0.098521 0.083987 -0.060520 -0.001089
 -0.022152 -0.016856 -0.014179 0.061607 -0.073657 -0.016282 -0.048835 0.059120 -0.072793 0.061965 -0.024961 -0.097755 -0.056693 0.020195 0.054493 -0.028784
 0.056431 -0.095716 -0.063236 -0.004116 0.002281 0.045311 -0.071190 -0.063533 -0.008956 0.018503 -0.042505 0.014061 -0.054528 0.092865 0.068132 0.031333
 -0.064081 0.013846 0.032968 -0.020396 -0.043449 -0.072212 -0.058121 -0.098659 0.066686 -0.043362 0.068270 0.061434 0.020217 0.071143 -0.079373 0.071580
 0.054584 -0.090904 -0.069855 0.017272 -0.014516 -0.023995 0.000343 -0.041822 -0.084282 -0.015621 0.083108 -0.028567 0.051529 -0.053240 0.039830 0.001847
 0.060762 0.078013 -0.017874 -0.099954 0.095868 0.099626 0.009442 0.065991 0.059325 0.056059 0.085831 -0.045973 -0.087371 -0.089019 -0.097363 0.099990
 0.002475 0.031347 -0.096928 0.017860 0.085955 -0.097442 -0.037061 -0.024435 0.068887 0.070970 0.075887 -0.085413 -0.016984 0.079213 -0.030436 0.065753
 -0.042488 0.078442 0.057254 -0.028748 0.098004 0.068106 0.064460 -0.067863 -0.065866 -0.050958 0.043249 0.044652 -0.098762 0.075562 0.079237 0.073379
 0.044526 -0.054410 0.014552 0.070779 0.028222 0.040095 -0.069896 0.036736 -0.021766 -0.078921 -0.039675 0.048358 -0.048214 -0.076642 -0.078024 -0.049273
 0.075986 -0.074122 -0.054703 -0.080680 0.047993 -0.056033 -0.098408 0.047676 -0.037567 0.080600 -0.026196 -0.098894 -0.005027 -0.042476 0.025633 -0.042510
 0.017424 -0.037266 -0.044692 0.079148 0.054044 -0.006396 0.058677 0.076081 0.020902 -0.058861 -0.093939 -0.032172 0.015832 0.027745 0.002481 -0.016301
 0.017013 0.076331 -0.018780 0.059572 -0.008261 -0.015571 -0.039712 0.043771 -0.059025 0.090797 0.091382 -0.028083 -0.091863 0.008901 -0.001879 -0.002401
 -0.018758 -0.036285 -0.003607 -0.021891 0.059666 0.001511 0.012511 0.074236 -0.068026 -0.077637 -0.025578 0.037435 0.079334 0.034116 0.053825 -0.047606
 0.049379 -0.031133 -0.010264 0.070101 -0.073573 -0.086045 -0.053466 0.068578 0.019961 0.072968 -0.041151 -0.058185 0.089356 0.021561 0.002729 0.027252
 0.054964 0.063235 0.098463 -0.045750 -0.022508 0.041814 0.040356 0.030221 -0.070623 0.057904 0.018600 0.013104 -0.035553 0.067186 0.063999 0.070996
 -0.040498 -0.072007 -0.037782 0.086425 0.018773 -0.034188 -0.037946 0.071430 0.052981 -0.089832 0.067565 0.072389 -0.001174 0.059989 -0.088992 -0.047248
 0.069355 0.003998 -0.074533 -0.011847 -0.098654 -0.040283 0.064770 0.037153 -0.012316 -0.034475 -0.005578 -0.024481 -0.061188 0.092764 -0.043975 -0.015107
 -0.097792 -0.090933 -0.085410 -0.072113 0.052959 -0.095719 0.023317 -0.053797 -0.059358 -0.090677 0.002295 0.008268 0.084768 -0.079733 0.009714 -0.025794
 -0.046993 0.001088 0.081953 0.020033 -0.069495 -0.013528 -0.012781 0.078418 0.056560 -0.020940 -0.020677 0.065457 -0.008268 -0.036864 -0.078623 0.038898
 -0.073709 0.001556 -0.099469 -0.065771 0.056178 0.068651 -0.080731 -0.015691 0.025594 -0.054984 0.053884 -0.095202 0.085012 -0.000872 0.040860 0.097346
 0.064461 -0.033270 0.072258 0.029511 -0.043438 -0.019687 -0.004035 -0.075582 0.003261 -0.029648 -0.025373 -0.016911 0.045462 -0.077618 0.012692 0.078716
 -0.057756 0.099214 0.075576 -0.004142 -0.031680 -0.093523 -0.049666 -0.064120 0.043283 0.080304 -0.041565 0.016661 -0.051378 0.049494 -0.062859 0.045034
 -0.062093 0.001547 -0.026133 -0.066175 -0.029081 0.036926 -0.041588 -0.018549 0.033530 0.017773 0.097431 0.064323 0.017203 0.036969 -0.076234 -0.004690
 0.088831 0.089478 -0.024433 0.095728 0.018573 0.045547 -0.081597 0.022264 0.046375 0.077466 -0.052183 -0.066964 -0.038977 0.067435 0.091440 -0.090874
 0.017383 -0.076767 0.077639 -0.084217 0.019487 0.041380 -0.080485 0.014309 0.071657 -0.012944 -0.040740 0.014445 -0.044706 -0.098244 0.027127 0.059507
 -0.008549 -0.051197 0.080942 -0.067713 0.061997 0.069312 0.045700 -0.069675 -0.021167 0.039455 0.035839 0.066441 0.087755 0.038186 -0.032565 -0.076758
 0.092613 -0.051927 -0.091853 0.008217 0.010163 -0.013844 -0.045185 -0.070892 -0.095071 0.058253 0.091156 -0.019898 -0.032100 -0.065811 -0.037732 -0.059684
 0.066920 -0.097501 0.025703 0.020778 0.048782 0.020415 -0.029516 -0.008538 -0.069851 0.083880 -0.084853 -0.097376 0.050893 -0.029082 -0.066809 -0.095953
 0.057554 -0.000298 0.039661 0.019842 0.015673 -0.009509 -0.069851 -0.007739 -0.002745 -0.085527 -0.070787 -0.074554 0.027223 0.070804 -0.060737 -0.057639
 0.045476 -0.093798 0.052282 -0.079432 -0.013612 -0.067978 0.097913 0.020597 -0.050649 -0.039163 -0.074303 -0.035542 0.052927 0.025046 -0.088359 0.028993
 -0.073340 -0.097825 0.081740 0.099140 0.035300 0.078951 -0.056593 0.070944 -0.001886 -0.090366 0.068154 0.007059 0.025672 -0.074034 0.054236 -0.064731
 -0.075691 -0.047087 0.097698 0.034147 0.033349 -0.057299 0.077993 0.099297 0.082971 0.022950 -0.033251 -0.005637 -0.046605 -0.008295 0.092235 -0.002618
 -0.013804 0.053439 0.068698 -0.051460 0.013301 0.044707 0.066796 0.023064 0.036094 0.058302 -0.037556 -0.062352 -0.013537 -0.042489 -0.067588 0.072878
 0.023476 0.083692 -0.064765 0.063997 0.066764 -0.065000 0.054515 -0.008559 0.010994 -0.068764 0.066896 0.021074 -0.093661 -0.001671 0.050758 0.085192
 0.075262 0.076799 0.083881 -0.064087 -0.026028 0.012038 -0.009828 -0.021838 -0.003865 0.007385 -0.087428 0.081495 0.019444 0.026154 -0.036547 0.022760
 0.010655 -0.099590 -0.035814 -0.004808 0.063180 0.068036 -0.026337 0.043082 -0.084336 -0.069776 0.022901 -0.026762 -0.063952 -0.061504 -0.094069 0.033257
 0.012397 0.030259 0.043738 0.089826 0.045918 0.098369 -0.035333 -0.027117 0.018896 0.045083 -0.058444 0.065482 -0.003041 0.068421 0.091784 0.058895
 0.035972 0.099877 0.008801 -0.055456 0.015761 -0.088907 0.039443 -0.015668 0.024667 -0.030786 0.026183 0.032881 0.051363 0.014096 -0.059540 -0.008223
 -0.018715 -0.091498 0.012177 -0.041274 -0.010846 0.090394 0.047069 -0.097426 -0.063696 -0.025153 0.010302 -0.076015 -0.037879 0.062543 -0.096317 -0.024947
 0.090286 -0.022559 0.019556 0.029740 0.028365 -0.012969 -0.064377 0.071972 -0.032387 0.026720 0.055213 0.091249 -0.029405 0.063003 -0.018510 0.036336
 -0.093079 0.059948 -0.052920 0.020912 -0.030287 -0.016496 0.083502 0.034715 -0.027061 0.086851 0.080631 -0.088914 -0.046851 0.013136 0.058339 -0.090261
 0.068872 -0.075178 -0.009701 0.001375 -0.054844 0.074254 0.066516 0.072918 -0.072712 -0.080545 -0.068329 0.076358 0.008022 -0.081625 -0.085831 -0.041562
 0.045067 -0.042740 -0.013112 -0.093251 -0.005299 0.012113 -0.059863 -0.042497 -0.051099 0.069380 0.084063 -0.048345 -0.045476 -0.033517 0.079312 -0.092965
 0.095124 0.041846 -0.072428 0.028894 0.075953 -0.032048 0.048137 0.066618 -0.049655 -0.012639 -0.095252 -0.023333 0.071192 0.016746 0.063681 -0.071729
 -0.026329 -0.047504 0.033484 0.075756 0.091254 -0.091575 -0.054841 0.038368 0.025111 -0.072099 0.062469 0.084003 -0.041183 -0.060809 -0.041944 -0.082968
 -0.008219 0.066804 0.063224 0.062039 0.068164 0.095132 0.014938 0.015512 0.051379 0.052423 0.061670 0.000024 0.016959 0.035047 0.065201 -0.029858
 -0.095032 0.047705 0.055252 0.035328 0.001241 0.061432 0.013955 0.086062 0.020087 0.074973 -0.079547 -0.020993 0.072425 -0.067422 -0.010276 0.027303
 0.054387 -0.060974 0.064390 -0.094028 -0.069896 -0.046616 0.048930 -0.033762 -0.015942 0.091848 0.069710 -0.071231 0.087702 0.069868 -0.016193 -0.052554
 0.003222 0.009145 -0.042832 -0.031790 -0.053975 0.068791 -0.066470 -0.059466 0.075671 -0.089224 0.026047 -0.064078 -0.095881 0.033813 -0.055585 -0.067773
 -0.078713 0.010436 0.045503 -0.048992 -0.000444 0.059082 0.028078 0.001799 -0.071971 0.029654 -0.021205 0.085070 -0.067754 -0.007520 -0.027221 -0.095802
 0.086417 -0.016019 -0.057276 0.001768 -0.047620 0.058262 0.015159 -0.029602 -0.065142 0.065579 -0.069484 0.056006 0.094315 -0.049420 0.076807 -0.029578
 -0.041306 0.033842 -0.007188 -0.079454 -0.019233 0.031661 0.025339 0.015965 -0.061903 0.031333 0.039031 0.068743 -0.068767 0.002754 -0.044400 -0.037037
 -0.079096 -0.008807 -0.065091 -0.078351 0.061665 0.061556 -0.012374 -0.003462 -0.050857 0.086613 -0.015713 -0.076693 0.031152 0.032111 0.044725 0.043448
 -0.054132 -0.041738 -0.096644 0.073462 -0.089629 -0.073522 0.068433 -0.087179 -0.097114 0.037954 0.035314 -0.085508 -0.041384 -0.079048 -0.024659 0.070052
 -0.095135 -0.053282 0.049138 -0.051008 0.083043 -0.016878 0.095291 0.090025 -0.060800 -0.019328 -0.022181 -0.023570 0.027867 0.094142 0.062065 -0.010943
 0.092250 0.001595 0.096559 -0.096685 0.095212 -0.056117 -0.052359 -0.092909 -0.067408 0.099229 -0.021423 -0.069690 -0.008227 0.037276 -0.051786 -0.093484
 -0.029322 -0.096859 0.024334 -0.014392 -0.027161 -0.065743 0.097869 0.094886 0.099529 -0.004055 -0.089970 0.071387 -0.036964 -0.094776 -0.042729 -0.097782
 0.097214 -0.065412 0.085798 -0.078207 0.037851 -0.010541 0.065817 -0.029424 -0.032040 -0.006793 -0.040532 -0.056566 0.038107 0.098889 -0.092711 0.027938
 -0.017527 0.059654 -0.061360 0.089150 0.037549 -0.093366 -0.024479 0.086351 -0.000401 0.036257 0.082319 -0.076573 -0.003647 -0.030986 -0.049514 0.091951
 -0.086730 0.027792 0.069531 -0.073299 -0.025603 -0.067192 -0.030547 -0.015124 -0.060186 -0.052849 0.056134 0.084222 0.056056 0.098342 -0.051490 -0.001370
 -0.027247 -0.008685 -0.044660 0.093704 0.068328 0.022612 -0.014605 -0.001992 -0.020758 -0.004997 0.095220 0.093120 -0.003300 -0.069442 0.098053 0.092795
 -0.042015 -0.046098 0.051692 -0.045447 0.017992 0.013070 0.096964 0.023139 -0.077151 0.024278 -0.072659 -0.095622 -0.059801 0.031957 0.034862 -0.030483
 0.022975 0.046982 0.081518 0.079829 -0.004797 0.078030 0.035539 0.039325 0.014940 0.019536 -0.070425 0.044777 0.076082 0.027768 -0.079703 0.041525
 -0.006157 -0.036999 -0.098324 0.042745 -0.048103 -0.017475 -0.066938 0.005414 0.093997 0.033864 -0.022933 -0.092288 0.045937 -0.085067 0.026859 -0.021996
 -0.044282 -0.042270 -0.016863 -0.055044 0.013012 -0.029293 0.047534 0.092936 0.098869 0.011413 0.005710 0.047417 -0.029020 0.007260 -0.007275 -0.053260
 0.055990 -0.012509 -0.052476 -0.050904 0.083825 -0.027097 -0.051576 -0.003296 0.078066 -0.078325 0.086331 0.086882 -0.041194 -0.034354 0.037741 0.010671
 -0.061393 0.055747 -0.008948 0.021302 0.028056 0.019965 0.031976 0.069259 0.051977 0.003877 0.043511 -0.098646 0.001066 -0.004814 -0.071078 -0.061164
 -0.028666 0.049652 0.072782 0.082347 0.057231 0.015168 0.063333 -0.079397 0.004856 0.050730 0.071475 0.031045 0.054720 -0.052674 0.069007 0.067048
 0.059566 -0.023852 -0.045610 -0.068969 0.079403 -0.038415 0.012469 0.098388 0.096920 -0.015597 0.037880 0.034348 -0.031654 0.046223 -0.026815 -0.069325
 0.062736 -0.087907 -0.066790 0.073878 0.074610 0.045116 0.045405 -0.032702 -0.049238 0.061828 0.005739 0.036851 -0.074841 0.071692 0.022915 0.011143
 0.000973 -0.010738 0.078250 0.091608 0.062406 0.005288 -0.048715 -0.011623 -0.064298 0.068769 -0.028772 0.099914 0.077192 0.084086 -0.034405 -0.047247
 -0.078184 0.067995 -0.069770 -0.083852 0.028349 -0.087326 0.034991 -0.053119 -0.083787 0.001586 0.056910 0.087926 -0.073940 0.025667 0.055036 -0.021432
 -0.094588 0.070993 0.026253 -0.043067 0.078791 0.038455 -0.038564 -0.083165 0.005194 0.096135 0.050433 -0.049954 0.073165 -0.092898 -0.058678 0.068650
 0.011517 0.038494 -0.017841 0.048575 0.003591 0.000918 -0.071856 0.080617 -0.053237 0.067118 0.005226 -0.035105 0.098503 -0.068413 -0.051427 -0.024703
 0.048142 -0.006323 0.050323 -0.039429 0.076496 0.065446 0.084211 -0.088960 -0.067950 -0.041087 -0.040634 -0.058019 0.047901 -0.000752 -0.080907 -0.080746
 0.091719 0.036701 -0.026643 0.094611 -0.010794 -0.030288 -0.006574 0.079059 -0.081934 -0.036744 0.058038 0.091349 0.065634 0.078587 0.088914 0.022391
 -0.068893 -0.098196 -0.069721 -0.080575 0.041955 -0.054972 -0.072556 0.006060 -0.014017 0.035218 0.076866 -0.011075 -0.058326 -0.044705 -0.057763 0.034056
 0.042710 -0.054618 -0.044999 -0.096194 0.085667 -0.018123 -0.068000 -0.026273 -0.031544 -0.072297 -0.073445 -0.034912 -0.059972 -0.075917 0.018728 0.013977
 0.069741 -0.023000 -0.032935 0.074495 -0.043972 0.035242 0.085215 -0.069708 -0.071740 -0.000707 0.099610 0.065881 0.011112 -0.086789 0.063145 -0.040785
 -0.028742 0.013692 0.023110 -0.061309 0.054341 -0.031157 0.058253 0.086274 -0.006621 0.019335 -0.017937 -0.048982 0.078154 0.086035 -0.041391 -0.071777
 0.032176 0.043189 0.055573 0.011677 0.061379 -0.070306 0.084304 0.091948 0.024135 -0.001791 -0.085205 -0.048334 0.004435 0.025439 0.017700 0.045108
 -0.027043 0.063067 0.032407 -0.008233 0.005545 -0.064746 0.040180 -0.064789 -0.009915 -0.043862 -0.032050 0.071676 -0.053638 0.042231 0.020741 0.054680
 -0.050958 0.020513 -0.044257 -0.033483 0.015599 0.094431 0.094971 -0.018261 0.058096 0.090476 -0.036796 0.060790 -0.024493 -0.091397 0.013774 -0.054267
 0.029252 0.050189 -0.048925 0.007942 -0.084945 -0.037435 -0.034404 0.085378 0.020359 0.048473 -0.069493 -0.067615 -0.092772 0.008848 0.039983 -0.002158
 0.013677 0.017672 -0.011614 -0.063450 -0.015906 -0.017097 -0.084082 0.088414 -0.061286 0.031425 0.007993 -0.098727 -0.037626 0.007607 0.043073 -0.086785
 -0.076129 -0.059439 0.041516 0.031491 -0.004699 0.023466 -0.057105 -0.088223 0.047936 -0.098646 0.078886 0.092541 -0.062910 0.063865 0.048764 0.097831
 0.062253 0.033060 -0.027243 -0.053904 -0.098039 0.057467 0.035390 -0.045774 -0.023337 0.064275 -0.041237 -0.085331 -0.086471 0.014756 0.094223 -0.059691
 0.052451 -0.008754 0.029432 -0.025558 0.098520 0.086601 0.085927 -0.072660 -0.026985 0.097017 0.082839 -0.055756 0.097159 0.045221 -0.098101 0.065421
 0.055776 -0.009285 0.031719 -0.046162 -0.003203 0.090795 0.051119 -0.008957 -0.091100 -0.011193 -0.025266 0.011210 0.083634 -0.077122 -0.012418 -0.015335
 0.000054 0.016521 -0.087185 0.086195 -0.006292 0.067058 -0.000733 -0.046017 0.059405 -0.023930 -0.032348 0.073808 0.036771 0.040046 0.019677 0.065438
 0.024566 -0.045757 0.092784 -0.038791 -0.053735 -0.022217 -0.079771 -0.016412 -0.023107 -0.081848 0.049302 0.029976 -0.073190 0.006148 -0.095305 -0.057806
 -0.061396 -0.015677 -0.055943 0.025009 0.099062 0.058607 0.014901 -0.069570 0.074061 -0.063024 -0.067025 -0.099567 0.026209 -0.085406 0.055839 0.033780
 -0.085668 0.058766 0.010455 -0.029482 0.040584 0.033091 0.065608 0.051583 0.051792 0.079579 0.051029 0.049606 -0.071191 -0.053899 -0.087437 0.010340
 -0.085377 0.066788 0.058352 0.094912 -0.026122 -0.011076 0.047744 -0.023040 0.008309 0.052352 -0.001971 0.015461 -0.022848 0.050060 0.070153 0.041609
 0.005723 -0.053564 -0.046274 -0.089746 0.079653 0.031601 -0.035241 0.073406 -0.038776 -0.048102 -0.006302 -0.029510 0.025559 -0.063575 0.079088 -0.059038
 0.067558 -0.015132 -0.019539 -0.061222 0.031674 -0.013078 0.026300 0.073292 -0.089945 -0.036227 -0.058254 0.033661 0.093989 -0.076466 0.053366 -0.053905
 0.043809 -0.013362 0.031825 0.083043 -0.013300 0.019586 0.055509 -0.089842 0.029690 -0.057775 -0.072975 -0.015151 0.048176 -0.010791 0.070686 0.031604
 0.028023 -0.028049 0.010077 0.002655 -0.019207 -0.035569 0.075900 -0.036697 -0.012529 0.026876 0.028673 -0.062747 -0.030763 0.050927 0.027777 -0.036597
 -0.048434 -0.027626 -0.029388 -0.071145 -0.005559 -0.018128 0.065387 0.048369 0.052151 0.029633 -0.069501 -0.046517 -0.053013 -0.055928 -0.068763 0.099048
 0.020799 0.071628 -0.095399 0.058756 -0.023231 -0.014626 0.031878 0.099096 -0.052053 -0.011584 0.047803 0.065546 0.085445 -0.028942 0.009591 -0.018905
 0.035725 -0.067493 -0.059036 0.023341 0.050440 -0.056648 0.063147 0.094459 -0.066906 -0.057937 0.013159 0.012425 0.033284 -0.074526 0.079652 -0.061912
 -0.042517 -0.067231 0.079165 0.010642 0.016026 0.037838 0.002161 -0.000371 0.099638 0.088643 0.067856 0.082480 0.015402 -0.006601 0.025535 0.039592
 -0.069294 -0.064982 -0.066961 0.049800 -0.026477 -0.025110 0.069872 0.081568 0.014426 -0.089535 0.011629 -0.048671 -0.085518 0.076790 -0.092126 0.054710
 -0.096530 0.009589 -0.071005 0.003496 0.095272 -0.058863 -0.069190 -0.004352 0.001759 -0.088879 0.005217 0.055438 -0.032695 -0.068933 0.090809 -0.079907
 -0.033580 0.073050 -0.051530 -0.065684 -0.074088 0.095786 0.038451 -0.067967 0.058127 0.021571 -0.067893 0.023537 0.070349 -0.080695 -0.016157 -0.059815
 -0.088516 -0.074915 0.010358 0.007153 -0.024277 0.076522 0.087553 0.014320 -0.042477 0.079466 0.062875 -0.097557 -0.014963 -0.029710 0.053621 0.064022
 0.042103 -0.040245 -0.023095 -0.016110 0.087025 -0.091437 -0.094529 -0.008181 0.063341 0.084168 0.073476 0.046825 -0.005870 0.055208 0.075014 -0.034413
 0.081558 0.052772 -0.021108 0.054424 0.062181 0.004687 -0.021740 -0.057491 0.071090 -0.066379 0.012778 -0.010961 -0.053136 0.023647 0.018377 -0.085998
 0.034952 0.086957 -0.005324 0.039325 -0.047697 0.035179 0.005440 0.052556 0.046505 0.049336 0.071821 -0.035082 0.014985 -0.035953 -0.051745 -0.074188
 -0.014450 0.011305 0.063701 0.049336 0.015314 0.043076 0.037065 0.037957 0.028189 0.029444 0.052722 0.006452 0.088497 0.002755 0.090385 0.014634
 0.016009 -0.054676 0.057904 -0.062812 0.026061 0.038865 0.036890 -0.012856 0.066667 -0.034237 0.013798 0.048646 0.046207 -0.030360 -0.040432 -0.087614
 0.081084 -0.089741 -0.040894 0.097621 0.010838 -0.027783 -0.085260 -0.006741 -0.010157 -0.041357 -0.018786 -0.053428 0.028915 -0.024704 -0.064783 -0.002737
 0.054762 0.087540 0.062067 -0.033903 -0.059583 0.080439 -0.017505 -0.038273 -0.000866 0.066192 -0.027563 0.071696 0.034815 -0.048360 0.001232 0.034171
 -0.000502 0.043353 0.012926 -0.082420 0.082187 -0.078438 -0.072236 0.034990 -0.000218 0.028177 0.066821 -0.027105 -0.096339 0.080122 -0.004264 -0.059746
 -0.051269 0.028331 0.076437 0.062056 0.060574 0.049785 -0.008054 -0.095091 0.013098 0.037122 0.098649 0.026326 0.008851 0.045580 0.092935 -0.010736
 -0.009774 0.083547 -0.003390 -0.037516 -0.005199 0.028305 0.031567 0.049015 -0.011001 -0.055876 -0.068095 0.099693 -0.070985 -0.019349 -0.052865 -0.048471
 0.084177 -0.055831 -0.025923 -0.093075 -0.035703 0.011934 -0.086983 -0.021238 0.028253 0.045136 0.084997 -0.051423 0.050113 -0.067050 0.075614 0.028131
 0.027494 -0.020548 0.017921 0.001182 -0.087290 -0.036248 -0.091953 0.048395 -0.063295 -0.088238 -0.046399 -0.076401 0.047565 0.041221 0.049140 0.014429
 -0.042034 0.097955 0.008433 0.042202 0.026490 0.013382 -0.054969 -0.072659 -0.038831 -0.011143 -0.057163 -0.055068 -0.093805 -0.074135 -0.071784 -0.095984
 0.096291 -0.087516 -0.054610 0.026119 0.000827 0.038066 -0.015556 0.031745 -0.062442 0.036503 -0.097276 0.042966 0.007282 -0.032729 -0.044190 -0.093240
 -0.044430 -0.096608 0.051896 -0.005493 -0.068295 0.081122 -0.097160 0.011954 -0.097707 -0.029531 -0.004972 0.023190 -0.040652 0.097510 0.005645 -0.068719
 -0.006505 0.047293 0.076049 0.053086 0.055482 0.000215 0.019534 -0.027730 0.008004 -0.057475 0.082253 -0.019393 -0.001803 0.051037 0.094882 -0.026148
 0.098040 0.003354 0.072513 0.025517 0.064047 -0.039744 -0.048736 -0.054722 -0.024873 -0.015152 -0.041585 0.014614 0.004285 -0.090076 -0.015636 0.007525
 -0.038247 0.076342 0.060877 -0.018883 0.040447 -0.090589 0.056717 -0.039937 -0.004221 0.011952 -0.031153 -0.090403 -0.063375 -0.001253 -0.088083 -0.090599
 -0.015064 -0.007620 -0.038216 0.085086 0.046601 0.091138 -0.017620 0.078949 -0.037230 -0.069996 -0.012549 -0.000254 0.067865 -0.058492 -0.066010 0.002639
 0.074785 0.086143 -0.022238 -0.088392 -0.094049 -0.038449 -0.023965 0.025487 0.076546 -0.005449 -0.057117 -0.010187 0.091891 -0.023031 -0.085532 -0.031780
 0.074598 -0.070226 0.057874 0.021138 0.034832 0.092438 -0.065368 0.094728 -0.027834 0.040842 -0.019113 -0.018196 -0.080976 -0.058414 -0.018022 -0.012127
 0.063066 -0.098917 -0.070510 -0.099210 -0.070506 -0.060391 0.032101 -0.053861 -0.043403 -0.045289 0.039480 -0.041560 -0.092239 -0.087544 0.090963 0.059852
 -0.001279 -0.045969 -0.084365 -0.082351 -0.027522 -0.002757 -0.036283 -0.080371 0.076445 0.096364 0.086466 -0.007246 0.080008 -0.091080 0.030350 -0.092911
 -0.002650 0.079698 -0.087155 0.069469 0.036908 0.050504 -0.045548 0.025247 -0.083785 -0.034222 -0.012674 0.037387 0.048555 0.086363 0.079848 -0.041147
 0.055575 -0.098656 0.018251 0.008549 -0.099771 0.072332 -0.014711 -0.062490 -0.056318 0.058059 -0.052056 -0.065414 -0.006886 -0.077032 0.038967 -0.052740
 -0.020523 0.086576 -0.013435 0.000304 0.088376 -0.083954 -0.027353 0.078692 -0.078953 -0.057619 -0.019012 -0.001070 0.030846 0.077451 -0.088648 -0.060647
 -0.047810 -0.097096 -0.029984 0.098876 0.081902 -0.075854 0.009174 0.080553 0.041009 0.079388 -0.011217 -0.079755 -0.061592 -0.015996 0.064332 0.008902
 0.029889 -0.019489 -0.000521 -0.025135 -0.065714 -0.085059 0.037244 -0.083205 0.099589 0.022689 -0.053714 -0.041607 0.017348 -0.092350 -0.012820 0.011122
 -0.088102 -0.020127 0.079793 -0.049842 -0.033544 0.042645 0.059632 0.013329 -0.017849 0.062954 0.026326 -0.050017 0.021823 0.030039 0.052128 -0.024376
 -0.047049 -0.047032 -0.039914 -0.070471 0.033061 0.064468 -0.053895 0.013513 -0.070824 -0.046060 0.093976 0.075789 -0.006942 0.008513 -0.074516 0.044856
 -0.074688 -0.005089 -0.084224 0.037127 -0.015438 -0.093188 -0.061538 0.033792 0.086418 -0.036453 -0.067481 0.043764 0.093948 -0.075480 -0.067288 -0.061671
 0.004401 -0.022194 -0.085128 0.091253 -0.062063 -0.074469 -0.008028 -0.073645 -0.054413 0.051098 -0.091471 -0.088765 0.021900 -0.030276 -0.045911 -0.044799
 0.091174 -0.001837 0.045280 -0.081876 0.080577 -0.057357 0.086239 0.074213 -0.075348 0.090575 0.089726 0.045604 0.002347 -0.053693 -0.047806 -0.013540
 -0.084264 0.062799 0.014968 -0.060641 -0.042376 0.020157 0.076942 -0.007991 -0.070883 -0.022283 -0.043858 0.028090 0.005181 0.072294 -0.072408 -0.032490
 0.099077 -0.011912 -0.056793 0.036074 0.069087 -0.036009 -0.088318 -0.047627 0.073601 0.056903 0.065094 0.072560 0.098030 0.065386 0.020251 -0.017319
 0.064325 0.085835 0.003230 0.001168 0.080284 -0.063535 -0.091017 -0.096054 0.030451 0.029026 0.059005 0.088707 -0.060018 -0.042123 0.000245 -0.053160
 -0.007587 -0.022031 -0.063972 0.077025 -0.077679 -0.022398 0.077271 0.098921 -0.063510 0.008645 0.063154 0.015527 0.080436 -0.053282 -0.065363 -0.047818
 0.007221 -0.071680 0.006895 -0.018476 -0.099483 -0.044311 0.066843 0.015390 -0.035710 -0.019321 0.036191 0.047910 0.052734 -0.033939 0.050730 0.005821
 0.006858 -0.039626 0.079285 0.073267 -0.005404 -0.027611 -0.005323 0.027317 0.032327 -0.038618 -0.011912 -0.045089 -0.027475 0.085944 0.047227 0.033554
 -0.058614 0.061719 0.071793 0.006203 0.095830 0.002059 -0.057943 -0.084681 -0.073456 -0.070953 0.087273 0.029129 -0.093806 0.042042 0.056033 -0.044748
 0.068825 -0.008765 0.065537 0.047232 -0.006329 -0.045640 0.024404 -0.005465 0.078673 -0.052748 -0.070413 0.038066 -0.015100 -0.072716 -0.061061 0.012704
 -0.089052 -0.095420 -0.006501 -0.046331 -0.065464 0.037459 -0.094768 -0.058610 0.069814 -0.063777 -0.012453 -0.056325 -0.069719 -0.010924 0.034532 -0.073872
 -0.037969 -0.092702 -0.041779 0.020255 -0.011836 -0.046145 0.022904 -0.081177 0.088822 0.019792 0.088253 -0.010116 -0.073459 -0.041780 0.079549 0.044739
 -0.017812 0.047817 -0.070875 -0.070573 0.051017 -0.035874 -0.059735 -0.016868 0.089516 0.074709 0.016383 -0.095927 0.084350 0.049634 0.001712 0.004585
 -0.065453 0.031764 0.036852 -0.002100 -0.079772 -0.036973 0.049953 -0.027888 -0.076003 -0.049067 0.019794 0.062764 -0.045856 0.056243 -0.035300 -0.003432
 -0.051734 -0.088804 0.063485 -0.099573 0.081334 -0.016225 -0.002873 -0.096511 0.062810 -0.006653 -0.094587 0.093108 -0.046474 -0.073259 0.071666 0.063164
 -0.011510 -0.011785 0.020978 -0.099502 -0.098781 0.067204 -0.080451 0.040730 0.034909 0.053364 -0.006196 0.054104 -0.012862 0.085875 0.049226 0.044175
 -0.062151 -0.018649 -0.022787 -0.077728 -0.037767 0.033574 -0.036886 0.023521 0.084823 0.068511 -0.042932 -0.040676 0.067769 -0.023990 -0.025288 0.022352
 -0.094449 0.029073 -0.063553 0.080639 0.062256 -0.030636 -0.094946 -0.068023 -0.069733 -0.053903 0.071993 0.096083 -0.098386 -0.056236 0.080757 -0.066770
 -0.021894 0.035562 0.079223 0.061619 0.059454 0.043036 0.041879 -0.027635 0.046908 -0.019930 -0.017805 0.083915 0.048858 -0.000308 -0.097955 0.070197
 0.075731 0.034231 0.098828 -0.087190 0.075382 -0.024684 0.093325 0.071872 -0.087166 0.058324 -0.046822 0.084840 0.094152 0.010765 0.036390 -0.056366
 0.096400 -0.094524 0.008361 -0.070456 -0.009464 0.051769 -0.036016 -0.048945 0.092291 -0.090218 0.079845 0.066601 0.091720 0.087707 -0.043036 -0.059249
 0.045834 -0.075418 0.019456 0.049224 0.085155 0.025569 -0.003114 -0.050580 -0.070909 0.054960 0.066739 -0.064493 0.068122 0.097316 0.084919 0.041686
 -0.043306 -0.037369 -0.020113 0.024012 0.087351 -0.058698 0.061806 0.075915 -0.036541 -0.058498 -0.083245 0.011453 0.094144 -0.003641 -0.033453 -0.044571
 0.017471 0.011630 0.000546 0.048579 0.085918 0.059671 -0.062900 0.007808 -0.025577 -0.080504 -0.063063 -0.010277 -0.054333 0.003901 0.017382 0.024574
 -0.059960 0.094895 -0.098007 -0.061285 0.058402 0.046849 0.013180 -0.088517 -0.056618 0.099452 0.024485 0.048259 0.019393 0.018599 0.056613 0.046761
 -0.064286 0.021234 -0.056543 -0.040671 -0.059704 -0.028167 -0.006296 -0.082029 0.024271 0.004260 -0.071324 0.095945 -0.041094 0.044916 -0.068015 -0.037659
 0.030534 -0.048015 -0.075189 0.014895 -0.022706 -0.062605 0.031951 0.094935 -0.021172 -0.012643 0.029494 -0.085710 -0.046572 -0.071073 -0.074789 0.040418
 0.093679 0.080114 -0.076011 0.031572 0.007350 0.018441 0.009454 0.058313 -0.089184 -0.025528 0.013036 -0.037378 0.056052 0.090752 -0.084684 0.075921
 -0.097882 0.091405 -0.040502 0.013787 0.012068 0.027208 -0.040134 0.061762 0.013939 0.004715 -0.061127 0.082196 0.026700 0.021804 0.001253 0.059564
 0.049049 -0.023045 -0.074309 -0.014278 -0.040189 -0.070028 0.011083 0.024906 -0.054443 0.065151 0.020941 -0.067182 -0.082192 -0.044359 -0.002617 -0.086013
 0.079045 -0.039403 -0.022631 0.074500 0.032292 -0.066592 -0.061426 0.017352 -0.040309 -0.013006 0.049908 0.032712 -0.057160 0.033594 -0.029036 0.031615
 -0.016843 0.082304 0.098826 0.075850 0.088320 0.001573 0.041685 -0.019115 -0.026571 -0.016644 0.054552 -0.097035 0.028723 -0.076441 -0.089701 -0.076239
 0.080333 -0.004974 0.061944 0.041759 -0.003436 0.035213 0.047070 -0.036321 -0.004885 -0.067673 0.076600 0.092793 0.053363 -0.014956 0.016921 -0.062427
 -0.077034 -0.076683 0.093694 -0.067643 -0.030369 0.075673 -0.070780 -0.008361 0.055294 0.003051 0.023535 0.043763 0.043799 0.079828 -0.025959 -0.093933
 -0.062815 -0.065741 -0.081815 -0.017109 0.027453 0.040595 -0.071306 -0.043530 -0.055144 0.026634 -0.023027 -0.068615 0.057238 0.030469 -0.034128 -0.000600
 -0.044498 0.084505 0.043455 0.087200 -0.023390 -0.084065 0.031824 -0.053646 -0.021208 -0.048674 -0.064298 -0.016958 -0.005892 0.021859 -0.064437 -0.071938
 0.081641 0.020244 0.016806 0.043344 0.035549 -0.029365 -0.047743 -0.070607 0.029546 0.093478 -0.095983 -0.059459 0.084167 0.093309 0.065973 0.068962
 -0.045094 0.031122 -0.036207 -0.096490 -0.020400 -0.081453 -0.084879 0.049121 -0.017335 0.026984 -0.043761 -0.021814 -0.006050 -0.042752 0.075972 -0.050563
 0.092905 -0.023196 0.038359 0.001752 0.011726 -0.065624 0.065623 -0.064437 -0.093897 -0.021598 0.066414 -0.038296 0.044081 0.092834 0.079031 -0.093438
 -0.096915 0.022686 0.092780 -0.031771 0.034939 -0.023498 0.089271 0.067751 -0.040495 0.010406 0.008529 -0.072303 -0.035147 0.045523 0.018741 0.019230
 0.064460 0.014113 0.084314 0.036750 0.088823 -0.063105 -0.016122 0.059283 -0.024716 -0.072949 0.070420 -0.076619 -0.031538 0.019542 -0.009678 0.056994
 -0.021701 -0.039350 0.005607 0.056542 -0.024665 0.012271 -0.030999 -0.024984 0.035044 0.097424 0.059859 -0.051255 0.044362 0.081649 -0.060678 -0.004323
 -0.017637 0.032769 0.045335 0.006559 0.076804 -0.080009 0.064238 0.078703 -0.078522 -0.010109 -0.031806 -0.073277 -0.068247 0.083437 0.095458 -0.016063
 0.069936 -0.050615 -0.055769 -0.017368 -0.041767 -0.047403 0.089787 -0.014795 0.052114 -0.045390 -0.083937 0.093141 -0.038192 -0.041575 0.041240 -0.022301
 -0.041824 0.080980 -0.065415 0.053635 -0.018040 0.008226 -0.057121 -0.040441 0.032905 -0.070308 0.000270 -0.057665 0.070598 -0.067817 -0.092134 0.055095
 0.037019 0.045581 -0.028948 -0.063999 0.059145 -0.077330 0.047662 0.047878 0.025048 -0.083738 0.096403 0.052549 -0.026654 0.057429 0.045868 0.013894
 0.046171 0.090984 0.055383 -0.081039 -0.065651 0.027079 0.046998 0.091261 -0.032953 0.002085 0.087699 0.086867 0.018492 0.096303 0.035798 0.090283
 0.058505 -0.091132 0.064180 0.028789 -0.033068 -0.026977 -0.072415 0.089044 -0.069037 0.090151 0.027511 -0.092499 0.043304 -0.039440 0.054519 -0.071495
 0.065577 -0.029842 -0.038252 0.057663 0.044869 -0.005039 0.056002 0.064264 -0.035766 -0.045156 0.010920 0.030970 -0.094528 0.011861 -0.048100 -0.084277
 -0.028778 -0.079036 -0.063619 -0.009492 -0.096029 -0.042825 0.070859 -0.000605 0.050354 0.085006 0.089195 0.013829 -0.024541 -0.025214 0.062197 0.096033
 -0.043190 -0.058893 -0.033817 -0.086735 -0.034523 0.010664 0.026011 0.098451 -0.065681 0.005058 -0.054306 -0.063369 -0.015794 -0.006190 -0.057843 0.051641
 0.076538 -0.080333 0.014092 0.022600 -0.068131 0.082254 -0.092252 0.001614 0.080345 -0.033795 -0.041803 -0.086332 -0.081003 0.050193 -0.027217 -0.042300
 -0.017309 -0.046417 0.022863 -0.026125 0.031558 0.007449 -0.006829 0.061443 -0.094736 -0.070172 0.099761 -0.073879 -0.078778 -0.054280 -0.064260 0.011951
 -0.086504 -0.000929 -0.096627 -0.086976 0.010219 0.015236 -0.056653 0.037540 -0.000600 0.001138 -0.082148 -0.003834 -0.001156 0.062176 -0.037368 -0.065768
 0.020711 0.089308 -0.032445 -0.068876 -0.090461 -0.032328 0.099116 -0.059814 -0.004826 -0.025320 0.087963 -0.089704 -0.086360 -0.095295 0.040852 -0.075857
 0.031995 -0.072928 0.098523 0.086087 -0.027737 0.029349 -0.075858 -0.057038 0.071070 -0.062893 -0.027773 -0.078383 -0.079968 0.085481 0.026450 -0.026281
 0.077269 0.034308 0.007101 0.094890 0.045933 -0.046606 0.061349 -0.088970 -0.031839 -0.074633 0.024558 0.037481 -0.012279 0.018975 -0.030052 0.074043
 -0.019376 0.057585 0.048205 0.029273 -0.009562 -0.082176 0.085816 -0.077350 -0.016954 -0.074135 0.098070 -0.019623 -0.029100 0.028192 -0.085540 -0.050573
 -0.042235 0.013200 0.017359 -0.033946 -0.079222 0.071593 -0.051818 -0.063585 0.096661 -0.091980 0.085020 -0.060299 -0.072919 0.005939 -0.087841 -0.058058
 -0.087662 0.028681 -0.002623 -0.027881 0.067454 0.068284 -0.084803 -0.077110 0.011355 0.037155 0.067375 -0.059733 -0.074375 0.055259 -0.023333 -0.061487
 -0.049702 -0.045924 0.063376 -0.036302 -0.063518 0.086230 -0.046162 0.041623 0.055707 0.080824 0.076015 0.029325 0.076478 0.059603 0.017651 0.049440
 0.097090 -0.043048 0.003295 -0.071344 -0.084938 -0.027832 -0.004604 -0.082487 -0.046918 -0.066699 -0.013896 0.030936 -0.080713 0.007235 -0.090918 -0.082919
 -0.067026 0.054737 -0.057827 0.070370 -0.090052 -0.073757 0.021854 -0.099233 0.043622 0.078150 -0.087190 -0.015517 0.079583 -0.021739 -0.089170 0.005971
 -0.016233 0.006769 0.026550 -0.044611 0.097430 0.061930 0.003042 0.032482 -0.059068 0.087925 -0.012677 -0.070415 0.069351 0.009677 0.065400 0.027295
 0.020150 -0.090013 0.013999 -0.018135 -0.045506 0.053770 -0.074884 -0.008247 0.016821 0.091180 -0.067973 0.063657 0.091120 0.000851 -0.081718 -0.013244
 -0.089599 0.043427 0.024300 -0.094652 0.087661 -0.058984 0.031787 0.015574 -0.008431 -0.035254 0.015047 0.001549 -0.017068 -0.026069 -0.023122 -0.022845
 -0.080986 0.038255 0.012081 -0.083483 -0.046400 -0.086863 0.048293 -0.009021 -0.034260 0.064073 0.032774 0.066692 0.070388 0.081482 -0.023227 0.003109
 0.089460 -0.027297 -0.044913 -0.088425 0.086287 -0.042678 0.057658 -0.099197 -0.083857 -0.007188 -0.035125 0.033791 -0.046909 -0.075412 -0.032668 0.062982
 0.050882 0.007590 0.091936 0.078851 0.060641 -0.059377 0.030815 0.028995 -0.048882 -0.065522 -0.052946 0.049551 -0.086074 -0.066891 -0.085655 0.026291
 0.073410 0.025879 -0.015053 0.038776 0.042415 0.001437 0.057286 0.050964 0.061666 0.007647 -0.007522 -0.087873 -0.027098 -0.048488 -0.017220 0.072138
 -0.005777 -0.033443 0.096896 -0.019177 0.093344 -0.023045 -0.075196 -0.003185 -0.047994 -0.071988 -0.022415 -0.069352 -0.024479 -0.057446 -0.051437 0.024191
 0.077925 0.014279 -0.070652 0.041084 0.039230 -0.091550 0.020206 0.061378 0.095284 0.089484 0.020499 0.080949 0.038081 -0.094631 0.014463 -0.004542
 0.018726 0.050018 -0.046169 -0.026998 -0.026971 0.027334 -0.053925 0.044325 0.083195 -0.093021 -0.088099 -0.029926 0.000985 -0.019681 0.096340 -0.034377
 0.095915 -0.058320 0.099546 0.019147 0.058281 -0.074931 0.012026 -0.028297 -0.015047 -0.041549 0.092194 0.094073 -0.078216 -0.091807 0.030001 -0.079734
 0.099918 0.013789 -0.098055 -0.084870 0.009087 -0.018923 -0.010270 -0.035051 -0.023791 -0.090276 0.037974 0.031171 -0.001107 -0.007196 0.058406 0.059980
 -0.016718 0.019575 -0.079976 0.087922 0.015482 -0.049946 -0.041475 -0.083925 -0.006009 -0.001196 -0.078378 -0.058404 -0.063219 0.049377 0.062223 -0.070231
 -0.065310 -0.063496 -0.094005 -0.080511 0.083024 -0.042696 -0.009000 0.079807 0.014419 0.060073 -0.013297 -0.007940 -0.012424 0.097292 0.010499 -0.056001
 -0.007093 -0.064204 0.038092 -0.091292 0.097853 0.097285 0.033812 -0.064168 0.093887 -0.092989 -0.036778 0.047730 0.008242 0.081119 0.027906 0.039034
 -0.065378 -0.034546 0.037246 0.086665 -0.063915 0.097077 -0.086662 0.065696 -0.074069 0.031814 0.009277 -0.078653 -0.005783 -0.027575 0.063328 0.078806
 0.089363 0.069226 -0.016673 0.024120 0.045664 -0.015367 0.089504 -0.050707 0.049779 -0.024038 0.089992 -0.012514 -0.093963 0.050713 0.082695 0.037406
 -0.005622 0.007995 -0.036815 0.005119 -0.061879 -0.034284 0.047155 0.015098 -0.045464 0.078063 0.077996 0.067823 0.066075 0.042897 0.048167 0.028308
 0.040979 0.002183 0.010780 -0.069898 0.071327 -0.073513 -0.034040 -0.073503 0.021807 -0.021234 0.043738 -0.069528 0.067399 -0.069590 -0.073423 -0.038586
 -0.055191 0.029750 0.037923 0.040793 -0.010720 0.099204 -0.043216 0.016925 -0.087490 -0.016450 0.011464 -0.016976 0.019481 -0.080855 0.038202 -0.064656
 0.037779 -0.033566 -0.050860 -0.035348 -0.061006 -0.091720 -0.017785 0.003716 0.010719 -0.001995 0.034231 0.048182 0.033086 0.046358 0.077131 0.021696
 0.068937 0.010914 0.016583 0.048530 -0.009697 -0.024654 -0.092252 -0.097613 -0.065258 0.019781 0.032276 0.005995 0.094226 -0.068409 0.007815 0.051894
 0.086377 0.055532 -0.076742 -0.091360 -0.098151 0.077471 0.024261 -0.097209 -0.043606 -0.078147 0.062359 0.068326 0.036859 0.000183 -0.021405 -0.015935
 0.078040 0.006092 0.072733 -0.037871 -0.042684 0.047654 0.034922 -0.028795 0.079196 -0.006567 0.027596 -0.017082 0.072436 -0.016329 -0.070295 0.012757
 -0.083509 -0.009463 0.067266 -0.043631 -0.018487 0.007876 0.075385 -0.030467 0.084673 -0.094753 -0.036043 -0.070054 0.019301 -0.090434 0.084656 0.035859
 0.003342 0.015464 0.063093 0.089719 0.009498 -0.033818 -0.046879 -0.033805 0.098620 0.099100 -0.001026 -0.006310 0.099906 -0.065210 -0.023346 0.027841
 0.058128 -0.074734 -0.069780 0.032769 -0.048357 -0.071097 0.004458 0.024340 -0.078824 0.038795 -0.039186 -0.045018 -0.033162 -0.034000 -0.069044 -0.074385
 -0.074594 0.067069 0.065596 0.061417 -0.072803 -0.038354 0.021133 0.057737 -0.076896 0.030610 -0.009363 -0.067970 0.011574 0.033171 -0.060337 -0.070112
 0.055961 -0.033553 -0.042361 -0.089872 -0.006794 -0.073600 -0.087931 -0.058141 0.014321 -0.074229 0.070642 0.012295 0.045036 0.071013 0.028454 0.084600
 -0.036753 -0.098831 0.003112 -0.060985 -0.074205 0.028922 -0.001170 0.071882 0.026476 0.012757 0.034503 0.096943 -0.015538 0.008609 0.010695 -0.067878
 0.089805 -0.039687 -0.092991 0.046687 0.055971 0.084231 -0.050592 -0.017768 -0.000909 -0.051980 0.000112 0.076352 -0.012371 0.053581 0.013029 -0.015456
 0.031048 -0.044695 -0.058567 0.046514 -0.076871 -0.076348 0.074107 0.097474 -0.059632 0.045481 0.048889 -0.001940 -0.083987 -0.070431 -0.017617 -0.052190
 0.024559 -0.020484 -0.058154 0.005751 -0.045611 0.070785 0.090611 -0.073812 -0.085515 -0.020776 -0.062124 0.045588 0.050269 -0.012251 0.079293 0.088026
 0.020432 -0.041567 0.020208 0.085879 -0.080106 0.047967 -0.028979 0.016755 -0.002178 0.094883 -0.009965 -0.012992 0.073294 0.023550 0.086125 0.065396
 0.061194 -0.090038 0.060523 0.036020 0.097835 0.016873 -0.009513 -0.074486 -0.066111 -0.096677 0.005003 0.045195 -0.056392 -0.035794 0.041712 0.069938
 0.030179 -0.092296 -0.039773 0.035157 0.093914 -0.027044 0.046669 0.036468 -0.027307 -0.029063 -0.022424 0.056538 -0.077990 -0.040623 -0.039906 0.094445
 -0.058528 0.068567 -0.014920 -0.086242 -0.003470 0.083978 -0.092395 0.066577 0.006344 -0.047164 -0.045177 0.097354 0.012980 0.000671 -0.065617 -0.064423
 0.052894 0.042071 0.088676 -0.058829 -0.019378 0.019037 0.068268 -0.004071 -0.085240 0.095478 -0.088260 0.084154 0.097762 -0.043983 0.023807 -0.034728
 0.042608 0.035775 -0.045925 0.042127 0.004998 0.043224 -0.094441 0.091042 0.055090 -0.058207 -0.083087 -0.049470 -0.084704 -0.058336 0.069724 -0.047301
 -0.052633 -0.025080 0.082315 0.071019 0.071896 -0.074665 0.093576 -0.013027 -0.090716 -0.085282 -0.030790 0.071253 0.082508 0.099164 0.067777 -0.007061
 0.014469 -0.001052 0.074170 0.022898 -0.066315 -0.081566 0.045078 -0.040205 -0.093567 -0.086534 -0.055194 0.097676 -0.035449 -0.097704 -0.096353 0.099651
 -0.001222 -0.001952 0.069867 -0.057098 -0.028811 0.092079 -0.088404 -0.036258 -0.072225 -0.072803 0.033835 -0.019839 0.021952 0.017370 -0.010586 0.077465
 0.083666 0.063908 0.071079 -0.026173 -0.010925 0.068515 -0.024310 -0.049664 0.005914 -0.002654 -0.065632 0.016515 -0.080012 0.026855 -0.074696 0.057190
 -0.096893 -0.060791 0.006583 0.045173 0.072151 0.004664 -0.095460 -0.053091 -0.019904 0.028835 -0.055824 0.057391 -0.019012 -0.072930 -0.065605 -0.086974
 -0.016716 -0.063185 -0.020955 0.028332 -0.052180 -0.038692 -0.065794 0.097926 -0.076712 0.045685 0.073138 -0.023263 -0.011536 0.001324 0.056689 -0.045283
 -0.066836 0.054817 0.041853 0.017635 0.045320 0.048793 -0.030957 -0.044195 0.075887 0.026603 0.098047 -0.025077 -0.036562 -0.084603 0.095877 0.067942
 0.047425 -0.009101 0.052311 0.015491 0.036885 0.022355 -0.021263 -0.095753 -0.049005 -0.026135 0.074321 -0.086456 -0.055322 -0.088858 0.060343 -0.098177
 0.055155 -0.028922 -0.094912 -0.002254 0.045974 0.070379 -0.044460 0.054762 0.028738 -0.028438 0.036039 -0.090477 -0.097603 0.081037 0.018542 0.007984
 0.039503 0.016329 0.045752 0.068424 -0.061523 0.092553 0.049506 -0.046844 -0.053953 -0.000965 0.065804 -0.009654 -0.040872 0.066634 -0.007257 -0.089748
 -0.007913 0.063821 -0.091581 0.019825 0.016947 0.004393 -0.006451 -0.097703 0.078731 0.008548 0.053850 -0.081015 -0.019796 -0.029322 -0.027673 0.061701
 -0.033565 -0.015525 0.084341 0.044370 0.047488 -0.087104 -0.027499 0.097426 0.003615 -0.022009 0.062807 -0.063876 -0.082653 -0.000094 0.022073 -0.039817
 -0.053571 0.098955 0.041419 0.065229 0.054723 0.017499 0.040872 0.033373 0.012584 -0.005311 0.000964 0.027203 0.008847 0.082108 -0.022020 0.068259
 0.033339 0.066025 -0.024119 -0.042858 0.059281 -0.065916 -0.040132 0.062230 -0.077094 0.068807 -0.072545 0.047615 0.006086 -0.036366 0.086843 0.025529
 -0.098457 -0.051019 0.021312 0.049940 -0.061719 -0.054084 0.040405 0.080716 0.012508 -0.068123 -0.081805 -0.079736 -0.029663 -0.054985 -0.063158 0.080941
 -0.038340 -0.056851 0.047663 0.016682 -0.078299 0.069198 0.028904 0.021583 0.078172 0.022428 0.067651 0.021195 0.012665 -0.072384 -0.003259 -0.074027
 -0.084010 -0.030991 0.099012 -0.039641 -0.053902 0.094137 -0.062024 -0.063933 -0.012337 0.090904 0.065335 -0.002590 0.021300 0.060711 -0.022176 0.057052
 0.007054 0.000851 -0.071922 -0.033515 0.012269 -0.090368 -0.050435 -0.082505 0.061050 -0.094230 -0.044376 0.076008 0.022875 0.019783 0.090536 0.054885
 -0.064536 -0.073582 0.012942 -0.005222 -0.067069 0.041667 0.046908 0.033170 0.038613 0.062567 0.002917 -0.009377 -0.052441 -0.038849 0.037180 -0.070143
 0.057295 0.038360 -0.047952 -0.025272 0.037676 0.026468 0.046227 -0.068189 0.086415 0.032944 0.031093 -0.070502 -0.015901 -0.038579 0.061598 -0.042098
 0.089317 -0.047045 -0.042251 0.041116 0.076577 0.083740 0.001905 -0.071910 0.068534 -0.081747 -0.095861 0.092434 -0.088658 0.036697 -0.054229 0.042112
 -0.096790 -0.034109 0.030728 -0.098263 0.050315 0.044984 0.067038 0.038021 0.016091 0.000906 0.018193 -0.086093 0.089505 0.063256 0.041769 -0.005848
 -0.002393 0.046535 -0.030038 0.099020 -0.043540 0.081063 -0.096824 0.081606 0.095167 0.015277 -0.020505 -0.061910 -0.070495 0.027255 0.028719 -0.042347
 0.086326 -0.010681 0.086525 -0.033173 0.006676 0.066613 0.087705 -0.089650 -0.072674 -0.035299 -0.082555 -0.051999 0.023349 -0.070505 -0.046639 -0.003713
 0.026606 -0.050210 0.057651 -0.031126 -0.014490 -0.046306 0.036873 0.040076 -0.027680 0.005423 -0.074379 0.035611 0.040820 0.035008 0.045987 0.092311
 0.012322 -0.042808 -0.072493 -0.068837 -0.017591 0.007903 0.013061 -0.063779 0.073804 -0.021250 0.088391 0.033403 0.094480 0.075743 -0.073088 -0.015747
 0.083611 -0.069150 0.039764 0.094760 -0.090411 0.010100 -0.068519 -0.093773 0.020023 -0.050108 0.098900 0.037146 -0.059786 -0.042021 -0.046823 -0.026914
 -0.026832 0.011744 -0.003553 0.030092 -0.058250 0.057518 0.076386 0.091251 0.034908 -0.095760 0.012180 0.010754 0.093523 0.080031 0.026944 0.074203
 0.028257 -0.055505 -0.073755 0.000837 0.075880 -0.064435 -0.012508 0.084788 0.011986 -0.022519 -0.014356 0.094582 0.084831 -0.087239 0.016059 0.099284
 0.083378 0.088328 0.048849 0.048192 -0.063707 -0.052451 0.094031 0.027340 0.007864 0.043620 -0.039749 0.038334 0.071490 0.096813 0.072551 0.014048
 0.034217 -0.069805 0.060718 0.046287 -0.018047 0.038128 0.030270 -0.060551 -0.073682 -0.030773 -0.072925 -0.017386 -0.058484 0.007522 0.033166 -0.057218
 0.063155 -0.056244 -0.058178 0.046314 0.067063 -0.071174 -0.015122 0.085258 0.099131 0.094146 -0.084967 -0.034533 0.057861 -0.038750 0.014826 -0.041491
 -0.078869 -0.099627 -0.085788 -0.098561 0.004159 -0.054679 0.004739 -0.039990 0.059537 -0.075943 -0.037164 -0.063050 -0.090904 -0.091154 -0.054260 0.078042
 0.026606 0.027775 -0.021751 0.075897 -0.020287 -0.082973 0.037209 0.026185 -0.017192 -0.041369 0.041212 -0.011812 0.009756 0.031872 0.027352 -0.098122
 0.080313 -0.058821 -0.072575 0.077281 0.031344 -0.020490 -0.023063 -0.051819 0.053825 -0.055971 0.094917 0.057999 0.033961 0.084303 -0.035701 -0.079772
 -0.003764 -0.002530 0.096901 0.041284 -0.063091 0.047890 0.082911 0.049682 -0.014577 -0.055737 0.056513 0.086266 -0.088405 0.069894 0.099147 -0.041474
 0.029028 -0.034183 -0.047511 0.088330 -0.020014 -0.098168 -0.020954 -0.077567 -0.035703 0.014971 0.068600 0.060521 0.066917 -0.016197 0.004573 0.092846
 0.039890 -0.019549 -0.096477 0.071817 0.025649 0.097612 0.044544 0.035390 -0.073079 -0.012231 0.086861 0.048610 0.009234 0.088225 -0.017508 0.059201
 0.090845 -0.070647 0.061408 0.068665 0.040742 -0.022329 0.083238 0.048343 0.017748 0.050756 0.055835 0.071525 0.088797 0.017645 0.025997 -0.027893
 0.076854 0.033892 -0.061306 -0.024691 0.081381 -0.022877 -0.012140 -0.086076 0.030209 0.081693 0.090715 -0.034078 -0.092505 -0.053796 -0.007657 0.023721
 -0.021696 0.078013 0.003814 -0.098344 0.054671 -0.085332 0.018440 0.000834 -0.083912 -0.003982 0.003213 -0.036400 0.060344 0.098438 0.041973 0.058291
 -0.087893 0.011119 0.020823 -0.022061 0.089876 0.016847 -0.065864 0.072253 -0.084461 -0.004821 0.062551 0.007309 0.055034 0.090454 -0.057526 0.045554
 0.028477 -0.046156 0.065180 0.047304 0.076176 -0.061104 -0.035126 -0.062835 -0.046085 -0.042139 0.043900 0.079122 0.085661 -0.074252 -0.092500 0.052519
 0.006323 -0.003264 0.025507 0.068788 -0.044058 0.010416 0.040183 -0.091579 0.078745 0.016967 0.057889 0.011896 -0.019886 0.052126 -0.012396 0.043895
 -0.051782 -0.099054 0.026854 0.049857 -0.050144 -0.068721 0.007870 0.012977 -0.032473 -0.008536 0.010210 0.017415 0.091704 -0.089202 0.009900 -0.098300
 0.047253 -0.039620 -0.060824 0.006650 0.016349 -0.008779 0.048439 -0.039083 0.001088 0.044860 -0.032976 0.053571 0.087067 -0.052472 -0.019638 -0.039284
 0.037858 -0.050090 -0.044564 0.064780 -0.005997 0.002226 0.046150 0.065825 -0.092835 -0.027622 0.026771 0.052333 -0.009567 -0.087548 0.059719 -0.076827
 -0.094932 0.032101 -0.045781 -0.013204 -0.017425 -0.047641 -0.092604 -0.019040 -0.027391 -0.082579 0.088045 -0.056855 0.096758 -0.040238 0.077077 0.072128
 0.094136 -0.079363 0.029288 0.018463 0.094284 0.026665 0.023790 -0.048877 -0.066210 0.098993 0.052406 0.029880 -0.048467 0.023522 0.093480 -0.044874
 0.086398 -0.037293 0.085471 -0.038544 -0.054879 -0.074420 0.021035 0.086909 -0.074616 -0.088671 0.038174 0.063350 -0.015596 0.067245 -0.088476 -0.057121
]
Total memory size for keys: rot_key_cnt = 108, rot_key_size = 3397423392 bytes, total_key_size = 3446707000 bytes
Total memory size for weight plain: cnt = 371, size = 1135634520 bytes
RTLib functions         	       Count	      Elapse
--------------------    	    --------	    --------
FINALIZE_CONTEXT        	           1	    0.005119 sec
PREPARE_CONTEXT         	           1	   14.860160 sec
ENCODE_ARRAY            	         372	    3.779482 sec
NTT                     	        6484	    7.677228 sec
INTT                    	         541	    0.700808 sec
MAIN_GRAPH              	           1	    9.617250 sec
 HW_ADD                  	        5714	    0.432360 sec
 HW_MUL                  	        4324	    1.293895 sec
 HW_ROT                  	        1557	    0.122384 sec
 COPY_POLY               	           1	    0.000194 sec
 EXTEND                  	          44	    0.075699 sec
 PRECOMP                 	         123	    2.288741 sec
 MOD_DOWN                	          29	    0.435034 sec
 DOT_PROD                	         246	    0.962601 sec
 RESCALE_POLY            	          12	    0.072261 sec
 COPY_CIPH               	          14	    0.024355 sec
 INIT_CIPH_SM_SC         	         526	    0.023282 sec
 INIT_CIPH_UP_SC         	         370	    0.078934 sec
 INIT_CIPH_DN_SC         	           6	    0.000479 sec
 PT_ENCODE               	         371	    3.769258 sec
MAIN_GRAPH              	   sub total	    9.579474 sec
24.71s 3621520KB
Exit 0 - Check log: /app/ae_result/hpao/i32x16x16_ci32_co64_k3p1s2.moddown.log
LINK_EXEC RETV:0
LINK_EXEC CMD TIME:25.940745s
