FAST_DOT_PROD=0
/app/hpao_cmplr/bin/fhe_cmplr /app/model/i32x16x16_ci32_co32_k3p1s1.onnx -o /app/ae_tmp/i32x16x16_ci32_co32_k3p1s1.onnx.c -POLY:mdh -VEC:conv_fast -VEC:ms=32768 -CKKS:N=65536 -P2C:df=/app/ae_tmp/i32x16x16_ci32_co32_k3p1s1.onnx.weight -CKKS:sk_hw=192 -O2A:ts -FHE_SCHEME:ts -VEC:ts -SIHE:ts -FHE_SCHEME:ts -POLY:ts -P2C:ts -CKKS:ts:q0=60:sf=56 -POLY:ts -P2C:ts -P2C:fp -SIHE:relu_vr_def=10
[/app/hpao_cmplr/bin/fhe_cmplr][ONNX2AIR][--] : phase_time = 0.000250 / 0.000396(s)
[/app/hpao_cmplr/bin/fhe_cmplr][SCHEME_INFO_ANALYZE][--] : phase_time = 0.000014 / 0.000417(s)
[/app/hpao_cmplr/bin/fhe_cmplr][VECTOR][--] : phase_time = 0.021614 / 0.022035(s)
[/app/hpao_cmplr/bin/fhe_cmplr][SIHE][--] : phase_time = 0.000845 / 0.022889(s)
[/app/hpao_cmplr/bin/fhe_cmplr][CKKS][--] : phase_time = 0.003487 / 0.026383(s)
[/app/hpao_cmplr/bin/fhe_cmplr][POLY][--] : phase_time = 0.021142 / 0.047531(s)
[/app/hpao_cmplr/bin/fhe_cmplr][POLY2C][--] : phase_time = 0.005288 / 0.052831(s)
COMPILE RETV:0
COMPILE CMD TIME:0.062491s
/app/hpao_cmplr i32x16x16_ci32_co32_k3p1s1.onnx /app/test/i32x16x16_ci32_co32_k3p1s1.c i32x16x16_ci32_co32_k3p1s1.onnx.c
ckks_param: _provider = 0, _poly_degree = 65536, _sec_level = 0, mul_depth = 3, _first_mod_size = 60, _scaling_mod_size = 56, _num_q_parts = 2, _num_p = 2, _num_rot_idx = 41,_hamming_wieght = 192
input(tensor): [
 -0.012169 0.073322 -0.065981 0.065129 0.036440 0.047763 0.073450 0.094668 0.088560 0.055952 -0.037608 0.086545 0.075814 0.071623 -0.042342 0.025249
 -0.030471 -0.005399 -0.017681 -0.035013 0.021797 -0.053067 0.021032 -0.058879 -0.082760 -0.041521 -0.011894 0.000434 -0.036640 0.088371 0.049489 -0.038329
 -0.008706 0.049217 -0.039494 -0.068776 -0.005059 0.041480 0.023667 -0.010983 0.020490 -0.085444 0.012035 -0.050293 0.046719 0.099310 -0.071327 0.068596
 -0.042957 0.068203 0.062711 -0.006151 -0.005172 0.045847 0.015364 0.081384 -0.011163 0.091443 -0.044133 0.085343 -0.049151 -0.020114 0.064930 0.036013
 -0.051084 -0.027983 0.015849 0.082949 0.033387 0.085096 -0.091684 0.077019 0.052019 0.099616 0.056576 -0.001758 0.088168 0.027600 0.097221 -0.053095
 -0.021091 -0.029056 -0.076182 0.089375 0.094014 0.048208 0.045322 -0.052495 0.090861 -0.004868 -0.057109 -0.032088 -0.012937 0.085742 0.065984 0.096351
 0.091246 -0.015899 -0.040954 0.089790 -0.034230 0.045310 0.034439 0.016672 -0.094886 0.023250 0.097774 -0.078386 -0.084648 -0.069521 -0.025467 0.021639
 0.012377 -0.088528 -0.020266 -0.062055 -0.032054 -0.086800 0.097335 -0.077287 -0.086413 0.080903 -0.055287 -0.014022 0.015958 0.015013 0.097586 0.068221
 -0.079540 0.065012 -0.082406 0.068185 -0.086677 0.010390 -0.017337 -0.036723 0.076686 0.057016 0.036817 -0.026848 0.079750 0.023027 0.021468 -0.078209
 0.009986 0.002746 -0.039419 0.099201 -0.010314 -0.068412 0.018336 -0.095626 -0.069352 -0.008550 -0.005059 -0.073646 -0.066474 0.045972 -0.016643 0.008366
 -0.078071 -0.081546 -0.031864 -0.066596 -0.032959 0.057304 -0.037036 -0.085179 -0.026456 -0.027531 0.075164 -0.012090 -0.032262 -0.088796 -0.015559 -0.042887
 0.058057 0.016213 -0.071125 0.056563 -0.000881 0.034292 0.090003 0.065785 -0.009896 0.093127 0.077826 -0.096439 0.081573 0.092451 -0.012807 -0.083180
 0.030975 -0.074081 0.084789 -0.065238 0.038994 0.033186 0.047323 -0.064993 0.037373 0.012314 -0.073780 0.094126 0.074864 -0.058360 0.081665 -0.075846
 0.073312 -0.045979 -0.065133 -0.023819 -0.002085 -0.087623 0.061660 0.003870 -0.080104 -0.029004 0.016346 -0.080982 0.043966 -0.002436 0.079755 0.021211
 0.022594 0.071906 0.090476 0.045814 -0.053678 0.007146 -0.067136 0.089565 -0.018919 0.091046 0.041214 -0.011469 -0.001345 0.012070 0.069298 0.081850
 -0.034347 -0.014328 -0.081113 0.024546 0.091749 -0.060333 0.004181 0.007484 -0.041566 0.008234 0.003786 0.016742 0.090182 -0.067749 0.010034 -0.019231
 0.008069 -0.033324 0.079584 0.032228 0.085377 -0.070510 0.082484 0.075447 -0.084543 0.040953 0.037804 0.002550 -0.085899 -0.003135 -0.017175 -0.051094
 -0.014612 0.018140 -0.099772 0.070104 -0.085832 -0.071378 0.061077 0.009411 0.030308 -0.085236 0.023886 -0.025799 -0.018962 -0.004387 0.049276 0.048222
 -0.050473 -0.010233 -0.036775 -0.067670 0.084513 0.093145 -0.027764 0.005207 0.043663 -0.028043 0.033889 -0.076542 -0.053874 0.090479 -0.049317 -0.052709
 0.033706 -0.031597 0.017815 -0.006420 -0.067389 -0.049446 0.097547 0.082189 -0.081846 0.089580 -0.043058 0.024204 -0.035588 0.086688 0.061453 -0.025352
 -0.031750 -0.095228 0.007336 -0.025715 -0.057566 0.048311 0.099517 -0.035015 0.036086 0.022475 0.010616 -0.020719 -0.010417 -0.025773 0.031450 0.002814
 -0.061893 -0.096050 0.079914 -0.028804 0.025473 0.068927 0.034683 -0.085834 0.075444 -0.093314 -0.083198 -0.044621 -0.021810 0.095243 0.058642 0.032477
 0.004735 -0.005205 0.023052 0.069750 0.073341 -0.090348 -0.075619 -0.075302 0.009640 0.086263 0.017524 0.008019 -0.047006 -0.098157 0.090951 0.036838
 0.031530 -0.071883 0.031702 0.045890 -0.065071 0.088680 -0.063018 -0.020282 0.014586 0.058019 0.061972 0.088573 0.064309 0.044930 0.008942 -0.090981
 0.069207 -0.047781 0.048459 -0.020832 -0.044636 -0.028614 -0.089287 -0.090755 -0.004027 -0.057694 -0.047165 0.074527 0.014855 0.023196 -0.000141 0.010619
 0.084892 -0.086492 -0.053933 0.024568 0.056891 -0.038470 0.002170 0.037938 -0.060023 0.097049 -0.054363 0.071854 -0.026702 0.018126 -0.085232 -0.032050
 0.024730 0.050028 -0.051415 -0.056269 0.096972 0.013651 0.095426 -0.072145 0.032945 -0.049592 0.094804 0.047088 -0.037518 -0.075916 -0.088244 -0.037300
 -0.008910 0.076568 0.067494 -0.014240 0.045649 -0.061093 -0.067593 0.078353 -0.064288 -0.098012 0.030196 0.095327 0.050215 -0.046219 -0.014580 -0.074323
 0.028780 -0.000507 -0.088481 -0.022115 0.033583 0.006388 -0.013158 0.007149 -0.047987 -0.053412 0.064517 0.048160 -0.023554 0.094938 0.003353 -0.071828
 0.017594 0.035914 -0.022214 -0.076824 -0.002314 0.054641 -0.068434 -0.086874 -0.086000 0.050515 -0.017179 -0.029625 -0.063808 0.054143 0.069836 -0.014614
 -0.092649 0.015816 0.057545 0.094764 0.098721 -0.007383 0.068696 -0.088652 0.019687 -0.028511 0.067214 -0.032247 0.050070 -0.059351 -0.086617 -0.007851
 -0.026697 -0.079965 0.058741 -0.096749 0.081144 -0.041462 0.053546 -0.095653 -0.041843 0.077987 -0.095635 -0.023204 -0.091554 0.076835 0.011581 -0.068050
 0.046894 0.001564 0.017484 -0.003747 0.091114 0.040055 -0.003424 -0.008253 0.031429 -0.072187 0.024746 -0.026289 0.039592 0.035458 -0.081327 0.032138
 0.068105 -0.017828 0.048003 0.099114 -0.069287 -0.019072 0.082952 -0.068873 0.014089 0.089197 0.046829 -0.001055 -0.006104 0.062672 0.048008 -0.079439
 -0.028171 -0.021621 -0.003117 0.006325 -0.046501 0.021547 0.049858 -0.076415 0.043779 -0.087226 0.002310 0.032877 -0.022079 0.037116 -0.034310 -0.009442
 -0.015267 -0.015136 -0.080760 0.091746 -0.005534 -0.014031 -0.008325 0.087558 0.025141 -0.071902 -0.006514 0.064354 0.013012 0.043197 0.083155 -0.020968
 0.014370 -0.078875 0.098755 -0.051304 0.061002 0.091232 0.007927 -0.003131 -0.056852 0.056651 -0.089914 -0.046170 0.034399 0.001373 -0.095404 -0.050304
 0.067986 -0.032929 0.013707 -0.004054 -0.006839 0.055188 0.090989 -0.063174 0.023811 -0.071076 -0.098535 0.067991 -0.019727 0.007382 -0.020412 -0.002419
 0.081604 -0.095133 -0.069599 0.025563 0.025114 -0.052209 -0.010676 0.034282 0.068475 -0.090601 0.000350 0.073367 0.048292 -0.069815 0.058414 -0.002269
 0.028385 -0.052808 -0.047811 -0.048572 0.032389 0.048988 -0.044299 0.001856 0.008788 0.043037 0.087279 0.056749 0.051940 0.046960 0.072962 0.076048
 0.047113 -0.021269 -0.025215 -0.033363 0.085318 0.057897 0.049826 -0.055811 0.091463 0.015743 0.013749 -0.002057 0.003338 0.030707 -0.038664 0.021257
 0.075884 0.039816 -0.051963 -0.009296 -0.072755 0.062902 0.043826 -0.033024 0.051026 0.054406 -0.009451 -0.067814 -0.058719 0.070123 0.062410 -0.028814
 0.007467 -0.029590 0.068463 0.029480 0.096893 0.007963 -0.077650 0.078574 -0.026195 0.092086 0.028229 -0.004494 0.097694 -0.047503 -0.076650 -0.076003
 -0.044804 -0.012022 -0.071047 -0.023882 0.024016 0.004096 -0.062784 -0.013620 0.020728 -0.004886 0.021118 0.072681 0.039848 -0.077088 -0.068627 0.017890
 -0.085739 0.097134 0.063641 -0.050026 -0.043677 -0.046516 0.045167 0.026085 -0.017528 -0.099838 -0.026984 -0.013371 0.035394 0.037687 0.014775 0.067140
 -0.010553 -0.017161 -0.073267 -0.012091 -0.002232 0.024168 0.071081 -0.044194 0.095925 0.027708 -0.042594 0.039888 -0.014253 -0.031438 -0.029552 0.082428
 -0.086067 -0.031157 0.036567 -0.037665 0.031247 0.058911 0.055983 0.088714 -0.040937 0.008038 -0.022049 -0.061066 0.019719 -0.038197 -0.086954 0.065623
 0.098476 -0.065784 0.044153 0.029515 0.010673 -0.003135 0.036221 0.047939 -0.068491 -0.025513 0.046745 0.099192 -0.060507 0.015545 0.083928 0.060890
 0.062915 -0.050485 0.081532 0.018060 0.039365 -0.093444 -0.062589 0.005493 -0.093320 0.057304 0.095448 -0.033296 -0.013867 -0.089555 0.066523 0.074955
 -0.049216 -0.074188 -0.005999 0.014250 0.042990 -0.094424 0.072609 0.042981 0.079266 0.077709 0.047686 0.001111 -0.061138 0.047555 0.093078 0.002872
 -0.086798 0.090171 0.048742 0.012126 0.038394 -0.009595 -0.088359 0.080746 0.020525 0.092162 -0.076568 0.097914 -0.002874 0.051563 0.077543 -0.078977
 0.051775 0.054165 0.005361 0.040658 -0.064734 -0.051855 0.019242 0.006630 -0.091350 0.068410 -0.076334 -0.053780 0.069409 -0.038844 0.032413 0.063981
 0.054466 -0.075306 -0.048742 -0.001966 -0.065457 0.036735 -0.081290 0.036433 -0.066179 0.048226 -0.020206 0.022902 -0.004861 0.071766 0.067877 -0.033186
 -0.067599 0.076990 0.056011 -0.095032 0.096146 0.094857 -0.034033 0.095903 -0.019807 -0.090529 0.023018 0.017864 -0.057064 0.013429 -0.008824 -0.084171
 -0.097623 -0.025064 0.096757 0.087288 0.033687 0.075224 0.050303 0.024324 0.033655 -0.052283 0.047249 -0.079297 -0.093991 0.075887 -0.047014 0.016699
 0.055077 -0.023598 0.062850 0.043802 0.096213 -0.047096 0.086275 -0.065828 -0.063757 0.012649 0.016043 0.024595 -0.009407 -0.090107 0.034016 0.016768
 0.049483 0.026576 -0.071859 0.001833 0.099429 -0.002316 0.039384 0.048614 -0.008107 0.049158 -0.021960 0.003339 -0.081344 0.033193 -0.089893 0.099656
 -0.068677 -0.064778 -0.058698 0.073003 0.050193 0.030683 -0.037967 -0.059730 -0.030626 -0.080464 0.090777 -0.013159 -0.039626 -0.057924 0.072806 0.089999
 -0.028655 0.030999 -0.027427 -0.046515 0.080148 0.097158 0.007360 0.030154 -0.041773 0.055246 -0.044659 0.062685 -0.003722 -0.003421 0.033628 0.008241
 0.079114 0.037644 0.075546 0.035796 -0.069932 0.075957 -0.008877 0.085058 0.068683 0.001819 -0.053897 0.015639 -0.004923 0.009634 -0.092446 -0.037213
 -0.035214 -0.037556 -0.070557 -0.066978 0.098702 -0.030393 0.031466 0.096391 0.045860 -0.030690 0.015342 -0.048105 0.042924 0.033304 -0.015452 -0.044066
 0.088367 -0.008844 0.053038 0.039308 0.004036 -0.057549 -0.095431 -0.039322 -0.085457 0.047797 -0.038578 -0.095082 0.001438 0.065513 -0.083955 0.056713
 0.017206 -0.085682 0.068051 -0.078559 -0.096404 0.034268 0.060881 0.009020 -0.065829 0.022291 0.015401 -0.080082 -0.033816 -0.027543 0.013218 0.031175
 -0.092625 0.094705 -0.005507 0.051660 0.087535 -0.038263 0.024474 0.021074 0.038488 -0.082837 -0.068899 -0.025067 0.035607 -0.067896 -0.049093 -0.002926
 -0.061305 0.097346 -0.092236 0.003988 -0.030953 -0.098544 -0.073380 -0.033530 0.011675 -0.054899 -0.047113 -0.046579 0.005441 -0.007219 0.031290 0.042928
 -0.094709 0.061052 0.086864 -0.066585 0.016842 -0.093696 0.001863 -0.080422 -0.017098 0.018099 -0.098422 -0.077995 0.015857 0.042999 0.084678 0.051506
 -0.091818 0.085803 0.002717 -0.005201 0.019205 0.039130 -0.028471 0.099873 0.061973 -0.065030 0.056186 0.080715 -0.086378 -0.010886 0.097811 -0.009603
 -0.058774 -0.045864 -0.060314 -0.054761 -0.060650 0.013997 -0.069871 0.007870 -0.058317 0.060411 -0.030802 -0.078846 0.040373 0.033200 -0.031195 0.098653
 -0.059750 -0.064121 -0.099583 0.042876 -0.073060 0.031912 -0.093316 0.071528 -0.085246 -0.064823 -0.030459 0.096151 -0.045673 0.041139 -0.086783 0.038902
 0.096779 -0.052363 0.054907 -0.073413 -0.020744 -0.022344 -0.077499 0.062108 -0.052454 0.059769 -0.035094 0.080280 0.011931 -0.072290 0.026442 0.063611
 0.098528 0.019968 -0.026285 -0.056638 0.088565 0.046470 0.090854 -0.051676 0.017620 0.058283 0.078725 0.016716 0.068087 -0.008088 0.056343 0.077670
 -0.035498 0.097090 0.064942 -0.046252 -0.054235 0.008651 -0.000431 -0.088910 -0.010519 0.061155 0.080157 0.046662 -0.082135 -0.094736 -0.034650 -0.092196
 0.018392 0.096715 0.060210 0.080369 -0.079918 -0.073915 0.023469 -0.072831 0.003888 -0.012461 0.082730 -0.045729 0.088544 0.089985 0.073593 -0.028907
 -0.059471 0.064893 0.000839 0.012022 0.096153 0.032934 0.066388 -0.067819 -0.012398 0.019773 -0.060568 -0.037747 -0.005524 0.039389 0.086719 0.013255
 0.090848 0.093954 0.014942 -0.034930 -0.059204 0.033319 0.000722 -0.014407 -0.044728 0.028432 -0.024892 -0.094402 -0.036838 0.008385 -0.092125 0.020319
 -0.097540 0.058421 -0.058446 0.085069 0.055158 0.024340 -0.043920 -0.009652 0.040345 -0.054289 -0.042941 0.025485 -0.005301 -0.034449 -0.008005 0.063731
 0.040500 0.010617 0.096255 0.080117 -0.036956 -0.050433 0.083905 0.058734 -0.063713 0.015547 0.096955 -0.016912 -0.005060 -0.046489 -0.080437 -0.020099
 -0.048239 -0.007285 -0.062283 -0.068332 -0.001414 -0.083471 0.020475 0.039410 -0.094807 0.036304 0.015930 -0.077946 -0.080609 -0.055470 -0.067343 -0.072206
 0.026546 0.043358 -0.035769 -0.070657 0.086699 0.022238 -0.085534 0.043162 0.020046 0.003520 0.034331 -0.008963 0.025064 0.013107 -0.071909 0.089578
 0.081976 0.042696 0.079963 -0.077373 0.091083 0.088380 0.005539 0.009471 0.043787 0.077953 -0.003797 -0.026084 -0.086797 0.055603 -0.088624 0.093029
 -0.085071 0.078980 -0.037749 0.027442 -0.055687 -0.008916 -0.034892 0.092650 -0.016051 -0.061682 -0.037196 -0.094558 -0.031954 -0.054858 -0.005460 0.005436
 -0.053456 -0.068801 -0.010091 -0.054206 0.090056 -0.064600 -0.048687 0.063392 0.086834 0.022651 -0.035530 0.025732 0.009618 0.075607 0.083759 0.021507
 0.008866 -0.072085 -0.076197 0.088800 -0.082419 -0.035098 0.066932 -0.078323 -0.009899 -0.026411 -0.097952 0.080815 -0.079255 0.016221 -0.031879 0.071163
 0.048724 -0.059205 0.082288 0.055393 -0.044219 -0.011024 0.039285 -0.017994 0.063455 -0.022678 -0.052762 0.020550 0.070676 0.065820 0.006348 -0.061177
 0.073005 -0.004396 0.007893 0.040214 0.028451 -0.012611 0.060774 -0.089551 -0.031499 0.081223 0.056271 -0.088536 -0.050725 0.042341 0.099282 0.017363
 0.001478 0.079643 0.015720 0.038663 0.070661 0.007643 -0.087766 -0.063846 -0.065482 -0.035037 0.012379 0.048820 0.056175 -0.030821 -0.001857 -0.018618
 0.009890 0.095529 -0.027897 0.087832 0.014462 0.002722 0.095326 0.018230 -0.005611 -0.042523 -0.008037 -0.069536 -0.080453 -0.031203 0.034745 -0.051731
 -0.046867 0.050556 0.043642 0.036324 -0.081148 0.025917 0.094072 0.067043 -0.022037 0.042978 -0.009835 -0.066103 0.060283 -0.023245 0.040142 0.004196
 0.073662 0.076980 0.063193 0.014179 -0.067546 -0.053426 -0.002936 0.052329 -0.038654 0.066986 0.096796 -0.051235 0.013645 -0.004639 -0.084958 -0.080333
 -0.024646 0.064370 0.095258 0.069804 -0.089357 0.030511 -0.056956 0.028605 -0.042018 0.000545 -0.042790 0.095768 -0.071648 0.056498 -0.093562 0.051635
 -0.045275 -0.061840 -0.052689 -0.032608 0.050251 0.014064 -0.075102 -0.017367 -0.067047 -0.045316 -0.097355 -0.055462 0.068303 -0.032695 -0.001739 0.017747
 0.006598 0.030662 0.027215 -0.047609 -0.067634 0.019201 -0.066880 0.037014 -0.092759 -0.064201 0.038370 0.071308 -0.004957 0.056180 -0.041479 -0.096399
 -0.059807 0.019242 -0.040409 0.065139 0.053281 0.044714 -0.071000 0.037758 0.077809 0.037307 0.035164 -0.016858 -0.011873 -0.098675 0.058378 -0.021415
 0.062490 0.009485 -0.013100 -0.003144 -0.083804 0.067870 -0.015807 -0.037716 -0.029372 0.064966 0.073371 0.040977 0.065350 -0.000940 -0.040846 0.040775
 0.012546 0.047501 -0.084734 0.053812 -0.008088 -0.065525 -0.016372 0.083932 0.039909 0.096728 -0.045877 -0.027071 0.094932 0.016647 0.099053 -0.005759
 -0.023675 0.060861 0.086195 -0.011163 -0.079872 -0.016475 0.088607 0.077991 -0.091230 -0.014042 0.098943 -0.085738 -0.087695 -0.075830 -0.043129 -0.020353
 0.009553 -0.029855 0.078868 0.034315 0.034281 -0.054363 0.020605 -0.032175 0.054826 0.080555 0.055812 0.093280 0.009187 0.085024 0.010510 -0.069035
 -0.033269 -0.066874 0.018391 -0.005236 0.053892 0.084282 0.070546 -0.081799 -0.076195 0.041691 -0.014763 0.077114 -0.063110 -0.059417 0.034427 0.099763
 0.088693 -0.072144 0.023769 0.089953 0.030651 -0.013539 0.094163 0.067139 0.086900 -0.014237 0.087563 0.039271 -0.040584 -0.079125 -0.063521 0.079121
 -0.074021 -0.002119 -0.045819 -0.068110 0.002478 -0.016927 0.001398 -0.023279 -0.079297 -0.064143 -0.084101 0.045873 0.074703 0.061123 0.017823 0.097158
 0.009942 -0.006540 0.071324 0.046611 0.058859 -0.029570 0.084505 -0.006633 -0.040761 -0.019135 -0.096836 0.098197 0.045159 0.074008 -0.020262 0.070643
 -0.024809 -0.014898 -0.056933 0.039667 0.088736 -0.010241 -0.037607 0.022045 -0.050822 0.010191 -0.054848 -0.054869 -0.031709 -0.003219 -0.062457 0.088798
 0.056322 -0.071227 -0.094968 0.017147 0.051429 -0.003457 0.030485 -0.030700 -0.084847 -0.005243 -0.060979 0.046589 0.056461 0.090550 -0.022727 -0.018222
 -0.094432 -0.014790 0.048979 -0.011219 -0.087553 0.061304 0.090167 -0.039449 -0.089095 0.096382 0.053400 -0.049337 -0.000920 0.077660 -0.097140 -0.068565
 0.082157 -0.040337 0.067905 -0.016175 -0.055772 0.092850 -0.037500 -0.065671 -0.052615 -0.052278 0.004111 0.088470 0.079197 0.075762 -0.049958 -0.017079
 -0.039197 -0.012741 0.025595 0.016067 -0.050418 -0.062670 -0.008688 -0.074021 0.036894 -0.073768 0.008998 -0.097715 0.081860 -0.074459 0.033185 0.014557
 0.034275 0.081493 0.020452 -0.057851 0.034226 -0.079946 -0.083775 -0.005044 0.022846 -0.064086 -0.051910 -0.073923 -0.020988 -0.090098 0.051278 0.090048
 -0.049251 -0.025434 0.044947 0.092494 -0.017604 -0.048597 0.093941 0.026753 0.000852 0.010425 -0.063057 0.076941 0.028945 -0.048175 0.025261 0.043965
 0.051058 0.060054 -0.097135 -0.001300 0.041258 -0.064403 -0.003163 -0.080457 -0.049683 -0.076068 0.005053 0.016455 0.055185 0.095924 0.035362 -0.009374
 -0.037043 0.009534 0.060950 0.046035 0.073688 -0.046339 -0.011225 -0.032161 0.062786 -0.098252 0.032589 -0.002388 0.033799 -0.026683 -0.044660 0.054644
 0.047844 0.051742 -0.010979 -0.007072 0.003531 -0.056836 -0.004170 -0.028686 0.047238 0.046970 0.082010 0.032988 0.050878 0.001544 0.042558 -0.033202
 -0.072599 -0.050289 -0.011221 -0.027585 0.042391 0.035280 0.029638 -0.091848 -0.015728 -0.032809 -0.003592 0.097349 -0.094752 0.036362 0.076053 0.073740
 0.029979 -0.066886 -0.049940 -0.070425 -0.017254 -0.069981 0.013213 0.086189 0.036334 -0.035651 -0.034063 0.059096 0.095753 -0.037390 0.092937 -0.025513
 0.020356 0.095730 0.022848 0.067220 -0.089675 -0.057237 0.068533 0.079609 -0.080848 0.083791 -0.091226 -0.063383 -0.066835 -0.023083 0.025662 -0.063338
 -0.047497 0.034709 0.012011 -0.091298 0.082913 0.046482 -0.058765 -0.077899 -0.082139 -0.096064 0.078096 -0.061661 0.051214 -0.094450 0.056468 0.004309
 0.007837 0.050865 0.083085 -0.000211 -0.017296 0.055266 -0.014998 0.080557 -0.008509 0.043639 -0.035914 0.094153 -0.042422 -0.039927 0.045030 0.023582
 0.080297 0.080516 -0.042098 -0.087371 -0.049568 -0.062185 0.051025 0.094523 0.031597 0.030038 -0.020035 -0.088999 -0.014201 0.049640 -0.055333 -0.013972
 -0.020187 -0.027917 0.064074 -0.088983 0.088994 0.033074 0.071522 0.026193 -0.040539 0.096891 0.013170 -0.041769 0.071774 0.088518 0.063300 -0.017943
 -0.080861 -0.027617 -0.005010 -0.012138 0.047898 0.012716 0.005897 0.054365 0.057787 0.034499 0.046202 0.090581 -0.005837 -0.064137 0.004817 0.063447
 -0.077087 0.057692 -0.078178 0.077244 -0.056602 -0.039556 -0.045369 0.095216 0.077041 0.095196 -0.049934 0.065040 -0.043736 -0.022539 0.038798 0.098897
 -0.050842 0.091834 -0.008938 -0.024779 -0.013372 -0.072728 0.065095 -0.083626 -0.094804 0.019605 -0.044542 0.071741 -0.077516 -0.089355 -0.096332 0.063930
 -0.032240 0.062523 -0.014068 -0.060857 -0.038321 0.096698 -0.066059 -0.076918 0.049997 -0.068207 0.053512 0.029058 0.000826 0.064422 0.018950 0.001560
 0.090834 0.085301 0.000251 -0.017775 -0.001130 0.020594 0.062802 -0.025547 0.077833 0.038749 0.046149 0.079156 0.039517 0.082889 -0.028147 -0.001184
 -0.038650 -0.091701 0.080206 -0.003291 0.026290 0.028594 -0.022175 0.089733 0.021370 0.024752 0.002757 0.042042 -0.033512 -0.071427 0.001613 -0.099450
 0.001248 -0.003286 0.073133 -0.089118 0.005738 -0.013488 0.080865 -0.054180 -0.041548 -0.087727 -0.039433 0.011783 -0.000605 0.038568 0.051474 0.041416
 0.042522 0.016487 0.074105 -0.082192 0.061098 -0.079297 0.094652 0.016584 -0.002407 0.054502 -0.016523 -0.088887 -0.052766 -0.023168 -0.083802 0.003107
 -0.078200 0.087332 -0.090077 0.047658 0.039740 0.042804 0.049039 0.024784 0.064360 0.034033 0.005975 -0.065002 -0.099218 -0.029795 0.060964 0.012942
 0.092763 -0.026957 0.093020 -0.035680 0.035054 -0.082928 0.051973 -0.058084 0.077091 -0.084327 0.042072 0.027339 0.022730 0.097714 -0.096301 0.020157
 0.006962 -0.052989 0.089587 -0.016380 -0.064964 -0.099753 0.099846 0.009461 0.042519 0.036427 -0.098680 0.073682 -0.028891 0.022655 -0.071954 -0.097316
 0.015259 0.063881 0.000096 -0.057179 -0.060626 -0.029660 0.026934 0.042356 0.084564 0.076796 -0.088735 0.092896 -0.029090 -0.021282 -0.030112 0.067199
 -0.058879 0.072375 -0.064472 -0.037349 0.003897 -0.030371 0.069622 -0.019363 0.039553 0.036384 0.076297 0.049989 0.092649 -0.009243 -0.029679 0.046369
 0.035865 0.063891 -0.088507 -0.025015 0.094585 0.093498 -0.071437 -0.032212 0.051742 0.049416 0.016285 0.088651 -0.060567 -0.092130 0.044892 0.044654
 0.005120 -0.052119 -0.009962 0.002054 -0.020311 -0.011113 0.082226 0.010942 -0.010522 -0.054752 -0.094552 -0.098638 0.083355 0.047410 -0.021126 0.048487
 0.059005 -0.043445 -0.085654 0.076824 0.032975 -0.054588 -0.017919 -0.098416 -0.062571 -0.012940 0.031029 0.005701 0.065319 0.048801 0.034377 -0.014274
 -0.057259 -0.054903 -0.003836 -0.045219 0.085934 -0.097673 -0.054754 0.015503 0.001798 0.018388 0.014696 -0.014399 0.000487 -0.096016 0.073675 0.049910
 0.042018 0.008890 -0.080910 -0.015839 -0.001109 -0.049782 0.064464 -0.065264 0.059979 -0.012443 -0.025218 0.076544 0.057854 -0.070621 -0.016143 -0.002380
 0.098483 -0.060388 -0.007117 0.059347 -0.051600 0.041882 0.044077 -0.088913 0.037466 -0.003330 0.004200 0.001378 0.091639 0.083530 -0.068617 -0.058661
 0.065654 0.015373 0.037068 -0.099504 0.024751 0.051987 0.094855 -0.037927 0.037215 -0.061866 -0.022333 -0.082521 0.046926 0.055958 -0.045117 0.028463
 0.007117 -0.089926 0.064558 -0.025700 -0.089705 -0.077694 0.015978 -0.071628 -0.001883 0.037264 -0.030857 -0.006639 -0.028547 0.004482 0.076485 0.068431
 0.058182 -0.014609 0.065297 -0.083548 0.053975 0.034010 -0.042217 0.075241 -0.036201 0.043112 -0.023648 -0.020135 0.024829 -0.005864 -0.073366 0.015422
 -0.002987 0.033042 -0.097743 -0.039506 -0.088713 0.040255 0.098774 -0.036259 0.019568 0.020127 0.063736 0.089011 -0.034827 0.049992 0.000040 -0.038147
 0.028826 0.026781 -0.036633 0.023489 -0.026588 0.068469 -0.087138 0.067783 0.081097 0.058926 -0.003803 -0.006965 0.030606 0.041677 0.036368 0.025548
 -0.000131 0.025753 0.019636 -0.014644 0.083285 -0.047348 -0.090849 -0.033155 -0.016473 0.093023 0.067248 -0.050631 0.099363 -0.033169 0.066539 -0.098259
 -0.039159 -0.059560 -0.029237 0.048155 0.072645 0.051347 0.009765 0.058443 -0.040109 0.093129 0.064652 0.057897 0.015100 -0.040626 -0.080246 -0.003937
 0.088323 0.032511 -0.059714 0.062355 -0.055525 -0.076895 0.077249 0.056160 0.052486 0.097452 0.041810 0.098224 0.072825 0.025562 0.022082 -0.044754
 -0.099790 -0.025391 -0.021893 0.030319 -0.018185 0.067198 0.053996 -0.092083 -0.075373 0.055137 -0.003895 -0.009499 -0.098079 -0.056926 0.024899 -0.044849
 0.061744 0.007005 -0.084533 -0.033021 -0.082556 0.028936 -0.017205 -0.091577 -0.090048 0.022537 -0.063416 0.006131 0.080250 -0.071852 -0.028958 0.051351
 0.079940 0.084542 0.084042 0.022244 0.049619 -0.046941 -0.012658 -0.023727 0.033870 -0.005800 -0.062262 0.006525 -0.020712 -0.003577 0.066898 -0.011147
 0.090705 -0.047701 0.025755 -0.019753 0.036563 -0.065096 0.038212 -0.059396 0.052310 0.000209 0.051201 0.062436 -0.040049 0.057237 -0.073422 0.055288
 -0.015023 0.096394 0.055528 -0.059683 0.092787 0.037838 -0.051130 0.083306 0.003110 -0.038652 0.041497 0.011919 0.094023 -0.092891 0.093223 0.082453
 0.042540 -0.015913 -0.024910 0.097127 -0.071744 -0.019528 -0.016127 -0.052545 0.012474 0.015963 0.020435 -0.009327 -0.022512 -0.085716 0.053150 0.086377
 0.020316 0.046699 0.072404 0.036165 0.006253 -0.056788 -0.057275 -0.080309 0.001166 0.028451 0.071882 -0.008876 0.037036 0.046889 -0.039515 0.026807
 0.061537 -0.067258 -0.007736 0.073786 -0.059359 0.075119 -0.077738 -0.053811 0.012482 -0.006685 -0.013158 0.043169 0.049096 0.081295 -0.026212 -0.044016
 0.088187 0.068315 0.083590 0.082991 -0.046154 -0.094668 0.004656 0.013244 -0.058963 0.091010 0.056053 -0.038297 0.095520 -0.037992 0.079915 -0.003343
 -0.020642 -0.043632 -0.077836 -0.095531 0.052561 -0.047069 0.010540 -0.021428 -0.007343 0.026258 0.023746 -0.067035 -0.097480 0.045302 -0.059654 -0.043844
 -0.088063 -0.034462 -0.094166 0.023478 0.037877 -0.064758 0.069913 0.050331 -0.065495 0.043489 0.077196 0.097243 -0.020934 -0.072700 0.097095 -0.020822
 0.043067 0.088596 0.014308 0.082769 0.024793 -0.030265 0.002876 0.054175 -0.065257 -0.012968 -0.007309 -0.035489 0.034216 0.034408 0.015753 -0.000078
 -0.064794 -0.015694 -0.013638 -0.045246 0.098505 0.000551 -0.056541 0.032508 -0.020548 -0.001360 -0.054311 -0.029109 -0.032864 -0.022940 0.079568 0.076895
 0.086103 0.062092 0.080174 -0.027404 0.035793 -0.055889 0.010417 0.017514 0.039286 0.052525 0.002345 -0.089804 -0.059598 -0.082636 0.010834 -0.077535
 0.080671 -0.086760 0.044100 0.023532 0.048743 -0.000008 -0.072069 0.007321 -0.077056 0.043883 -0.062825 0.026352 0.031496 0.057566 0.089889 -0.072581
 0.060035 -0.087093 -0.058374 0.039929 0.096682 -0.060756 -0.036288 -0.054866 0.015247 -0.061252 0.008165 0.056248 0.073116 0.004438 -0.006657 -0.013281
 0.035162 -0.041615 0.035206 0.022338 0.090579 0.071280 0.060906 -0.022100 0.096434 0.055959 -0.029814 0.072466 0.099497 -0.016658 -0.026788 0.064327
 0.030460 -0.084656 0.019220 0.039825 -0.076762 0.031469 0.085986 -0.008694 -0.091255 -0.098339 0.066632 0.035938 0.039963 0.068818 -0.079324 -0.087886
 -0.015583 0.006213 -0.029178 -0.092702 -0.061625 -0.039360 -0.015915 0.033655 -0.000121 -0.003708 0.042266 0.098378 0.011806 0.013957 0.056226 0.008403
 0.041227 0.086086 -0.065203 -0.012568 -0.072605 0.043500 -0.057405 -0.095886 0.046841 0.084197 0.077628 0.012766 0.066218 0.005555 -0.085276 -0.030926
 0.093907 -0.027242 0.011255 -0.057597 0.030287 0.070839 0.025667 -0.044587 -0.015282 -0.095612 0.047542 -0.020088 0.089785 0.019720 -0.040362 -0.005763
 -0.056043 -0.089513 0.015358 0.089784 0.091231 0.035923 -0.072403 -0.057122 0.030756 -0.095602 -0.051324 -0.013399 0.075194 0.099594 0.034659 0.050327
 -0.079555 0.053252 0.013665 -0.086496 -0.028307 -0.022469 -0.093811 -0.055575 0.067021 -0.022788 -0.034440 -0.085906 -0.078094 -0.006579 -0.068745 0.002630
 0.064860 0.047261 0.014148 0.040717 0.064530 -0.070105 -0.045176 0.038789 0.029668 0.000137 -0.024609 0.093738 0.065805 -0.009304 -0.020104 -0.055927
 -0.034841 0.090448 0.005687 0.010048 0.015813 0.050565 0.071362 0.058583 0.048580 0.081288 -0.089487 -0.095617 0.066122 0.079313 0.061703 0.096205
 0.061041 -0.068692 0.037912 0.062703 0.072204 -0.039581 -0.038640 0.042419 -0.066136 0.066810 -0.020928 -0.022772 0.092862 -0.081974 0.028530 0.090908
 0.004295 -0.052414 0.092876 -0.028449 0.075085 0.048965 0.093230 -0.096972 -0.042679 -0.064166 -0.078901 0.090443 -0.086276 0.089034 0.085137 -0.097178
 -0.072694 -0.024993 0.070271 -0.012677 0.023478 0.015979 0.083268 0.053712 -0.094888 0.006709 -0.005430 0.086718 0.056061 0.007886 0.011501 0.008067
 0.007390 0.088816 0.095536 0.098147 0.093382 0.089860 0.028345 -0.078442 -0.047269 0.047700 -0.052403 0.035879 -0.025198 -0.025318 -0.066241 0.081038
 -0.093250 -0.095287 -0.015680 -0.008605 -0.008030 -0.065776 -0.009248 -0.025580 -0.001352 0.051857 -0.055064 0.026142 0.053825 0.093534 -0.094041 0.075535
 0.048713 -0.013528 0.099972 -0.068907 0.008089 0.059622 0.082721 0.049845 -0.011396 -0.086276 -0.068879 -0.073313 0.093668 0.091757 0.047045 0.084445
 -0.064310 -0.085567 -0.021801 0.020635 -0.039702 0.002932 -0.025912 -0.027327 0.076059 0.070745 0.042131 -0.025833 0.067376 0.048231 -0.091464 0.030833
 -0.096337 -0.056573 0.057764 -0.010629 0.074916 -0.047274 -0.058315 -0.009313 -0.029787 0.095755 -0.074376 0.037154 0.030390 -0.058685 -0.093070 -0.088982
 0.045762 0.092034 -0.041576 0.064456 0.047193 -0.057010 -0.080229 -0.042245 0.075872 0.002911 0.044096 0.030180 0.089650 0.064918 0.093214 -0.082393
 0.017792 0.045539 0.057437 -0.054014 0.072780 -0.056256 0.062998 -0.026086 0.053565 -0.005109 0.025280 -0.077975 0.006824 -0.047879 -0.071781 -0.087559
 -0.062930 0.051079 0.021058 0.076665 0.001411 0.015146 0.098277 -0.079228 0.017218 -0.071030 -0.035285 -0.035607 0.033921 -0.064517 0.047175 -0.067989
 0.053143 0.008152 0.082494 0.010257 -0.055267 0.064945 0.055924 0.016265 0.047068 0.056219 -0.089408 -0.093482 -0.082119 0.080350 0.034121 0.099059
 0.004230 -0.048369 -0.046925 0.051952 0.087515 0.098409 -0.043323 0.096657 -0.050361 0.043478 -0.093057 0.004962 0.018905 0.087733 0.047493 0.056243
 -0.061689 0.076315 -0.082235 0.056557 -0.006359 -0.086969 0.062627 -0.036589 -0.051388 0.098835 0.080092 0.003900 0.095838 -0.097837 0.070862 0.037697
 0.077726 -0.074200 -0.091852 -0.025183 0.063169 0.004608 0.075634 0.087765 -0.093778 -0.056037 -0.095888 0.085408 0.014637 -0.090230 0.095179 0.064857
 -0.087375 0.006927 0.069158 -0.056911 0.088455 -0.070034 0.009177 -0.039296 -0.014876 0.006835 -0.093355 0.095741 0.097000 -0.002403 -0.021447 -0.099825
 0.015467 0.017494 0.075299 0.054721 0.081904 -0.034086 0.032427 0.005750 0.001765 -0.056721 0.041019 0.099690 0.077556 0.084233 -0.039947 -0.047302
 0.063378 0.097550 0.051095 0.013614 0.053040 0.059588 0.010971 0.004857 0.015455 0.013222 -0.069329 -0.067047 0.062137 0.077359 0.080883 -0.023450
 0.049207 -0.072217 0.055966 -0.023787 -0.030348 -0.031893 0.048718 0.096095 -0.024902 0.094263 0.032009 0.039506 0.076158 0.025672 0.046046 0.069454
 -0.060067 -0.095866 0.024682 -0.076359 0.045587 0.037096 0.056458 0.025341 0.005143 0.056857 -0.012048 0.057397 0.021639 -0.051879 0.034614 0.076935
 -0.071947 -0.016027 0.009771 0.048833 0.017346 -0.055835 0.098848 -0.003704 -0.034364 0.042772 0.057420 0.083399 0.011013 0.017987 -0.035445 -0.066039
 -0.083221 -0.050971 -0.074799 -0.031198 0.087541 0.000477 0.051165 0.032341 -0.010964 -0.091875 -0.043303 0.096792 0.088494 0.086677 0.043390 -0.059171
 0.075905 0.032174 0.068793 0.022548 0.059054 0.047690 -0.018423 -0.096471 0.070079 -0.056882 -0.074839 0.097833 -0.013494 0.022788 -0.074298 0.007886
 -0.089313 0.098550 0.019062 0.014956 -0.004220 -0.082746 0.084701 0.078121 -0.011450 -0.031654 0.082200 -0.032547 0.077214 0.070701 0.076229 -0.095984
 -0.081182 -0.026110 -0.059380 -0.077178 -0.080965 -0.092765 -0.048081 -0.053286 -0.059556 0.031797 -0.066277 -0.010601 0.092251 0.068931 -0.091259 0.030444
 0.094949 0.050258 0.051386 -0.003569 0.099421 0.016367 0.034130 0.041942 -0.024513 0.036144 0.058735 0.063080 0.050355 0.057140 0.086007 0.021172
 -0.061072 -0.025264 0.082962 0.025514 0.053621 -0.068016 -0.041288 0.074025 0.069281 -0.083988 -0.004536 0.058879 0.053636 -0.035959 0.018165 -0.076294
 -0.057188 -0.034200 0.046725 0.029574 -0.088028 0.013181 -0.075407 0.075467 -0.071549 0.093324 -0.037437 -0.018560 0.094193 -0.070618 -0.070640 -0.065315
 0.026468 0.026771 0.056068 0.009519 0.060124 -0.035000 0.059768 0.051398 0.008253 0.088195 0.044027 -0.018499 -0.002096 -0.013924 0.033407 -0.082983
 0.014707 -0.081888 -0.090350 0.086850 -0.056868 0.025197 0.040668 -0.036250 0.085975 -0.085163 0.001531 -0.068791 -0.024325 0.092432 0.018594 -0.008107
 0.012810 -0.028680 0.007820 0.032492 0.004132 0.044283 -0.039524 0.005621 -0.057812 0.009465 0.069981 0.013817 0.003480 -0.000031 -0.013760 0.048726
 -0.013123 -0.009444 0.051712 0.093362 -0.036945 0.062792 0.051859 -0.031026 0.099221 0.017661 0.090839 0.049966 0.051279 0.088092 -0.017088 0.011933
 -0.069111 0.020911 -0.048229 0.066475 0.000545 -0.087913 0.060717 -0.029738 -0.076311 -0.071781 -0.031020 -0.052666 0.077980 -0.048806 -0.049790 -0.003396
 0.007360 0.051733 -0.007320 -0.018744 0.004922 -0.087392 -0.010455 0.037076 0.001236 0.023098 -0.093083 0.070731 0.001290 0.095952 0.000345 0.065469
 -0.077291 0.020535 -0.026802 0.094136 -0.024096 -0.080203 0.083986 0.092231 0.011529 -0.027703 0.041977 0.020130 0.096128 0.031808 0.054235 -0.035489
 -0.059640 -0.071748 0.052993 -0.013746 0.026247 -0.020405 -0.058726 -0.042429 -0.083407 0.059772 0.023146 -0.060012 -0.002512 -0.047734 0.001877 0.047858
 -0.080526 0.026491 -0.025008 -0.066914 -0.043241 -0.040548 -0.037509 0.044980 -0.092957 0.034937 0.057945 0.066565 0.056055 -0.095113 0.013549 -0.090606
 0.014073 -0.078134 0.075727 -0.088578 0.001734 0.094666 0.064963 -0.088143 0.098072 0.081159 0.009876 0.018860 -0.040166 0.000896 -0.092931 0.081756
 -0.057993 -0.085787 0.052106 -0.039779 0.017318 -0.049185 0.046632 -0.094988 0.014999 0.053168 -0.045228 0.062627 0.056728 -0.044684 -0.054190 -0.001666
 -0.043755 -0.057694 -0.095891 -0.026997 -0.087595 -0.013112 0.005024 -0.092389 0.077706 0.042288 -0.055125 0.058966 0.012638 0.010771 0.089179 0.065990
 0.011784 0.070900 -0.087504 0.064963 -0.061565 -0.058789 -0.077826 0.079208 0.001944 -0.096728 0.060949 0.054357 0.035851 0.084028 0.046448 0.021490
 0.045277 -0.010264 -0.079004 -0.049192 -0.074280 0.077600 0.094303 0.042096 -0.093721 -0.004239 0.022866 0.022314 -0.058643 -0.025517 0.026732 -0.093487
 0.079031 -0.043591 0.083505 0.064672 0.088981 -0.068103 0.096566 0.072609 -0.014915 -0.040880 0.065544 0.035742 -0.094935 -0.038148 0.058398 -0.066023
 -0.092697 -0.097084 -0.067725 0.060773 -0.002105 -0.031586 -0.099284 0.048474 -0.067775 0.099917 0.095792 -0.044805 0.019668 -0.097456 -0.047158 -0.048967
 -0.042575 0.053151 -0.077627 0.027765 -0.055422 0.039582 0.031750 0.092191 0.074770 0.024291 0.006520 0.025653 0.026655 0.063784 0.056742 -0.034042
 -0.081648 -0.055479 0.002648 -0.018750 -0.016249 -0.051444 -0.057908 -0.083036 -0.053840 -0.048216 0.070260 -0.057479 -0.057739 -0.082613 -0.013060 -0.050534
 -0.027080 -0.008758 0.017412 0.061516 -0.021512 0.076823 0.041080 -0.058946 0.084867 0.010819 -0.090198 -0.002034 -0.006434 0.069966 -0.080314 -0.010204
 -0.081838 0.022360 0.012260 -0.056290 -0.024788 -0.074275 -0.080948 0.069251 0.055461 -0.031229 0.085664 -0.012673 -0.060795 0.052747 -0.010051 0.018434
 0.011752 -0.032518 0.082978 0.062267 0.020230 -0.088839 -0.098155 -0.082569 -0.073509 0.063148 -0.097405 -0.080542 -0.058400 -0.000432 0.067641 0.037155
 -0.065727 0.093523 0.032519 -0.054212 0.025215 -0.060533 -0.039074 0.013747 0.035427 -0.005775 -0.024540 -0.021728 0.058887 0.026250 0.052340 -0.010714
 0.020924 -0.054729 -0.056083 -0.005339 0.019842 -0.043565 -0.079172 -0.059244 0.080150 0.053283 0.024104 -0.004493 -0.059495 0.007690 0.029758 0.019668
 0.063236 -0.082847 0.024599 0.056619 0.037124 -0.049871 0.090452 -0.033053 -0.079888 -0.039346 -0.004049 -0.096680 0.039690 0.059161 0.024841 -0.002256
 -0.088805 -0.098603 -0.030960 0.061245 -0.046910 -0.039130 -0.080669 -0.040571 0.078684 -0.044776 -0.059538 0.064348 -0.005104 0.066810 -0.046276 0.088461
 -0.043934 -0.093729 0.033482 -0.086944 0.040564 -0.053360 -0.024954 0.072054 0.015309 0.092087 0.077071 0.084959 -0.094336 -0.045259 -0.046150 -0.003219
 0.097283 -0.000079 0.092528 -0.006664 -0.069010 0.032849 -0.046428 -0.062483 -0.069809 0.093752 -0.024950 -0.039745 -0.085133 -0.096791 -0.064939 -0.069977
 -0.085684 0.007928 -0.033334 0.078651 0.074230 0.030572 -0.036705 0.078440 0.063374 -0.051668 0.092125 -0.098899 0.058766 0.099541 0.002681 0.061533
 -0.016472 0.050324 0.030394 -0.052939 -0.055948 -0.073622 0.091403 0.095467 0.096251 0.071653 0.020724 -0.049976 -0.022429 -0.063831 0.012741 0.073405
 0.076397 0.090534 0.085200 0.006055 0.037873 -0.046262 0.033379 -0.036581 0.060946 0.035984 -0.064098 0.019323 0.017818 0.027709 0.004074 -0.080110
 0.087412 -0.043911 0.032396 -0.014390 -0.002685 0.008372 -0.065766 -0.094730 -0.060411 0.014480 0.082004 0.041056 0.074149 -0.067517 -0.046085 0.033571
 -0.014613 0.048655 0.031992 -0.056482 0.057620 -0.074984 0.021340 -0.074369 -0.090785 0.032733 -0.031094 -0.055423 -0.039318 0.000669 -0.088152 -0.004058
 0.035942 -0.039946 -0.089196 0.001522 -0.081753 0.026899 -0.030955 0.092261 0.035289 0.017822 0.011553 0.003582 0.065995 0.058284 -0.093648 0.073644
 -0.024140 0.010495 0.079434 -0.094538 0.063578 0.074825 -0.093521 0.080408 0.084605 0.039199 0.075002 -0.074329 -0.007181 0.053746 -0.059912 0.020253
 0.079916 0.035750 0.037939 -0.042240 -0.098479 -0.017517 0.008468 -0.067718 0.072894 0.083243 -0.016228 0.039227 -0.022788 -0.052453 -0.005823 -0.089305
 -0.046958 -0.012767 0.092177 0.055857 0.073000 -0.095596 -0.013346 -0.075280 0.083392 -0.031562 -0.069363 -0.099450 0.046665 -0.042678 -0.097509 -0.057462
 0.094908 -0.038714 -0.019579 0.084092 0.071243 0.030595 0.028128 -0.049549 -0.086337 0.092883 0.049226 -0.009813 -0.022957 -0.040500 0.021879 -0.057798
 0.085502 0.078658 -0.081754 -0.075449 -0.032971 -0.040432 0.029452 0.042755 0.071125 -0.061700 0.099997 -0.032942 -0.016617 -0.066616 -0.012095 0.077907
 -0.010850 -0.060811 0.015263 -0.053875 -0.057818 0.004156 0.085689 0.093620 0.040011 -0.023801 0.013796 0.011033 -0.038063 0.024387 0.044531 0.089166
 -0.078752 -0.065173 -0.037681 0.036274 0.067175 -0.082452 0.083956 0.077558 0.020689 0.044428 0.033413 0.054115 0.080814 -0.064695 0.066292 -0.024083
 -0.009654 -0.009000 -0.069385 0.031728 0.072830 0.011633 -0.074971 -0.024348 0.050197 0.017919 0.010766 0.046019 0.024620 0.094836 0.021316 0.080011
 -0.063161 0.017639 -0.059249 0.027399 -0.071044 0.027392 -0.076030 0.092118 0.067566 0.029435 0.015421 -0.081222 0.008866 -0.053577 0.020955 -0.026984
 -0.030498 0.075227 -0.061786 0.017821 0.011362 -0.024043 -0.084091 0.083599 0.095382 0.011377 0.084267 -0.020930 0.083523 -0.037310 0.010083 0.075141
 -0.032638 0.072991 -0.041088 0.022856 -0.015303 -0.009342 -0.005118 0.061257 -0.053305 0.001071 -0.074244 -0.032290 0.012041 -0.048483 0.010583 -0.088817
 0.032321 -0.059206 -0.000203 0.042164 0.080926 0.059168 -0.059185 -0.085242 0.026995 -0.085329 0.029917 0.068166 -0.071846 0.038773 0.068615 -0.051011
 0.095622 -0.092338 0.030562 0.043838 0.027788 0.083567 -0.079971 -0.075191 0.063676 -0.085419 -0.041119 0.077683 0.000869 -0.059334 -0.062684 -0.052050
 -0.053482 -0.013459 -0.019291 -0.042528 -0.026204 0.040026 0.007568 -0.007831 0.086992 -0.027050 -0.058597 -0.069071 0.036752 0.017769 -0.073452 -0.015561
 -0.005464 0.005265 -0.033055 0.049908 -0.030006 0.052463 -0.010094 -0.064470 0.033124 -0.006328 -0.062978 -0.084867 -0.070982 0.099353 -0.080629 -0.072345
 -0.040170 0.040405 0.047015 -0.088716 -0.032649 0.099345 0.085824 0.029298 -0.026755 -0.075316 -0.099705 0.037742 0.051258 0.085384 0.043005 0.027955
 0.054075 0.057904 -0.040365 -0.013944 0.036379 -0.013645 0.059990 0.047329 0.044096 -0.035759 0.064357 -0.035337 -0.061729 -0.024120 0.049578 -0.093124
 0.025371 -0.099218 0.065130 0.023169 -0.096373 0.015204 0.013435 -0.025645 -0.031320 0.030486 0.044189 0.054647 0.099531 -0.036143 0.031675 0.081134
 0.025094 -0.045764 0.034283 -0.078814 0.017073 0.037256 -0.082248 -0.025165 0.086311 0.009914 0.049233 -0.022771 -0.065280 0.059745 0.046488 0.001765
 -0.027269 0.056684 0.079131 0.013995 -0.078595 0.012840 0.084504 0.035483 -0.090859 -0.057651 -0.029297 -0.004186 0.026936 -0.000169 -0.099213 -0.063937
 -0.038811 0.038092 0.000088 -0.032591 0.093752 -0.019486 -0.022946 -0.002591 -0.094751 0.084075 0.072062 0.025819 0.095997 -0.027038 0.025670 0.052443
 0.074871 -0.089238 0.017108 -0.008196 0.091957 -0.073953 -0.073813 0.044672 0.019878 0.046402 -0.052167 -0.004251 -0.044155 -0.080231 -0.026384 -0.000794
 0.093399 -0.083238 -0.030153 0.022826 -0.081651 0.070207 0.017437 -0.096387 -0.059545 -0.032999 -0.046038 -0.017555 -0.021102 -0.090854 0.072297 0.042427
 -0.057972 0.036133 0.082684 -0.069987 -0.070838 0.059257 0.096619 -0.066764 0.006582 0.003111 -0.012097 0.058434 0.053162 -0.020674 -0.013526 0.024366
 0.019879 -0.043121 -0.031681 0.017300 -0.055037 0.057837 -0.006098 -0.037426 -0.012571 -0.040873 -0.074983 -0.038400 -0.007622 -0.078618 -0.077626 0.015798
 0.082225 0.018469 0.035571 -0.024440 0.070749 0.089079 -0.030109 0.068376 -0.048655 0.074961 0.069494 -0.028086 -0.098435 0.048254 0.084110 -0.026859
 -0.031258 -0.011401 -0.083112 0.028083 -0.019411 -0.094001 0.022165 -0.098377 -0.007447 0.017029 -0.077729 0.054313 0.036684 0.072700 0.086665 0.074202
 0.079308 -0.025747 0.083273 -0.002911 0.068961 -0.083307 -0.031649 0.043316 -0.030649 -0.084295 0.056837 0.090195 0.076927 0.045258 0.052373 0.031517
 -0.058640 0.076026 -0.083355 0.020890 0.023991 -0.062768 -0.083508 0.039564 0.065876 -0.018878 -0.011327 -0.070894 -0.097600 -0.000936 0.074195 0.077918
 -0.018231 -0.019347 -0.003395 -0.029658 0.037345 -0.092419 -0.074701 -0.084164 -0.098627 0.002290 -0.004446 -0.080069 -0.037122 0.036202 0.026355 0.026370
 0.089232 0.032335 0.040435 -0.053909 0.075686 -0.001651 -0.031215 -0.019310 -0.069677 0.064970 -0.001509 -0.045177 0.085584 0.023911 0.095549 -0.004304
 -0.050775 0.023592 -0.031617 -0.041319 -0.004887 0.080223 0.008451 0.052343 -0.077137 0.026235 -0.061523 -0.081148 0.035695 -0.079029 0.087668 -0.077950
 -0.027809 0.065594 -0.044434 -0.066329 -0.038119 -0.069744 0.017863 0.054232 0.052922 -0.011427 -0.038420 0.029069 -0.039598 -0.098119 -0.056234 -0.070646
 0.031584 0.017604 -0.076327 0.071230 0.092519 -0.006675 0.009122 0.025962 -0.059442 -0.095148 -0.047778 -0.023038 -0.028047 -0.019733 0.037893 0.078442
 0.097230 -0.037153 -0.017119 -0.097271 -0.025983 -0.083171 0.011609 0.058431 0.086281 -0.027577 0.001939 -0.005675 -0.087171 0.034189 -0.097810 0.023935
 -0.000284 0.076478 -0.090502 0.086861 -0.068707 -0.082263 -0.046897 0.036698 0.004166 0.019774 -0.027210 -0.044528 0.074687 -0.052156 -0.085337 -0.015779
 -0.091041 -0.061481 0.076255 0.078276 0.094595 -0.052362 0.083425 0.057807 -0.091582 0.004711 -0.037434 0.053366 0.053985 -0.009642 0.026834 0.048109
 -0.019500 -0.025582 0.016003 0.021780 0.090142 0.050700 0.091430 0.017436 -0.063803 0.053923 -0.009810 0.050498 0.038419 -0.074644 0.090694 0.003104
 0.080960 -0.064288 -0.037668 0.070025 0.054847 0.016835 0.096768 0.089627 0.061242 -0.046373 -0.063398 -0.073708 -0.079118 -0.064455 -0.059610 -0.028049
 0.076454 -0.011019 -0.078331 0.045998 -0.058527 -0.051303 0.065761 -0.092202 0.013466 0.035895 -0.031077 -0.016798 -0.018576 0.026855 -0.078191 -0.025871
 0.034546 -0.081097 0.088320 0.096931 0.027983 0.083887 0.020933 0.036292 -0.044604 -0.087803 -0.088352 0.052414 0.079355 -0.026215 -0.090205 -0.067085
 -0.027736 0.036846 -0.089919 0.046027 0.045015 0.003127 0.056928 -0.056310 -0.014747 -0.091394 -0.038436 0.007106 0.020678 0.098814 -0.095331 -0.087323
 -0.043084 0.072679 -0.047565 -0.064611 -0.098604 0.011758 -0.050709 0.005688 0.043017 0.028131 0.018885 0.022706 -0.053862 -0.008425 -0.030014 -0.061778
 0.012958 0.078261 -0.010530 -0.025261 -0.077998 -0.041789 0.015196 0.040213 0.050636 -0.009340 0.086051 0.086995 -0.045658 0.032089 0.061027 0.071837
 0.064137 -0.025419 0.015924 0.078354 -0.094938 0.018704 0.018032 0.079623 -0.091088 0.043110 0.096473 -0.088465 -0.073014 0.067148 -0.011579 0.043168
 0.056831 -0.037592 0.094905 -0.066790 -0.053891 -0.095145 0.025509 0.088398 0.068204 -0.016621 0.017989 0.023462 -0.082438 -0.069760 0.023154 0.000842
 -0.014337 -0.072725 -0.032653 0.068069 0.061063 0.062419 0.042380 -0.097489 -0.055852 0.095156 0.071226 -0.035803 -0.091149 -0.003867 -0.025000 0.081854
 -0.071004 0.048859 0.054756 -0.039065 -0.052240 0.060080 0.083869 0.015629 -0.081342 -0.049454 0.044378 -0.089867 0.041839 0.021913 0.061619 -0.007381
 0.084808 -0.083595 0.069476 0.044142 -0.076254 0.016426 0.078090 -0.076115 0.013354 -0.029445 0.056622 0.003121 0.047918 0.065572 -0.066543 0.004658
 -0.040436 -0.007379 0.044502 0.029934 0.067257 0.007043 0.012341 -0.037226 -0.060264 0.077216 0.064152 0.000585 0.032249 -0.011614 0.053710 0.073453
 0.065433 -0.099425 0.044234 0.099150 0.065862 0.085872 0.043627 0.083477 -0.057365 -0.017574 0.011806 -0.086739 0.071697 0.067685 -0.053787 0.059999
 0.094659 0.088085 0.027484 0.054704 0.076526 0.050934 -0.057546 0.073711 -0.017308 -0.034843 -0.062822 -0.060936 0.043129 -0.061770 -0.003245 -0.055225
 -0.010717 0.014054 -0.019617 -0.000110 0.075591 -0.023346 0.030590 -0.088323 -0.022895 0.006108 -0.094813 0.017225 0.040214 0.047109 -0.069104 -0.008196
 0.028596 0.091059 -0.003323 0.025448 -0.036286 0.072377 0.069047 0.000757 0.050648 0.096570 -0.014870 0.048314 0.074933 0.058584 -0.061276 -0.072740
 -0.006136 -0.095260 -0.067400 -0.095728 0.086811 0.036555 0.050244 0.080435 -0.050814 0.052948 -0.084199 -0.094098 -0.095611 0.054756 0.036357 0.035212
 -0.031502 -0.089822 -0.016626 0.039698 -0.015953 0.005170 -0.027913 0.012419 -0.047401 -0.056264 0.025569 0.016946 0.032395 0.006521 -0.002067 0.068249
 0.032728 0.009155 -0.079049 -0.024079 -0.020235 0.028230 0.099020 0.026430 -0.071658 -0.045377 -0.060165 0.050551 -0.004958 -0.003668 -0.018529 -0.014303
 -0.044927 -0.040003 0.022871 -0.052782 -0.017499 0.017137 -0.092518 0.000772 -0.038885 -0.052195 0.026709 -0.032738 -0.058810 0.062671 -0.044022 -0.017778
 0.066519 0.023164 0.011142 0.072649 0.016545 0.051985 -0.015865 0.095643 -0.056084 0.084349 0.004635 -0.059129 0.054828 -0.024497 -0.091434 -0.003188
 0.002846 -0.078382 -0.008227 -0.065233 -0.065960 0.070987 -0.063014 -0.000201 -0.097009 -0.048802 0.055491 0.065994 0.016253 0.080376 0.059687 0.021233
 0.058741 0.065732 0.055245 -0.022395 -0.009439 0.075901 0.042082 0.090264 -0.054171 -0.013908 0.038622 0.053473 0.014228 -0.085072 -0.061950 -0.052777
 0.040262 0.007021 0.097847 0.027413 0.057283 -0.070331 0.020693 -0.058644 0.073954 0.089957 -0.019852 0.043875 0.067042 0.026072 -0.027430 0.089955
 0.046758 0.094324 0.048281 -0.066095 0.094720 0.060011 -0.076109 -0.052812 0.074694 0.011454 -0.002776 -0.078248 -0.038379 -0.003931 0.034524 0.055833
 0.042884 -0.079656 -0.028517 0.088215 0.030107 -0.082742 -0.046748 -0.062392 -0.026871 -0.005378 -0.000775 0.058420 -0.051280 -0.032402 -0.047791 0.026406
 -0.020193 -0.056777 -0.059936 0.012144 -0.031148 -0.020565 -0.049836 0.076286 0.099620 -0.052060 -0.055781 0.087534 -0.031459 -0.079345 0.007603 -0.073484
 0.049640 0.045589 -0.052499 0.063412 -0.016668 0.051426 -0.002824 0.058902 -0.027793 -0.032334 0.022123 0.013732 0.058774 0.037248 0.001756 -0.054985
 0.085617 0.056974 0.030475 0.064043 0.032537 0.023165 0.047240 -0.000289 -0.062811 0.061737 -0.045929 0.078670 0.039564 0.037181 -0.021699 -0.006122
 0.035700 0.040687 -0.096048 0.031403 -0.032265 -0.006511 -0.071809 -0.071435 0.043843 -0.090510 -0.073758 0.039117 0.033014 0.013962 -0.085199 -0.073495
 0.086710 0.045795 0.019065 0.015289 0.081103 0.011217 0.056038 0.079630 -0.025951 0.008658 -0.035486 -0.004094 0.096684 -0.005081 0.029870 0.031753
 -0.069108 0.030471 -0.083119 -0.015993 -0.062988 0.038379 0.042479 -0.008407 0.039188 -0.026842 -0.065793 0.035105 0.010344 0.093233 -0.052206 0.021820
 0.077350 0.073340 -0.083859 0.049549 0.035897 0.069211 -0.080054 -0.001895 -0.036917 -0.092884 0.001908 0.011903 -0.018793 -0.064325 -0.079793 -0.091269
 -0.095665 0.015245 -0.073504 0.030289 -0.038949 -0.039218 -0.062420 0.066486 0.073080 -0.009994 0.063138 -0.057325 0.003362 -0.091524 0.036783 0.010441
 0.060521 -0.063434 -0.094046 0.060062 0.083133 0.070005 -0.008978 -0.027407 0.044658 -0.040471 -0.032918 0.012526 -0.003328 0.091303 -0.020645 -0.034482
 0.056686 -0.085596 -0.016080 -0.002486 0.040948 0.050407 0.033110 -0.038638 0.038328 -0.089474 -0.078171 -0.057359 -0.053902 0.097635 0.023639 -0.051311
 0.020064 -0.074387 -0.049700 0.047529 0.081290 0.063301 0.091839 -0.079942 -0.054641 0.000516 0.096373 -0.061835 -0.019919 -0.037572 -0.029765 0.083986
 0.094079 -0.073746 0.031271 -0.035107 -0.003667 -0.067768 -0.047676 0.080517 -0.003875 0.001901 -0.069983 -0.052568 0.072741 -0.066520 0.064973 -0.011812
 0.057168 -0.079337 -0.090238 -0.013060 -0.091572 0.075147 -0.001019 0.042487 -0.087703 0.082642 0.045216 0.079515 -0.063570 0.000252 0.067808 -0.061317
 -0.027705 0.070264 0.082434 0.008720 0.018272 0.067228 0.024266 0.006864 -0.054819 0.061994 0.071955 -0.079712 -0.001106 -0.034908 -0.025566 0.048415
 -0.042108 0.047034 0.051363 -0.047876 -0.056603 -0.076402 0.052131 0.033429 0.015863 0.010972 -0.096738 0.018402 -0.036657 -0.063322 0.031629 -0.064175
 0.064154 -0.030680 0.084301 -0.076353 0.071239 -0.005428 -0.086018 -0.048179 0.082605 0.071771 0.040339 -0.042160 -0.004933 0.005274 -0.035456 0.083512
 0.094833 0.078654 0.023232 -0.000032 0.063159 0.037764 0.095140 0.036113 -0.011497 0.017979 -0.069613 -0.022596 -0.043111 0.052613 -0.047553 0.060567
 -0.016342 0.007159 0.049667 -0.057391 -0.015001 0.013306 -0.000283 0.046312 0.085958 0.066178 -0.025296 -0.053424 -0.069596 -0.060180 -0.072937 0.014618
 -0.053297 -0.090233 -0.044592 0.013632 -0.087526 0.051305 -0.065819 -0.038424 -0.064840 -0.053177 -0.090267 0.086333 -0.041271 -0.089245 0.040208 -0.057949
 0.015968 0.032492 -0.000898 0.009648 -0.041666 0.083218 -0.077041 -0.078914 -0.092602 -0.089721 -0.025046 0.060830 0.090108 0.041751 0.018420 0.009929
 -0.023869 0.097037 -0.039652 0.057982 -0.019373 -0.080275 -0.030267 -0.062910 -0.051678 -0.082702 0.056744 0.038774 -0.043733 -0.098252 -0.015487 -0.066668
 -0.063986 0.069992 0.023579 0.001205 0.071585 0.060787 0.092712 0.019206 0.032876 0.058850 0.008420 0.070643 -0.070481 -0.018579 -0.074209 -0.078370
 -0.064686 0.016675 -0.092955 -0.078082 -0.072503 -0.051847 -0.076823 -0.061910 -0.067050 0.077878 -0.028604 -0.072990 -0.078337 -0.022502 0.052069 -0.079409
 -0.025535 -0.071208 -0.015988 0.001285 0.014873 -0.012263 -0.003012 0.059335 0.065389 -0.083475 0.079202 -0.073334 -0.069363 0.099038 0.016112 -0.003538
 -0.045369 -0.052521 -0.023608 0.056226 0.037231 0.005719 -0.014712 -0.067626 0.092095 -0.019517 0.062483 0.040443 -0.040538 0.096396 -0.003537 -0.048518
 0.000786 -0.085195 0.075094 -0.070806 0.017130 0.087139 0.055824 0.062948 -0.056380 0.053337 0.067075 0.085851 -0.066389 -0.014878 -0.083305 0.047498
 -0.078727 0.053093 0.089858 0.087918 0.076050 -0.054210 -0.076188 -0.081646 -0.015131 -0.039676 -0.078088 0.073857 -0.084696 -0.022072 0.034355 -0.016077
 -0.009767 0.071967 -0.020573 0.051528 -0.007637 0.072462 0.011898 0.096162 -0.005902 -0.066126 -0.081910 0.033607 0.018104 -0.053762 -0.010940 -0.048715
 0.040677 -0.003364 -0.089986 -0.006121 0.076565 -0.098432 0.082896 -0.058349 -0.080371 0.083359 0.060510 -0.013217 -0.040021 0.088047 -0.053039 -0.000207
 -0.052983 -0.038500 -0.061809 -0.085754 0.060681 0.087251 0.042103 -0.012341 -0.015678 -0.089003 0.097009 0.004402 0.069024 0.088289 -0.025452 0.000561
 -0.082950 0.001753 0.022352 -0.027709 -0.003548 0.043490 0.084729 0.049975 0.064588 0.002505 0.016615 0.024336 -0.055079 -0.066340 -0.032175 0.048503
 -0.074031 0.082035 -0.072122 -0.060765 0.031469 0.041321 -0.013290 -0.081905 0.080600 -0.095478 0.057975 -0.008793 -0.078760 0.044269 -0.030999 -0.098392
 0.078014 0.060614 0.098305 -0.004837 0.055205 -0.069986 -0.050666 0.090213 -0.017647 -0.095287 0.058432 0.075020 -0.022990 0.036989 0.079657 0.022634
 -0.076963 0.020044 -0.054232 -0.052990 -0.005813 0.020279 0.076229 0.005075 0.033417 -0.079521 -0.095776 -0.017672 0.034522 0.033462 -0.081311 -0.021201
 0.059638 -0.073005 -0.011536 -0.002715 -0.038028 -0.092604 0.072981 0.057948 0.040407 -0.020805 -0.053887 0.058462 0.033328 -0.032910 0.074777 -0.097258
 0.079947 -0.046048 0.081339 -0.081465 0.072665 -0.062706 -0.032011 -0.051782 -0.094008 0.042343 -0.040047 0.010673 -0.059892 0.094784 0.043932 0.018828
 0.012717 -0.035148 -0.020100 0.052562 0.036853 -0.007399 -0.017646 0.070819 -0.030223 0.022929 -0.071320 -0.009621 0.095978 -0.053279 -0.056298 -0.099925
 0.015369 0.078216 0.075750 0.041776 -0.043550 -0.022640 0.095269 0.092666 0.028089 -0.042118 0.049238 0.063765 -0.048834 -0.023026 0.076791 -0.010936
 -0.031246 -0.031422 -0.043175 0.057997 0.043543 0.067872 0.052645 0.045853 0.083353 -0.068826 0.093290 0.090797 -0.045449 -0.032953 -0.072225 0.076379
 -0.018496 0.047862 0.002547 -0.021215 0.029435 0.076255 0.020980 0.038144 -0.060659 0.034125 0.049466 0.060306 -0.033456 -0.076122 0.042435 0.029103
 -0.025220 0.072568 0.098240 0.078969 0.011086 -0.037834 0.062619 -0.049229 -0.048176 0.017392 -0.055941 0.064695 -0.006085 0.028884 -0.009594 0.086732
 -0.012596 0.007576 0.074366 -0.038338 0.074159 -0.018769 -0.042044 -0.030293 -0.023696 -0.069613 -0.064371 -0.042820 0.018229 0.083112 0.043740 -0.058234
 -0.005590 0.007274 0.081016 -0.095534 -0.059330 -0.002871 0.030693 -0.010150 0.094384 -0.095536 0.087378 -0.033359 0.023371 0.005611 0.077894 -0.062156
 -0.084713 0.073732 0.038872 -0.080751 0.050019 0.015655 -0.004027 -0.027624 -0.032100 0.047230 0.052934 0.016304 0.010791 -0.012395 0.018176 -0.036931
 -0.080739 -0.058072 -0.001755 -0.012589 0.022754 0.010877 0.066237 0.032984 -0.022118 -0.008264 0.083429 0.062841 0.046315 -0.003895 0.014050 -0.094070
 0.038304 -0.072819 0.067082 0.034548 0.075681 0.056865 0.017398 0.089771 -0.085495 0.030512 -0.068458 -0.016755 -0.069632 -0.088999 -0.065009 -0.077381
 -0.088037 0.029108 -0.093684 0.048559 0.083948 -0.001142 0.002532 0.065933 0.084348 0.055339 0.025079 -0.072713 -0.095941 -0.088937 -0.016976 -0.082987
 0.044323 0.046039 0.016754 0.020403 0.039983 -0.087590 0.077970 -0.004527 -0.081860 0.034785 0.017839 -0.010410 0.053996 0.017217 -0.027259 -0.046469
 -0.045114 0.041777 0.029732 0.005781 -0.074383 0.077355 -0.045989 -0.017136 0.025750 0.052527 -0.084700 -0.008495 0.019414 0.081000 0.030062 -0.091353
 0.062907 0.001439 0.098987 -0.000195 0.082155 -0.036002 -0.043920 0.014447 -0.081750 -0.041699 -0.025437 -0.005903 0.000827 -0.042759 0.019312 -0.095190
 0.048008 -0.088425 -0.001071 0.016441 0.016709 -0.090205 0.096625 0.001992 0.016853 0.082442 -0.056153 -0.064632 -0.025053 0.022702 -0.079700 0.086098
 -0.072692 -0.066040 -0.088208 -0.083005 -0.054981 -0.039543 0.098343 -0.045904 -0.014919 0.072135 0.078261 0.025912 -0.086015 -0.014991 0.002951 -0.006703
 0.060717 0.038119 0.077531 -0.061764 -0.085460 -0.088760 0.022506 -0.054372 0.038662 0.072792 -0.010181 -0.005105 -0.034401 0.089871 0.054738 0.095496
 0.086379 0.059559 0.081140 -0.033382 -0.060687 -0.047194 -0.002279 -0.077940 0.028981 0.031581 -0.097894 -0.058795 -0.020513 -0.088407 0.049494 -0.070755
 0.023710 0.021372 0.077057 0.016552 -0.005124 -0.005473 0.005382 -0.013305 -0.028509 0.010618 0.049247 0.041822 -0.015414 -0.045804 0.070603 -0.063048
 0.087317 0.061271 0.020433 0.059187 0.056906 0.079018 0.013845 0.058961 -0.008092 -0.020736 -0.029672 0.057451 -0.058381 0.029510 -0.082112 -0.000914
 0.030311 0.020400 0.051223 -0.082428 -0.075346 0.022609 -0.028610 -0.085006 -0.057143 0.089346 -0.098041 0.018856 0.062075 -0.082276 -0.012202 0.010955
 0.014922 0.031919 -0.034031 -0.051371 -0.093372 -0.099548 0.026945 -0.008481 0.033987 -0.030213 -0.017214 -0.015038 -0.063666 -0.095639 0.073772 0.036827
 -0.047523 0.064259 0.086342 0.021558 -0.041015 -0.099444 -0.073352 0.084892 -0.050128 -0.032949 -0.050841 -0.002497 -0.085276 -0.048993 0.060215 0.058209
 -0.048233 -0.038165 0.068872 -0.033533 0.054815 0.032901 -0.064568 -0.059101 0.025075 0.065864 0.095739 0.023220 -0.014053 0.072941 0.068629 0.089979
 0.080703 -0.006651 -0.062157 -0.078027 0.081376 -0.095155 0.050267 -0.026814 -0.043569 -0.082645 -0.029237 0.094258 0.017058 -0.006980 -0.006046 -0.002794
 0.003319 0.065172 -0.072458 -0.099035 0.088778 -0.083443 -0.076744 -0.014218 0.033037 0.007021 -0.028491 0.032487 0.073764 0.027984 0.023218 -0.021588
 0.095857 0.053161 -0.054541 -0.039767 -0.024987 0.094508 -0.096808 -0.072614 -0.020606 0.035749 0.015160 0.000196 0.033659 0.084595 0.008629 0.020653
 0.037503 -0.051117 0.079683 -0.062247 0.076147 0.086952 -0.057896 -0.000149 -0.099725 0.084320 -0.020277 0.052829 -0.033869 0.071355 -0.030643 0.033757
 -0.089069 -0.044867 0.023864 -0.019557 -0.088664 -0.060504 -0.077407 -0.048067 0.088807 -0.095286 -0.062454 0.017572 -0.097645 0.086681 -0.065179 -0.061268
 0.055321 0.075587 -0.092358 -0.005563 -0.094786 0.049033 0.071008 0.051781 0.083823 -0.075231 0.064890 0.038995 0.005342 -0.082414 -0.033911 -0.069675
 -0.067124 0.065076 0.090371 -0.028609 0.018550 -0.075253 0.013483 -0.095753 -0.032028 0.061700 0.016271 0.074786 0.060861 0.086325 -0.053921 -0.078231
 0.019050 -0.013931 -0.096959 -0.037779 0.054198 0.098828 0.004306 0.069598 -0.074204 0.008744 0.039704 -0.078489 0.057272 -0.078764 -0.024645 -0.096184
 -0.037572 0.098668 -0.093814 -0.041173 0.040156 -0.051397 -0.068327 -0.080189 -0.039277 0.011125 -0.046605 -0.057407 -0.046051 0.091231 -0.028710 -0.000231
 -0.042827 0.040459 0.015277 0.015194 0.095470 -0.090516 -0.075510 -0.000626 0.025588 0.051648 -0.014869 -0.051085 0.015155 -0.018068 -0.068279 0.076238
 0.018136 0.088521 0.003469 -0.061838 -0.088855 0.096747 0.073224 -0.035302 0.025637 -0.022527 0.083031 -0.098944 0.032942 -0.089466 0.057643 0.035860
 0.045426 -0.072878 -0.033218 -0.062506 0.098731 0.055976 0.055958 0.022346 -0.004868 0.005070 0.099957 0.066865 0.084957 -0.028661 0.093981 -0.078922
 0.063196 -0.003194 -0.063790 0.032446 0.009687 -0.094263 0.033012 0.043239 0.079929 -0.015620 -0.007256 0.040429 -0.072025 0.089328 -0.088477 0.025302
 -0.090223 -0.073167 -0.092547 0.023945 -0.091321 -0.008391 -0.064603 -0.018111 -0.043905 0.042184 0.092628 -0.086424 -0.088871 -0.019066 -0.089989 0.076187
 -0.054551 0.063435 0.035418 -0.085960 -0.094988 -0.069762 0.025919 -0.092940 -0.094229 0.059347 0.009455 0.004420 0.027774 0.078455 -0.071073 -0.074313
 0.099339 0.004305 0.031212 0.095987 0.015235 0.051346 -0.055311 -0.039192 -0.027596 0.008318 -0.035725 -0.058903 0.008260 0.024157 0.041606 -0.073769
 0.042660 0.056829 -0.037595 0.056835 -0.020036 0.091337 0.079356 -0.070525 -0.062376 0.092742 0.064533 -0.053660 -0.081222 -0.085535 -0.057787 0.027268
 -0.076388 0.066915 -0.064043 -0.079964 0.025300 -0.036776 -0.026592 0.052336 -0.059487 0.096961 -0.094664 0.059377 -0.001615 -0.078951 0.043114 0.096844
 0.045351 -0.046731 -0.009652 0.037391 -0.084372 -0.060822 -0.033729 -0.093740 -0.060358 0.014939 0.034337 -0.001145 -0.064601 0.068248 -0.041774 0.096148
 0.054518 -0.099550 0.094422 0.069730 0.005359 -0.068764 0.080984 0.039024 0.092968 0.041547 0.065784 -0.052088 -0.072919 -0.083352 -0.091431 0.095920
 -0.040744 -0.067103 -0.012174 -0.001616 0.022128 0.021475 0.000945 0.009538 0.084564 0.045333 -0.060773 -0.009406 -0.067051 0.067543 0.038647 0.073114
 0.009787 0.004949 -0.020544 -0.021375 0.010870 -0.015730 0.051665 -0.005158 0.088766 -0.066642 0.091554 -0.031307 0.042742 -0.045878 0.033788 -0.002298
 0.055569 -0.009358 -0.086353 0.097740 -0.074572 0.049877 0.093828 -0.064295 -0.077089 -0.083654 -0.037930 -0.001344 -0.068228 0.002561 -0.012818 0.065043
 0.007644 0.010875 0.070583 0.068097 -0.040299 0.041090 0.046789 0.057791 -0.080458 -0.089171 -0.016546 -0.026250 0.002300 -0.087157 0.022191 0.067253
 0.079564 -0.009074 0.072734 0.010912 -0.006062 -0.043594 -0.041165 0.001906 0.069222 -0.015678 -0.041130 -0.093949 0.050272 0.021169 -0.027466 -0.061991
 0.056509 -0.038264 0.047750 -0.068426 -0.041158 -0.004563 0.015577 -0.036773 -0.073309 -0.052059 -0.053800 0.049347 -0.077580 0.064300 0.012506 -0.076510
 0.030981 0.080208 0.083651 -0.059766 -0.099731 -0.004238 0.064541 -0.019657 -0.012283 -0.023191 0.047581 0.005099 0.074795 -0.034989 -0.057135 0.022797
 -0.088530 0.093004 -0.009132 -0.021361 0.076087 0.048166 0.093621 0.092831 -0.000181 0.079592 0.077396 0.088310 -0.036030 -0.058762 -0.076172 -0.041012
 0.069226 -0.094545 -0.098038 -0.047394 0.056132 -0.083015 -0.048625 -0.094822 0.026587 0.055288 -0.067298 0.070381 -0.051145 0.041347 -0.080071 0.069159
 -0.026373 -0.049455 -0.042366 -0.012402 0.077808 -0.075222 -0.053200 -0.058579 0.056354 0.038175 0.035859 -0.020766 -0.046090 0.077981 -0.091200 -0.090372
 -0.080071 -0.026021 0.067132 0.058982 0.044534 0.054928 -0.086902 0.005038 0.068642 -0.019906 0.097232 0.091653 0.037068 0.065937 -0.027299 0.072426
 -0.069153 -0.087395 -0.044733 0.096275 0.081448 0.099640 0.014214 -0.053261 -0.012245 0.018549 0.075880 -0.043775 0.035424 -0.090354 0.045039 -0.018335
 0.065896 0.027394 0.021974 -0.086154 0.045668 -0.038887 -0.021124 -0.003832 -0.044000 -0.062642 -0.094551 -0.089375 0.076165 0.041937 0.047053 0.018332
 -0.032987 -0.015538 -0.093363 -0.033388 -0.041011 0.073242 -0.096107 -0.036117 -0.063429 -0.042088 0.043555 -0.051077 0.093818 0.060683 0.057568 -0.026115
 0.063137 0.095462 -0.037532 0.074262 -0.050891 0.091957 -0.049328 -0.012422 0.078687 -0.059471 -0.004832 -0.078690 0.067467 -0.030551 0.044116 -0.029529
 -0.076441 -0.097327 0.036477 -0.082089 -0.048476 0.094495 0.039423 0.034277 0.060715 0.061038 0.058777 -0.065617 -0.034533 0.072602 0.022393 -0.050723
 -0.074710 0.070333 -0.049429 0.047456 -0.049414 -0.027272 0.047070 0.086190 -0.082733 0.097800 0.002716 0.065603 -0.047948 0.019504 0.021643 0.031748
 -0.022343 -0.034010 0.026919 0.036944 0.071952 -0.073165 0.040387 -0.085068 -0.090607 -0.039576 0.014654 -0.039597 -0.005077 0.007536 -0.018354 -0.076924
 -0.062826 -0.088295 0.080687 -0.070297 -0.012721 0.099815 -0.036058 -0.033692 0.022109 -0.005917 -0.096351 0.047107 -0.036782 -0.077906 0.008759 0.044880
 -0.086432 -0.052402 0.083023 0.016280 0.010316 -0.081244 -0.019242 0.098431 0.004361 -0.013612 -0.028897 -0.083983 0.033613 0.051200 0.075811 -0.078388
 -0.085304 -0.087513 -0.093277 -0.023679 -0.033975 0.069507 -0.070202 0.012323 0.070059 -0.038774 -0.095943 0.062279 -0.063285 0.090033 -0.024143 -0.079217
 -0.011905 0.019338 -0.037078 -0.036003 -0.020584 0.048151 0.013394 0.063724 0.088721 -0.009610 -0.007657 0.043910 -0.043338 0.022585 -0.030724 -0.089035
 0.014931 -0.098536 0.013281 0.029029 0.054825 0.024236 -0.018444 0.086745 -0.027389 -0.046569 0.044453 -0.061505 -0.034410 0.004983 -0.031684 0.076113
 0.098072 -0.006186 -0.094620 -0.002260 0.031596 -0.039889 0.081782 -0.055961 -0.098869 0.000880 -0.081180 0.094878 -0.007633 -0.023823 -0.044700 0.003787
 0.057443 0.054408 -0.028004 -0.039971 -0.087671 0.022437 -0.023600 -0.010475 0.039716 0.072541 -0.024167 -0.059108 -0.042473 0.069591 0.062193 0.035540
 -0.047721 -0.015610 0.088562 0.094709 -0.060541 -0.016609 -0.072316 -0.087195 0.013187 0.020484 0.055402 0.012020 -0.095407 -0.085794 -0.093502 0.014826
 -0.006099 0.028911 0.019954 -0.055159 0.074914 -0.063892 0.099360 -0.045800 0.086388 -0.066855 -0.059236 0.079805 -0.039379 -0.015063 -0.042186 -0.069601
 0.052302 -0.016720 -0.035356 0.088436 0.044250 -0.058413 0.053798 -0.065150 0.043365 0.080439 0.093060 0.085127 -0.007105 0.000131 0.008733 0.079520
 -0.046793 0.039309 -0.035504 -0.078850 0.093838 0.053676 -0.002664 0.015717 0.039472 0.049791 0.040539 0.086888 0.023179 -0.003916 0.040400 -0.087072
 0.094450 0.047676 -0.043529 0.032244 -0.014999 -0.092255 0.077671 -0.038085 0.033138 -0.004143 -0.050535 -0.033889 0.077800 -0.095910 -0.095923 -0.026489
 0.083828 -0.055477 -0.039759 0.067066 -0.006071 -0.072804 -0.091044 -0.045530 0.066625 0.077944 -0.043884 -0.032369 -0.044617 0.045019 0.050999 -0.029928
 -0.013563 0.073371 0.003589 0.082601 0.094195 0.013634 0.097068 -0.009752 0.030318 -0.021884 0.020109 0.095707 -0.065183 0.055087 0.031273 0.072801
 -0.055234 0.086545 0.013610 0.079378 -0.024282 -0.091262 -0.015736 -0.000453 -0.021311 0.099094 0.006342 0.095381 0.092828 -0.066381 0.096180 0.026340
 -0.088791 0.035996 -0.080133 -0.035177 -0.095891 0.085854 0.063477 -0.031121 -0.091513 -0.083089 0.042571 0.075598 -0.076528 0.035799 0.010540 -0.040200
 -0.077244 -0.023864 0.089994 -0.040557 -0.049105 -0.030863 -0.070107 -0.067908 -0.024120 0.048974 -0.004514 -0.028703 0.080035 0.009357 0.044282 -0.063438
 -0.010432 -0.037559 0.059027 0.009416 0.093142 0.067460 -0.064291 -0.085070 -0.010373 0.063136 0.092846 0.030099 -0.011659 -0.043923 0.072213 -0.079435
 0.019778 0.084636 -0.050406 0.068110 -0.087219 0.020113 0.009205 0.016979 0.086035 -0.051912 -0.019141 -0.080323 0.041008 -0.068264 0.008716 -0.015735
 -0.045459 -0.010457 0.020029 0.013448 -0.039529 -0.028960 0.054483 0.093437 -0.065453 -0.019555 -0.086059 0.018328 -0.024112 0.061610 0.010333 -0.015720
 0.066684 0.013554 -0.051369 -0.014109 0.026335 -0.079048 -0.014812 -0.068629 0.083105 -0.061461 0.088613 -0.088627 0.094683 0.001665 0.067021 -0.013581
 -0.074684 0.065400 0.064648 0.015082 0.088133 0.053375 0.079055 -0.052637 0.089658 -0.019005 -0.096363 -0.058455 0.093518 -0.059348 0.095128 -0.060112
 -0.026852 0.027248 0.008276 0.082394 0.033569 -0.078291 -0.089343 0.053429 0.028318 0.086469 0.028017 0.060366 0.011832 -0.019960 0.032743 -0.094855
 -0.027551 0.040671 0.099472 -0.050258 -0.091536 0.002573 0.017402 0.049809 -0.088887 0.073837 0.010966 0.064944 -0.077578 0.045248 0.085163 -0.045494
 -0.020499 0.063558 -0.000763 0.089726 0.019147 0.089964 0.078889 0.053440 0.069481 0.054813 -0.050429 0.032378 -0.009818 -0.045646 0.058178 -0.034594
 0.084882 -0.012033 0.030016 0.088739 -0.054575 -0.094493 0.027720 0.095041 -0.041837 -0.018742 -0.081323 -0.076030 0.082086 -0.080334 -0.021412 0.002987
 -0.010296 0.046822 0.041894 -0.088288 -0.007831 0.053487 -0.093531 -0.026781 0.053960 0.022814 0.020626 -0.062580 0.087382 0.038217 -0.078858 -0.081002
 -0.054234 0.064723 -0.098784 -0.090042 0.064975 -0.056861 -0.045579 -0.088253 0.043012 -0.036115 0.075139 0.018437 -0.029714 0.000616 0.097677 -0.050411
 0.035475 0.000984 -0.026945 -0.085500 -0.047516 -0.051919 0.051778 -0.035612 -0.007588 -0.064988 0.072919 -0.093624 -0.048938 -0.069859 0.015034 -0.082875
 -0.031365 0.029099 0.079193 -0.057293 -0.066086 -0.038467 0.067426 -0.027735 0.075356 -0.012537 0.089193 -0.047818 -0.088895 -0.023415 0.011459 -0.019846
 0.041257 0.024765 0.088523 -0.004633 0.044501 0.051577 -0.009723 0.088399 -0.007236 0.054806 -0.006080 0.072776 0.028735 0.052094 -0.078822 -0.040739
 0.070168 -0.016414 0.070773 0.003881 -0.026111 0.021817 0.013015 0.095126 -0.014357 0.082770 0.013475 -0.051136 -0.037951 0.073511 0.020414 0.071992
 0.089038 0.084952 -0.067102 0.094486 0.016248 -0.076352 0.015548 0.000940 0.020527 -0.013151 0.050019 0.082987 0.063999 -0.087897 0.099184 -0.008028
 -0.089279 0.096241 0.058031 0.083837 0.040883 -0.019677 0.091126 0.068915 0.032832 0.043600 0.044738 0.018021 0.050405 -0.028548 -0.073792 -0.099166
 -0.096441 0.016449 -0.081774 -0.092272 -0.020889 0.034186 0.064893 -0.004611 0.020632 -0.070972 0.096418 -0.065006 0.019156 0.076232 -0.077371 -0.011570
 -0.068192 -0.090460 -0.007274 0.097784 -0.043020 -0.016077 0.077862 0.045770 0.015279 0.087940 0.098317 0.049541 0.035225 -0.062182 0.053241 -0.091509
 -0.023758 -0.086943 -0.007826 -0.042454 0.016683 0.020046 -0.095558 -0.064878 0.097784 0.099655 -0.079386 0.034890 0.051429 0.009869 0.046615 0.088589
 0.080380 -0.052394 0.064243 -0.098451 0.023287 0.010462 0.064481 -0.014173 -0.025370 -0.019139 0.061637 0.060229 0.084761 -0.029613 -0.044445 0.072536
 0.021544 0.013894 -0.054202 0.001801 -0.081200 -0.063392 0.041983 -0.005866 0.048246 -0.012887 -0.055039 -0.097297 0.003950 0.048693 0.058383 0.046728
 -0.081287 -0.008954 -0.096120 0.047010 0.029556 0.056501 -0.061557 0.092523 -0.035087 -0.003686 0.055072 -0.095687 -0.077722 -0.030767 0.078201 0.032345
 -0.055011 0.075803 0.014933 0.008038 -0.073152 0.059854 -0.021367 0.038691 -0.086376 0.094309 -0.049332 0.087257 -0.090231 -0.048456 -0.072566 0.076232
 -0.091828 -0.008139 0.084548 0.000454 0.043833 0.090463 -0.029875 0.056231 -0.069456 -0.059625 0.081459 0.077404 0.031845 0.049211 -0.008384 -0.009223
 0.021094 -0.029400 0.065470 -0.039724 -0.048550 -0.053008 0.000723 -0.099174 -0.002770 0.083516 -0.081503 -0.084426 -0.043159 0.059135 0.092811 -0.015033
 -0.017632 0.064718 0.046761 0.015294 0.077993 -0.000268 -0.012287 -0.002572 0.061965 0.010535 0.009614 0.099177 0.048382 0.097448 0.039103 0.005856
 -0.019267 0.079006 0.045070 -0.022237 -0.011191 0.022080 0.021399 -0.033647 0.066954 0.076803 -0.082110 -0.064829 -0.006879 -0.007015 -0.031285 0.010953
 0.011758 0.066299 -0.022447 0.028786 0.021816 0.061073 -0.059009 0.022201 0.024414 0.069540 0.086131 0.099668 0.083124 0.024391 0.040279 -0.047535
 -0.077964 -0.053735 0.041220 0.021940 0.007954 -0.085618 0.089832 -0.049383 -0.064647 0.075231 0.086130 -0.092036 -0.009741 -0.098052 0.057202 -0.037617
 -0.072838 0.007042 0.082578 -0.051148 0.038904 0.029916 0.035032 0.083221 0.002074 0.059118 0.054282 -0.026373 -0.021027 0.064012 0.080013 0.097123
 -0.094597 0.066954 -0.043013 -0.085915 0.058469 0.058706 0.055622 -0.014028 -0.005760 0.027938 0.012268 -0.002496 0.075947 0.090798 0.036646 -0.025603
 0.079776 0.022668 -0.017942 0.020754 0.065101 0.024493 -0.079759 -0.001272 -0.029303 -0.093332 0.085698 0.008913 0.012030 0.075831 0.063029 -0.016850
 0.059451 0.035345 -0.081373 -0.088175 0.037316 -0.079842 0.022065 -0.036542 0.068126 0.018606 -0.031418 -0.001905 0.033616 -0.019041 -0.021181 0.011198
 0.045835 0.072554 0.048945 0.009458 -0.056792 -0.005527 0.057112 -0.062855 -0.007718 0.019908 -0.032390 0.069519 -0.030654 0.001526 0.066357 0.027472
 -0.018450 -0.063417 0.015540 -0.071477 -0.033743 -0.055695 0.052058 0.055462 -0.014660 0.060794 -0.081567 -0.066414 -0.054969 0.071700 -0.004798 -0.071389
 -0.096698 0.068256 -0.092271 -0.071543 -0.027885 0.064612 -0.096068 -0.055653 0.089193 0.030496 0.059487 -0.091479 -0.085815 -0.001606 -0.063773 0.047354
 0.016911 -0.096707 0.043031 -0.013702 -0.059688 -0.006438 0.067326 0.077940 -0.008278 0.093024 0.047160 0.039891 -0.040839 -0.086133 -0.096027 0.083882
 -0.032278 -0.012741 0.027379 -0.071372 -0.085703 0.093902 -0.090184 0.095458 0.057771 0.060290 -0.050974 0.035596 0.032698 0.000496 -0.021487 -0.094427
 0.021788 -0.094324 -0.072093 -0.058962 -0.050022 -0.044702 -0.006034 0.055670 -0.050974 0.068396 -0.076421 -0.090659 0.041405 -0.057589 -0.047781 0.050751
 0.028946 -0.074526 0.075085 -0.095501 0.033577 0.033058 0.055023 0.071499 0.025301 0.098099 -0.032187 -0.016515 -0.067523 -0.081113 0.003615 -0.065339
 -0.033849 0.010932 0.073544 0.052470 0.048144 0.090541 0.091975 0.092326 0.049728 -0.079865 0.021683 0.006896 0.036569 -0.035328 -0.064796 0.062949
 0.034045 -0.059628 0.002214 -0.028083 -0.041379 0.001925 0.028063 0.073193 -0.054775 0.001699 0.050375 -0.041107 -0.011575 0.087578 -0.058106 0.007795
 0.012127 0.055317 -0.052951 0.093233 0.022870 -0.009967 -0.025032 -0.007429 -0.099962 0.012383 0.035174 -0.006829 -0.022041 0.042730 0.081718 0.003064
 0.004868 -0.010841 -0.083108 -0.052715 0.095013 0.097889 -0.010031 0.050381 0.015200 0.082395 -0.030797 -0.066542 0.054027 0.024881 -0.017362 -0.059989
 -0.079946 0.003405 -0.026674 0.062694 -0.008150 -0.062477 0.010461 -0.016313 0.000734 0.070074 0.018676 0.054883 0.027548 0.056330 0.032092 -0.053052
 -0.050489 0.023446 0.044676 0.016464 -0.000488 0.076038 -0.001720 0.080893 -0.099018 0.017256 0.035615 -0.036847 0.047570 -0.050160 0.035678 0.003969
 -0.065920 0.088298 0.068106 -0.057330 -0.094531 -0.019536 0.055985 -0.077662 0.093090 0.003390 -0.095919 0.066508 -0.085849 -0.093980 0.094528 0.094981
 0.092713 0.081117 0.047788 0.000368 -0.054241 -0.078681 0.041009 -0.050987 -0.076456 0.090513 0.034741 -0.019993 0.079948 0.048221 0.044802 0.048013
 -0.035262 0.093529 0.077202 0.050903 -0.039223 0.094212 -0.044486 0.088508 -0.036394 0.019520 0.066115 0.004771 -0.071765 -0.063083 0.098147 -0.038469
 -0.047431 0.035579 0.076733 0.025126 -0.048518 0.063664 0.063843 -0.014073 0.063020 0.047485 -0.063579 0.029514 0.096019 -0.063100 -0.041242 0.096305
 -0.052892 -0.047002 0.056521 -0.066134 -0.066300 -0.026994 -0.078748 0.029094 -0.032459 0.045534 -0.038511 -0.046925 0.070229 -0.080471 -0.082397 -0.097288
 0.075989 0.017262 0.087108 0.022726 -0.006123 -0.085073 0.087389 -0.091118 0.086739 -0.056274 -0.095240 -0.022190 0.078647 0.092410 0.027272 0.064872
 0.087438 -0.092379 -0.091091 -0.073789 -0.010472 -0.047668 0.054049 -0.031252 -0.096548 0.050788 0.050438 -0.047317 -0.075993 -0.046622 -0.028525 0.038178
 -0.085393 0.038498 0.096412 0.046433 0.064518 -0.099825 0.065175 0.051669 0.054651 0.003290 -0.052776 -0.098632 0.010028 -0.064340 -0.093863 0.070945
 -0.068795 -0.005455 0.067506 0.005051 0.030043 -0.054094 -0.049737 0.065556 0.099133 0.052646 0.035499 0.011344 -0.018028 -0.018349 -0.086061 0.015516
 -0.097384 0.010129 -0.008837 -0.037219 0.010215 0.091020 -0.060197 0.020003 0.052310 0.092244 -0.056393 0.051966 -0.074037 -0.029952 -0.042736 0.041300
 0.013816 0.099645 -0.050981 0.068140 0.096217 -0.068920 -0.066380 -0.094049 -0.005738 -0.089828 -0.019691 -0.053908 0.039982 -0.088562 0.070868 0.054597
 0.004323 -0.087618 -0.063478 -0.084907 0.096908 -0.032603 -0.085366 0.052168 -0.060188 0.086977 0.078086 -0.045383 -0.038240 -0.074109 0.047327 0.033350
 0.098232 0.050986 -0.068394 -0.084581 -0.039910 -0.096305 0.018325 -0.063003 0.044788 0.089701 -0.060775 0.033738 0.047137 0.033295 -0.061033 -0.092938
 -0.083147 0.024733 -0.080731 0.000001 -0.073767 -0.093586 -0.040821 -0.085028 0.020224 0.023413 0.070356 0.049301 0.046810 0.020052 0.054938 0.058668
 0.063016 0.040811 -0.034957 0.082071 -0.088673 0.056243 0.018511 -0.073981 0.080267 -0.084596 -0.069715 -0.034130 -0.019297 -0.081487 -0.082555 -0.024102
 0.091504 0.004557 -0.008205 -0.056604 -0.098044 0.072583 -0.057690 -0.063695 -0.050559 -0.028199 0.099049 0.071641 -0.031788 -0.026638 -0.061001 -0.079349
 0.025180 0.095012 -0.069184 0.092362 -0.008315 -0.023267 0.080127 0.087447 0.089426 0.045168 -0.057494 0.042761 -0.037424 0.012728 0.098621 0.091764
 -0.080187 -0.017346 -0.098364 0.048706 -0.066076 0.029219 0.076461 -0.020641 -0.095735 0.039155 -0.010270 0.057179 0.052329 0.053061 0.094665 -0.044432
 0.083691 -0.092671 0.019804 -0.091224 0.003187 -0.026127 -0.096599 -0.039978 -0.010925 -0.036055 0.095579 -0.046006 -0.059095 0.023908 -0.064916 -0.081396
 0.060388 0.068545 0.057338 0.079955 0.074221 -0.045023 0.092303 0.039030 -0.048811 -0.081948 0.073261 0.049650 -0.074604 0.058640 0.065830 -0.050809
 0.057530 0.055988 0.090493 0.006356 -0.002207 -0.002364 0.081791 0.085797 -0.045833 -0.080879 -0.070616 0.007952 0.070289 -0.087169 0.078656 -0.089540
 0.064113 -0.066378 -0.006064 -0.099608 0.063886 -0.026960 0.089113 -0.084348 -0.074384 -0.027316 0.014481 0.041205 -0.066855 0.068896 0.098943 -0.060306
 -0.081667 -0.048656 -0.047284 0.034864 0.017091 0.051192 -0.005086 0.036989 -0.086635 -0.028734 0.046695 -0.024307 0.086594 -0.011074 -0.093707 0.083681
 0.041200 -0.020854 0.092863 0.003822 0.057676 -0.042458 -0.004379 -0.046791 0.096563 -0.085471 0.034665 0.099835 0.067622 0.084349 0.087657 0.091626
 0.060186 0.080010 -0.086062 0.065963 0.095366 0.015408 -0.076521 -0.071596 -0.076704 -0.069307 0.000162 0.045924 -0.077920 -0.010457 -0.057912 -0.058745
 -0.007256 0.097423 -0.084113 -0.030873 -0.002506 -0.016146 -0.077727 -0.027616 -0.045182 0.066434 0.068324 0.072681 0.037583 -0.024715 -0.075309 0.063190
 0.074083 -0.019093 -0.052270 -0.005009 0.093406 -0.033700 -0.054449 -0.093878 -0.009756 0.063227 0.026943 -0.053183 -0.098801 -0.097592 -0.092244 0.006441
 -0.056177 0.091808 -0.068914 -0.089142 0.007067 0.052687 0.064707 0.047120 -0.015924 -0.011209 0.059320 0.043045 -0.062283 0.091910 -0.054945 -0.065896
 -0.039654 -0.001046 0.024355 0.079358 -0.036088 0.039024 -0.076195 -0.092988 0.025529 -0.005873 -0.015188 -0.073025 -0.094113 0.053737 -0.010174 0.096988
 0.030436 0.020707 -0.048877 0.083018 -0.075571 -0.038115 -0.031259 -0.029119 -0.095707 -0.069144 0.001286 -0.024718 0.033090 -0.097281 -0.086405 0.095550
 -0.002711 0.037944 0.084190 0.024045 -0.001189 0.002975 0.028476 -0.071846 0.012131 0.096809 -0.052084 -0.059328 -0.058861 -0.068854 -0.041080 -0.037415
 -0.014809 0.033521 0.093383 0.071846 0.032407 -0.097661 -0.072823 0.063064 -0.047655 -0.055772 -0.067421 0.055737 -0.029137 -0.020108 -0.036193 -0.026993
 0.094834 -0.077256 -0.053688 0.055077 -0.021557 -0.066448 0.080580 -0.012789 0.003763 0.097079 0.069155 0.059176 -0.007629 -0.095185 0.069870 -0.098786
 0.022507 0.092595 0.050777 -0.061685 0.060748 0.089159 0.031223 0.055632 -0.074436 0.009411 -0.013204 -0.080650 0.028019 -0.089155 0.087956 -0.006318
 0.085121 -0.040332 -0.093117 -0.014136 0.054359 -0.087083 -0.070348 -0.082027 0.043165 0.071061 -0.042840 -0.013743 -0.059337 0.089390 0.011324 0.049588
 0.078477 -0.095122 0.044730 0.003823 0.092028 -0.013132 -0.056294 0.006344 -0.086219 0.028692 -0.004662 0.050702 0.090241 -0.002333 0.077764 -0.056865
 0.096707 0.094049 -0.017011 0.085735 0.029194 0.096158 0.012809 0.085379 0.093752 0.002798 -0.042522 -0.051704 0.079476 -0.095662 0.054661 0.008818
 -0.068878 -0.039510 0.047272 0.029082 -0.077018 -0.095717 -0.051636 -0.019603 -0.029117 -0.055119 0.045146 -0.046930 -0.016563 -0.065530 -0.089227 -0.078145
 0.078825 -0.042195 0.090866 0.029369 0.047171 -0.060381 -0.006419 0.051042 -0.022104 -0.013877 -0.084878 0.004365 -0.060508 -0.008206 -0.036412 -0.074220
 -0.085026 -0.005260 0.088024 -0.048694 0.016238 -0.070710 0.077867 -0.071552 0.002652 0.094370 0.037882 -0.041965 -0.076967 0.051555 -0.082700 0.056537
 -0.096371 0.069223 0.080537 0.092535 -0.040384 -0.031959 -0.085004 -0.006700 0.046338 0.090367 -0.036326 0.068592 -0.059003 -0.071043 0.021596 -0.054070
 -0.082058 0.029281 0.005864 -0.039410 -0.075629 0.042774 0.061853 -0.003010 0.000817 -0.096329 0.095008 0.081211 -0.002495 0.022620 -0.054184 -0.049150
 0.099192 0.053504 -0.033571 0.057678 -0.071523 0.076050 0.016064 -0.082142 -0.023596 0.056282 -0.028036 0.020484 -0.089513 0.074861 0.050030 -0.045315
 -0.003877 -0.042449 -0.018911 -0.072702 -0.094518 -0.085333 0.062248 -0.085351 0.036783 0.079621 0.013729 0.093962 0.087114 -0.087693 0.056410 0.090594
 -0.069772 -0.093639 0.012388 0.039443 -0.007385 -0.000115 0.002724 0.070418 -0.026756 -0.010522 0.016580 0.041498 -0.027909 0.018933 0.085922 -0.073556
 0.091814 -0.080403 0.066758 0.000133 0.007338 0.057400 0.066715 0.057175 0.091851 -0.002215 0.014612 0.064125 -0.070422 -0.081994 0.075524 -0.045416
 -0.012005 -0.025693 -0.001581 -0.032852 0.007619 0.011115 -0.001409 -0.051633 -0.080902 0.003497 -0.066568 0.011966 0.042231 0.052523 -0.090265 -0.024832
 -0.028590 0.005997 0.028736 0.082768 -0.090020 0.019114 0.018266 0.045818 -0.014145 -0.085091 -0.096559 -0.074083 -0.099911 0.060004 -0.051640 0.063199
 -0.091291 -0.053314 -0.058205 -0.009692 -0.009492 0.019702 -0.072013 0.087747 -0.039293 -0.031382 -0.038190 -0.097853 0.037880 -0.089988 -0.096552 0.014073
 0.004031 -0.023208 0.037613 -0.083415 0.093846 0.028660 -0.048167 0.028140 -0.013806 0.056997 -0.004367 0.038078 -0.076557 -0.091197 -0.062374 -0.069193
 -0.015652 0.071108 0.056167 0.091349 -0.099779 0.021835 0.047737 0.042347 0.090573 0.040559 0.098471 0.039300 0.054230 0.002706 -0.034715 0.069010
 -0.040669 0.060562 0.016227 0.049110 -0.066907 0.064577 -0.037594 -0.039506 0.032712 -0.091836 0.061703 -0.060660 -0.056981 0.035623 -0.073192 -0.055549
 0.016940 -0.034301 0.095822 -0.044295 0.001584 0.079669 -0.079812 0.030822 0.006549 0.095462 0.071721 0.067653 -0.043782 -0.080130 0.031986 0.049287
 0.026675 0.098229 0.078202 -0.024136 -0.066124 -0.027730 -0.049967 0.029859 -0.068094 0.032548 -0.023587 -0.028581 0.075877 0.043972 -0.046895 -0.095121
 -0.082468 -0.087330 -0.023120 -0.045694 0.003886 0.054906 0.064699 -0.013456 -0.025293 -0.063478 -0.076577 -0.092789 -0.046209 -0.017464 0.089453 -0.089664
]
Total memory size for keys: rot_key_cnt = 41, rot_key_size = 515909232 bytes, total_key_size = 538978336 bytes
Total memory size for weight plain: cnt = 291, size = 455627224 bytes
RTLib functions         	       Count	      Elapse
--------------------    	    --------	    --------
FINALIZE_CONTEXT        	           1	    0.002602 sec
PREPARE_CONTEXT         	           1	    2.512324 sec
ENCODE_ARRAY            	         292	    1.808285 sec
NTT                     	        1760	    2.058378 sec
INTT                    	         176	    0.225948 sec
MAIN_GRAPH              	           1	    3.806830 sec
 HW_ADD                  	        2240	    0.131419 sec
 HW_MUL                  	        1736	    0.518126 sec
 HW_ROT                  	         378	    0.027432 sec
 COPY_POLY               	           1	    0.000038 sec
 EXTEND                  	          34	    0.029495 sec
 PRECOMP                 	          42	    0.727130 sec
 MOD_DOWN                	          22	    0.191295 sec
 DOT_PROD                	          84	    0.300674 sec
 RESCALE_POLY            	           6	    0.018718 sec
 COPY_CIPH               	          13	    0.007946 sec
 INIT_CIPH_SM_SC         	         364	    0.006099 sec
 INIT_CIPH_UP_SC         	         290	    0.034398 sec
 INIT_CIPH_DN_SC         	           3	    0.000152 sec
 PT_ENCODE               	         291	    1.803833 sec
MAIN_GRAPH              	   sub total	    3.796754 sec
6.39s 650728KB
Exit 0 - Check log: /app/ae_result/hpao/i32x16x16_ci32_co32_k3p1s1.moddown.log
LINK_EXEC RETV:0
LINK_EXEC CMD TIME:7.169212s
