FAST_DOT_PROD=1
/app/hpao_cmplr/bin/fhe_cmplr /app/model/i512x4x4_k2p0s2.onnx -o /app/ae_tmp/i512x4x4_k2p0s2.onnx.c -VEC:conv_fast -VEC:ms=32768 -CKKS:N=65536 -P2C:df=/app/ae_tmp/i512x4x4_k2p0s2.onnx.weight -CKKS:sk_hw=192 -O2A:ts -FHE_SCHEME:ts -VEC:ts -SIHE:ts -FHE_SCHEME:ts -POLY:ts -P2C:ts -CKKS:ts:q0=60:sf=56 -POLY:ts -P2C:ts -P2C:fp -SIHE:relu_vr_def=10
[/app/hpao_cmplr/bin/fhe_cmplr][ONNX2AIR][--] : phase_time = 0.000141 / 0.000272(s)
[/app/hpao_cmplr/bin/fhe_cmplr][SCHEME_INFO_ANALYZE][--] : phase_time = 0.000013 / 0.000291(s)
[/app/hpao_cmplr/bin/fhe_cmplr][VECTOR][--] : phase_time = 0.035394 / 0.035688(s)
[/app/hpao_cmplr/bin/fhe_cmplr][SIHE][--] : phase_time = 0.007292 / 0.042995(s)
[/app/hpao_cmplr/bin/fhe_cmplr][CKKS][--] : phase_time = 0.007453 / 0.050458(s)
[/app/hpao_cmplr/bin/fhe_cmplr][POLY][--] : phase_time = 0.028972 / 0.079438(s)
[/app/hpao_cmplr/bin/fhe_cmplr][POLY2C][--] : phase_time = 0.008579 / 0.088026(s)
COMPILE RETV:0
COMPILE CMD TIME:0.099352s
/app/hpao_cmplr i512x4x4_k2p0s2.onnx /app/test/i512x4x4_k2p0s2.c i512x4x4_k2p0s2.onnx.c
ckks_param: _provider = 0, _poly_degree = 65536, _sec_level = 0, mul_depth = 5, _first_mod_size = 60, _scaling_mod_size = 56, _num_q_parts = 3, _num_p = 2, _num_rot_idx = 515,_hamming_wieght = 192
input(tensor): [
 -0.070670 -0.065984 -0.009518 -0.011723
 -0.009629 -0.080420 0.046317 0.086809
 0.071980 0.047894 0.069618 0.070432
 -0.000321 0.020206 0.069209 -0.028901
 -0.032239 0.058434 -0.047654 -0.018675
 -0.042575 0.018973 0.064697 0.011360
 0.007079 0.066441 0.043921 -0.092107
 0.059301 -0.064424 0.021858 -0.087029
 -0.093656 0.064521 -0.061861 0.047162
 0.089357 0.043945 -0.031689 0.054813
 -0.040831 0.019124 0.045894 -0.021548
 0.078679 -0.024284 0.085857 0.008970
 0.069502 -0.053249 -0.018725 0.096183
 0.054653 0.057737 0.006535 -0.014985
 0.023444 0.055105 -0.058182 0.088151
 -0.021576 0.057358 -0.067546 0.055898
 0.023347 -0.078845 0.015958 0.060810
 -0.064714 0.031833 0.078243 0.010564
 0.086322 -0.064800 -0.070341 0.080389
 -0.025222 0.058017 -0.025111 0.092587
 0.062047 0.093446 -0.000107 0.060055
 0.065877 0.006184 0.049269 -0.030718
 -0.036929 0.065201 0.032909 -0.083591
 0.041429 0.090169 -0.000808 -0.077836
 -0.079268 -0.076963 -0.089058 -0.062414
 -0.047543 -0.051159 0.031682 -0.045532
 -0.056654 0.024427 0.033061 -0.029911
 0.056188 -0.033875 0.040391 0.075549
 -0.020243 0.050561 -0.061137 0.005216
 -0.017498 0.029849 -0.081516 -0.097924
 -0.068473 0.092866 -0.046770 0.047796
 -0.082531 0.027173 0.010948 -0.048359
 -0.022439 -0.037150 -0.072462 0.011004
 -0.075247 -0.027810 -0.017734 -0.041251
 -0.049516 -0.041078 -0.076919 -0.038784
 -0.060187 -0.028663 0.077204 -0.000948
 -0.001302 -0.097565 -0.091583 0.027049
 -0.015822 0.039999 0.058824 -0.042430
 -0.010054 -0.098973 0.012479 -0.023247
 -0.060620 0.033188 0.060350 -0.057525
 -0.036797 -0.088167 0.075480 0.086100
 -0.097478 0.019677 0.015524 0.083254
 0.033580 0.086946 -0.067195 0.046329
 0.075953 0.011670 -0.025917 -0.038558
 0.076107 0.029345 0.026472 -0.070114
 0.047802 0.087991 0.067582 0.095897
 -0.099365 -0.086343 -0.082269 -0.006624
 -0.093132 0.062758 -0.052744 0.007789
 -0.000805 -0.023831 0.033585 0.039061
 -0.036139 -0.053043 -0.049901 -0.031962
 0.018217 0.007122 0.020723 0.090587
 0.060446 -0.005333 -0.089329 -0.025400
 0.034486 -0.028184 -0.015142 0.066889
 -0.010742 0.025899 -0.099823 -0.098450
 0.099385 0.070123 0.076397 -0.089507
 -0.085346 -0.009866 0.046163 -0.035127
 -0.075489 0.005133 0.068803 -0.075905
 -0.094121 -0.044866 -0.045787 -0.081960
 0.071493 -0.075653 -0.068817 -0.084246
 0.040832 0.041432 -0.040624 -0.004699
 0.041130 -0.017305 -0.089262 0.036990
 -0.067255 -0.097259 0.042652 -0.022759
 -0.007765 -0.082474 0.054205 0.091040
 0.053208 0.034451 -0.029963 0.026499
 0.016940 -0.067785 0.020699 -0.057578
 -0.025865 -0.045216 -0.018429 -0.049149
 -0.048850 -0.047863 0.066313 0.028820
 -0.094166 -0.007928 0.047780 -0.012490
 0.087907 -0.041638 -0.054212 0.032671
 0.024223 -0.005249 0.092805 0.080449
 -0.042180 -0.093877 0.078922 -0.043695
 0.099439 -0.013283 -0.095512 0.033716
 -0.000657 0.081022 -0.042778 -0.084086
 -0.077177 -0.036869 0.025458 -0.051034
 0.041899 0.052436 -0.064244 0.017603
 0.090870 -0.058582 -0.026944 -0.095136
 -0.025791 0.058515 -0.005259 -0.065177
 -0.054571 -0.041551 0.056358 -0.075580
 0.069665 -0.000305 -0.037576 0.029310
 0.046028 -0.025919 -0.069822 0.082477
 0.020477 0.088822 -0.096921 0.041887
 -0.061444 -0.002247 -0.071075 -0.022837
 -0.091990 0.047987 0.061165 0.086933
 0.079442 -0.052621 -0.048449 0.058569
 -0.095141 -0.035769 -0.058390 -0.009469
 0.099199 0.033153 0.000358 0.045097
 0.065308 0.097279 -0.069856 0.030262
 -0.042017 0.073796 0.024079 0.095778
 0.041612 0.056072 -0.061068 0.060244
 -0.043753 -0.053793 -0.010892 0.032015
 0.079046 0.062663 -0.033330 0.083872
 -0.026323 0.045753 0.007425 -0.074264
 0.090963 -0.039616 0.025035 0.090702
 -0.065154 -0.041495 0.037066 0.024980
 0.010656 -0.059426 -0.096741 0.002530
 -0.035140 0.003008 -0.024684 0.073514
 0.054874 0.045074 -0.062044 -0.064176
 0.099092 -0.068100 -0.043514 0.071142
 0.098971 0.003752 -0.040889 -0.022034
 -0.009190 0.075026 -0.094755 -0.076820
 0.066102 -0.022023 0.076072 -0.058329
 0.080687 -0.012558 0.082017 -0.034555
 0.099745 -0.021615 -0.024547 0.023912
 0.021206 0.020763 0.045353 -0.037783
 0.088585 0.001333 0.004326 0.008687
 0.053449 0.061751 0.079151 0.058877
 0.080676 -0.073501 -0.036341 -0.005435
 0.014807 -0.034770 0.015174 -0.080076
 -0.004121 -0.038885 0.093108 0.037895
 0.062445 0.076687 -0.032367 -0.098182
 -0.045931 -0.060085 0.099369 -0.015896
 -0.093530 -0.058051 -0.005624 0.008645
 -0.033369 0.030268 0.098218 -0.007167
 0.059140 0.034610 0.043678 0.040685
 0.002190 -0.043109 0.056219 0.019490
 0.071800 0.094416 0.016450 0.034757
 0.027336 -0.018188 0.082607 -0.095768
 -0.013224 0.012633 -0.061135 -0.048311
 0.047585 -0.073111 -0.025049 -0.099812
 0.083776 -0.095679 0.005989 0.098670
 0.069365 -0.061956 -0.014391 0.095084
 -0.011739 0.002664 -0.024133 -0.038240
 0.055777 0.020294 -0.083406 0.018612
 -0.047029 -0.070327 0.041024 -0.049218
 -0.089771 0.033058 0.094963 -0.013347
 0.035525 0.086124 0.063509 -0.029348
 0.091946 -0.037090 0.026787 0.011061
 -0.060536 -0.064929 0.090386 -0.062507
 0.086849 0.074347 0.065256 0.064614
 -0.005698 0.073515 -0.054997 0.084707
 0.032518 -0.083819 0.093670 0.068098
 -0.003628 -0.003266 0.005201 0.072301
 -0.035628 0.089907 -0.049458 0.088349
 -0.003731 0.070454 0.079963 0.066960
 -0.018477 0.078909 -0.002821 0.059446
 0.068364 -0.038572 0.019174 0.004467
 -0.048866 -0.095763 -0.025758 -0.002414
 0.098452 -0.083006 0.030185 0.064668
 -0.076114 -0.091639 0.023702 -0.034539
 0.005999 0.002587 -0.079144 0.088565
 0.024875 -0.006117 -0.001836 0.097305
 0.004950 -0.028191 0.056701 0.064129
 0.052039 0.046399 0.087174 -0.037437
 -0.079412 0.039647 -0.078368 0.003990
 -0.029993 0.042580 -0.093612 0.072653
 -0.098743 0.040654 0.040520 -0.061960
 0.025845 0.050570 0.098504 -0.058405
 -0.018248 0.004691 0.000327 -0.056189
 -0.087238 0.036930 0.030680 0.070147
 0.042213 0.087440 -0.064061 -0.060281
 0.099117 -0.007961 0.022097 -0.052381
 0.016356 -0.011736 -0.086914 -0.031670
 0.006167 0.014657 -0.083499 -0.016081
 0.060990 -0.028200 -0.072808 0.004998
 0.041577 -0.047750 0.056798 0.006045
 0.015561 0.018338 -0.001093 -0.060137
 -0.054791 0.038111 0.057833 -0.071245
 -0.027876 -0.017993 0.016768 0.016718
 0.018139 -0.098153 -0.090445 -0.030281
 0.002758 -0.018939 -0.084254 0.009576
 -0.079163 0.050871 0.027224 0.014519
 0.015079 0.037024 -0.074170 0.076608
 -0.089737 -0.055105 0.059812 -0.073951
 0.062240 -0.077161 -0.034051 0.026484
 0.076231 -0.029973 -0.060369 0.097560
 -0.092736 -0.072784 0.040217 0.047268
 -0.039507 -0.049610 -0.053267 -0.008574
 -0.077241 -0.053268 0.040094 -0.088433
 0.079951 -0.051925 -0.046965 -0.003342
 -0.066358 -0.031206 0.023833 -0.094337
 -0.059855 -0.051853 0.024501 -0.088483
 0.021354 -0.066465 -0.014027 -0.083027
 0.025471 0.054970 -0.049155 -0.073773
 0.021482 -0.060693 0.071395 0.054630
 -0.054835 -0.082669 -0.044290 -0.004246
 0.078883 0.016479 -0.050861 -0.069435
 -0.063252 -0.078216 -0.031619 -0.042419
 0.022991 0.053140 0.042594 0.065548
 -0.035966 0.017837 0.061967 -0.079827
 0.013839 0.002432 0.023942 -0.096728
 -0.028625 -0.074511 0.010639 0.006343
 0.018741 0.027358 -0.090103 0.054175
 0.097604 0.000608 -0.030497 -0.068595
 -0.094875 -0.057152 0.065767 -0.060694
 0.083420 -0.068265 -0.019276 0.077301
 0.091113 0.000496 0.057446 -0.083684
 0.077792 0.040080 0.013436 -0.073263
 -0.069060 0.032179 0.040922 -0.032710
 0.047815 0.052240 0.090275 -0.043555
 0.046052 -0.003272 -0.012978 -0.018262
 0.019751 -0.069282 -0.020238 0.058532
 0.044107 0.044141 -0.079717 0.002515
 0.065892 0.027563 -0.083946 0.001738
 0.069510 -0.089109 0.061459 -0.068128
 -0.079943 0.006828 0.003853 -0.080246
 -0.046813 -0.094963 0.084615 0.070571
 0.096702 -0.041293 -0.015705 -0.050513
 0.064313 -0.091443 0.044365 -0.041152
 -0.011768 0.050813 -0.079260 -0.059249
 -0.064829 -0.013698 -0.048476 0.063675
 0.042137 0.002147 0.078904 -0.033282
 0.033664 0.054290 0.094494 -0.082897
 0.095795 0.040232 0.011578 0.040872
 0.080007 -0.005965 -0.030979 0.071762
 -0.063914 0.042031 0.058341 -0.038090
 0.006820 0.099358 0.015398 0.057682
 -0.041074 0.024641 -0.030116 0.004923
 0.098878 -0.078996 -0.066637 -0.072017
 0.030727 -0.043127 0.029879 0.068955
 -0.062314 -0.072580 0.036274 -0.019995
 0.091915 0.083486 -0.081719 0.059530
 -0.033978 0.099837 -0.051919 -0.015489
 0.079793 -0.072261 0.032306 0.041121
 -0.068794 0.090453 0.034973 -0.045454
 0.016777 0.079339 0.042576 -0.073663
 -0.003605 0.087131 0.024666 -0.086025
 -0.089828 0.072674 -0.065783 -0.062057
 0.033894 -0.060955 0.013944 -0.031174
 0.029502 -0.062605 -0.002385 0.048183
 -0.010298 0.001453 -0.025023 -0.089668
 -0.023821 -0.000755 -0.029851 -0.004676
 -0.024126 -0.061841 0.041225 -0.059713
 0.064782 0.038484 -0.084559 0.085965
 -0.048195 0.024351 0.054512 -0.077159
 0.034132 0.098992 -0.007218 -0.065005
 -0.038394 -0.050578 -0.028945 0.046438
 -0.086189 0.018668 0.027214 -0.067972
 -0.062744 0.096249 0.005906 -0.068387
 0.089120 -0.008282 0.023681 0.046779
 -0.022427 -0.019184 -0.018019 0.092851
 0.091220 0.094295 0.028212 0.060394
 -0.085447 0.021215 0.094377 0.011690
 0.014478 -0.011516 0.018811 0.033226
 0.004376 -0.030012 -0.081925 -0.057097
 0.095578 0.022846 -0.008037 -0.073853
 -0.026272 0.092737 -0.003215 0.091267
 0.009214 -0.057155 -0.075042 -0.018212
 0.015902 -0.036851 -0.059237 0.034490
 0.011987 -0.003729 0.090466 0.003991
 0.027531 -0.051080 -0.018966 -0.048109
 0.088033 0.021087 -0.057829 -0.029649
 0.072699 0.039846 -0.006656 -0.051616
 -0.062041 -0.030163 -0.063289 0.043854
 -0.073607 0.001853 0.089752 0.017512
 -0.025692 -0.076510 -0.017204 0.005740
 0.069350 0.080493 -0.075464 0.029911
 -0.087628 0.061057 -0.091358 0.045448
 0.088771 0.002056 0.000900 -0.094198
 -0.065908 -0.070474 -0.011261 -0.073638
 -0.075076 0.061359 0.047617 -0.008596
 -0.036119 -0.023468 0.088115 0.037287
 0.002397 0.095454 -0.016344 0.078170
 0.013559 0.083125 -0.063481 0.046960
 -0.027912 -0.029888 -0.060951 0.008787
 0.095284 0.053124 -0.086691 -0.088095
 -0.032776 -0.015834 -0.045603 -0.087505
 -0.005092 -0.078209 0.034346 0.071820
 -0.071307 0.083507 -0.038659 0.029635
 0.096347 -0.047943 0.099995 -0.054845
 0.071340 0.091657 -0.049122 -0.004139
 -0.060038 -0.072580 0.090030 -0.054669
 0.020972 0.096493 0.048444 0.000994
 0.098986 -0.006650 0.055980 0.049282
 0.077042 0.043590 0.085416 0.005827
 -0.075053 0.085327 -0.059680 0.068631
 0.040256 0.083935 0.083362 -0.054485
 -0.086445 0.074946 0.054172 0.097801
 0.051831 -0.038829 0.074780 0.066229
 -0.081089 -0.062680 -0.005718 -0.054252
 -0.073116 -0.065758 0.039235 0.006802
 0.032668 0.056831 0.060526 -0.054509
 -0.026945 -0.021753 0.036517 0.007327
 -0.068988 0.059003 0.015328 -0.019830
 0.018396 -0.051741 0.082656 0.098323
 -0.082773 -0.006881 -0.000135 -0.044920
 0.030116 0.023459 0.034493 -0.054142
 0.041091 0.006846 -0.068233 -0.024018
 0.059449 -0.087209 -0.028032 0.071124
 -0.046030 -0.022840 -0.047239 -0.004388
 -0.030867 0.085757 -0.098201 -0.009306
 -0.026688 0.075791 0.058969 -0.015766
 -0.047911 0.086611 -0.011528 0.077965
 0.089522 0.015486 0.038281 0.033913
 0.019991 -0.091269 -0.080150 0.017371
 -0.058542 0.038049 0.030709 -0.058785
 0.096745 -0.074050 0.089715 -0.046105
 -0.086048 0.072388 0.013015 0.075811
 -0.043431 -0.009256 -0.013489 0.091564
 -0.088244 0.076343 -0.084677 0.059569
 0.023733 -0.007093 0.037100 0.032210
 0.098528 -0.047212 -0.077938 -0.042481
 0.012873 0.020241 -0.070964 -0.033992
 -0.091770 -0.033631 -0.026341 -0.086470
 -0.017939 0.076431 -0.050231 0.086581
 0.030927 -0.020218 -0.066837 0.021731
 0.014193 -0.025281 0.010535 -0.029492
 0.043478 0.030441 0.087429 -0.029739
 0.047297 -0.011570 -0.086673 -0.052617
 -0.016875 0.042505 -0.064035 0.099012
 -0.077393 0.049811 -0.042378 0.061814
 0.006732 0.040382 -0.088149 0.042921
 -0.036094 -0.083858 -0.077384 -0.068820
 -0.087639 -0.098216 -0.004347 -0.032028
 0.089394 -0.069716 0.004914 0.036909
 0.060340 -0.060832 -0.065897 -0.049961
 0.028061 0.066120 -0.046411 0.004631
 -0.071439 0.063884 0.033190 -0.087505
 0.067401 -0.085404 -0.087826 0.051046
 -0.028298 0.072870 0.002295 -0.053227
 -0.014470 -0.026571 0.078615 -0.090838
 0.099292 0.041432 0.034829 0.086697
 0.035109 0.084024 0.082818 -0.056306
 0.078169 -0.047156 0.061937 0.004255
 0.009448 0.010913 0.020486 -0.016285
 -0.072588 -0.095186 0.048855 0.050742
 0.021043 -0.074789 0.084415 -0.058075
 0.085805 0.014927 0.012882 -0.062831
 0.079629 0.053363 0.062327 0.045848
 0.033589 -0.053628 -0.007197 0.061465
 -0.091659 -0.082231 0.008648 -0.016234
 -0.029155 0.089643 0.092684 -0.037311
 -0.004695 -0.008628 -0.040111 0.065698
 -0.078081 0.069766 0.039104 -0.075943
 0.077807 0.068608 -0.062294 0.006855
 0.095265 -0.008797 0.067961 -0.029179
 0.061324 0.046696 -0.085396 0.083314
 0.004498 -0.045417 -0.028670 0.078618
 -0.022419 -0.043064 0.013176 0.097074
 0.096499 0.088198 -0.065550 0.007225
 0.062317 -0.062595 -0.026395 0.070537
 0.092680 -0.091134 0.071474 -0.030828
 -0.054413 -0.010598 0.096932 0.059814
 0.018228 0.053758 0.082738 0.068552
 0.014779 -0.017055 0.055725 0.097124
 0.054797 0.088293 0.038801 -0.091324
 0.013406 0.066678 0.015260 0.022281
 0.003934 0.093713 0.094710 -0.013120
 0.013979 -0.010877 -0.080735 -0.096710
 0.006737 0.040330 -0.052156 0.019240
 -0.006684 0.030625 0.033749 -0.039973
 -0.012530 -0.074910 -0.039201 -0.094641
 0.071344 0.005630 -0.039516 -0.051600
 0.041551 -0.089659 0.083305 -0.011406
 -0.016546 0.057987 0.032091 0.054711
 0.029739 -0.006620 0.043118 -0.070191
 0.096698 -0.047208 0.032182 0.034405
 0.065824 0.030224 0.089365 0.015208
 -0.007055 -0.069228 -0.013364 0.006102
 0.025606 0.093720 0.087752 -0.057720
 0.008865 0.054023 0.022236 -0.006295
 0.042694 -0.052028 -0.001725 0.088782
 -0.052049 -0.051052 -0.097273 0.000888
 -0.000157 0.091088 0.008335 0.007620
 -0.066841 -0.072170 0.046816 -0.044215
 0.090550 -0.037155 -0.099178 -0.086825
 0.093182 0.079072 -0.083453 0.051985
 0.060806 -0.031025 0.013358 0.020872
 -0.088057 0.061630 -0.040610 0.048551
 0.070731 0.075862 -0.081556 -0.072034
 -0.012768 0.030919 0.061056 0.077944
 -0.040817 -0.040683 0.053146 -0.072194
 -0.064762 0.014707 -0.086548 0.079884
 0.081216 0.004050 -0.080202 -0.082978
 -0.021182 -0.024650 0.089774 -0.069044
 -0.027328 0.085236 0.055440 0.007196
 -0.018110 -0.072388 -0.009593 -0.011180
 -0.075958 0.050845 -0.007943 0.054151
 -0.045772 -0.006853 -0.059628 0.075207
 0.075864 0.011377 -0.021256 -0.097790
 0.002188 -0.016776 0.052924 0.096874
 -0.046164 0.011883 -0.076087 0.093906
 0.013430 -0.009441 0.018540 -0.017401
 -0.050298 -0.001002 0.016591 -0.041648
 -0.094441 -0.006493 -0.038882 -0.069950
 0.071456 0.016187 0.028089 0.060024
 0.002201 0.030009 -0.091407 0.058770
 -0.045667 -0.061890 -0.036596 0.033995
 0.071765 0.078265 0.012540 0.056326
 0.041532 0.085719 -0.074728 -0.056057
 0.021502 -0.086151 0.001679 0.059100
 -0.092601 -0.078050 0.073372 0.064544
 0.057366 -0.024535 -0.063499 -0.053602
 0.065047 -0.034389 0.028115 0.053418
 0.064079 0.009518 -0.080326 0.074123
 0.061609 -0.048858 0.068350 -0.027962
 -0.099261 -0.094175 -0.039512 -0.029647
 -0.004344 -0.096009 0.027298 -0.079131
 0.059539 0.065336 0.092530 0.030186
 0.021198 -0.004128 0.032228 0.000134
 0.007823 0.058595 -0.057872 0.043038
 0.030624 0.099014 -0.043623 -0.018507
 0.020042 0.036545 0.057964 0.096794
 0.042525 -0.065995 -0.085744 -0.060996
 -0.030259 -0.034018 0.033149 0.004485
 -0.069965 -0.065461 -0.089556 0.092838
 -0.080923 -0.056108 0.060211 0.045217
 0.037175 -0.056444 0.079264 -0.053475
 -0.035036 0.033413 -0.072703 0.092587
 -0.003756 0.092732 0.035905 0.069469
 0.057815 0.048851 -0.060539 -0.066403
 -0.070803 -0.090483 -0.014601 0.051378
 0.094011 0.015740 0.013119 0.063848
 0.066309 -0.029159 0.044081 0.008355
 0.063878 0.026877 0.059777 -0.072325
 -0.063151 -0.019212 -0.046634 0.078485
 0.080726 0.011674 0.034331 -0.035819
 -0.022223 -0.044907 -0.085138 -0.028573
 0.062595 0.040443 -0.081256 -0.079248
 0.024559 0.079913 -0.000720 -0.093402
 -0.065696 0.009780 0.019526 -0.073362
 0.045944 0.099285 -0.075883 -0.044362
 0.039049 -0.017491 0.008094 -0.010805
 -0.014551 0.033212 0.007690 0.086908
 0.060461 0.096758 0.055733 0.043797
 -0.034541 0.026843 -0.009343 0.072639
 0.092662 0.008182 0.083253 -0.083660
 0.075178 -0.052378 -0.046134 0.078738
 0.018572 0.041973 -0.001251 0.081770
 0.082297 -0.076768 -0.075662 -0.061956
 -0.027490 0.016115 0.079964 0.061552
 0.077949 0.030732 -0.071890 0.071839
 -0.076255 -0.010593 -0.096774 0.061040
 0.015776 -0.074331 0.039002 0.074611
 -0.080435 0.020812 -0.014106 0.000936
 -0.002355 -0.025097 0.001565 0.091951
 0.069083 0.073131 0.024382 -0.023249
 -0.028373 0.008314 -0.082664 -0.037525
 -0.062849 -0.039976 -0.050953 -0.013340
 0.053699 0.059208 0.044361 -0.031286
 0.035880 -0.039213 -0.073050 0.089904
 0.047715 0.011400 0.050578 -0.065341
 -0.045420 0.052016 -0.099708 -0.007883
 0.048370 0.036268 -0.031420 0.011884
 0.082688 -0.027887 -0.085574 0.048438
 0.054935 -0.018226 0.076748 -0.067468
 0.021454 -0.045014 0.051100 0.006825
 -0.071397 -0.085652 0.074306 0.091635
 0.028649 0.076699 -0.077029 0.047290
 0.029397 0.010171 -0.082089 -0.065126
 -0.026448 0.075980 -0.042388 -0.083577
 -0.069149 0.046973 -0.001212 0.027096
 0.093004 0.011010 -0.085060 -0.081374
 0.095941 0.043048 -0.025035 -0.094084
 -0.038102 -0.053279 -0.013171 0.073404
 -0.097071 -0.062473 -0.038556 -0.085081
 -0.069479 0.017293 -0.029912 -0.034857
 0.025593 -0.077745 -0.041597 -0.017680
 -0.070119 0.046619 0.046854 0.057093
 0.061200 -0.064819 -0.012366 0.044843
 0.019189 0.024935 -0.061080 0.037478
 0.009216 -0.076979 0.085802 0.087599
 0.002695 0.083960 -0.095128 -0.060576
 0.068261 -0.040082 0.031662 0.003494
 0.065186 -0.009574 0.098985 -0.083540
 -0.015096 -0.055653 0.052121 -0.039496
 0.055034 0.013835 0.050607 0.037826
 -0.094222 -0.048726 -0.029754 0.062594
 0.082602 0.025169 0.089491 -0.040582
 0.017069 -0.088797 0.044771 0.023839
 0.032363 0.010894 0.004592 -0.070228
 -0.016746 0.019789 -0.089693 -0.044771
 0.047680 0.032326 -0.053354 -0.016032
 0.010102 -0.093658 -0.099450 0.034859
 0.053003 0.006115 0.044021 -0.095995
 -0.012357 0.043276 -0.039485 0.039680
 -0.084373 -0.073112 0.009791 0.004065
 -0.058077 0.029228 0.061822 0.084164
 -0.041873 0.089607 -0.083988 -0.077244
 0.083649 0.032496 -0.066397 0.046495
 0.057863 -0.062932 0.057273 0.081435
 -0.040663 0.015656 0.037816 -0.073915
 0.003796 -0.011103 0.005765 -0.002411
 -0.079586 0.063648 0.040644 0.006969
 0.064760 0.076224 -0.099991 -0.038953
 -0.013266 -0.079412 0.011825 -0.039690
 -0.098052 0.024908 0.054579 -0.024271
 0.071225 -0.072152 -0.063095 0.046264
 0.015753 0.014936 0.032632 0.074959
 -0.013216 0.004798 -0.095039 -0.080713
 -0.057075 -0.074716 -0.058855 0.066007
 -0.018815 0.064317 0.029962 0.041473
 -0.040413 0.066781 0.088079 -0.094645
 -0.076271 0.003566 -0.015488 0.086055
 -0.036002 0.005489 -0.067641 0.029444
 0.066960 -0.079087 0.021836 -0.078172
 -0.007721 0.065014 0.067847 -0.091668
 0.029725 0.093196 0.062824 -0.042256
 0.046082 0.017392 0.078934 -0.017918
 -0.042284 0.045362 -0.089084 0.020871
 0.001898 0.030574 0.035739 0.022003
 -0.035654 0.039081 0.047674 0.009703
 0.077594 -0.070856 0.036451 -0.059950
 0.012288 -0.092047 -0.025115 0.093832
 0.018019 0.099292 0.062214 0.025735
 -0.014154 -0.008616 -0.058015 -0.090743
 -0.096176 -0.046417 0.049519 0.011181
 -0.009318 -0.010221 0.093409 0.042338
 -0.034275 -0.019095 -0.068497 0.005487
 0.094103 0.089028 0.069624 0.036663
 0.049019 0.004487 -0.035908 -0.092236
 0.057797 -0.099096 -0.034777 -0.015689
 0.062617 0.050136 0.098160 0.058448
 0.065078 0.045992 0.054023 -0.062442
 -0.086633 -0.025541 0.007020 -0.063992
 0.052180 0.064249 0.057165 -0.059202
 -0.063743 -0.048298 0.003354 0.073718
 0.092926 0.072975 0.065878 0.075877
 0.090365 -0.002047 0.066874 0.042347
 -0.062887 -0.004251 0.069499 -0.040315
 0.044092 0.062210 0.085447 -0.029724
 -0.019993 -0.057884 -0.024737 -0.061814
 0.080983 0.073654 -0.020118 -0.050169
 -0.069031 0.025875 -0.025281 0.065071
 0.073124 0.054143 -0.078056 -0.030516
 -0.033578 -0.035504 -0.082202 -0.066551
 0.087129 0.087080 -0.083534 -0.015088
 -0.072886 -0.024609 -0.028308 -0.008426
 -0.036279 0.008605 0.002028 0.030316
 -0.013499 -0.085266 -0.031953 -0.016845
 -0.095144 -0.043583 -0.081759 -0.021326
 0.075222 -0.021633 -0.012447 0.054136
 0.036148 -0.004136 0.013025 0.095738
 0.060924 0.012490 0.033535 0.064169
 -0.079691 -0.078087 0.017840 0.044450
 0.005295 -0.079076 -0.080760 -0.022265
 0.097250 -0.041958 -0.078463 0.067219
 0.049919 0.026304 -0.007523 0.074611
 -0.041065 -0.096269 0.012061 -0.029535
 -0.013691 0.077443 -0.032227 0.011626
 0.077676 0.015538 0.053464 0.088207
 0.014950 0.082755 0.079034 0.018224
 -0.013007 -0.000616 -0.002574 -0.006663
 -0.060369 -0.006076 -0.060295 0.066656
 -0.052948 -0.091278 -0.025091 0.014882
 0.038004 0.069747 0.060545 0.005451
 0.042991 0.020901 -0.063438 0.080053
 -0.020210 -0.070995 0.022493 -0.047422
 0.083205 -0.089385 -0.072913 -0.056329
 0.044943 0.032889 0.066783 0.037837
 -0.087833 0.043749 0.084653 0.035629
 -0.055684 -0.068586 0.057607 0.040327
 -0.001507 0.065513 -0.053877 0.060807
 -0.040916 0.063284 0.011547 0.096780
 -0.044789 -0.077311 0.065328 0.062471
 -0.003751 0.071981 0.058245 -0.000371
 -0.047183 -0.001101 -0.024065 -0.007466
 -0.069694 0.014439 0.053216 0.054475
 -0.023468 0.033576 -0.087078 -0.033675
 -0.074907 0.019455 0.001878 0.083873
 -0.007886 0.018500 -0.099253 -0.087224
 -0.051219 0.068363 0.002352 -0.021993
 -0.039851 -0.024291 -0.072337 -0.084782
 0.087736 0.035790 0.026177 0.027519
 0.097719 0.050733 -0.071159 0.000852
 0.086321 -0.032557 -0.087952 -0.004597
 0.060458 -0.044107 -0.010921 -0.034055
 -0.094809 0.031694 0.089445 0.061569
 0.024689 -0.089443 0.036333 -0.018644
 -0.064094 -0.026288 0.036486 0.039796
 -0.088169 0.070090 0.049395 -0.011160
 -0.089411 -0.021067 0.087733 0.035134
 0.082053 -0.091134 0.041085 -0.002432
 0.071598 -0.017986 -0.000338 -0.049723
 -0.027705 -0.002630 0.086643 0.015166
 0.011319 0.007154 0.017691 -0.098313
 0.064962 0.086139 -0.082212 0.051544
 0.042336 -0.056717 0.030603 -0.072699
 -0.016161 -0.081529 -0.074625 -0.034203
 -0.056428 -0.092150 0.014808 0.050325
 0.065034 0.087659 -0.050098 -0.052339
 0.000911 0.054006 -0.034056 0.089307
 0.077021 0.014545 0.070072 0.045557
 0.016335 0.063068 -0.017556 0.090437
 0.081237 0.069075 -0.021201 0.034083
 0.094110 0.095387 -0.042377 -0.010349
 -0.097795 -0.052462 -0.026342 0.018935
 -0.075574 0.036327 0.063013 0.033418
 0.084936 0.052104 0.041308 0.041267
 0.079457 -0.084428 0.073401 -0.074060
 -0.089744 -0.088272 -0.038713 0.010276
 0.064688 -0.074342 -0.036130 -0.093896
 0.073659 0.096319 -0.064479 0.086745
 -0.064164 -0.093386 -0.033747 -0.062821
 0.045462 -0.078298 -0.060246 -0.082110
 0.032241 -0.023315 -0.094807 -0.094991
 0.053518 0.089839 0.021781 -0.004425
 -0.052656 -0.039892 0.013287 0.029136
 -0.043475 -0.058224 0.096899 0.006672
 -0.066368 0.009562 0.028231 0.016574
 -0.058751 -0.094533 -0.080198 -0.013303
 -0.063116 -0.019194 0.015075 -0.081838
 -0.002445 -0.006605 -0.015407 0.016984
 0.082129 0.060032 -0.083615 0.086110
 0.075879 0.009935 0.011842 -0.014969
 0.029778 -0.063592 -0.030901 -0.036897
 -0.048099 0.014698 0.086153 0.029288
 -0.019269 0.057213 0.064025 0.014365
 0.008760 0.067279 0.064003 0.051430
 0.076084 -0.019008 -0.036706 -0.033549
 -0.065382 -0.047215 0.040976 -0.025032
 -0.052492 0.030719 -0.078970 0.085052
 -0.086884 -0.003529 -0.086233 -0.080636
 0.022057 0.039249 0.066949 -0.047759
 0.017333 -0.029139 0.095756 -0.029616
 -0.012235 -0.078587 -0.027956 -0.032487
 0.072986 -0.005488 -0.058343 0.005415
 -0.089708 0.083457 -0.081152 -0.040244
 -0.047375 0.060288 0.059216 -0.099375
 -0.041834 -0.063378 -0.062053 0.028125
 0.098482 0.041302 -0.052996 -0.015541
 -0.054049 -0.016427 -0.047859 0.046261
 0.070757 0.024615 -0.031913 -0.064347
 -0.065649 0.019013 -0.032622 0.082820
 -0.029537 -0.021766 0.027266 0.083410
 -0.087174 0.030761 0.010739 -0.040632
 0.018499 0.045926 -0.014424 -0.034551
 0.075888 0.013838 -0.068656 -0.065510
 0.048829 -0.054111 -0.050070 0.041174
 -0.041962 -0.015359 -0.040994 0.017172
 -0.060937 0.007757 0.085447 -0.024634
 0.006023 0.066332 -0.093535 -0.041459
 -0.070727 0.003994 0.002582 -0.073317
 0.072099 -0.079601 0.064134 0.063028
 -0.012867 -0.069324 0.080386 -0.053538
 -0.048250 -0.071881 -0.017357 -0.007701
 0.004398 0.034093 0.089133 0.031657
 -0.024808 -0.019930 0.057282 -0.081978
 -0.080759 0.020104 0.070063 -0.051906
 0.019250 0.023538 0.076530 0.012118
 0.017696 -0.077238 0.003677 -0.035108
 0.028193 0.042737 0.070921 0.070227
 0.032763 -0.065128 0.017411 -0.043596
 -0.007013 -0.085433 0.041493 0.015785
 -0.081709 -0.028386 0.043286 0.060087
 -0.037258 -0.047978 0.005904 -0.028750
 0.053648 0.078026 0.015729 0.008777
 0.046665 -0.042733 -0.081131 -0.066526
 -0.094201 -0.057832 -0.008044 0.045248
 -0.068057 -0.013139 -0.082461 -0.040513
 0.023228 0.032936 -0.027202 0.015993
 -0.001709 -0.089049 -0.044401 0.092628
 0.099114 -0.057311 -0.087471 0.027543
 0.064162 -0.031597 0.022198 -0.022739
 -0.075012 0.062052 0.076630 0.056781
 0.095133 0.046378 -0.048604 -0.073829
 -0.043226 -0.088095 -0.002597 0.049302
 -0.069166 -0.064520 0.077223 0.025779
 0.061951 0.009312 -0.070444 0.020591
 -0.073560 -0.085998 0.070024 0.092538
 -0.080253 -0.083495 -0.043168 -0.003444
 -0.022497 0.067045 -0.060432 -0.000049
 -0.088523 -0.016867 0.058578 0.008353
 0.075315 0.060032 -0.073873 0.084815
 0.027950 0.053443 0.089387 0.090089
 0.045363 0.091188 -0.096762 -0.069661
 0.021130 -0.074100 0.060776 -0.084264
 0.021033 -0.064706 0.050747 -0.037199
 0.000330 0.093381 -0.059289 0.081959
 0.015062 -0.075157 0.002678 -0.065748
 0.013274 0.021044 0.035324 0.069149
 -0.045737 0.013622 0.013081 0.000995
 0.044851 -0.093170 0.004665 0.049050
 0.063109 0.014295 0.094122 -0.041805
 0.035018 0.064298 -0.049194 -0.022751
 0.006349 -0.075593 -0.083642 -0.030926
 -0.030880 -0.014366 0.051691 0.020005
 -0.005491 -0.004651 -0.043893 0.027668
 -0.064187 -0.059133 -0.029330 -0.096547
 0.096634 -0.025985 0.041381 0.071624
 0.076523 -0.009191 -0.006545 -0.008501
 -0.064169 -0.065329 0.005341 -0.026159
 -0.026417 0.015448 0.071936 0.094170
 0.038340 -0.091476 0.087554 0.049385
 -0.095624 -0.049818 0.003639 -0.044551
 -0.006973 0.052178 -0.025114 -0.090531
 -0.065065 0.022662 0.008909 -0.064887
 0.082547 -0.032947 0.062265 0.016758
 -0.027522 -0.001304 -0.024116 0.003137
 0.032993 0.086228 0.089375 0.050624
 -0.078285 -0.081728 0.082399 0.052851
 0.058246 -0.029613 -0.061495 -0.044461
 -0.001333 0.042397 0.023551 0.011055
 -0.096063 -0.086827 0.089982 -0.045332
 0.001697 -0.071140 0.025664 0.034378
 -0.063078 -0.063408 -0.022784 0.019258
 -0.074789 0.045347 -0.077860 0.009665
 0.036116 0.087818 -0.046147 0.076503
 -0.036708 -0.065939 -0.000825 0.085390
 -0.030398 0.074373 0.022302 -0.076242
 0.078320 -0.091390 -0.092699 0.057712
 -0.088450 -0.000447 0.030555 -0.033638
 0.058885 0.036883 -0.091718 -0.074173
 0.036311 -0.058350 -0.097734 -0.034693
 -0.025644 0.099380 -0.036103 0.053661
 -0.056067 -0.012005 0.092089 -0.041825
 0.035094 0.012264 -0.089936 -0.050212
 -0.060669 -0.069227 -0.078101 -0.026962
 0.063129 -0.064412 0.011143 -0.075229
 0.096940 -0.077092 0.065271 -0.063585
 0.065841 0.055661 -0.002390 0.019198
 0.006889 -0.039792 -0.084271 -0.010795
 0.054857 -0.029390 0.090113 0.047288
 -0.093378 0.006023 -0.060358 0.047984
 -0.049015 -0.015473 0.016057 0.017157
 0.086990 -0.029882 0.092537 0.063954
 0.085298 0.064533 0.013384 0.079216
 0.091384 0.009062 0.083113 -0.087021
 -0.055243 -0.028650 0.021508 0.016425
 -0.037491 0.095393 -0.018823 -0.074122
 0.097260 -0.030240 -0.032010 0.084675
 -0.057183 -0.017181 -0.092810 -0.026320
 0.025613 -0.044922 0.032496 0.077623
 -0.066899 0.078130 -0.031724 0.088281
 0.059584 -0.084455 0.076687 0.031140
 0.056561 0.001491 -0.011677 -0.022220
 -0.042489 -0.062750 -0.000184 -0.016010
 -0.060249 0.001445 -0.078485 -0.036591
 0.037556 0.017439 0.025141 0.034810
 0.075827 0.013400 -0.012996 0.047366
 0.000594 0.063382 0.078654 -0.083233
 0.088297 -0.089284 0.065151 -0.076555
 -0.082618 0.002000 0.012458 0.047002
 -0.083450 -0.072743 0.050185 -0.063422
 0.086584 -0.002447 0.021524 -0.007078
 0.044665 -0.065103 -0.008103 0.043475
 -0.080186 0.003200 0.027328 0.056059
 -0.040578 0.037443 0.045179 0.066555
 -0.076923 0.098261 -0.088770 0.005361
 -0.019636 -0.079484 -0.086080 -0.017616
 -0.018533 0.090389 0.090205 -0.050771
 -0.031715 -0.093961 -0.052173 -0.068007
 -0.023261 0.098325 -0.057803 0.021459
 -0.040320 0.095068 -0.064366 -0.015864
 -0.008249 -0.089053 -0.012644 0.091174
 0.063144 -0.087032 -0.013652 0.088307
 0.026435 0.005729 -0.038879 -0.059619
 -0.024842 0.047949 -0.045157 -0.048607
 -0.094545 -0.083556 0.045727 0.084423
 0.018725 -0.041976 -0.001600 0.003811
 0.016197 -0.014492 0.089698 -0.087564
 -0.024335 0.050014 -0.021085 0.065626
 0.075750 -0.010936 0.073038 -0.021045
 -0.019521 -0.051449 0.097324 -0.098347
 0.094715 0.082126 -0.070592 0.070737
 -0.029111 0.097995 0.020180 0.061431
 0.070239 -0.024734 -0.022838 -0.060258
 0.007228 0.078309 0.069875 0.059666
 0.069351 0.060611 0.027171 0.037455
 -0.026925 -0.090557 0.011247 0.059142
 0.068271 -0.001421 -0.074296 0.063795
 0.098239 -0.099713 0.099930 0.010739
 0.049870 0.060228 0.036723 0.067158
 0.030371 -0.070858 0.027817 -0.042133
 0.083647 0.030441 0.061611 -0.025495
 -0.096122 -0.037151 -0.090550 0.023603
 -0.085201 -0.043380 0.030901 -0.008922
 0.013380 0.074705 0.070384 -0.076708
 0.062491 0.084380 0.021769 -0.052643
 -0.055101 -0.053354 0.000119 0.016432
 -0.040100 0.032489 0.085417 0.061284
 0.056506 0.002019 -0.014040 0.035783
 -0.006217 -0.023930 0.007394 0.095053
 -0.008962 0.088313 0.008890 -0.061412
 0.010022 -0.007801 0.093515 0.033668
 -0.069438 -0.024066 -0.059273 0.073368
 0.078733 -0.002388 0.054732 0.028630
 -0.006978 0.071841 -0.071651 -0.096929
 -0.035502 0.001218 -0.063941 0.013973
 0.033195 -0.055369 -0.024504 -0.076193
 0.086216 -0.086770 -0.079530 -0.036512
 0.030779 -0.044990 -0.033433 -0.005515
 -0.022483 0.007938 0.008964 0.014403
 0.026175 -0.038574 -0.045946 0.012725
 0.002139 0.091589 0.058199 -0.041084
 0.017415 -0.019795 0.045046 0.067658
 0.070839 -0.042757 -0.058375 -0.095464
 0.000977 -0.093718 -0.064121 0.076767
 0.055595 0.007306 0.069910 0.074072
 -0.015494 0.051529 0.060224 -0.025810
 0.045129 -0.055645 -0.003326 0.009875
 0.086852 -0.055295 -0.014582 0.054739
 -0.017543 -0.094657 -0.003640 -0.063718
 0.012445 0.068915 -0.051805 0.095695
 0.000753 -0.015585 0.078997 0.081298
 0.039695 0.065566 0.090014 0.094714
 0.004001 0.064471 0.034561 -0.005026
 0.004313 -0.060057 0.059849 0.060940
 -0.099726 -0.011381 -0.075774 -0.014367
 -0.099066 -0.047600 0.040499 0.010758
 -0.005739 -0.087271 0.076852 -0.075336
 0.078991 0.066119 0.037937 0.072601
 -0.030657 -0.069301 -0.019535 0.016414
 -0.046027 -0.079297 0.054527 -0.036489
 0.090387 0.013374 -0.076200 -0.094902
 0.012586 0.011270 0.020057 0.052724
 0.053298 -0.073125 0.052589 0.099964
 -0.062131 0.077229 0.094734 0.022867
 0.093167 -0.015895 0.088812 -0.043660
 -0.061388 -0.088079 0.066533 -0.077493
 0.080178 -0.090786 -0.047080 0.022917
 0.097960 -0.079394 0.005920 0.042251
 -0.099222 0.017944 0.093433 0.034108
 0.062308 0.088398 0.018909 -0.057514
 0.011478 -0.087907 0.034870 -0.078019
 -0.070644 0.095006 -0.063512 0.084343
 -0.076266 -0.052702 0.082594 -0.037902
 0.025187 0.077891 0.013590 0.062505
 -0.030263 0.085068 -0.086505 0.051069
 0.002557 0.092159 0.061263 0.094089
 -0.095064 0.025469 -0.059591 -0.040388
 0.037759 -0.014891 0.068506 0.052211
 0.057446 0.096337 -0.056184 0.053914
 0.069545 0.033456 -0.065288 -0.065565
 -0.059113 0.077769 0.067676 -0.040377
 0.090812 0.029875 -0.038969 -0.090530
 0.005946 -0.084729 -0.097750 -0.026153
 -0.038701 0.030136 0.005064 0.097930
 0.088885 0.046342 0.046381 -0.033225
 -0.039225 -0.043287 0.025207 -0.070273
 -0.088937 -0.024479 0.083207 -0.062180
 0.058238 0.008763 0.013360 -0.064880
 0.003086 -0.038292 0.000530 0.082243
 -0.022147 -0.068216 0.008554 -0.017760
 -0.005583 -0.028807 0.014139 -0.056763
 -0.081379 0.097319 0.045320 -0.080212
 0.048430 0.014578 -0.086975 -0.050144
 0.036974 0.002291 0.001282 -0.063705
 -0.066970 0.087732 -0.012761 0.010747
 -0.080548 0.087808 0.023868 0.075632
 -0.060398 0.028721 -0.058639 -0.019894
 -0.073357 0.026225 0.065215 0.093300
 -0.080639 0.067163 0.025935 -0.071552
 -0.019102 0.000938 -0.087560 0.079779
 0.078054 -0.001795 -0.064698 -0.024730
 0.053178 0.021296 -0.098136 -0.061802
 0.080899 0.003993 -0.092445 -0.072506
 -0.025201 -0.052667 -0.079852 0.044730
 -0.049964 0.051235 -0.082575 0.065931
 0.022969 0.008106 0.010817 -0.037071
 0.081134 -0.010036 0.021161 0.024893
 0.093790 -0.011667 -0.083660 0.039507
 0.017422 0.093024 0.007437 0.087946
 -0.073040 -0.042317 0.090059 0.011174
 -0.015484 0.001442 0.078162 0.014269
 0.033234 -0.002997 0.012042 -0.026996
 0.080411 0.043466 -0.040675 -0.031902
 -0.056732 0.016163 -0.068930 -0.050027
 -0.042247 0.002799 0.066056 -0.009121
 -0.025256 -0.073203 0.044617 -0.020600
 0.048017 -0.004577 0.089803 0.088122
 0.056808 -0.020593 -0.035768 0.059278
 -0.008497 0.086508 0.081593 0.041152
 0.036037 -0.045890 -0.087423 0.079561
 -0.089979 0.010636 -0.034419 0.021569
 -0.047354 -0.078824 0.006081 -0.005524
 -0.087632 0.060704 0.092252 -0.085165
 0.041591 -0.077861 0.009881 -0.020583
 0.072324 0.066086 0.078271 0.097468
 -0.063730 -0.003652 0.067232 0.027605
 0.087988 0.034652 -0.035300 -0.066098
 -0.070712 -0.036439 -0.040471 0.066453
 0.054528 0.072834 0.053784 0.073770
 0.019873 0.033989 -0.020141 -0.030875
 0.029569 -0.081726 -0.089166 -0.049019
 -0.016155 -0.056672 -0.037658 -0.098234
 -0.091272 0.054241 0.061034 0.087492
 -0.014442 -0.001561 0.060614 0.008759
 -0.039866 0.090459 0.068144 0.044667
 -0.031443 -0.070369 -0.083285 0.045464
 0.080308 -0.079530 0.070155 -0.051073
 -0.001616 -0.064471 -0.048426 0.044125
 0.046103 0.089108 -0.045008 0.023691
 0.051544 -0.098477 -0.071143 -0.022797
 0.024577 0.024354 -0.037976 -0.003374
 -0.078037 -0.000326 0.091666 0.020420
 0.046996 0.056719 0.064047 0.058367
 -0.099477 -0.068086 0.064122 0.065297
 -0.008459 -0.092697 -0.052288 0.024425
 0.019929 0.041286 -0.036364 -0.032765
 0.021711 -0.044962 0.039225 0.031229
 0.003917 -0.088641 -0.029165 -0.082037
 -0.028207 -0.093738 0.088643 0.078453
 0.022094 0.062689 0.006306 0.084955
 0.026679 0.063336 0.009846 -0.027215
 -0.014819 -0.004529 -0.070498 -0.023777
 0.034458 -0.094432 -0.048930 -0.025797
 0.005712 -0.031419 -0.038491 -0.020666
 0.055955 0.099349 -0.032471 -0.063733
 0.073998 0.093387 -0.086477 0.057986
 0.088405 -0.083446 -0.099213 -0.083886
 0.073284 0.010668 -0.023490 0.041585
 -0.031002 0.049948 -0.089596 -0.090337
 0.008352 0.004792 -0.003604 0.065517
 -0.057755 0.069653 -0.044805 0.037852
 0.041486 0.047098 -0.020187 0.082348
 0.098199 0.061583 -0.059451 0.001262
 0.036047 0.025799 0.040568 0.089228
 -0.073808 0.015211 -0.006506 0.075915
 0.004030 0.056626 -0.047142 0.073031
 0.081352 -0.087395 -0.004691 0.054479
 0.025962 -0.031684 -0.017661 0.096738
 -0.036202 -0.035681 -0.098402 -0.079730
 0.006596 -0.021330 -0.033546 -0.045898
 -0.055213 -0.057823 -0.012168 -0.036796
 0.068819 0.009598 0.027622 -0.022629
 -0.095837 0.070707 -0.054191 0.043877
 0.058599 0.007096 -0.024792 0.097685
 -0.083935 0.076488 0.080272 0.038765
 0.090027 -0.011303 -0.020378 0.034748
 0.015528 -0.039676 0.049877 -0.091357
 0.050414 -0.020762 0.094313 0.083350
 0.033593 0.051727 -0.070415 -0.079031
 -0.090335 -0.045579 -0.037519 0.004645
 -0.044778 -0.034701 -0.032179 -0.052996
 -0.036047 -0.093756 -0.026767 0.089746
 0.044148 0.082467 -0.036312 -0.071535
 0.005314 0.005350 -0.096398 0.005884
 -0.028386 0.017067 0.012306 -0.008876
 0.034443 0.096609 0.082934 -0.077009
 -0.057113 -0.011381 -0.098392 -0.051228
 0.031904 -0.009162 -0.049784 -0.088102
 -0.046764 0.072469 -0.093353 0.040619
 0.007588 0.048561 0.012159 0.065105
 -0.084692 0.027733 -0.023075 0.077638
 0.008744 0.051083 0.002503 -0.048823
 0.077946 -0.095544 0.074160 -0.073991
 -0.050221 -0.084593 -0.093991 -0.077207
 0.017572 -0.006352 -0.026838 0.002844
 -0.065336 0.064946 -0.037214 0.005765
 0.007579 0.080740 -0.063226 -0.054469
 0.013625 -0.030356 0.026834 0.055100
 0.092145 0.029876 -0.021323 -0.009382
 0.040834 -0.092597 -0.089895 -0.063621
 -0.002144 0.055022 0.073768 0.064255
 -0.005360 0.095216 0.035560 -0.022555
 -0.006653 -0.054660 0.021748 0.051311
 0.053547 0.028836 0.053063 -0.065175
 0.002021 0.007914 0.063040 0.014892
 -0.082189 -0.030638 -0.007294 -0.069709
 0.010290 0.091837 -0.024310 0.032917
 0.037256 0.033537 -0.077431 0.048300
 -0.045392 0.011061 -0.078718 0.039939
 -0.055371 -0.048923 -0.013160 -0.072205
 -0.017007 0.067206 -0.096405 0.075598
 -0.035140 0.020709 -0.018966 -0.034682
 0.013997 0.066399 -0.075009 0.081832
 0.024026 0.070970 0.083755 -0.022010
 0.040678 -0.092193 -0.091339 0.008400
 -0.029254 -0.071664 -0.059287 -0.058399
 0.053056 0.066934 -0.031835 0.002132
 0.037760 -0.074537 -0.000697 0.059936
 -0.009375 -0.021501 0.046022 -0.081827
 -0.067462 0.001881 -0.011036 0.079011
 0.071980 -0.092846 -0.063103 0.011651
 0.096627 -0.092645 0.038688 0.078555
 0.052011 -0.021728 -0.010773 -0.014897
 0.006398 -0.056769 0.067589 0.085643
 -0.076573 0.070336 -0.050204 -0.041740
 0.030554 -0.005240 0.084906 -0.038142
 -0.032888 0.057961 -0.031518 -0.083600
 -0.052196 -0.002334 0.059709 -0.031153
 0.056479 0.080234 -0.053208 0.022906
 0.083561 0.024100 -0.043663 0.084762
 -0.011247 0.014144 -0.054933 0.073153
 -0.040977 0.054317 0.002525 0.021163
 0.050463 0.049160 -0.010184 -0.092291
 -0.030048 0.045072 0.062679 -0.091913
 -0.094811 0.066534 -0.009670 0.060183
 0.093814 0.022281 -0.071456 -0.085346
 -0.015951 0.037931 -0.012060 -0.075014
 -0.073544 0.035137 0.046260 -0.036790
 0.094140 -0.091876 -0.044933 0.063315
 -0.012486 0.081485 0.080565 0.077111
 0.004820 -0.050618 -0.025571 -0.019261
 0.018899 0.032060 0.004164 -0.073616
 -0.046359 -0.034021 -0.072644 -0.083894
 0.000278 0.063169 -0.084745 -0.021391
 -0.080071 0.069290 -0.025113 0.002495
 -0.027097 0.036546 -0.014968 -0.046807
 0.082323 -0.092656 0.084396 -0.004777
 0.066950 -0.085095 0.042917 -0.048097
 0.014413 0.032713 -0.026036 -0.000530
 -0.001887 -0.008708 0.048830 -0.068179
 0.053331 0.066975 0.005210 -0.015078
 -0.074967 -0.033329 -0.077013 0.087065
 0.028748 0.089197 0.025053 -0.025644
 -0.081556 -0.056958 -0.006608 -0.005784
 -0.011435 -0.043243 -0.030131 0.069189
 -0.060632 0.064327 0.078179 0.076191
 -0.085978 -0.046025 -0.030961 0.042738
 0.031776 -0.036554 -0.090621 0.018997
 -0.012561 0.053121 -0.021276 0.008844
 0.097584 0.061018 0.095255 -0.015358
 0.076765 -0.054684 -0.086165 0.085630
 0.056624 0.010848 -0.090043 0.014327
 -0.060219 0.041047 0.092736 -0.024941
 -0.073497 -0.028000 -0.083177 -0.064766
 -0.097979 0.046630 -0.092915 0.007204
 0.075934 0.042070 -0.001447 0.056379
 -0.036901 -0.093969 0.045849 0.036563
 -0.079282 0.013035 0.066629 0.036615
 -0.081735 0.004354 0.031039 -0.083740
 0.079765 -0.042159 0.063465 0.031308
 -0.062851 -0.025796 -0.013496 0.007133
 -0.031336 0.031823 -0.058763 0.065587
 -0.063609 0.062492 -0.005019 0.046695
 0.035323 -0.031553 -0.096198 0.054975
 0.032322 -0.013989 -0.056536 -0.002165
 -0.055800 0.096820 0.035969 0.056925
 0.031888 -0.075872 -0.009003 -0.066753
 0.004812 -0.001192 0.021623 0.058501
 -0.089244 -0.028482 -0.005520 0.007771
 0.078259 0.045927 0.039656 0.098811
 0.034068 0.050990 0.091429 -0.024359
 0.043345 0.045913 0.088438 -0.028251
 -0.054734 0.046587 -0.011949 -0.068954
 0.055418 0.032592 0.096724 0.052716
 0.080158 0.071746 0.010444 0.074403
 0.069968 -0.072767 0.022069 0.050192
 0.055860 -0.097558 0.070808 -0.068860
 0.087949 0.024285 0.034948 0.043441
 -0.082245 0.037866 -0.025379 -0.061593
 -0.099053 0.012414 0.093341 -0.063967
 0.091322 0.045429 0.058637 -0.047049
 0.075726 -0.034916 -0.046480 -0.034319
 -0.007895 0.064342 -0.038690 -0.028323
 0.070497 -0.053394 -0.066086 0.014754
 0.001933 -0.087977 0.016080 0.009685
 0.001595 -0.066577 0.073572 0.027782
 -0.084916 -0.013737 -0.067498 -0.000743
 0.017543 -0.030460 0.045766 -0.031036
 0.079391 0.096534 0.091852 0.036869
 -0.097598 0.038046 -0.068991 0.093097
 0.064889 -0.065274 0.014199 -0.068164
 -0.036615 0.026092 -0.092524 0.060132
 -0.063244 0.082221 -0.045932 0.069419
 0.051817 -0.028298 0.030407 -0.063223
 0.098166 0.018393 0.012816 0.006177
 0.095453 0.087883 -0.083316 0.007636
 0.057036 0.057182 -0.051225 -0.007433
 -0.035875 -0.070787 0.080103 0.098477
 0.010834 -0.003824 -0.063606 0.073093
 0.098601 -0.074684 0.063823 -0.082869
 0.059316 -0.053828 0.074748 -0.039981
 0.041641 -0.079088 0.064499 0.088368
 -0.080525 -0.002809 -0.082875 -0.026874
 -0.010095 0.086033 0.054267 -0.042553
 0.051455 0.051715 0.004510 -0.062722
 0.033051 -0.078047 -0.005778 0.008501
 -0.011400 0.014239 -0.078637 -0.065437
 -0.037245 0.066777 -0.098638 -0.036903
 -0.030488 0.092061 -0.094315 -0.018103
 0.023722 0.019975 -0.097967 -0.016324
 0.096857 0.065078 -0.014876 -0.001792
 0.039775 0.087954 0.099276 0.041186
 -0.021510 -0.051842 0.018408 -0.021945
 0.037371 -0.017002 -0.002397 -0.046147
 0.081065 0.082722 0.003125 -0.087929
 0.074571 0.083767 0.001169 0.052255
 -0.045499 -0.043950 -0.077596 0.053831
 -0.022330 -0.028084 -0.000098 -0.082500
 0.027843 0.028765 -0.027442 0.045170
 -0.053231 0.052702 0.096006 0.051787
 -0.073824 0.012924 -0.009624 0.065445
 0.043275 -0.065514 -0.027624 0.043187
 -0.058705 -0.073799 -0.056829 -0.038602
 -0.056818 -0.038740 0.073118 -0.010523
 0.045753 -0.012414 -0.014236 0.064786
 -0.083657 -0.003590 -0.091724 -0.067847
 0.069122 -0.055723 0.080116 0.018908
 -0.075125 0.002759 0.043053 -0.040126
 0.088051 -0.078264 -0.054855 0.092402
 0.098035 -0.095657 0.087493 0.060312
 -0.007793 0.011414 0.029049 -0.007495
 -0.070776 -0.076937 0.012720 -0.078394
 0.078137 -0.056197 0.024073 -0.070764
 -0.035198 0.055659 0.067066 0.057091
 0.073001 -0.058497 -0.027542 0.013162
 0.019538 -0.052086 -0.078620 -0.045691
 -0.031107 -0.044473 0.087025 0.044553
 0.061323 0.074555 -0.038493 -0.070255
 0.063189 -0.047147 0.037975 -0.037927
 0.047803 0.091766 0.040589 -0.046820
 -0.045711 0.010463 0.002250 -0.051685
 -0.003464 -0.055624 0.095833 0.034492
 0.084843 -0.028355 -0.081713 0.030399
 -0.053116 -0.040110 -0.037758 -0.074397
 -0.041969 0.045077 -0.067113 -0.025729
 0.066693 -0.066604 -0.032166 0.022505
 0.064760 0.086869 -0.094359 -0.085462
 0.085232 0.090978 0.084520 -0.071760
 0.035685 -0.012971 0.097137 0.081737
 -0.008384 -0.062334 -0.021927 0.035108
 0.065393 0.051933 -0.035710 -0.035602
 0.041534 -0.092823 0.022680 0.084730
 0.017741 0.039407 -0.060928 -0.094222
 -0.094845 0.060517 -0.061969 -0.069824
 0.051329 0.085854 0.013093 0.079968
 -0.081579 0.048212 -0.090551 -0.057720
 -0.098845 0.067787 -0.076033 -0.042871
 -0.022245 0.036110 0.069740 0.099007
 -0.024950 -0.061182 0.096777 0.040123
 0.015345 -0.050957 -0.001893 -0.004985
 -0.059081 -0.061383 0.065222 0.013212
 -0.054610 -0.032411 0.020842 0.038773
 -0.083684 -0.018753 0.055219 -0.047550
 -0.076080 0.056024 -0.026591 -0.051150
 0.036839 0.068954 -0.009084 0.098232
 0.004569 0.039798 0.091535 0.093329
 0.040358 0.079508 -0.002272 0.003140
 0.030405 0.056804 -0.044291 -0.048019
 -0.090121 -0.004973 0.016091 0.038972
 0.019457 0.090674 0.030905 0.008021
 -0.051499 -0.003998 0.088228 -0.023355
 0.022092 0.050450 -0.018974 0.051999
 -0.069731 -0.022462 -0.069047 0.052871
 0.061469 -0.096278 0.048622 0.076450
 0.043108 -0.042920 -0.066277 -0.070500
 -0.080985 0.047898 0.033441 -0.041482
 -0.024485 -0.022632 0.049454 0.054831
 0.044761 -0.051475 0.093311 -0.023503
 0.049810 0.090957 0.057376 -0.084817
 0.028716 -0.095591 -0.013691 0.030498
 -0.013297 0.092837 0.084499 -0.071386
 -0.070989 -0.020092 -0.032502 -0.017085
 -0.099395 -0.063491 -0.052958 0.089892
 -0.058354 0.098064 -0.040145 -0.091490
 -0.073756 0.007690 0.097146 0.032186
 0.084336 -0.053517 -0.002617 0.060369
 -0.015460 0.092518 -0.023484 -0.066546
 -0.066446 -0.006311 0.070832 0.086617
 -0.073074 -0.006539 -0.067833 -0.074349
 0.090654 -0.029391 -0.079222 -0.040897
 0.090177 0.003106 0.096672 0.096903
 0.018328 -0.025444 -0.008829 0.083143
 0.017712 -0.020664 -0.063958 0.086340
 -0.006977 -0.029344 -0.050299 -0.069719
 0.024216 -0.093828 0.093212 0.006237
 -0.010756 -0.007936 0.081246 0.019456
 0.023703 0.075815 0.069724 0.031951
 -0.081914 0.025674 -0.007133 0.027333
 -0.046705 0.005226 -0.041911 0.084929
 -0.041474 -0.086165 0.063866 0.026813
 -0.029869 0.004756 0.076123 0.076399
 -0.096724 0.067040 -0.023687 -0.023569
 0.044063 0.063643 -0.038368 -0.040673
 -0.031257 -0.092692 -0.030565 0.030537
 -0.012878 0.047390 0.014316 -0.058586
 0.091542 0.042763 -0.095682 -0.048029
 0.079049 0.039665 -0.034663 -0.085509
 -0.056781 0.068592 -0.043344 -0.068297
 0.073438 0.070198 -0.040722 -0.012571
 0.059108 -0.076892 0.041068 0.045467
 -0.011147 0.063473 0.002531 -0.053592
 0.051574 0.024935 -0.097906 0.022730
 -0.033064 -0.058440 0.004883 -0.071874
 0.021686 -0.004246 0.077516 0.093833
 0.008698 0.025191 0.017780 -0.007089
 -0.023160 -0.016942 -0.054215 0.081567
 0.095679 0.032544 -0.059581 0.036201
 -0.042630 -0.036340 -0.056477 0.076050
 0.030778 0.084613 0.042844 -0.086641
 -0.041950 0.063178 0.001085 0.030309
 0.099058 0.038599 -0.030230 0.071484
 -0.044403 0.022128 -0.043939 -0.047569
 -0.045640 -0.020370 0.042967 0.045467
 0.060023 -0.055618 -0.088454 -0.013897
 -0.044173 0.086472 -0.075675 -0.065478
 -0.030037 0.042360 -0.039518 -0.090856
 -0.094771 0.026133 -0.051352 0.037901
 -0.059156 -0.092432 -0.025707 -0.076472
 0.032525 0.041969 -0.097462 0.077591
 -0.033418 -0.081830 0.068934 0.074115
 0.022519 0.024800 -0.035845 0.045276
 0.096463 0.079141 -0.062533 -0.008877
 0.062958 -0.074254 0.038844 -0.061341
 -0.003462 0.066122 -0.033899 0.058504
 -0.014521 0.082581 0.033758 0.003265
 0.030232 0.036902 0.003059 -0.024301
 -0.051642 -0.051044 0.061371 -0.064264
 -0.025676 -0.041473 -0.063971 -0.087281
 0.043819 0.085118 0.052626 0.056446
 -0.076618 -0.032709 0.069754 -0.078867
 0.071804 0.023754 -0.004828 -0.067097
 0.062723 -0.006181 -0.060846 0.020272
 0.039976 -0.022775 -0.010690 -0.054970
 -0.087674 -0.047246 -0.059996 -0.039834
 -0.055542 0.051679 0.050605 -0.026859
 0.041225 0.090905 -0.009475 0.079915
 0.067583 0.026543 0.055344 0.004177
 -0.067292 0.010267 -0.059919 0.005469
 -0.030357 0.092867 -0.034329 0.060592
 -0.080669 -0.050496 -0.031184 0.055292
 0.072484 0.074224 -0.017237 -0.032259
 -0.044378 0.040335 -0.038671 0.081230
 -0.059871 0.067625 0.016191 -0.022447
 0.017217 -0.040981 0.039006 -0.054152
 -0.046836 0.042863 -0.082034 -0.062153
 0.080225 -0.021366 -0.004956 -0.006230
 0.015057 0.075570 0.081362 0.019368
 0.032037 -0.033550 0.027835 -0.031399
 0.032230 -0.084839 -0.086741 0.064250
 -0.008753 0.085359 -0.036316 -0.009853
 0.030057 0.009943 -0.097902 0.002126
 -0.064449 0.089187 -0.008007 -0.092157
 -0.070195 0.019090 0.058374 0.025967
 -0.077184 0.034673 -0.073724 0.016978
 -0.014670 0.033554 0.068037 -0.069804
 -0.023178 -0.040672 -0.059272 -0.031965
 -0.075369 -0.012501 -0.094653 -0.081832
 -0.011633 0.092636 -0.024699 -0.072411
 -0.033106 -0.095792 -0.088891 -0.010815
 0.095974 -0.038908 0.085141 -0.018465
 -0.089300 0.054587 0.058316 0.075626
 0.091593 -0.027851 -0.018039 -0.038952
 0.079175 -0.078574 0.024715 0.006517
 -0.067498 0.077907 -0.045289 -0.069841
 -0.018498 0.045601 -0.091922 0.074341
 -0.052058 0.030920 -0.030270 -0.080396
 0.078962 0.060815 -0.033528 -0.067491
 0.021624 -0.085364 0.088841 0.045153
 0.000696 -0.077730 0.087745 -0.028946
 -0.003895 0.035391 -0.002712 -0.051255
 0.094439 0.088508 0.027481 0.097922
 0.059531 -0.097089 0.081169 -0.054763
 0.013303 -0.038012 -0.031982 0.076803
 -0.073533 -0.072303 -0.027703 0.043787
 0.008062 -0.003091 -0.079422 0.095146
 -0.076777 0.001034 -0.075434 -0.049122
 0.090359 0.067236 0.054358 -0.071911
 -0.024609 0.098986 -0.085313 -0.082375
 0.047099 -0.076235 -0.063556 -0.079763
 -0.058688 -0.074976 0.082512 0.068990
 -0.031216 -0.022919 -0.070090 0.044130
 -0.070343 -0.032394 -0.011339 0.020903
 0.092223 0.045883 -0.091193 -0.022549
 -0.034394 -0.077388 0.086185 0.091211
 0.084594 -0.030800 0.083119 0.015185
 0.072354 -0.022236 0.046205 -0.035054
 0.047958 0.059707 0.089371 -0.097009
 -0.051734 0.085521 0.066533 0.099455
 -0.075204 -0.033443 0.076372 -0.012773
 -0.027371 0.074677 -0.089558 -0.017915
 0.011564 -0.084208 0.021490 0.096193
 -0.004760 0.088266 -0.069129 -0.072119
 -0.038073 -0.075936 -0.041230 0.003577
 -0.026011 0.057573 0.012207 -0.060888
 0.043507 0.073680 -0.049539 -0.065514
 0.014290 0.059777 0.003294 0.086522
 -0.014779 0.004367 0.081431 0.041713
 -0.003919 -0.051168 -0.023182 0.002145
 0.074647 0.021969 0.030735 0.077728
 0.071503 -0.086536 -0.093338 -0.057718
 -0.094404 -0.038034 0.085694 0.013909
 0.059039 -0.009807 -0.025141 -0.059819
 0.022267 -0.095614 -0.039902 0.013498
 0.062770 -0.019998 -0.078497 -0.020809
 0.082567 0.013090 -0.078755 0.097773
 0.026444 0.081067 -0.027039 -0.013154
 -0.073401 -0.057112 -0.000816 0.065139
 0.079371 -0.042802 0.093156 0.034964
 0.055676 0.072361 0.099688 -0.091659
 0.014155 0.091032 0.013196 -0.075613
 0.082299 -0.014925 -0.043672 0.031864
 0.050882 0.013125 0.044017 -0.067341
 0.072816 -0.073198 -0.031563 0.085408
 0.049729 0.061717 -0.025050 0.007213
 0.060471 -0.089142 -0.060801 0.011762
 -0.041923 0.023300 -0.093286 -0.045347
 0.012463 0.019992 0.077238 0.001616
 0.006449 0.032218 -0.005740 -0.099428
 0.082067 -0.001497 -0.013921 0.021425
 0.041173 0.010924 0.055090 -0.005829
 0.072586 0.024647 -0.001558 0.016782
 0.098089 0.000393 -0.050742 -0.019149
 0.001908 0.040309 0.015736 0.016525
 -0.099524 -0.011106 0.097915 -0.099368
 0.022030 0.016519 0.024224 0.055426
 -0.093448 -0.018334 -0.040600 -0.008957
 0.074393 -0.012459 -0.069855 -0.016156
 0.037729 -0.081996 -0.072424 -0.019299
 0.037277 0.082356 -0.005337 0.013438
 -0.092395 0.028424 0.091897 0.040757
 -0.089055 -0.041518 0.046004 -0.013762
 0.006129 -0.009652 -0.048951 0.008709
 0.039258 0.083305 -0.085032 0.039696
 -0.062230 0.038778 -0.004719 0.027501
 0.001548 -0.041193 -0.011399 -0.051346
 0.044228 0.084023 -0.004869 0.020421
 0.027908 -0.017844 -0.004961 0.088969
 0.073376 0.041194 -0.046529 -0.022939
 0.088485 -0.046314 -0.031776 0.021236
 -0.045122 -0.060708 -0.047870 -0.028343
 0.056790 0.041238 0.072713 0.095027
 -0.029206 0.045479 0.041653 -0.033937
 -0.002169 -0.014610 0.053915 -0.031055
 -0.061066 -0.040302 -0.001581 0.016295
 0.060553 -0.006113 -0.038740 0.049714
 -0.046553 0.065628 0.034294 -0.052076
 0.054183 -0.001723 0.009190 -0.014350
 -0.012162 0.097361 -0.001784 -0.096073
 0.014842 0.056751 -0.053927 -0.060466
 0.065486 0.089522 -0.025669 0.094642
 -0.064007 0.082451 0.049753 0.005548
 -0.052350 -0.078491 -0.086345 -0.068781
 -0.099499 0.009563 0.039181 -0.042852
 0.040844 -0.030969 -0.001747 0.060765
 -0.036163 0.000818 -0.071433 -0.088099
 0.015559 0.096907 0.055876 0.051146
 -0.073226 0.075191 0.099627 0.016251
 0.036494 0.035141 0.087354 0.099681
 0.003863 -0.077805 -0.008770 0.027133
 -0.064931 0.099265 0.089664 0.053506
 -0.053845 0.015570 0.028373 -0.055497
 -0.050169 -0.080940 0.021113 0.091936
 -0.068831 -0.083547 -0.062707 -0.017713
 -0.062514 0.088727 0.076057 -0.025983
 -0.054547 -0.030151 -0.027712 0.076827
 -0.022674 0.024965 0.019739 0.048456
 0.062690 -0.000083 -0.099247 -0.056481
 0.015322 0.088817 0.054448 0.077463
 -0.002291 0.052795 0.009225 -0.037780
 -0.059290 0.042830 0.079524 -0.080238
 0.058621 -0.014075 0.006384 -0.073836
 0.095929 0.052757 -0.033743 0.059226
 0.030625 -0.087826 -0.011982 -0.049359
 0.010851 0.037861 -0.051932 -0.062065
 0.033647 -0.064881 -0.033371 0.047134
 -0.056048 0.062255 -0.080867 -0.004970
 0.051832 0.096510 0.046738 -0.016497
 -0.083779 -0.085780 -0.054702 -0.064908
 -0.092235 0.078205 -0.091775 0.095641
 -0.007321 0.049626 0.016002 0.019950
 -0.072308 0.088360 0.073403 -0.036421
 0.062393 0.081348 0.051691 -0.044112
 0.016582 0.071153 0.000716 -0.000385
 0.083198 -0.009945 -0.029383 -0.003762
 -0.009842 -0.046582 0.039715 0.092587
 0.063170 0.066255 0.054151 -0.040842
 0.084724 0.019515 0.066895 -0.031555
 0.050181 0.005191 -0.070460 0.074340
 0.087919 0.061219 0.087595 -0.062911
 -0.018952 0.076993 -0.072244 -0.067412
 -0.007110 0.048372 -0.012689 0.066058
 0.033106 -0.045338 0.005120 -0.053716
 -0.023787 -0.095284 -0.036646 0.041789
 0.080987 -0.002925 0.067464 0.014259
 -0.067732 -0.043991 0.004874 0.016568
 0.062715 0.037635 0.099171 -0.078717
 0.047700 -0.093645 0.051595 -0.049923
 0.075957 -0.069275 -0.048683 -0.040475
 0.066318 0.095677 -0.079776 -0.028744
 -0.015513 -0.009435 0.057360 0.068179
 -0.025187 -0.059847 -0.012643 0.077779
 -0.044003 0.045484 0.065324 0.073590
 0.014486 -0.008768 0.006197 -0.022228
 0.046064 0.013992 -0.095396 0.054130
 -0.058768 -0.016080 -0.018242 -0.032116
 0.037487 -0.047334 -0.022323 0.084759
 -0.041606 0.050275 0.039709 -0.042931
 -0.087340 -0.099030 0.067741 -0.057006
 0.007069 -0.011808 -0.081846 -0.006139
 -0.062389 -0.090528 -0.014596 -0.045520
 -0.067493 0.054805 0.001213 -0.098803
 -0.095320 0.024847 0.090209 -0.077256
 0.038035 0.010253 0.076787 0.055299
 0.012881 -0.000445 0.033717 0.087500
 -0.009807 0.011890 0.083723 -0.039458
 0.023013 -0.058942 0.081908 -0.066879
 -0.082680 0.076036 -0.009108 -0.066015
 0.050828 0.026203 0.008217 0.022514
 -0.095209 0.050207 0.015565 0.046357
 0.003422 0.068114 -0.053654 0.097085
 0.032056 0.040258 0.055384 0.064410
 0.065160 0.082795 -0.014542 -0.009928
 -0.056054 0.070236 -0.052441 -0.094614
 0.021093 -0.002446 -0.024749 0.097650
 -0.099312 -0.008101 -0.077171 0.047337
 0.056148 0.068631 0.007473 0.091095
 0.060020 -0.063675 0.072525 0.029994
 -0.004595 -0.093274 -0.039885 0.078319
 0.094248 0.096534 -0.007333 0.048624
 -0.032254 0.048678 -0.020932 -0.018483
 0.084598 0.068509 0.087899 0.027497
 0.031732 -0.089479 -0.051018 -0.075663
 0.034520 -0.052655 -0.041879 0.068596
 -0.017881 -0.022195 -0.079006 0.057645
 0.044503 0.090057 0.030737 0.005240
 0.015694 -0.081493 -0.058604 -0.042778
 -0.058464 -0.082804 -0.042865 0.076947
 -0.084268 -0.024108 -0.071851 0.092592
 0.093770 0.012884 -0.088081 -0.093825
 0.068249 0.069082 -0.060163 0.094599
 -0.002308 0.013408 -0.093786 -0.024730
 0.029888 0.002406 0.044767 0.010440
 -0.012314 -0.016169 0.069522 0.052065
 0.026493 0.015644 0.068127 -0.029846
 0.071580 -0.063754 -0.079350 -0.041999
 -0.069140 -0.036972 0.020065 0.034254
 0.012643 0.001589 0.017088 -0.068221
 0.001618 -0.069510 0.081107 0.051599
 -0.077069 -0.008081 -0.006538 0.094607
 0.029484 0.088436 0.081202 -0.083225
 0.051115 0.048873 0.095133 0.090970
 0.056233 -0.013608 0.012253 -0.093085
 -0.035329 0.039620 0.003984 0.043031
 -0.007921 0.009312 0.053074 -0.033293
 -0.085891 0.002643 -0.000503 -0.051917
 0.066640 -0.097086 -0.047172 -0.026430
 -0.032118 0.034413 -0.036987 -0.034270
 -0.011203 0.064001 -0.048157 0.094874
 0.045123 -0.050778 0.070505 -0.045280
 0.017341 0.059939 0.046051 -0.058684
 -0.035277 0.020432 -0.008712 -0.075949
 -0.053763 0.080547 0.028582 0.020941
 0.050253 -0.050994 -0.048170 0.064279
 -0.090775 0.008717 -0.050912 -0.098350
 0.052291 -0.022425 0.022482 -0.096959
 -0.042357 0.077488 -0.099464 -0.020481
 0.057240 0.077409 0.026275 0.040344
 0.023473 -0.024433 -0.004980 -0.037696
 0.081657 0.076936 -0.011922 -0.085188
 0.040631 -0.017405 -0.025886 -0.090036
 -0.015130 -0.099016 0.042602 0.059454
 -0.069915 0.072061 -0.044758 -0.085686
 0.004559 0.083207 0.067875 -0.021209
 -0.006736 -0.008313 -0.095805 -0.082369
 -0.032679 0.011056 -0.007815 0.071064
 -0.028068 -0.005194 0.084496 0.021959
 0.069334 -0.023792 -0.053524 0.023693
 -0.077965 0.076821 0.002483 0.054353
 0.075482 -0.086594 -0.065277 0.097235
 -0.021625 -0.031561 0.068853 0.072357
 -0.076671 -0.010154 -0.080461 -0.048014
 -0.062801 -0.081476 0.004520 -0.061533
 -0.008206 -0.078177 0.016099 -0.068179
 -0.022311 0.012609 0.058510 -0.036646
 -0.035382 0.066324 0.014792 -0.045217
 0.065037 0.007029 0.001054 -0.089709
 0.078457 0.096359 0.090077 -0.021175
 -0.069707 0.097074 0.041342 -0.050772
 0.094469 0.063000 0.031063 0.027781
 -0.031703 0.037755 -0.030168 0.011694
 -0.030901 0.080730 0.088762 0.090318
 -0.035290 0.047043 -0.055802 -0.095262
 0.028364 0.041450 0.020081 0.037099
 0.000969 -0.052882 0.015433 0.073870
 0.029272 -0.031856 -0.051550 0.038365
 -0.083446 0.037938 0.084444 0.049883
 -0.032598 -0.016685 0.002229 0.029195
 -0.040541 0.090146 0.055953 -0.042049
 0.016939 -0.073034 0.051813 0.002076
 -0.011231 0.015855 0.085493 0.048252
 -0.088215 0.057562 -0.022527 0.027838
 0.098832 -0.034225 -0.058366 -0.030055
 -0.007273 -0.020862 0.055384 0.040070
 -0.058813 -0.015550 -0.067551 0.077213
 -0.095816 0.026131 0.014317 -0.057986
 -0.001925 -0.004813 0.044405 -0.042547
 -0.055016 -0.075833 0.086180 0.026260
 -0.028860 -0.089830 -0.057143 -0.043703
 0.003543 -0.067105 0.089516 -0.065341
 -0.066803 -0.070191 -0.046945 0.045405
 0.094568 0.000924 -0.042441 -0.049889
 0.048808 0.053833 -0.021428 -0.031087
 0.014895 -0.062017 0.084185 0.035815
 -0.025198 -0.081462 0.014672 0.005180
 -0.076751 -0.010169 0.083585 -0.050309
 0.031278 0.075559 0.019958 0.039875
 -0.056285 0.020452 -0.047170 0.062055
 -0.090148 0.082584 -0.017134 -0.046892
 0.057816 0.088169 -0.057177 -0.003684
 0.063136 -0.052242 -0.040946 0.027554
 -0.077497 0.069605 0.008341 -0.022531
 0.039336 -0.097057 -0.039614 -0.012804
 0.077272 -0.049164 0.039384 0.023879
 -0.062740 0.003096 -0.006955 0.090187
 0.083784 0.026132 -0.081470 -0.081044
 0.041849 0.012642 -0.065190 -0.022314
 0.070646 0.017887 0.003027 0.011465
 -0.092670 -0.096923 -0.036370 -0.055985
 0.088574 -0.057011 -0.096689 -0.034771
 0.001960 0.035278 -0.047206 -0.090808
 0.099570 0.022426 0.064188 -0.053556
 -0.022777 -0.034641 -0.086987 0.092956
 -0.096816 0.090639 -0.032626 -0.061886
 0.032425 0.056647 0.002676 -0.050347
 -0.054662 -0.083468 0.062375 0.080169
 0.074518 0.071246 -0.032944 0.094133
 -0.083615 0.036160 0.077448 0.000346
 -0.094594 -0.065678 0.078602 0.073777
 0.053704 -0.086128 0.096530 -0.031796
 0.092960 -0.054774 -0.033936 -0.084570
 0.009603 0.073457 -0.006657 0.050589
 -0.009075 -0.022619 0.063464 0.000286
 0.062238 -0.005945 0.097742 0.009896
 0.004505 -0.089780 0.000227 0.048141
 -0.065775 -0.063487 0.018236 0.003322
 -0.027545 -0.026914 -0.051915 -0.010663
 -0.090176 0.039086 0.013175 -0.043004
 -0.047456 0.018470 0.040550 -0.046627
 0.073604 -0.040569 -0.057041 0.063954
 0.044019 0.057914 -0.033118 0.044786
 -0.019770 0.022468 0.004303 -0.002672
 0.014713 0.014437 -0.072675 -0.061057
 -0.078802 0.038322 -0.012849 0.065697
 0.026027 0.014995 0.008242 -0.058504
 -0.039290 0.036436 -0.039948 -0.006253
 0.098650 0.050320 -0.008177 -0.068524
 0.092985 0.066780 0.082627 -0.067838
 0.093218 0.072161 -0.051894 0.093979
 -0.050258 0.059464 -0.044941 0.025499
 0.037222 -0.087500 0.067991 0.070862
 -0.038570 -0.046213 0.079550 -0.076708
 0.037089 0.071110 -0.006700 0.049189
 -0.070803 0.009159 -0.060440 -0.047718
 -0.069544 0.064835 0.028092 0.005629
 -0.073456 0.051701 0.091209 -0.083879
 0.003082 0.065222 0.064502 -0.043142
 0.086025 0.096079 0.033923 -0.052486
 -0.002269 -0.084384 0.045101 -0.042383
 0.061776 0.067014 0.029279 0.094815
 -0.017997 -0.026194 -0.034255 -0.080162
 0.088362 0.065086 0.091229 0.010766
 -0.005163 0.054308 0.032444 -0.037897
 -0.087166 0.003363 0.021341 0.044136
 -0.054733 -0.075495 -0.075856 0.014934
 -0.066855 0.013495 -0.010420 -0.016812
 0.096078 -0.001390 -0.075479 -0.080717
 0.086260 -0.053027 -0.078949 0.082439
 -0.009678 -0.017565 -0.095099 0.067996
 -0.064037 0.099829 -0.027709 -0.086546
 -0.015647 0.026423 -0.055426 0.079623
 0.073399 0.003503 -0.023868 0.023013
 0.058576 0.055293 -0.007873 -0.058586
 -0.072773 -0.078623 -0.009870 -0.041573
 0.091699 0.052638 0.068982 -0.010986
 -0.063124 -0.093622 -0.064090 0.033076
 0.062007 -0.094781 0.044029 -0.016714
 0.054654 0.056603 -0.052438 0.059976
 -0.066172 -0.042745 -0.093735 0.078303
 0.086922 -0.007449 -0.023563 0.049703
 0.089167 -0.002880 -0.021209 -0.085448
 0.061964 0.000426 -0.082557 0.082021
 -0.050874 -0.018354 -0.012566 -0.020199
 -0.087899 0.052228 -0.060952 -0.068111
 -0.087031 0.082007 -0.097617 0.047269
 0.007749 -0.085068 -0.075279 -0.083579
 -0.063358 -0.048592 -0.066826 0.019087
 0.069117 0.074830 -0.058659 -0.042216
 -0.018242 -0.048332 -0.090964 -0.048828
 0.026375 0.079796 -0.024335 -0.095701
 0.058495 -0.083049 0.000945 0.074992
 -0.095550 0.069061 0.021967 -0.070172
 0.065988 0.089754 -0.040174 0.005130
 0.069259 -0.041321 -0.059518 -0.097582
 -0.053447 -0.019272 -0.045764 -0.029483
 0.074062 0.032592 0.035829 0.002707
 -0.038951 -0.096604 0.042948 -0.035614
 0.070924 0.044166 -0.002015 0.056489
 0.029660 0.069657 0.067710 -0.098541
 0.028544 -0.051195 0.079952 0.094576
 0.022709 0.018683 0.010656 -0.072821
 -0.054575 0.071825 0.056095 -0.031094
 -0.041380 0.065493 -0.068054 0.059998
 -0.044010 -0.090059 0.075913 -0.039207
 0.035396 0.098895 0.035162 -0.062263
 0.062938 0.084943 -0.035360 -0.074111
 -0.041424 -0.080368 0.055255 -0.014481
 0.001845 0.049382 -0.042025 -0.015708
 0.002614 -0.067147 0.001915 0.061092
 0.073580 -0.013382 -0.051957 -0.029687
 0.001597 0.087956 -0.074171 0.075872
 0.034770 -0.058890 0.003852 0.074422
 0.089003 -0.065815 -0.000053 0.027534
 -0.098177 -0.020302 -0.050248 0.037210
 0.097195 -0.006681 0.015750 -0.070134
 0.009324 -0.096491 0.080388 0.070979
 -0.096388 0.069730 -0.030285 0.062969
 -0.049195 0.094002 -0.053252 0.041483
 -0.019866 0.080181 0.031336 0.045340
 -0.091839 0.071404 -0.024416 0.089412
 0.083727 -0.023543 -0.069746 -0.085140
 0.066565 -0.033069 0.031442 0.079834
 0.042927 -0.085670 0.095565 0.050020
 0.021519 -0.059726 -0.032009 0.076029
 0.035370 -0.013396 0.000845 -0.093355
 -0.099908 -0.007591 -0.026642 0.023946
 -0.008633 0.090476 0.097142 0.055617
 -0.027349 -0.072895 -0.094044 0.033002
 -0.057604 0.040598 0.060621 -0.055128
 0.015044 -0.060326 -0.010569 0.088777
 -0.004685 0.008502 0.029031 -0.049808
 0.040082 -0.058027 0.057274 -0.004237
 -0.033212 -0.018195 0.040351 0.058695
 -0.062854 -0.078449 0.039046 0.014979
 -0.037744 0.033070 0.066284 0.008227
 -0.063261 0.073645 -0.024654 -0.083368
 0.023152 -0.012007 0.000683 0.080376
 -0.012699 0.059339 -0.032449 0.039817
 0.033762 0.015780 0.067062 -0.085114
 -0.021946 -0.075161 -0.025055 -0.038319
 0.026626 0.012966 -0.047293 -0.013344
 -0.086180 -0.088073 -0.083011 -0.031517
 -0.007069 -0.074987 -0.099379 0.054637
 -0.078331 0.016355 -0.012242 -0.037440
 0.007785 0.063480 0.009196 -0.014140
 0.063804 -0.096806 -0.068102 -0.099204
 -0.045219 -0.069905 0.029695 -0.017630
 -0.001384 0.072834 0.018714 0.022568
 -0.095513 -0.050819 -0.019961 -0.003900
 -0.079497 0.024341 -0.051044 -0.049629
 0.024556 0.055635 -0.072264 0.023819
 -0.066613 0.011860 0.042051 0.068959
 -0.060357 -0.070549 -0.035198 0.040687
 -0.079332 -0.042060 0.098768 0.004298
 -0.084950 0.028140 -0.070545 -0.007560
 -0.050578 0.091576 0.092499 -0.064242
 0.092059 -0.001611 -0.051509 -0.086869
 -0.070726 -0.093116 0.003669 -0.009206
 -0.001675 0.030599 0.031355 -0.084770
 -0.068702 0.019810 0.046531 0.007024
 0.001582 0.048015 -0.012088 0.015948
 0.014958 0.099902 0.026167 -0.045152
 0.036748 -0.086088 -0.029703 0.056040
 -0.087197 -0.007836 0.092985 0.018009
 -0.013232 0.074153 0.040722 -0.022690
 -0.033597 0.033336 0.035794 0.059124
 0.050609 0.039488 0.076355 -0.094295
 0.092492 0.027343 0.027504 -0.017038
 0.085514 -0.060185 -0.055518 0.096808
 -0.049888 0.065348 -0.097153 -0.067685
 0.017674 -0.039276 -0.024849 0.003371
 0.047904 -0.064316 -0.040365 0.076821
 0.056515 -0.076687 0.076481 -0.011354
 0.055637 -0.085407 0.081697 0.094165
 -0.041328 0.009059 -0.098587 0.025025
 0.063559 -0.081597 0.024683 -0.016326
 -0.044284 -0.098509 -0.043511 -0.001220
 0.007314 -0.095627 0.061863 -0.075616
 0.036401 -0.052590 0.088636 -0.046017
 -0.037135 0.061407 0.031459 -0.014258
 -0.058880 -0.021832 0.032739 0.075404
 0.037363 -0.056960 0.021483 0.038731
 0.006408 -0.008724 0.066339 -0.026495
 0.016849 0.098742 0.011505 -0.053645
 -0.056630 -0.067239 0.088835 0.005921
 -0.055183 0.004289 0.043561 0.087359
 -0.093691 0.023334 -0.046533 0.049544
 -0.030571 -0.055903 -0.099645 0.063697
 0.075455 0.092148 -0.003691 0.097576
 -0.042680 0.092842 0.005360 0.010858
 -0.090034 0.076879 0.081659 0.097972
 -0.013217 -0.094208 0.097517 0.050432
 -0.022371 -0.021110 -0.040937 -0.055331
 0.061829 -0.060122 0.071221 -0.023509
 0.046208 -0.091241 0.061456 -0.044336
 0.042957 -0.048429 -0.087145 -0.082862
 -0.076783 -0.050702 0.060585 0.032328
 0.005987 0.036292 0.059838 -0.051046
 -0.061784 0.099391 -0.070869 -0.032729
 0.026964 0.091451 -0.095445 0.004068
 -0.041304 0.043784 -0.086779 -0.098038
 -0.064112 0.015862 -0.099774 -0.001399
 -0.028628 -0.039905 -0.090832 0.049953
 0.080988 -0.069210 -0.032469 0.013552
 -0.090802 0.091249 -0.059654 -0.017675
 0.014795 -0.099095 0.070725 0.025742
 0.031581 -0.008618 -0.066286 0.026986
 -0.015996 0.027619 0.050504 -0.037052
 -0.095409 -0.064975 0.003172 0.060019
 -0.080750 0.038725 0.043383 -0.008589
 0.036122 0.063484 0.055470 0.087089
 -0.019381 -0.032471 -0.009066 0.033347
 0.000058 -0.009215 -0.052228 0.006711
 -0.095321 0.066692 0.038579 0.091822
 -0.068179 0.022696 0.065458 0.038386
 -0.089409 -0.055584 0.062499 -0.026107
 0.099536 -0.099607 -0.083562 0.010311
 0.086397 -0.076860 0.041391 0.072370
 -0.025416 -0.065826 -0.069359 -0.096634
 0.084306 0.017002 -0.049806 -0.083732
 0.080486 -0.071825 0.019071 -0.007249
 0.054670 0.018888 0.069104 0.046671
 -0.032171 0.080905 -0.019868 0.085554
 -0.010290 -0.022711 -0.054738 -0.097292
 -0.025822 0.030532 -0.029593 0.077018
 -0.062890 0.079179 -0.046876 -0.012802
 0.099458 0.089243 -0.031195 -0.052957
 0.089631 -0.002558 -0.017251 0.073951
 -0.035609 0.038321 -0.086147 -0.006996
 -0.043517 -0.050103 -0.043045 0.079256
 0.041161 0.015603 -0.099181 -0.063557
 0.028270 -0.028131 -0.028841 -0.003139
 0.013733 -0.059230 0.088319 0.009875
 0.006697 -0.071245 0.081904 -0.017247
 -0.016571 -0.045566 0.062588 -0.045090
 -0.093825 -0.041094 0.017651 -0.092044
 -0.072701 0.043305 -0.093205 -0.091588
 0.081376 -0.096115 -0.061988 -0.047400
 -0.088610 -0.028370 -0.045077 -0.042492
 0.037312 -0.052023 0.087215 -0.065691
 0.052702 -0.060364 -0.097853 -0.047330
 -0.022662 0.073297 -0.008645 0.054088
 -0.046477 0.038293 -0.070261 0.038765
 0.067327 -0.073059 0.052688 0.016091
 -0.077643 0.035932 -0.097705 -0.074636
 0.019677 0.049057 -0.024986 -0.032916
 -0.064388 -0.076167 0.007987 0.024738
 -0.004022 0.055981 -0.015065 -0.067752
 0.045388 0.004088 -0.040599 0.045264
 -0.047555 0.043789 -0.010750 -0.099599
 0.095798 0.013898 -0.034411 0.094674
 0.076749 0.038838 0.040396 0.053704
 0.043720 -0.060070 -0.017811 -0.051418
 -0.067340 -0.053821 0.038095 -0.051344
 0.025758 0.010811 0.077429 0.042179
 0.023871 -0.076212 0.096072 0.009544
 0.071260 0.033760 0.008350 -0.093708
 -0.062031 0.031095 -0.041810 -0.097489
 -0.078667 -0.011209 0.080702 0.065660
 0.067159 -0.059100 0.033646 0.064102
 -0.088589 -0.022625 0.010695 -0.077787
 0.090934 -0.004636 -0.065645 0.000569
 0.055611 -0.037342 -0.040542 0.015981
 0.004946 -0.056841 -0.025596 0.017571
 -0.025487 0.006019 0.077052 0.029738
 0.090828 0.091130 0.061400 -0.051791
 -0.016679 0.062653 -0.071917 -0.042501
 0.050653 -0.070567 -0.034224 -0.079037
 -0.058456 -0.043644 -0.086132 -0.016815
 -0.097770 0.091143 -0.079355 -0.090052
 0.031418 -0.052471 -0.018532 -0.058301
 -0.038214 0.036762 0.075655 -0.049732
 0.067695 0.055381 0.075102 -0.076631
 0.022551 -0.018745 0.076359 0.097946
 0.044795 -0.008232 0.057641 -0.042184
 -0.075072 0.053569 -0.030277 -0.094404
 -0.069558 0.000332 -0.066081 0.094176
 -0.027774 0.020311 -0.092797 0.041151
 0.094462 -0.091584 0.038012 -0.054858
 -0.024111 -0.063229 -0.088275 -0.014242
 -0.008105 0.033783 -0.050995 -0.036406
 0.034997 0.075256 -0.018222 -0.065581
 -0.074986 -0.041514 -0.069145 -0.000965
 -0.017143 -0.066909 0.049332 0.024228
 -0.092969 0.007282 0.018066 -0.062774
 -0.076053 0.045841 0.063576 0.063159
 0.079000 -0.012819 0.003654 0.015382
 -0.030822 -0.071285 0.065220 -0.003816
 0.043524 0.098580 0.069857 -0.038709
 0.094270 -0.024634 0.062268 -0.036769
 0.072162 0.061708 -0.014107 0.032650
 0.018073 -0.026677 -0.049702 0.097602
 0.083070 0.087129 0.029571 -0.018440
 -0.048632 0.034580 -0.035787 0.053275
 -0.001686 -0.006955 -0.060702 -0.086327
 0.080159 0.002576 0.073665 -0.089064
 -0.043316 0.002583 -0.022924 0.078100
 0.098476 0.080326 -0.055846 0.019413
 -0.031321 -0.084055 0.099283 0.071436
 0.092694 -0.014724 0.093482 0.003482
 -0.051406 0.046911 -0.026019 0.008539
 0.098589 0.084111 -0.080406 0.015960
 0.013504 -0.038500 0.048277 0.015050
 0.036646 -0.064510 -0.006051 0.015927
 0.046808 -0.092092 0.044818 -0.038599
 -0.017671 0.013148 0.092557 0.006183
 -0.057654 -0.056929 0.065499 0.070257
 0.073819 0.083797 -0.056303 0.063891
 -0.053278 -0.034412 -0.063166 0.049252
 0.074764 0.038193 0.056103 0.041497
 0.005319 0.074147 -0.038490 0.010567
 -0.081566 -0.012984 -0.034901 0.091102
 0.098977 -0.050192 -0.078241 0.028132
 0.080146 0.097657 -0.073088 -0.002080
 -0.041834 0.057219 0.006833 -0.034511
 0.077807 -0.019414 -0.022025 0.066982
 0.085983 -0.080947 0.078286 -0.049311
 0.087893 -0.097133 -0.064336 0.078381
 0.047539 0.007580 -0.052710 0.024225
 0.099439 0.074428 -0.007210 -0.039248
 0.070802 -0.040662 0.072994 0.067606
 0.063460 0.054114 0.001341 0.007987
 0.082834 -0.083996 0.008615 0.013744
 0.004813 0.064205 -0.026064 -0.050420
 0.079442 0.032490 -0.053109 -0.097845
 0.097645 -0.005213 -0.031900 -0.030185
 -0.098269 0.073288 -0.088767 -0.032004
 0.083831 -0.034302 0.050989 0.096880
 0.086680 -0.039863 -0.032582 -0.035788
 -0.016714 0.009627 -0.038626 0.025941
 0.008855 -0.067433 0.033278 0.004138
 -0.009587 0.092674 0.084514 0.028659
 0.057658 0.074986 -0.029287 0.019938
 0.085406 0.085210 0.064093 -0.074246
 0.028367 0.053926 0.037784 -0.063323
 -0.005840 -0.052356 -0.004947 -0.051240
 0.030990 0.047437 -0.089387 -0.080020
 -0.046801 0.030506 -0.082409 -0.033375
 0.066305 -0.022776 -0.004377 0.027035
 -0.026351 -0.049656 -0.083756 0.040005
 0.087224 -0.025053 0.024319 -0.056952
 -0.073402 0.097317 -0.028006 -0.096285
 0.080336 -0.092875 0.073477 -0.080026
 0.050255 0.062463 -0.027323 0.028048
 0.024604 0.045183 0.074245 -0.024664
 0.094163 0.052487 -0.077521 -0.051576
 0.074826 -0.014518 -0.058455 0.094700
 -0.066043 0.099701 -0.092771 -0.093571
 0.066259 0.098360 -0.051451 0.081434
 0.086618 0.012527 -0.051561 -0.002959
 -0.049470 0.038710 -0.015974 0.090350
 -0.070090 0.071080 -0.054133 0.019277
 0.092006 -0.070072 0.049246 -0.002329
 -0.079750 0.083453 -0.031847 0.063912
 -0.019126 -0.011223 -0.061175 0.000286
 -0.093009 0.030725 0.008550 0.055733
 -0.099535 -0.068584 0.030104 0.078406
 0.096070 0.002952 0.039783 0.092718
 -0.027296 0.091899 0.085564 -0.017315
 0.025034 0.079820 -0.079330 0.004078
 -0.078808 0.020974 0.015516 0.041845
 -0.038601 -0.019119 0.036450 -0.024788
 -0.001661 -0.096885 -0.095600 -0.084090
 -0.072574 -0.058808 0.088657 0.033653
 -0.016571 -0.080071 -0.014961 0.072003
 0.078892 0.030891 -0.057692 -0.062262
 0.015646 -0.021296 -0.057007 0.053514
 -0.090886 -0.099641 0.089226 0.069532
 0.071398 0.087597 -0.093423 -0.046972
 0.064470 0.084266 0.021137 -0.087935
 -0.014085 0.033298 -0.095020 -0.037220
 0.029237 0.074728 0.075408 -0.067274
 -0.006255 0.051115 0.059157 -0.080562
 -0.012218 0.076445 0.093730 0.016325
 -0.037057 -0.013488 -0.028729 0.019480
 0.095673 0.089720 0.067310 -0.048020
 0.045270 0.088274 0.064315 -0.054008
 -0.050473 0.061986 0.049775 -0.052354
 0.089356 -0.091740 0.094635 -0.076628
 -0.079617 0.001034 -0.008064 -0.031840
 -0.001967 -0.026635 0.025116 0.089097
 0.045358 -0.072103 0.026153 -0.035356
 -0.062928 -0.020586 -0.002871 -0.045279
 -0.073580 -0.089881 0.074548 -0.036547
 -0.093239 -0.071213 0.000653 -0.078777
 -0.089383 0.049395 0.025733 -0.076603
 -0.051702 -0.096149 0.028157 0.099625
 0.025146 -0.076426 0.048067 0.062963
 0.037549 0.096969 -0.080648 0.054978
 -0.069849 -0.088499 -0.083630 -0.084509
 -0.069322 0.056841 0.091312 0.026917
 0.005521 0.066836 0.041337 0.079286
 -0.043725 0.020690 0.050424 0.092505
 0.069480 -0.074835 0.024649 -0.092544
 -0.089358 0.098747 0.054756 0.025175
 -0.012010 -0.034987 0.086978 -0.085254
 -0.037278 0.058563 -0.020275 0.056690
 0.013518 -0.035563 0.018999 0.049776
 -0.050504 0.080797 0.092880 0.038932
 -0.004441 -0.085185 0.038574 -0.025175
 -0.040502 -0.021522 -0.091578 -0.062892
 0.029348 0.012900 -0.072870 0.013658
 0.090045 0.066062 0.023266 -0.043538
 -0.074535 -0.001230 -0.032655 0.025092
 -0.000888 0.092136 0.008044 0.050056
 -0.092367 0.023574 -0.052455 -0.096575
 -0.061604 0.032587 -0.086158 0.062621
 0.089035 -0.000425 -0.093006 0.013612
 0.014706 -0.059860 0.045290 -0.020500
 -0.053412 -0.067921 0.060239 -0.083879
 0.063331 0.075549 0.093120 -0.055239
 0.020203 0.076441 -0.045404 0.029500
 0.029315 -0.072149 -0.011404 0.074296
 -0.034785 0.084653 -0.023126 -0.093287
 -0.031075 -0.069072 0.072734 -0.036601
 0.076196 0.043620 -0.041002 0.030064
 0.019501 -0.022705 0.042269 -0.013451
 -0.095650 0.040002 0.083547 -0.051045
 -0.019262 0.022621 0.008545 -0.088291
 -0.071391 0.060159 0.054671 0.036945
 -0.022856 0.085758 -0.027754 0.008576
 0.003643 -0.057323 0.007381 -0.038842
 -0.048375 -0.083472 0.004348 0.002426
 0.071458 -0.090866 -0.047467 -0.071309
 -0.017480 -0.050616 -0.053632 0.065701
 0.005227 0.097729 0.025646 -0.021003
 0.075515 -0.095633 -0.006132 0.049482
 0.021678 0.003119 0.067690 0.093294
 -0.061096 0.074094 -0.077694 -0.063221
 0.048306 0.050510 0.042705 -0.015993
 -0.085730 -0.036887 -0.045570 0.026875
 -0.027568 0.077972 -0.085856 -0.048315
 -0.051208 0.035826 0.034747 0.044921
 0.064335 0.044608 -0.017313 -0.004012
 -0.063587 0.049236 -0.057055 -0.034083
 -0.069483 0.066536 0.088542 0.014302
 -0.018524 0.005437 0.010038 0.025217
 0.077599 -0.073916 0.071451 -0.067522
 0.073114 0.080321 0.024650 -0.028374
 -0.024342 0.032394 -0.038865 0.059760
 -0.022581 -0.055634 -0.043510 0.085352
 -0.086819 0.090204 -0.054322 0.030684
 -0.022961 0.096333 0.031697 0.099169
 0.042258 -0.055410 -0.006866 0.093936
 -0.098084 -0.076953 -0.078185 -0.008512
 -0.058016 0.095775 -0.056638 -0.065210
 -0.031347 0.072852 0.064322 0.001671
 0.026773 -0.028880 -0.042490 -0.022051
 0.091869 0.017133 0.035821 -0.088866
 0.007758 -0.090546 -0.071758 -0.031297
 -0.013503 -0.013697 0.000379 -0.062684
 0.006451 -0.041572 -0.021369 0.055838
 -0.058939 -0.068287 -0.027119 0.079228
 -0.057816 -0.090449 0.052322 -0.082108
 -0.012753 0.069738 -0.030752 0.083625
 -0.092134 -0.098809 0.042054 0.088972
 -0.097527 0.010660 -0.028625 0.077587
 0.061301 0.028658 0.040304 -0.037322
 -0.005654 -0.047184 -0.081051 -0.017359
 0.006002 -0.045615 -0.082926 0.042139
 0.044262 -0.077001 0.080457 0.015896
 -0.039935 0.004478 -0.001036 -0.063222
 0.094006 0.040657 -0.007405 -0.099641
 -0.037350 0.084229 -0.083909 -0.087180
 0.079338 0.019145 -0.089749 0.017376
 0.037389 -0.081700 0.076051 0.082842
 0.096907 -0.026581 -0.040597 0.056815
 -0.044859 -0.078250 0.023740 -0.082201
 0.085588 -0.047444 -0.056006 0.006336
 0.016056 -0.023782 -0.018082 -0.021648
 -0.068498 0.000742 0.028442 -0.079512
 -0.009933 -0.080914 0.017378 -0.030530
 -0.005750 0.074733 -0.084571 0.013139
 0.001428 -0.004176 0.011362 -0.010876
 -0.060468 0.057059 0.054685 0.007407
 -0.090563 -0.013323 -0.096941 0.003367
 0.050589 -0.059175 0.077358 -0.059906
 -0.072349 -0.087851 0.073610 -0.098481
 -0.063746 -0.012903 -0.078818 0.094293
 -0.026409 -0.054148 0.019676 0.057154
 -0.042619 0.015403 -0.054364 0.011054
 -0.060778 -0.036623 -0.084967 -0.051364
 -0.045603 -0.089964 -0.085349 -0.014383
 0.037097 0.042973 0.068998 -0.039948
 -0.066903 0.039942 0.048987 -0.026845
 -0.028117 0.065190 -0.010432 0.064399
 0.064495 0.024310 0.037024 0.008831
 -0.062250 -0.018929 -0.029036 -0.033403
 0.077962 -0.027007 -0.084997 -0.005448
 -0.053079 -0.054112 0.043601 -0.046262
 -0.047146 -0.069494 0.099469 -0.051610
 -0.020103 -0.047818 -0.072058 0.018085
 -0.038682 -0.057194 -0.073480 -0.070799
 -0.068168 -0.075756 0.009055 -0.064668
 0.006884 -0.084070 0.059611 -0.089877
 0.036677 0.094913 0.045938 -0.046138
 0.027018 -0.024420 0.076375 -0.000479
 0.086896 0.095298 -0.062750 0.078376
 -0.002768 -0.006978 0.045483 0.074573
 0.057059 -0.013315 -0.085720 0.046794
 -0.040841 0.030646 -0.060109 -0.097555
 -0.037182 0.079427 -0.058238 -0.047804
 -0.067673 0.038808 -0.013513 -0.010902
 -0.014256 0.004240 0.016743 -0.016626
 -0.070612 -0.001092 -0.070753 0.017451
 0.007228 -0.077078 0.085160 -0.077650
 -0.033203 0.010811 0.077032 -0.096264
 0.019548 -0.098301 0.052999 -0.088033
 0.089764 0.067432 0.053684 0.045465
 0.005089 -0.042950 -0.031322 0.097503
 0.051403 -0.060006 -0.088364 0.063622
 0.098916 -0.021393 -0.068043 0.058722
 0.007144 0.031543 0.073072 -0.042867
 0.011327 0.014361 -0.051591 0.067064
 -0.087418 -0.073482 0.022259 -0.064301
 -0.035430 -0.030576 -0.042093 -0.013803
 -0.083767 0.039891 0.055488 0.062132
 0.030604 -0.021021 0.014919 0.074536
 -0.020253 -0.018185 0.029682 0.022928
 -0.096305 -0.022304 -0.077395 0.058265
 0.018966 0.063691 -0.061623 -0.087960
 0.049919 -0.015495 0.016116 -0.088838
 0.012083 -0.071315 -0.026597 -0.026347
 0.042637 0.068339 0.082485 -0.072639
 -0.055314 0.004619 0.080256 0.024373
 0.068534 -0.082930 0.089702 0.072718
 -0.023856 -0.045619 0.019498 -0.014794
 0.016367 -0.046521 0.029362 -0.013868
 -0.061882 -0.085587 0.016423 -0.017093
 -0.015027 0.036714 -0.090742 0.027179
 -0.033178 0.064938 0.047242 -0.014550
 -0.090160 -0.029159 -0.092176 0.051480
 -0.021195 -0.068880 0.037344 0.041702
 -0.014400 -0.034844 -0.000818 -0.077564
 -0.066406 -0.057239 0.004220 -0.011413
 -0.009129 -0.072868 0.045901 0.031883
 0.048887 -0.004761 0.065060 0.067827
 0.051619 -0.001030 0.013710 0.061563
 0.099056 -0.085677 -0.039672 0.002990
 0.049903 0.062571 -0.044363 0.022733
 0.083866 0.078177 0.081490 -0.012249
 -0.039963 0.011121 -0.027182 0.032612
 -0.027445 -0.075312 -0.006807 -0.090666
 0.015663 0.014443 -0.023887 0.000827
 -0.086709 0.073232 0.072418 0.079283
 0.010355 0.032408 -0.042453 -0.094383
 -0.019349 0.037692 0.068651 -0.094099
 0.003235 -0.010310 0.029339 0.056396
 0.087665 0.019844 -0.060105 0.059796
 -0.040575 0.084961 0.018729 -0.089928
 0.098097 0.072634 0.043509 0.083018
 0.024644 -0.089929 0.019251 -0.079950
 -0.064933 -0.001408 -0.033686 -0.041458
 0.068505 0.048430 0.007857 -0.090200
 0.029881 -0.036730 0.035111 0.071378
 0.019852 -0.085452 0.009103 -0.016451
 0.031627 0.090245 0.040253 -0.029048
 -0.016347 0.065426 -0.015012 -0.031173
 0.011165 0.018268 0.003484 0.080634
 -0.014571 0.055353 -0.083457 -0.066083
 0.057962 0.002788 0.083676 0.042797
 0.053503 0.089716 0.025177 0.098553
 0.090761 -0.034604 0.076446 0.074368
 0.093343 -0.009062 -0.045114 -0.042585
 0.064152 0.013664 -0.082477 0.073950
 -0.054807 0.062409 -0.025063 0.082377
 -0.094085 0.095873 0.013407 0.041556
 -0.015485 0.092297 -0.008341 0.036425
 0.044791 -0.064451 -0.024829 0.067882
 -0.080541 0.010945 -0.029340 0.033501
 0.089483 -0.041807 -0.071968 -0.056836
 0.008740 0.020903 -0.063539 -0.077380
 0.046884 0.035569 0.022228 0.038866
 -0.002723 -0.049686 0.036715 0.090126
 -0.030717 0.039539 -0.019055 0.073013
 -0.033931 -0.092247 -0.061610 0.021692
 -0.006714 -0.031293 0.033640 -0.022902
 -0.007617 0.047672 0.015068 0.091962
 0.070594 -0.052470 0.086403 -0.051679
 -0.068812 -0.057854 0.068090 0.078155
 -0.082213 0.081329 -0.045616 -0.036186
 -0.021415 0.027826 -0.097824 0.004758
 0.039444 -0.078138 -0.066137 -0.064136
 0.035904 -0.027542 -0.023781 -0.073506
 -0.068319 0.031447 0.019487 -0.027605
 0.028524 -0.017401 -0.079527 -0.012093
]
Total memory size for keys: rot_key_cnt = 515, rot_key_size = 12960576520 bytes, total_key_size = 13000422944 bytes
Total memory size for weight plain: cnt = 517, size = 546869608 bytes
RTLib functions         	       Count	      Elapse
--------------------    	    --------	    --------
FINALIZE_CONTEXT        	           1	    0.005916 sec
PREPARE_CONTEXT         	           1	   56.930511 sec
ENCODE_ARRAY            	         518	    2.496648 sec
NTT                     	       16667	   19.743606 sec
INTT                    	        3129	    3.956045 sec
MAIN_GRAPH              	           1	   15.813690 sec
 HW_ADD                  	        3144	    0.281903 sec
 HW_MUL                  	        2086	    0.615952 sec
 HW_ROT                  	        2096	    0.149828 sec
 PRECOMP                 	         518	    3.859086 sec
 MOD_DOWN                	        1036	    6.906819 sec
 FAST_DOT_PROD           	        1036	    1.410378 sec
 RESCALE_POLY            	           8	    0.041332 sec
 COPY_CIPH               	           4	    0.002618 sec
 INIT_CIPH_SM_SC         	        1036	    0.002866 sec
 INIT_CIPH_UP_SC         	         517	    0.040848 sec
 INIT_CIPH_DN_SC         	           4	    0.000187 sec
 PT_ENCODE               	         517	    2.492604 sec
MAIN_GRAPH              	   sub total	   15.804422 sec
73.33s 13068128KB
Exit 0 - Check log: /app/ae_result/hpao/i512x4x4_k2p0s2.lmr.log
LINK_EXEC RETV:0
LINK_EXEC CMD TIME:74.073118s
