FAST_DOT_PROD=0
/app/hpao_cmplr/bin/fhe_cmplr /app/model/i512_o10.onnx -o /app/ae_tmp/i512_o10.onnx.c -POLY:mdh -VEC:conv_fast -VEC:ms=32768 -CKKS:N=65536 -P2C:df=/app/ae_tmp/i512_o10.onnx.weight -CKKS:sk_hw=192 -O2A:ts -FHE_SCHEME:ts -VEC:ts -SIHE:ts -FHE_SCHEME:ts -POLY:ts -P2C:ts -CKKS:ts:q0=60:sf=56 -POLY:ts -P2C:ts -P2C:fp -SIHE:relu_vr_def=10
[/app/hpao_cmplr/bin/fhe_cmplr][ONNX2AIR][--] : phase_time = 0.000206 / 0.000334(s)
[/app/hpao_cmplr/bin/fhe_cmplr][SCHEME_INFO_ANALYZE][--] : phase_time = 0.000012 / 0.000353(s)
[/app/hpao_cmplr/bin/fhe_cmplr][VECTOR][--] : phase_time = 0.000160 / 0.000517(s)
[/app/hpao_cmplr/bin/fhe_cmplr][SIHE][--] : phase_time = 0.000060 / 0.000582(s)
[/app/hpao_cmplr/bin/fhe_cmplr][CKKS][--] : phase_time = 0.000208 / 0.000794(s)
[/app/hpao_cmplr/bin/fhe_cmplr][POLY][--] : phase_time = 0.001002 / 0.001801(s)
[/app/hpao_cmplr/bin/fhe_cmplr][POLY2C][--] : phase_time = 0.000836 / 0.002643(s)
COMPILE RETV:0
COMPILE CMD TIME:0.007170s
/app/hpao_cmplr i512_o10.onnx /app/test/i512_o10.c i512_o10.onnx.c
ckks_param: _provider = 0, _poly_degree = 65536, _sec_level = 0, mul_depth = 3, _first_mod_size = 60, _scaling_mod_size = 56, _num_q_parts = 2, _num_p = 2, _num_rot_idx = 17,_hamming_wieght = 192
input(tensor): [
 0.046434 0.057213 0.079138 0.075599 0.023735 0.037378 0.019036 0.008224 -0.044617 -0.043425 -0.058368 0.059926 -0.019946 -0.080344 -0.060559 0.007035 0.086544 -0.090771 -0.067801 0.056551 0.090275 0.005096 0.066076 -0.051581 -0.044247 -0.043109 -0.092566 -0.072193 0.053741 -0.012787 -0.087100 0.093764 0.060042 0.031949 -0.043570 -0.035458 -0.057736 -0.033152 -0.072011 0.036390 0.035770 -0.040330 0.002212 -0.015096 -0.088877 0.022936 -0.051584 -0.041468 0.076468 0.064348 -0.063932 0.011976 0.035762 -0.028630 0.060326 -0.095063 0.045326 -0.060133 0.027501 0.063743 0.067469 -0.019974 -0.048226 -0.009009 -0.023546 -0.009399 0.060472 0.043265 0.040808 -0.034801 0.022780 -0.071133 0.077325 -0.077265 -0.042291 0.076966 0.076083 0.097692 0.065846 0.089635 0.021850 -0.011490 0.024212 0.025715 0.070493 0.092023 -0.040182 -0.092468 -0.014044 0.078084 0.067467 -0.080099 -0.041553 -0.054208 -0.037637 -0.094875 0.083301 -0.092220 -0.013620 0.003943 -0.027537 -0.031590 0.066958 0.017180 0.062948 -0.032282 0.074716 0.092499 0.050444 -0.072100 -0.003634 0.085834 0.035688 0.052761 0.003446 -0.084669 0.081882 -0.009965 0.065954 0.069914 -0.049067 0.037164 -0.002370 0.017730 0.091741 0.010918 0.082357 -0.058019 -0.037660 0.086607 -0.069898 -0.051267 0.072281 0.067228 -0.025842 -0.017186 0.086635 0.053519 0.038732 -0.037361 0.099608 -0.075068 0.017568 -0.023972 -0.071665 -0.002856 0.009303 0.055852 0.013337 -0.087697 -0.031707 0.069961 0.085622 0.097371 -0.058575 -0.048054 0.020589 0.062574 0.046155 0.037326 -0.011272 -0.093241 0.038986 -0.059839 -0.014442 0.010253 0.010748 -0.036263 -0.062737 0.041818 -0.096640 -0.049104 -0.049181 -0.076750 -0.097208 -0.017657 -0.081873 0.074883 0.020792 0.083199 0.003411 0.093615 -0.077576 -0.096486 -0.004057 -0.057340 0.067782 0.094000 0.022053 -0.038658 -0.074839 -0.002772 -0.027669 -0.064549 0.052505 0.087677 0.031668 0.081344 0.013963 0.005933 0.025699 0.009886 0.070089 -0.099989 -0.056381 0.084421 -0.009935 -0.016550 0.077572 0.020874 0.021848 -0.046861 -0.019109 -0.075145 -0.095558 -0.061306 -0.025482 -0.063349 0.040753 0.091292 -0.059170 -0.092745 0.089117 -0.052869 0.020952 0.066330 0.063450 0.041027 -0.041565 0.020193 -0.053439 -0.009940 0.088294 0.069638 -0.023104 0.096792 -0.031409 -0.076665 -0.028971 -0.045621 -0.030571 -0.044827 0.071871 0.080914 -0.094593 0.037161 -0.018659 0.025436 0.016665 0.086826 0.000950 0.080257 0.001670 0.086966 -0.036202 -0.068191 0.037231 -0.092471 -0.096691 0.040194 0.057827 0.031813 0.039547 0.042046 -0.008218 0.042371 0.088117 0.080178 -0.067033 0.046178 0.063708 -0.028385 -0.096488 0.048330 0.002257 -0.073611 -0.001505 -0.059580 -0.067076 -0.050297 0.024211 0.044392 -0.006494 -0.016084 -0.046159 -0.086835 0.017241 0.020811 0.071318 0.005066 -0.059087 -0.035839 0.090070 -0.002340 0.050202 -0.065930 -0.006033 -0.000675 0.011883 0.019446 0.017293 -0.054928 0.004831 0.000959 0.041157 0.040844 -0.029321 -0.084909 -0.052603 0.074734 -0.050518 0.040474 0.024017 -0.083802 0.007293 -0.039836 -0.001567 -0.004050 0.059392 -0.036872 0.089490 0.017725 0.031239 -0.073482 0.064582 0.072085 -0.006356 -0.076266 0.038729 0.088472 -0.041196 -0.055538 -0.046243 0.077669 0.097677 -0.096896 -0.057138 0.046773 0.094020 0.092900 -0.015842 0.070688 -0.032090 0.048474 -0.016140 -0.036114 -0.028526 0.087870 0.055605 -0.090038 -0.021121 0.046352 0.099333 0.035680 -0.016627 0.094086 -0.037423 0.025809 0.085182 0.053052 -0.064334 0.049198 -0.000842 0.067935 0.019903 -0.017270 -0.056231 -0.070643 -0.037770 -0.015322 0.075244 -0.019658 0.031934 0.053399 -0.028271 0.079010 -0.006513 -0.049432 0.071133 0.051613 -0.080225 0.055292 -0.086655 0.000792 0.029257 -0.025302 -0.007239 0.018800 0.004429 -0.047553 0.072329 0.095101 0.034646 0.028123 -0.027783 -0.077713 0.017845 0.000491 -0.072707 0.053211 0.042142 0.085670 -0.013436 0.066612 -0.019420 -0.094590 0.062736 0.074645 -0.088901 -0.007132 -0.069291 0.047584 0.096145 -0.069807 0.017329 -0.003870 -0.024069 -0.081695 0.003256 -0.019898 0.064357 0.056220 -0.009766 -0.014205 0.075339 -0.078503 0.017316 0.039067 -0.071257 0.056527 -0.071246 -0.006384 -0.069167 0.025082 0.085708 0.033833 0.033296 -0.091013 -0.071304 -0.016154 0.089615 -0.049511 0.060396 0.005768 0.052877 -0.018867 0.081849 -0.073836 -0.055109 -0.024470 -0.001785 -0.096030 0.018020 -0.055105 -0.006284 0.018577 -0.031339 0.072101 0.059889 -0.076309 0.019162 0.010636 -0.004346 -0.007230 0.007210 0.061194 0.005597 -0.047382 0.052473 0.083702 -0.009514 0.098390 -0.089900 -0.013899 0.063007 -0.050188 0.087404 -0.095828 0.043072 -0.098284 0.053018 -0.076820 0.073067 -0.049286 0.093938 0.043197 -0.061291 0.011891 0.030602 -0.052963 -0.001252 0.092802 0.013243 0.076362 -0.067576 -0.014884 0.058817 0.035925 0.002003 -0.071972 0.010418 0.022325 0.089747 -0.036252 -0.084252 0.086880 -0.045679 0.037559 0.040015 -0.027145 -0.093478 0.088157
]
Total memory size for keys: rot_key_cnt = 17, rot_key_size = 213913584 bytes, total_key_size = 236982688 bytes
Total memory size for weight plain: cnt = 12, size = 28312416 bytes
RTLib functions         	       Count	      Elapse
--------------------    	    --------	    --------
FINALIZE_CONTEXT        	           1	    0.002175 sec
PREPARE_CONTEXT         	           1	    1.090994 sec
ENCODE_ARRAY            	          13	    0.112602 sec
NTT                     	         414	    0.482510 sec
INTT                    	          70	    0.088121 sec
MAIN_GRAPH              	           1	    0.597804 sec
 HW_ADD                  	         225	    0.016034 sec
 HW_MUL                  	         104	    0.030192 sec
 HW_ROT                  	         144	    0.009428 sec
 COPY_POLY               	           1	    0.000000 sec
 EXTEND                  	           4	    0.001880 sec
 PRECOMP                 	          17	    0.231227 sec
 MOD_DOWN                	          10	    0.073044 sec
 DOT_PROD                	          34	    0.099637 sec
 RESCALE_POLY            	           4	    0.013243 sec
 COPY_CIPH               	           3	    0.001142 sec
 INIT_CIPH_SM_SC         	          35	    0.002768 sec
 INIT_CIPH_UP_SC         	          11	    0.002952 sec
 INIT_CIPH_DN_SC         	           2	    0.000119 sec
 PT_ENCODE               	          12	    0.104067 sec
MAIN_GRAPH              	   sub total	    0.585732 sec
1.74s 316532KB
Exit 0 - Check log: /app/ae_result/hpao/i512_o10.moddown.log
LINK_EXEC RETV:0
LINK_EXEC CMD TIME:2.484429s
