FAST_DOT_PROD=1
/app/hpao_cmplr/bin/fhe_cmplr /app/model/i64_o10.onnx -o /app/ae_tmp/i64_o10.onnx.c -POLY:muh:mdh:mef -P2C:cte:ctp:df_limit=819200 -VEC:conv_fast -VEC:ms=32768 -CKKS:N=65536 -P2C:df=/app/ae_tmp/i64_o10.onnx.weight -CKKS:sk_hw=192 -O2A:ts -FHE_SCHEME:ts -VEC:ts -SIHE:ts -FHE_SCHEME:ts -POLY:ts -P2C:ts -CKKS:ts:q0=60:sf=56 -POLY:ts -P2C:ts -P2C:fp -SIHE:relu_vr_def=10
[/app/hpao_cmplr/bin/fhe_cmplr][ONNX2AIR][--] : phase_time = 0.000171 / 0.000322(s)
[/app/hpao_cmplr/bin/fhe_cmplr][SCHEME_INFO_ANALYZE][--] : phase_time = 0.000013 / 0.000341(s)
[/app/hpao_cmplr/bin/fhe_cmplr][VECTOR][--] : phase_time = 0.000138 / 0.000483(s)
[/app/hpao_cmplr/bin/fhe_cmplr][SIHE][--] : phase_time = 0.000061 / 0.000550(s)
[/app/hpao_cmplr/bin/fhe_cmplr][CKKS][--] : phase_time = 0.000218 / 0.000771(s)
[/app/hpao_cmplr/bin/fhe_cmplr][POLY][--] : phase_time = 0.001471 / 0.002246(s)
[/app/hpao_cmplr/bin/fhe_cmplr][POLY2C][--] : phase_time = 0.181705 / 0.183958(s)
COMPILE RETV:0
COMPILE CMD TIME:0.189560s
/app/hpao_cmplr i64_o10.onnx /app/test/i64_o10.c i64_o10.onnx.c
ckks_param: _provider = 0, _poly_degree = 65536, _sec_level = 0, mul_depth = 3, _first_mod_size = 60, _scaling_mod_size = 56, _num_q_parts = 2, _num_p = 2, _num_rot_idx = 14,_hamming_wieght = 192
input(tensor): [
 -0.024126 -0.017732 -0.067313 -0.007498 -0.028770 0.088074 0.056380 0.034815 -0.075764 0.057769 -0.053486 -0.054548 0.050169 -0.060533 0.079026 -0.095372 -0.077286 -0.076967 -0.022974 -0.083648 -0.009177 -0.095899 0.072110 -0.043327 0.069495 0.031415 0.021480 0.077757 0.029268 -0.079692 0.004341 -0.064555 0.012299 0.012440 0.083517 0.087584 -0.013908 -0.017324 0.093191 0.080438 -0.079949 -0.012274 0.055703 0.032590 0.050027 -0.010353 -0.072800 0.046870 -0.088685 -0.062158 -0.027067 0.031948 0.047162 -0.092273 -0.073095 -0.093942 0.061076 -0.063864 0.069272 0.070051 -0.075426 -0.008897 0.029550 -0.086013
]
Total memory size for keys: rot_key_cnt = 14, rot_key_size = 176164128 bytes, total_key_size = 199233232 bytes
Total memory size for weight plain: cnt = 0, size = 0 bytes
RTLib functions         	       Count	      Elapse
--------------------    	    --------	    --------
FINALIZE_CONTEXT        	           1	    0.004508 sec
PREPARE_CONTEXT         	           1	    0.946240 sec
ENCODE_ARRAY            	           1	    0.008978 sec
NTT                     	         249	    0.290993 sec
INTT                    	          31	    0.039390 sec
MAIN_GRAPH              	           1	    0.255545 sec
 HW_ADD                  	         195	    0.014922 sec
 HW_MUL                  	           4	    0.001180 sec
 MULP_FAST               	          20	    0.016369 sec
 HW_ROT                  	         126	    0.008683 sec
 COPY_POLY               	           1	    0.000000 sec
 EXTEND                  	           4	    0.001601 sec
 PRECOMP                 	           5	    0.060538 sec
 MOD_DOWN                	           7	    0.053352 sec
 FAST_DOT_PROD           	          28	    0.053167 sec
 RESCALE_POLY            	           4	    0.013283 sec
 COPY_CIPH               	           3	    0.000980 sec
 INIT_CIPH_SM_SC         	          29	    0.003298 sec
 INIT_CIPH_UP_SC         	          11	    0.003181 sec
 INIT_CIPH_DN_SC         	           2	    0.000125 sec
 PT_GET                  	          22	    0.013714 sec
MAIN_GRAPH              	   sub total	    0.244393 sec
1.26s 316512KB
Exit 0 - Check log: /app/ae_result/hpao/i64_o10.all.log
LINK_EXEC RETV:0
LINK_EXEC CMD TIME:1.984060s
