FAST_DOT_PROD=0
/app/hpao_cmplr/bin/fhe_cmplr /app/model/i64x8x8_ci64_co64_k3p1s1.onnx -o /app/ae_tmp/i64x8x8_ci64_co64_k3p1s1.onnx.c -POLY:mdh -VEC:conv_fast -VEC:ms=32768 -CKKS:N=65536 -P2C:df=/app/ae_tmp/i64x8x8_ci64_co64_k3p1s1.onnx.weight -CKKS:sk_hw=192 -O2A:ts -FHE_SCHEME:ts -VEC:ts -SIHE:ts -FHE_SCHEME:ts -POLY:ts -P2C:ts -CKKS:ts:q0=60:sf=56 -POLY:ts -P2C:ts -P2C:fp -SIHE:relu_vr_def=10
[/app/hpao_cmplr/bin/fhe_cmplr][ONNX2AIR][--] : phase_time = 0.000663 / 0.000811(s)
[/app/hpao_cmplr/bin/fhe_cmplr][SCHEME_INFO_ANALYZE][--] : phase_time = 0.000019 / 0.000846(s)
[/app/hpao_cmplr/bin/fhe_cmplr][VECTOR][--] : phase_time = 0.022004 / 0.022855(s)
[/app/hpao_cmplr/bin/fhe_cmplr][SIHE][--] : phase_time = 0.003372 / 0.026236(s)
[/app/hpao_cmplr/bin/fhe_cmplr][CKKS][--] : phase_time = 0.004162 / 0.030404(s)
[/app/hpao_cmplr/bin/fhe_cmplr][POLY][--] : phase_time = 0.020947 / 0.051358(s)
[/app/hpao_cmplr/bin/fhe_cmplr][POLY2C][--] : phase_time = 0.005386 / 0.056751(s)
COMPILE RETV:0
COMPILE CMD TIME:0.068150s
/app/hpao_cmplr i64x8x8_ci64_co64_k3p1s1.onnx /app/test/i64x8x8_ci64_co64_k3p1s1.c i64x8x8_ci64_co64_k3p1s1.onnx.c
ckks_param: _provider = 0, _poly_degree = 65536, _sec_level = 0, mul_depth = 3, _first_mod_size = 60, _scaling_mod_size = 56, _num_q_parts = 2, _num_p = 2, _num_rot_idx = 73,_hamming_wieght = 192
input(tensor): [
 0.072587 -0.099441 0.021313 -0.040605 -0.002181 0.053829 0.090375 0.001058
 0.045464 0.000839 0.026355 0.042188 -0.062638 -0.069124 -0.061179 0.076185
 0.006739 -0.042197 0.069687 -0.026829 -0.070232 0.019906 -0.094317 -0.021383
 -0.085750 0.048051 -0.073626 -0.089891 0.074517 0.006662 -0.048223 -0.047418
 -0.063674 0.044931 -0.038121 -0.031857 0.011521 0.076834 -0.086179 -0.033938
 -0.054216 0.054407 0.057482 -0.035274 -0.016379 0.048003 0.042942 -0.048874
 -0.065613 0.049946 -0.025406 -0.047077 0.005176 -0.041919 0.050747 -0.022892
 -0.011235 0.062258 0.055646 -0.014850 0.017574 -0.093914 -0.011114 -0.096103
 -0.085232 -0.067244 -0.028915 0.079883 0.078313 0.084461 0.078035 -0.061374
 -0.013215 0.099406 -0.077702 0.038120 0.054460 -0.082068 0.067198 -0.059900
 0.096206 0.087893 0.004624 -0.015550 0.010807 -0.032121 0.076697 -0.094934
 0.007847 -0.089692 0.052893 -0.095326 -0.093147 0.099722 0.019395 -0.077592
 -0.057630 -0.097445 0.088185 0.066579 -0.070963 0.067912 0.057890 -0.057831
 0.046468 -0.040817 -0.098705 -0.032901 -0.012407 -0.063069 0.048872 0.030357
 0.008722 -0.043903 -0.039904 0.087347 -0.093838 -0.006120 0.006853 -0.066755
 -0.028205 -0.058962 -0.064655 -0.085694 -0.004257 -0.029865 -0.030910 0.050301
 -0.065067 0.020427 -0.055279 -0.006481 -0.015061 0.080305 -0.085811 0.090774
 0.077878 0.057688 0.087735 0.088915 -0.004247 0.058409 -0.094272 0.032052
 0.044193 0.053934 -0.050179 -0.016920 -0.024903 -0.002034 -0.024919 0.002954
 0.007514 0.059037 -0.064645 -0.053050 0.060386 0.022831 -0.077718 -0.063977
 -0.081516 -0.025640 -0.091030 0.020159 -0.057146 0.049826 0.023443 -0.092921
 0.013850 0.058521 -0.003941 0.083568 -0.011721 -0.040898 0.055839 0.040837
 0.049999 -0.040612 -0.079311 0.043537 0.006500 -0.018047 -0.061311 0.025540
 -0.050894 -0.013250 0.076225 -0.063512 0.001563 0.088658 0.012884 0.043937
 -0.012942 0.009133 0.087688 0.037705 -0.098368 -0.028486 -0.084107 0.064643
 -0.013802 0.043625 0.032182 0.025078 0.075632 0.004818 0.015124 -0.059002
 0.092207 -0.045104 -0.091830 -0.014755 -0.005362 0.045061 0.034578 -0.057525
 -0.037963 -0.056321 -0.019225 -0.026064 -0.095842 0.040644 -0.072399 0.082688
 -0.084310 -0.025502 0.082303 0.091165 -0.089245 0.004658 -0.094934 -0.052661
 -0.017517 0.067935 -0.056653 0.034138 0.048474 -0.037407 -0.081269 0.022659
 -0.035904 0.046567 0.021007 0.027963 0.061412 -0.095811 0.064045 0.011102
 0.012767 0.091737 -0.035202 0.064278 -0.045017 0.003828 0.083367 -0.092267
 0.040385 -0.037338 0.035585 0.064774 -0.001733 -0.094068 -0.050216 0.046641
 0.077853 0.021635 -0.018927 -0.025551 0.087117 -0.029158 0.040460 -0.095457
 -0.042712 0.040070 0.043688 0.057921 -0.054042 0.038830 -0.050017 0.012539
 0.099159 0.075959 0.094582 -0.009722 0.095986 -0.022401 0.094731 -0.058890
 -0.028693 0.049325 -0.052301 0.095456 -0.019610 0.016186 0.063577 -0.082927
 -0.033717 0.065917 -0.054094 0.066280 0.090282 -0.037029 0.087234 0.077766
 0.072811 -0.042462 0.029389 -0.047833 0.040423 -0.085745 -0.023709 0.001104
 -0.010478 -0.013794 -0.017339 -0.059110 -0.005139 0.041534 0.005451 0.068558
 -0.017434 0.098383 -0.059649 0.093994 0.087249 0.095569 0.022015 -0.057270
 -0.055610 0.083223 0.009124 0.081569 -0.043875 -0.077081 0.045900 0.050309
 0.050644 0.068766 0.057881 0.012186 0.035983 0.015781 0.088577 0.049629
 0.018535 0.098295 0.008038 0.073617 0.024446 -0.097181 0.054056 -0.015151
 -0.090161 -0.098256 0.069317 -0.038597 0.072971 -0.026024 -0.012025 0.002547
 0.000310 0.002537 -0.045068 -0.006822 -0.072188 0.026309 -0.033944 0.069704
 -0.084930 -0.032777 0.017663 -0.068184 0.004235 0.067261 0.056653 0.080699
 -0.011854 -0.053492 -0.080434 -0.080451 0.039757 -0.065715 0.086632 -0.011846
 -0.099485 -0.038808 -0.078821 0.025069 -0.070426 -0.032028 -0.021110 -0.003280
 0.047081 -0.075551 -0.046279 -0.073938 -0.069993 -0.068722 0.080585 0.068101
 0.020220 -0.034709 -0.027282 0.091978 -0.034892 -0.038748 0.044977 0.066426
 -0.007012 -0.025153 -0.025643 0.012779 0.020684 0.098589 -0.037041 -0.002175
 -0.073515 0.053097 0.004468 -0.082177 -0.025414 -0.017896 0.082179 0.096710
 -0.051859 -0.061147 -0.059132 -0.075784 -0.079721 0.068009 0.033062 0.057502
 0.039691 -0.062930 0.045844 0.081358 -0.052477 -0.040097 0.024203 -0.023580
 0.082280 -0.097267 -0.026529 0.047990 -0.049729 0.078332 0.013174 0.056912
 -0.068279 -0.044468 -0.045046 -0.049437 -0.004137 -0.070957 0.049864 -0.017614
 0.017703 -0.023143 -0.026049 0.006030 0.012686 0.008627 -0.014607 0.066948
 -0.065191 -0.018372 -0.067359 0.063683 -0.066384 -0.069818 0.023262 0.041448
 0.032795 -0.047146 -0.060831 -0.025249 0.096423 0.085374 0.050467 -0.079892
 -0.053411 -0.055251 -0.001543 0.072225 -0.027979 0.078788 0.086458 0.020632
 0.007630 -0.033542 0.041916 -0.067715 -0.002392 0.030478 0.071191 0.055796
 0.057046 -0.060892 -0.064590 -0.030345 -0.054342 -0.090030 -0.091274 -0.073478
 -0.061110 -0.013930 0.028053 -0.021207 -0.009443 -0.055652 -0.074288 -0.047496
 -0.058152 0.004809 -0.063052 -0.007291 -0.030432 0.044335 0.084929 0.064596
 -0.052047 -0.089889 -0.098911 -0.096166 0.078151 0.069771 -0.059739 0.048662
 -0.010435 -0.070631 0.034188 0.009992 0.048680 -0.095660 0.070563 0.081839
 0.095339 0.036742 -0.097123 0.031764 0.045532 0.083518 -0.091798 -0.089120
 -0.056102 0.045259 0.080098 0.098382 -0.099386 -0.082263 0.075358 0.011034
 -0.087743 -0.043773 0.056055 -0.088040 -0.030978 0.089762 -0.067877 -0.013561
 -0.020057 -0.069799 0.077401 0.063047 0.036865 0.097324 0.018668 -0.032028
 0.056560 -0.089461 0.030529 -0.052761 -0.025508 0.061122 0.034291 -0.027682
 0.048372 -0.084900 0.061616 -0.088887 -0.056735 -0.088254 0.051695 0.055628
 -0.066904 0.025742 0.062730 0.030405 -0.030265 0.011946 -0.084310 0.029092
 0.027076 0.000647 0.007586 -0.056132 -0.076958 -0.024036 0.014084 -0.078396
 0.080273 0.045378 -0.002760 0.009214 0.071434 -0.015175 -0.075603 -0.034460
 0.067626 -0.071154 0.091332 -0.039273 0.029492 -0.096043 0.088017 0.094693
 0.034290 -0.046264 0.025783 -0.045001 -0.021334 -0.084507 -0.023861 0.063860
 -0.022916 -0.096449 0.092436 0.021355 -0.007601 0.019249 -0.018559 -0.027786
 0.060329 0.017510 0.054649 -0.071789 -0.072193 -0.053522 0.042155 -0.098849
 0.025634 0.059754 -0.007856 -0.081223 0.053024 -0.027385 0.047440 0.070233
 0.078570 -0.059486 -0.011560 -0.025550 0.045121 0.000658 0.088267 -0.074448
 0.096460 -0.011239 -0.061795 0.017172 -0.047858 0.027343 0.023234 -0.056264
 0.030892 0.020785 -0.068167 -0.092078 0.026517 0.026332 -0.047947 0.056511
 -0.033692 -0.066674 -0.042463 0.098657 0.061113 -0.074574 0.047855 -0.092747
 0.074051 0.038817 0.008591 -0.029160 -0.022218 0.033824 -0.024079 0.015011
 0.085177 -0.046839 -0.076937 -0.004635 -0.076023 0.051838 -0.059358 0.029811
 -0.051261 -0.034189 -0.019397 -0.072847 -0.091458 0.088203 -0.040909 0.012037
 0.093051 -0.078541 -0.009125 -0.065791 -0.036139 -0.045852 0.058055 -0.013988
 -0.093333 -0.002554 -0.086466 -0.089588 0.018555 -0.073241 0.081918 0.011500
 -0.085237 0.081682 -0.056674 0.028736 -0.070191 0.043868 0.083787 0.068788
 -0.068956 0.041293 0.074044 -0.048028 -0.059335 -0.077451 -0.095836 0.078076
 -0.043922 -0.019784 0.093195 0.052527 -0.009661 -0.057629 -0.025612 -0.067715
 0.034428 -0.001781 -0.027461 0.063449 -0.032796 -0.090854 -0.048523 -0.029686
 0.099802 0.007702 0.020130 -0.083832 -0.012200 0.052251 -0.026393 0.060899
 -0.019085 0.074053 0.036826 0.074346 0.099068 -0.020214 -0.052311 0.050434
 0.061796 0.036959 -0.057477 -0.035382 0.079463 0.086705 -0.071082 0.080112
 -0.000809 0.049383 0.077658 -0.026773 -0.001850 0.072944 -0.043003 0.072787
 -0.028870 -0.013625 0.076055 -0.001709 0.044156 -0.000672 -0.019403 -0.043596
 -0.013571 0.075233 0.001840 -0.009545 0.030356 0.094703 0.030314 -0.071896
 -0.017006 0.045850 -0.009182 0.001351 -0.056348 -0.065320 0.031631 0.057935
 0.005052 -0.029534 0.085789 -0.047304 0.095944 0.047606 0.072179 -0.046929
 -0.051671 -0.013775 0.086717 -0.007511 0.068952 0.046796 -0.052468 0.060084
 0.065172 0.016130 0.003207 -0.057395 0.015851 -0.066070 0.022171 0.074722
 -0.081942 0.046058 -0.091384 0.024542 0.083656 0.096663 -0.024147 0.079806
 0.029046 -0.027737 -0.028280 -0.009255 0.055782 0.019647 -0.090135 0.027799
 -0.035217 0.085160 -0.027903 -0.084432 -0.068628 -0.039579 0.064295 -0.068232
 0.072145 0.039366 0.052408 -0.047995 0.097056 0.095146 -0.004490 -0.084401
 0.038212 0.087867 -0.083409 -0.057203 0.008948 0.016514 0.069511 -0.008431
 -0.056318 0.023141 0.014868 0.042394 -0.098087 0.032864 -0.092828 0.071392
 0.043051 0.042866 0.089488 0.074105 0.089994 -0.048294 0.098370 0.004667
 0.063342 0.027607 0.069918 0.042505 -0.007816 -0.072252 -0.054797 0.008408
 0.003220 0.098291 -0.000011 -0.041656 -0.067832 -0.076081 -0.096025 0.022122
 -0.075471 -0.036020 0.015659 -0.003883 0.094232 0.060182 -0.064365 0.060956
 0.023377 -0.009009 -0.025777 0.059187 -0.057115 -0.046153 -0.095319 0.085357
 0.009122 -0.018227 -0.083095 0.035092 -0.029584 0.032858 -0.003004 0.076699
 -0.045737 -0.005961 -0.038738 0.050044 -0.086900 0.072517 0.086426 0.088965
 -0.097090 -0.020338 -0.079333 -0.037408 0.011070 -0.076101 0.064390 0.057408
 -0.096829 0.070919 0.008690 0.014819 0.035463 -0.008453 -0.067450 -0.096109
 -0.070213 0.081077 0.098187 -0.012636 -0.023602 -0.089270 -0.054603 0.051660
 0.087516 -0.030893 -0.045751 0.089007 -0.028494 0.094273 -0.012791 -0.020507
 0.042830 -0.025301 0.063802 0.065721 -0.058321 0.043880 -0.006834 -0.025097
 -0.077543 0.053464 0.003103 -0.026035 0.024726 -0.039536 0.079185 0.005261
 -0.048768 -0.034363 0.038870 0.039127 -0.056144 -0.000864 0.092154 -0.066102
 -0.095420 0.046239 0.002230 -0.098032 -0.042330 -0.014429 0.092325 0.024414
 -0.046631 0.093781 -0.054276 0.047882 -0.053003 -0.003275 0.029627 -0.021855
 -0.002418 -0.033605 0.016966 0.059758 0.020755 0.053363 0.028063 0.078889
 -0.047647 -0.019030 -0.056225 0.090469 0.075546 0.035044 0.003333 0.025937
 0.089612 0.088641 0.008570 0.055411 0.041349 -0.076143 0.018233 0.037098
 -0.004800 0.025721 0.002921 0.056488 -0.062921 0.027024 0.058841 0.067251
 0.045893 -0.005984 -0.002614 -0.067585 -0.037054 -0.066930 0.059723 0.051973
 -0.040085 0.021086 0.028831 0.014052 0.022829 -0.041599 0.016540 -0.094445
 -0.035219 -0.027650 -0.050322 0.081849 0.056907 -0.003060 -0.054950 -0.081031
 -0.002838 0.009688 0.042906 0.027972 0.099912 0.090069 0.023948 0.022459
 0.079012 0.041948 -0.028237 -0.067226 -0.076067 -0.094520 -0.095422 0.094052
 -0.082080 0.066881 0.036945 -0.030189 0.045934 -0.061894 -0.072425 0.054433
 -0.060355 0.091673 -0.035157 0.053002 0.052617 0.000954 -0.008599 0.082339
 -0.075056 0.058006 -0.029872 0.014774 0.033178 -0.028148 -0.088164 -0.048553
 -0.096638 0.062843 -0.062459 -0.036011 0.092922 -0.049028 0.010504 0.027065
 0.088111 0.033106 0.025327 0.003800 -0.079617 0.038467 -0.086229 -0.067871
 0.088544 -0.040436 0.020110 0.021217 0.000102 -0.052530 -0.074322 0.099987
 0.032230 -0.048062 0.086748 -0.042743 0.081227 0.047684 0.088198 -0.029166
 -0.019315 0.012603 -0.053836 0.073555 -0.004800 0.091427 -0.061561 -0.035418
 0.043670 -0.075152 0.059041 -0.098327 0.056188 -0.043946 0.000011 -0.011165
 0.033526 -0.099201 -0.016951 -0.052175 0.090911 -0.055948 -0.068325 -0.049113
 -0.025286 -0.070318 0.005755 -0.093606 0.008528 -0.028454 -0.083754 0.015143
 0.014365 -0.079245 0.026530 0.043831 -0.029519 0.007328 -0.030547 -0.050585
 -0.024572 -0.089438 -0.067587 -0.007103 -0.045526 0.001121 0.083942 -0.028122
 -0.020421 0.010822 0.021365 0.086364 -0.063568 0.061246 0.003550 0.091702
 -0.073370 0.060648 0.066956 -0.081056 -0.059572 0.051295 0.087545 0.054562
 -0.083219 0.065515 0.039452 0.043357 -0.008617 0.085972 0.010199 -0.075794
 0.064356 -0.059865 -0.002737 0.085382 0.005901 -0.031469 -0.093317 0.009399
 0.063012 -0.023135 0.072559 -0.016456 0.064815 0.004281 -0.064422 -0.064502
 -0.095904 0.030895 -0.051828 0.063315 -0.011085 0.010655 0.047300 0.090813
 0.026171 -0.089961 0.071057 0.032235 -0.046737 -0.036275 -0.062907 0.018269
 -0.092101 0.052843 -0.095850 -0.054688 0.063161 0.083621 -0.078159 0.007439
 -0.043640 0.017158 0.023799 -0.028396 0.053836 -0.074945 -0.046449 0.057699
 -0.060266 0.011470 -0.006356 0.009518 -0.029733 0.049261 0.000320 0.096783
 -0.089223 -0.022780 0.016017 0.075369 0.063708 0.017534 -0.000155 0.074759
 0.000110 -0.023293 0.037919 -0.040971 -0.000535 0.038251 -0.011343 -0.028438
 -0.039110 -0.059454 -0.093741 -0.011848 0.088909 0.076428 0.028770 -0.038579
 0.050512 0.001224 0.092672 0.049270 0.098543 0.081510 -0.004771 -0.007582
 0.010851 0.069705 -0.062667 -0.033152 -0.006126 0.039651 0.028631 -0.062721
 -0.001997 0.092424 0.000297 0.095201 0.086920 -0.087670 0.080407 -0.014895
 -0.025734 0.093893 -0.098495 0.037135 -0.091898 0.045973 0.009214 0.018106
 0.056220 0.093164 -0.004920 -0.090937 -0.077425 0.052749 0.039359 0.044674
 -0.099395 -0.089236 -0.038446 0.025785 -0.075836 0.018837 -0.045250 0.026296
 0.022994 -0.096595 0.061058 0.063447 -0.091249 -0.002005 0.078450 0.092854
 0.067819 -0.054933 0.042954 -0.009391 -0.015230 -0.098604 0.087810 -0.099434
 -0.046109 0.007106 0.070037 -0.061245 0.063435 0.063815 0.052852 0.020636
 -0.080622 0.041606 0.080849 0.017033 -0.037460 0.025692 -0.069444 -0.096820
 -0.051024 0.093080 -0.063180 0.090409 -0.010645 0.016472 -0.007512 -0.017679
 0.018185 -0.051908 0.078634 0.055648 0.092421 0.086004 0.088457 -0.092202
 0.048296 -0.086168 -0.055295 0.033909 -0.031771 0.086452 0.093948 0.021963
 0.001790 0.015693 0.057447 -0.039610 0.078599 0.061452 0.000968 0.053438
 -0.093292 0.091399 0.098875 -0.079176 0.068571 0.063019 0.006496 0.044556
 -0.030141 0.097909 -0.076502 -0.014808 0.000628 -0.008865 -0.097552 -0.044178
 0.033207 0.017071 -0.071319 -0.060032 -0.016783 0.053785 0.063748 0.010152
 0.080864 0.048720 0.041030 0.053532 0.042558 0.038105 0.063641 -0.040972
 -0.071031 0.071711 0.028227 -0.082200 0.022180 0.088738 0.025547 -0.007490
 0.047875 -0.063174 0.052754 0.030247 0.064101 -0.093278 0.017666 -0.016608
 0.004308 0.085449 -0.092873 0.044958 0.027423 0.007094 0.063973 0.027286
 -0.085218 -0.055218 -0.007856 -0.007065 0.098187 -0.004377 0.088341 0.008962
 -0.087424 0.023064 0.015729 -0.052304 0.005724 0.077405 -0.044542 -0.096616
 -0.092233 -0.099814 0.074767 -0.098677 -0.033661 -0.040390 -0.038308 -0.033697
 0.059201 -0.037212 -0.097199 0.027202 -0.082548 0.050245 -0.094802 -0.026296
 -0.037456 0.062463 0.039856 0.018692 -0.095828 -0.097028 0.039299 -0.000425
 0.052030 -0.051673 0.082157 0.025673 0.009719 0.029711 0.035059 0.046740
 -0.044515 -0.092403 0.053180 0.072287 0.083303 -0.067058 0.067741 -0.031772
 0.050328 0.073307 -0.036476 -0.064746 0.055032 0.079288 0.060658 -0.079123
 -0.055863 -0.076954 -0.055922 -0.092420 -0.049930 -0.087048 0.012292 0.069374
 0.003005 -0.082468 -0.067252 -0.012303 -0.006497 0.005752 -0.021078 0.011419
 -0.060636 -0.017239 0.029010 0.060977 -0.079573 -0.068464 0.076369 -0.014556
 -0.012174 -0.090371 -0.021338 -0.070446 -0.038673 -0.052273 0.099324 0.071427
 0.013465 -0.009447 0.052916 -0.085636 -0.029895 -0.056311 0.017181 0.096358
 0.025968 0.095499 0.070121 -0.079435 -0.016308 -0.077815 -0.010855 0.078952
 -0.056334 -0.070218 0.085345 -0.023052 -0.089664 0.079998 0.034843 0.072780
 -0.026468 -0.058440 0.034364 0.053741 -0.047717 -0.080409 0.076574 0.050732
 0.064267 -0.005757 0.069324 -0.041747 -0.090095 0.077356 0.078611 -0.049181
 -0.076295 0.014575 0.092979 -0.078916 0.068424 0.023343 0.029912 0.000415
 0.009050 -0.093676 -0.090718 -0.076647 -0.053829 0.006396 -0.064820 0.048719
 0.043367 0.016362 0.039308 0.091515 0.095344 -0.012797 0.036354 -0.049450
 -0.075538 -0.082772 -0.092139 -0.066477 -0.066144 -0.086990 -0.012767 0.020031
 -0.033029 -0.095540 -0.040950 -0.091972 -0.087820 -0.002832 0.064361 0.016518
 0.005760 0.012903 -0.068762 0.081866 -0.076232 -0.098127 -0.021982 0.046675
 0.075046 -0.077458 0.073997 0.038837 -0.044954 0.040814 0.075169 -0.040930
 0.041531 0.077405 -0.063409 0.038548 0.057466 0.088646 0.035697 0.066403
 -0.032522 -0.083104 -0.090549 -0.024834 -0.039582 0.043485 -0.020687 -0.062046
 -0.033339 -0.006952 0.075763 -0.028760 -0.033355 -0.019210 0.091792 0.021231
 -0.091571 0.023710 0.067313 0.012817 0.080896 0.005222 0.098315 -0.077886
 0.052147 0.043645 0.031983 0.026545 -0.065715 -0.078764 0.070262 -0.036804
 0.032348 -0.099652 -0.071870 0.029088 -0.058086 -0.079422 0.022300 0.086944
 0.072632 -0.000886 -0.014415 0.063165 -0.046639 0.095605 -0.022686 0.073445
 0.053855 -0.096647 0.077393 -0.024133 0.060664 0.024038 -0.080200 -0.050134
 -0.063052 -0.058043 0.037052 0.009494 -0.074509 0.031349 -0.005088 -0.028291
 -0.064004 -0.089041 0.058674 0.081086 -0.042319 -0.057017 -0.086125 -0.015802
 0.051479 0.061549 -0.040625 0.028706 0.098911 -0.074453 0.029609 0.075628
 -0.009600 -0.088100 -0.017911 -0.035017 0.009630 0.026996 0.077290 -0.014441
 0.038891 -0.052363 -0.002445 0.084973 0.017435 0.016013 -0.001613 -0.023461
 -0.003569 0.018198 -0.006505 -0.045280 0.061275 -0.002522 0.078034 -0.002476
 -0.004097 0.002740 -0.063391 0.002778 0.025442 0.024277 -0.079713 0.066848
 -0.012469 -0.021235 -0.000638 0.052505 -0.088756 0.001715 0.038701 0.052499
 0.005082 -0.007366 0.053878 0.065511 0.057946 -0.061682 -0.045743 0.049788
 0.091460 -0.010348 -0.003769 -0.041301 -0.069794 0.009419 -0.024738 0.070325
 -0.058246 -0.024364 -0.016082 0.047614 0.076901 -0.049045 0.003611 0.026126
 0.001842 0.070022 0.022020 -0.061711 -0.004273 0.097505 -0.059010 0.071525
 -0.074825 0.051575 0.021449 0.031606 0.084883 0.062750 -0.098748 0.062133
 -0.054386 -0.019027 0.050086 0.064001 0.010913 -0.064701 -0.048392 -0.022994
 0.076947 -0.003509 -0.059171 -0.071683 0.037521 0.030151 0.094185 0.041127
 0.012866 -0.051882 -0.066862 -0.052967 0.005643 -0.033706 0.041983 -0.010516
 -0.093349 -0.010445 0.096479 -0.066566 0.021687 -0.036230 0.013709 -0.069937
 -0.038957 0.093493 0.051113 -0.076373 0.048968 0.097510 -0.092719 0.069908
 -0.002264 -0.004843 -0.001919 0.055694 -0.032428 0.080900 0.062451 0.047284
 0.080704 -0.023198 -0.035706 -0.025582 0.079329 0.096870 -0.075170 -0.087010
 -0.049651 -0.037855 -0.066417 -0.046723 0.077830 -0.006687 -0.022930 0.079760
 0.075131 -0.038407 -0.045163 -0.088092 0.076332 -0.068248 -0.060721 -0.031380
 -0.050539 0.067153 -0.044212 -0.073823 0.017459 -0.042948 0.041788 -0.045200
 0.054908 0.020241 0.077877 0.065598 0.005342 0.052774 -0.099584 0.075905
 -0.088925 -0.099181 -0.029838 -0.006653 0.050667 0.025970 -0.046251 0.090789
 0.018470 -0.084335 -0.062971 -0.068042 0.061033 0.078206 -0.022945 -0.053969
 0.070446 -0.006885 0.090175 -0.082879 0.001367 -0.030968 0.015279 0.061238
 -0.032621 0.096886 -0.025743 -0.063658 0.026946 0.004829 -0.032555 -0.012756
 0.082563 -0.099288 -0.007777 0.025831 -0.030647 -0.058419 -0.065840 0.047769
 0.051697 0.070618 0.074396 -0.066374 -0.028299 -0.057272 -0.055810 0.056238
 -0.075298 0.087746 -0.019002 -0.038140 -0.089657 0.065199 0.011849 0.064042
 -0.073531 -0.020380 0.095910 -0.049077 -0.043686 -0.047820 0.007202 -0.018042
 0.087959 -0.038851 -0.082254 -0.086656 -0.051249 0.064603 -0.069450 -0.098613
 0.022327 0.064184 0.085952 -0.076940 -0.068444 0.065693 0.016969 0.007284
 0.048112 -0.095411 0.099143 -0.090249 -0.072659 0.078534 -0.074461 -0.003022
 -0.032743 0.021574 0.094860 -0.063645 0.090482 -0.078633 0.072757 -0.026521
 0.066921 -0.099406 -0.008059 0.054244 0.070637 -0.002509 -0.047314 -0.019164
 -0.085636 -0.077728 -0.055655 -0.073624 0.063827 0.022037 0.066872 0.002608
 -0.069312 0.003972 0.019227 -0.090879 0.085920 -0.019039 -0.064092 0.068783
 0.042546 0.060448 0.066161 0.058655 0.080566 0.013938 0.098894 0.009719
 -0.021409 0.000058 -0.073134 -0.016852 0.026119 0.015761 -0.099036 0.045496
 -0.044698 -0.062241 -0.085021 -0.068543 -0.037189 0.007040 -0.006696 -0.041853
 0.069538 -0.093270 -0.071737 0.013861 0.055631 -0.018457 -0.076318 0.071405
 -0.095158 -0.079524 0.075274 0.010015 -0.018108 -0.093839 -0.081118 0.084935
 0.076848 -0.074759 0.068698 0.027786 -0.017184 -0.070461 -0.018524 -0.017056
 0.005605 0.081998 -0.092486 -0.010532 -0.039549 0.062747 -0.019089 -0.019015
 -0.075086 0.096914 -0.044414 -0.009471 0.039809 0.072791 -0.005318 -0.078574
 -0.075726 -0.084401 -0.039852 -0.064685 -0.068774 -0.049256 0.021268 0.084899
 0.085100 0.045641 -0.033270 0.058682 -0.038010 0.012526 -0.037424 0.086275
 0.064294 -0.059403 -0.073711 0.031365 -0.068903 -0.028850 -0.040974 0.029283
 -0.003082 -0.000522 0.012893 -0.013830 0.068169 0.074037 -0.006937 0.089545
 -0.007491 0.084502 0.083668 -0.008989 0.064325 -0.052265 -0.079608 -0.059663
 -0.011406 -0.077899 0.054089 -0.012959 -0.082328 0.006117 -0.080035 0.036102
 -0.062777 -0.024712 -0.065532 0.027109 0.038813 0.066899 0.004429 0.025430
 0.076584 -0.047217 -0.054816 0.091660 0.010273 -0.083982 0.073753 -0.003120
 0.080502 0.063261 0.003144 -0.042734 0.084364 -0.094104 -0.075012 -0.088715
 0.068994 -0.063943 -0.059848 0.099997 0.058873 0.053281 0.065998 -0.086566
 0.026876 0.051562 0.045757 -0.046789 0.029529 -0.053708 -0.094103 0.063811
 0.054490 -0.090400 0.042882 -0.088078 -0.090164 -0.008222 0.005743 0.066976
 0.064376 -0.099938 0.009885 0.037918 0.041573 0.037680 -0.050543 0.012381
 0.017167 -0.050641 0.058590 0.009423 -0.013139 0.097659 0.035474 -0.067867
 -0.071718 0.070220 -0.083965 -0.063508 -0.069343 0.074066 -0.014473 -0.065409
 0.011177 0.051176 0.094014 0.007601 -0.033881 0.074281 -0.001708 -0.085627
 0.021614 -0.058522 0.097337 -0.003432 -0.087741 0.079002 -0.021907 -0.075478
 0.090110 -0.001089 -0.074356 -0.074802 -0.055905 0.068738 -0.044358 0.084998
 0.000993 0.086101 0.048837 0.000125 0.078105 -0.056670 0.017530 0.021634
 -0.040665 0.099328 -0.023658 -0.007668 -0.097015 0.032171 -0.012254 0.060465
 0.015031 0.007430 -0.080786 -0.006780 0.053191 0.023078 0.054494 -0.036804
 0.013952 0.040946 0.079376 -0.048065 -0.050015 -0.052766 0.086236 0.055467
 0.027627 0.098184 -0.060095 0.010682 -0.065007 -0.080684 -0.051651 0.024520
 -0.034417 0.061958 -0.023845 -0.021222 0.081914 -0.065221 0.076618 0.078443
 -0.051590 -0.095368 0.050310 -0.020043 -0.021316 0.041385 0.087211 0.010574
 0.069983 0.062398 0.052424 -0.056224 0.040785 0.019210 -0.008453 -0.085675
 -0.085291 0.055210 0.086615 -0.034148 -0.091495 -0.074198 -0.099317 -0.034733
 0.055485 0.022419 0.047211 -0.062099 0.031489 -0.025604 0.054476 -0.038669
 -0.097157 0.069116 -0.020052 -0.070142 0.079009 0.083988 -0.074400 -0.061709
 -0.049412 0.034428 0.012655 -0.002429 -0.023648 -0.039619 -0.096436 0.039022
 -0.023799 -0.046499 -0.075607 -0.062247 0.093570 -0.040082 0.011526 -0.088328
 0.085008 0.049323 0.044542 -0.047785 -0.036569 -0.075780 0.098426 -0.086041
 0.095297 0.011427 0.011594 -0.038141 0.072804 0.007564 0.007948 -0.082122
 -0.024714 0.080431 -0.091275 0.034149 0.073154 -0.028850 -0.071900 -0.016435
 0.037230 -0.028031 0.043464 -0.003770 0.090389 0.099143 0.048050 -0.034209
 -0.011651 0.017806 -0.022467 0.055667 0.021382 0.029791 -0.068202 0.014307
 -0.087313 0.064014 -0.033393 0.064273 -0.032836 0.085178 0.013936 -0.087326
 0.083775 0.034714 0.009148 0.099345 -0.060190 -0.018980 0.011382 -0.073434
 -0.028836 -0.037948 0.072835 -0.054118 -0.097498 -0.078285 0.028295 0.096280
 -0.045004 -0.031238 0.014593 0.053399 -0.093678 0.086834 -0.046725 0.017952
 0.077129 0.028378 0.023082 0.063846 -0.079244 -0.028686 -0.040144 -0.032063
 -0.022005 -0.089525 -0.078098 0.078854 -0.008143 0.093453 0.037091 -0.080706
 -0.060164 0.028751 0.048386 0.024529 -0.001257 -0.075066 0.085330 0.085184
 0.090100 0.057319 -0.043362 -0.007706 0.079311 -0.090955 -0.000531 0.064244
 -0.099044 -0.083211 0.085852 0.089089 0.052070 0.095889 -0.058253 0.038395
 -0.020163 0.011272 0.020316 0.048941 0.044749 0.001847 -0.022090 0.014160
 -0.071517 -0.044250 -0.059138 0.069417 0.092106 -0.077655 0.023351 0.022536
 0.096166 0.047511 -0.090162 -0.074871 0.007335 0.060494 0.022738 -0.022043
 0.002741 -0.069044 -0.074433 0.000328 0.011976 0.042070 0.059897 -0.093657
 0.067339 0.019586 0.078191 -0.023731 0.026838 0.054745 0.011102 0.049349
 0.073497 -0.033282 -0.085129 0.034873 -0.000496 -0.071205 -0.052040 0.034783
 -0.056051 -0.032655 -0.030807 0.050963 -0.028851 -0.049729 -0.060975 0.026360
 0.008482 0.020880 -0.001607 0.035147 -0.008177 -0.026796 0.022803 -0.031294
 -0.092843 -0.094797 0.076399 -0.046949 -0.011283 -0.067240 -0.067223 -0.015366
 -0.092806 -0.016791 -0.045428 -0.022380 0.011520 0.070315 -0.082533 -0.010528
 -0.050255 0.050795 0.061576 0.095922 -0.044064 -0.080553 -0.001037 -0.086749
 -0.000180 -0.023211 0.011612 -0.076363 0.091113 0.024927 -0.086622 -0.050320
 -0.079762 -0.014404 -0.073874 0.035527 -0.071784 0.021362 -0.027182 -0.066870
 0.050534 -0.067700 0.046423 -0.027174 0.065566 -0.073509 -0.059476 -0.023929
 0.077969 -0.060380 -0.094072 -0.019434 0.024640 0.086302 0.007763 0.088246
 0.052127 0.054463 0.031090 -0.038801 0.070354 -0.099380 -0.091890 0.098906
 0.061541 -0.086543 0.007340 -0.008954 0.092638 -0.039196 -0.033442 -0.006265
 0.093627 -0.051075 0.096219 -0.050972 -0.079294 -0.063388 0.094647 -0.062352
 -0.004954 -0.019161 -0.071050 0.061651 0.060428 -0.007591 0.012033 -0.018148
 0.037252 0.074425 -0.054654 -0.021352 -0.057974 0.074100 0.006427 -0.052889
 -0.049550 -0.007430 -0.056267 0.027504 0.052445 -0.082228 -0.069368 -0.068191
 -0.011407 0.034502 -0.032271 -0.091784 -0.072390 -0.012646 0.007969 0.014428
 -0.097037 -0.047665 0.095189 -0.016106 0.014673 -0.078608 0.011839 0.038572
 0.089093 -0.068974 -0.084795 -0.077537 -0.063707 0.089589 -0.041697 -0.075893
 -0.029873 0.008799 -0.037683 -0.005892 0.023447 -0.053935 -0.082927 -0.082323
 -0.074260 0.065814 -0.057906 -0.070571 0.038410 -0.065092 -0.018835 -0.006314
 0.035635 -0.068845 0.004319 -0.086448 0.046953 -0.057419 0.007540 0.047592
 -0.021503 0.031749 -0.050774 0.094351 0.054041 0.012281 -0.017949 -0.080725
 -0.061700 0.025447 0.074585 -0.011090 0.046096 -0.073017 -0.010832 -0.035967
 -0.091396 -0.067407 0.055109 -0.032226 -0.044898 -0.063729 0.061238 0.050676
 -0.014589 0.086619 -0.098001 0.050895 -0.026572 -0.050409 -0.046600 -0.069760
 0.087676 -0.071826 0.069997 -0.028611 0.052940 -0.093311 -0.001348 0.077129
 -0.005098 0.075252 0.059056 -0.032004 -0.079778 0.026211 -0.030084 0.054509
 0.001454 0.071294 0.052346 -0.054688 -0.039225 -0.052838 -0.058944 -0.060815
 -0.044389 -0.018287 -0.068025 0.082893 -0.024708 0.043402 -0.036932 -0.043543
 0.018451 -0.022891 -0.060771 -0.038633 -0.035438 0.091221 -0.048177 0.087026
 -0.089991 -0.016245 0.058885 -0.016746 -0.044451 -0.005128 -0.002500 0.097418
 -0.023002 -0.055707 0.067013 -0.010670 -0.010455 0.063510 -0.084492 0.037169
 0.049436 0.069013 0.042076 0.084209 -0.088849 -0.096108 -0.096186 -0.012124
 -0.078909 0.021087 0.002701 -0.033509 -0.082754 0.023417 -0.028481 -0.069679
 -0.073103 -0.071615 -0.093742 0.008242 0.075963 -0.020654 -0.050112 0.070073
 -0.065989 0.057139 0.008362 -0.023545 -0.065768 0.003654 -0.012905 0.035601
 0.086201 -0.050524 -0.078149 -0.084632 0.044125 -0.080305 0.070064 0.014734
 0.092421 -0.088418 -0.032764 -0.006968 0.005382 0.061703 0.071489 0.021499
 0.053526 0.069457 0.094975 0.029576 -0.075438 0.086140 0.043372 -0.025947
 -0.016132 -0.099106 -0.032518 0.089161 -0.097873 0.009724 0.062162 -0.096677
 0.031931 -0.004264 0.055955 -0.011869 -0.021267 0.082114 -0.029821 -0.015967
 -0.013831 -0.074213 -0.053014 0.068657 0.037007 -0.002984 -0.013425 0.058562
 -0.031632 -0.010197 -0.008902 0.004431 0.041545 0.087454 -0.003850 -0.056922
 -0.083174 0.019439 0.011513 -0.032229 0.071373 -0.044282 0.097724 -0.089915
 -0.092009 0.020945 -0.043720 -0.013523 0.030360 0.094117 -0.050874 0.011968
 0.055738 -0.017551 0.002731 -0.032588 -0.083884 0.084289 0.069578 -0.090715
 -0.087161 0.005012 0.061492 -0.049998 0.058169 -0.084351 0.079475 0.057835
 -0.012529 0.033380 -0.004855 -0.095399 -0.093271 0.035533 0.065479 -0.073436
 0.068228 0.025157 0.067769 -0.056615 -0.015232 0.009785 -0.047067 -0.085893
 0.021707 0.004458 0.007123 -0.011388 0.074820 0.073696 0.069689 0.038478
 -0.047689 -0.001182 0.070258 -0.047661 0.015516 0.041171 -0.029759 -0.042702
 0.023855 0.098637 -0.005638 0.075784 0.081600 -0.042857 0.089479 -0.098973
 -0.049491 0.080848 0.075016 0.073373 -0.065912 -0.096544 0.032646 0.011183
 -0.027635 0.035537 -0.087925 0.050171 -0.057493 0.054751 0.026061 -0.011655
 0.038111 -0.088070 0.075432 0.037089 0.030746 0.055058 0.095207 -0.084245
 0.055032 -0.002195 -0.074561 0.047962 -0.059191 -0.098407 -0.064664 0.030766
 -0.087949 -0.019631 -0.060577 -0.052438 0.058120 -0.089510 0.042338 -0.080310
 -0.015255 0.013231 0.090210 -0.041416 -0.083973 0.064252 -0.018827 0.044709
 0.091623 0.032708 -0.050992 0.059794 -0.056474 -0.098870 0.066097 0.009865
 -0.057637 0.058529 0.060680 0.057603 0.028871 0.016209 0.093119 0.074518
 -0.010517 0.026041 0.097646 0.007027 -0.072645 -0.071298 0.011039 0.074545
 -0.066026 -0.040849 0.030921 0.034717 -0.092427 -0.098898 -0.028043 -0.042160
 0.061442 0.052810 0.094338 0.007838 -0.059936 -0.094469 0.062566 0.027280
 0.044953 -0.091092 0.025167 -0.059766 -0.057873 0.021363 0.064596 0.018569
 -0.096685 0.006117 -0.068014 0.053653 0.014301 0.077901 -0.047720 -0.079027
 -0.066223 0.033745 -0.021816 0.043421 -0.040546 0.033456 -0.016993 0.092856
 0.025674 0.042920 -0.083908 -0.048724 0.055351 0.028278 -0.014240 0.017441
 0.097324 0.061268 0.026764 0.040795 -0.069367 0.074336 0.086098 0.078932
 -0.041898 0.058038 0.031434 -0.077852 0.012062 -0.091762 -0.083972 -0.000013
 -0.099589 -0.088286 0.015640 0.046666 -0.014869 0.009839 0.078615 0.035065
 0.078996 0.050886 -0.025192 -0.017475 -0.054365 -0.064406 0.011596 -0.058609
 0.057714 -0.092451 0.039066 -0.053381 0.092184 -0.071675 0.001712 0.048917
 0.014719 -0.066388 0.031716 0.058508 0.006335 0.028838 -0.029937 -0.028217
 -0.081535 -0.023875 -0.092280 -0.090856 -0.051627 0.092499 -0.090625 0.037091
 0.074850 0.091149 0.035132 0.015620 -0.099535 0.054272 -0.088639 -0.021078
 -0.055839 0.058545 -0.054680 -0.037207 0.060440 0.035346 -0.090230 -0.084065
 0.021924 0.003966 -0.083640 -0.086926 0.072454 0.021298 0.002094 -0.088673
 0.063325 -0.048146 0.089260 0.048698 -0.066673 -0.054729 -0.075014 0.068961
 -0.023865 -0.084784 -0.033323 0.052318 -0.038430 -0.074254 -0.005695 0.043194
 0.056383 0.007452 0.054633 -0.058239 0.062092 0.083474 0.057335 0.042716
 -0.023546 -0.070116 0.072668 0.033462 -0.053886 0.027430 0.088826 0.060139
 -0.051315 -0.022612 -0.089153 -0.085462 0.008190 0.079586 0.006467 0.004809
 -0.013115 -0.035482 0.097393 -0.038228 -0.031877 0.064947 -0.025619 0.005177
 -0.075558 0.006413 0.056869 -0.021738 0.097594 -0.011142 -0.010894 0.020737
 0.038498 -0.033380 0.090237 -0.015210 -0.007977 0.084879 -0.065962 -0.051657
 -0.058374 -0.033451 -0.046940 0.007611 -0.015118 0.061241 0.095687 -0.024027
 -0.075209 -0.008179 -0.088049 0.063542 0.033066 0.035837 0.014119 0.067573
 -0.020315 0.010224 0.012409 0.064637 -0.089858 -0.054777 -0.014542 -0.021909
 -0.029295 -0.093656 0.080858 0.090049 0.094440 0.057626 0.002967 0.033255
 0.020861 -0.001790 0.034838 -0.057161 -0.003459 0.001639 0.052714 0.089190
 -0.048729 0.087233 -0.057757 0.050900 0.011711 -0.000901 -0.013612 -0.030327
 -0.091334 0.027974 0.038417 -0.092836 -0.090421 -0.054823 -0.028511 -0.030359
 0.016900 -0.040155 -0.029011 0.084740 -0.048423 -0.019546 0.023134 -0.002456
 0.014102 0.047526 0.022006 0.035418 0.043128 0.055193 0.045471 -0.074746
 0.037403 0.051482 0.037743 0.051158 0.003767 0.064340 -0.053721 -0.055496
 -0.033548 0.026200 -0.087789 0.005840 0.013306 0.064885 -0.016960 -0.093367
 0.039265 0.032689 0.075418 -0.070941 -0.014203 0.026918 0.003027 0.022906
 0.032190 0.013109 0.004173 -0.072346 -0.061907 -0.030657 -0.043601 -0.012729
 0.062541 -0.037410 -0.065021 -0.072910 -0.001897 -0.019570 -0.039775 0.057271
 0.036515 0.022852 0.050584 -0.032456 -0.000947 -0.017138 -0.098288 -0.008613
 -0.004058 0.011223 0.077607 0.046535 -0.052671 0.001283 0.068848 -0.011604
 -0.022380 0.031438 -0.035605 0.062516 0.045708 -0.035039 0.091245 0.054353
 -0.001175 0.013121 -0.048456 -0.056354 -0.001518 -0.017781 0.090916 -0.005942
 0.023216 0.063058 0.007845 -0.047406 0.098735 -0.080663 0.065360 -0.085643
 0.028582 -0.042469 0.068258 0.074174 0.045547 0.088549 0.089969 0.003199
 -0.081552 -0.025732 0.019322 0.083154 -0.050532 0.063265 -0.009733 0.069855
 0.064265 -0.083402 0.005626 -0.034431 -0.039220 -0.089491 -0.039605 -0.081743
 0.076677 0.029924 -0.006725 -0.029149 -0.048076 0.006711 0.038725 0.046702
 0.043651 0.033616 0.076802 0.006636 0.054777 -0.077237 -0.075275 0.045358
 -0.075637 -0.089812 -0.056964 0.082217 -0.019816 0.074742 0.075877 -0.035352
 0.008035 -0.031786 0.033748 -0.032409 -0.067383 -0.048976 0.021353 -0.084517
 -0.088140 -0.074643 -0.059463 0.018475 -0.044298 0.025553 0.067902 -0.065588
 -0.075927 0.083362 -0.032146 0.036660 0.042718 0.040466 0.074713 -0.044835
 -0.031049 0.096477 -0.043856 0.052022 0.000931 -0.004175 0.096314 0.018956
 -0.086368 -0.060112 0.087507 -0.040046 0.019585 -0.031429 -0.001742 -0.038979
 0.098889 0.084733 0.018003 -0.031043 0.022672 -0.097846 -0.047753 -0.068199
 0.004208 -0.069268 -0.030810 0.072348 -0.051208 -0.056962 -0.014127 -0.019118
 0.077863 0.017966 0.052850 0.008973 -0.049918 0.062995 -0.070652 -0.074608
 0.034914 -0.036227 -0.025358 -0.045365 0.062869 -0.055987 -0.000293 0.045241
 0.027701 0.018039 0.027459 0.061184 -0.052955 -0.086698 0.056591 -0.028413
 -0.061382 -0.051627 -0.095051 0.036184 -0.032747 -0.079843 -0.023200 -0.057086
 -0.025868 -0.084166 -0.055715 -0.031162 -0.007641 -0.016836 0.041980 -0.022876
 0.026217 -0.045056 -0.057167 -0.043094 0.053103 0.082361 0.083114 -0.078462
 -0.025193 -0.005499 0.022029 -0.036957 -0.081583 0.070579 -0.002174 0.080416
 -0.041796 0.007504 0.002505 0.050921 -0.040747 -0.042404 0.071489 0.091881
 -0.072009 0.055902 -0.021037 -0.004961 -0.022769 0.035958 0.078079 0.061381
 -0.084077 -0.043475 0.039711 -0.017933 0.056270 -0.065314 -0.057804 0.002894
 -0.018748 0.042604 -0.035636 0.098118 -0.021541 -0.092058 -0.002869 0.039664
 -0.057284 0.045012 -0.026421 0.090765 0.061187 0.008548 0.047317 -0.056583
 -0.023552 -0.031909 0.087957 0.074591 -0.055847 -0.042807 0.074631 -0.061212
 -0.027912 -0.005669 -0.089412 -0.028699 0.001090 -0.090734 0.077577 0.021254
 0.098187 -0.074001 -0.012541 0.024064 0.028034 0.047562 -0.093878 -0.065825
 -0.033252 0.096653 0.037990 -0.030373 -0.035014 -0.043851 0.039187 0.004919
 -0.024265 -0.014021 0.065196 -0.094493 -0.059874 0.018443 0.076200 0.027409
 -0.009849 -0.072651 0.063235 0.086561 -0.066639 -0.050820 -0.047926 -0.001086
 0.007806 0.052962 0.064902 0.023471 -0.004872 -0.059660 -0.096329 -0.093436
 0.058352 -0.060030 0.065518 -0.085026 0.088515 -0.050304 -0.045371 0.015513
 -0.026968 -0.025527 -0.022112 0.031723 -0.015060 -0.076202 0.055905 0.064104
 0.029157 -0.027464 -0.006966 0.088460 -0.052732 -0.044886 0.057828 -0.042931
 -0.068566 -0.090137 -0.004417 -0.053578 0.078947 0.061857 0.080226 -0.073194
 0.026250 -0.054700 -0.081751 0.068149 0.011379 0.047483 0.010241 0.096860
 -0.039230 0.012456 -0.039247 0.014793 0.095408 0.011011 -0.013220 0.091674
 -0.001384 0.039017 0.097927 0.061477 0.050703 -0.030248 0.034276 0.065853
 0.000667 -0.080436 -0.069840 0.070706 0.023150 0.013968 -0.053450 -0.089162
 0.032970 -0.009118 0.023869 0.039707 -0.020629 0.086005 0.013922 -0.047291
 -0.065068 -0.095679 -0.054803 0.087025 -0.087754 0.058736 -0.046194 -0.029729
 -0.086086 0.051069 -0.059578 -0.025468 -0.026256 0.095583 0.086376 0.026642
 -0.086641 0.009455 0.025043 0.067698 -0.072378 -0.010149 -0.091458 0.093409
 0.060552 0.074449 0.088827 -0.023611 0.029664 0.054983 -0.097998 0.033748
 0.095957 0.014264 0.018364 -0.005727 -0.046945 0.028999 0.097176 0.016796
 0.041473 -0.094347 0.074458 0.053635 0.021200 -0.084448 -0.068799 -0.094006
 0.048401 -0.039119 0.050147 0.065286 -0.089527 0.014899 -0.053662 0.044590
 0.032840 0.001152 -0.086183 -0.072006 0.010837 0.052189 -0.074171 -0.005271
 -0.063009 -0.032789 -0.003724 0.087457 -0.060243 -0.010495 0.047601 -0.067115
 0.065428 -0.086821 -0.051507 0.079634 0.002760 -0.002914 -0.030816 -0.064832
 0.006514 0.060887 0.054760 0.070988 -0.097920 0.017666 -0.054993 -0.035794
 -0.082129 0.054989 0.015436 -0.072744 -0.047801 -0.071506 -0.019178 0.003377
 -0.048825 -0.066462 -0.093305 0.005782 0.065842 -0.030879 -0.015485 0.047280
 0.015375 -0.061182 -0.076723 0.093521 0.091822 -0.007933 0.032008 0.077428
 -0.060323 0.061509 0.035469 -0.028412 0.042738 0.049954 -0.011306 -0.079957
 -0.059074 0.067629 0.014653 0.020408 0.043982 0.069755 -0.076805 -0.095018
 -0.074765 -0.074772 0.071468 0.037691 -0.049877 -0.062085 -0.041020 -0.069450
 0.072676 -0.042747 -0.084769 0.023038 -0.067696 0.091251 0.016904 -0.021078
 0.013262 0.062102 -0.079764 0.029282 -0.089115 -0.023084 0.071884 0.010400
 -0.041861 -0.090826 -0.012901 0.098104 -0.018560 -0.002949 -0.077132 -0.086919
 -0.025969 -0.051490 0.043205 -0.022555 0.044023 -0.037217 0.065978 0.048098
 -0.013508 -0.038916 -0.041690 -0.082263 -0.035183 0.013679 0.082399 -0.015753
 -0.011800 0.010808 0.051378 -0.057102 -0.046258 0.071800 -0.097974 0.094276
 -0.091224 0.063753 -0.086408 -0.092036 -0.087078 0.011870 -0.089454 0.079409
 0.039781 -0.066729 -0.011772 -0.073326 0.010551 0.040546 0.016426 -0.028903
 0.005509 0.054789 0.096972 -0.010489 0.073547 -0.006113 0.095146 0.010784
 -0.037505 0.023850 -0.043152 0.053121 0.016439 -0.071125 0.067785 0.050030
 0.021696 0.038365 -0.039487 0.036885 0.084841 0.027561 0.047087 0.033299
 0.004923 0.001035 -0.038304 0.002039 -0.000197 0.089618 0.050276 0.094323
 -0.003625 -0.096468 0.058968 -0.001966 -0.029773 0.009861 0.024901 -0.074865
 0.093897 0.016600 -0.062597 -0.099417 -0.047176 -0.012366 -0.050318 0.054076
 -0.048306 -0.000316 -0.029755 -0.011716 -0.022004 -0.076092 0.039434 -0.056550
 -0.053768 0.054811 0.066920 -0.027030 0.053160 -0.089105 0.048629 -0.035514
 0.013759 0.047657 -0.089293 0.008808 -0.061737 0.051606 -0.094824 -0.033912
 0.031213 -0.072182 0.096987 0.057428 -0.022590 0.027852 -0.035894 0.084246
 0.061038 -0.080423 -0.085169 0.086673 -0.078383 -0.095739 -0.079268 0.097934
 -0.064394 0.094250 -0.036001 0.043960 0.094611 0.066315 0.055072 -0.022627
 0.008738 0.067532 0.057314 0.029596 -0.041653 -0.000004 -0.057855 0.094266
 -0.010147 -0.097998 0.094133 -0.014761 0.072845 -0.060991 -0.058675 0.070441
 0.015585 -0.004416 -0.052132 -0.014942 -0.030673 0.087647 0.024751 0.080282
 -0.052997 0.060225 0.032757 0.085148 0.002762 -0.087985 -0.081935 -0.073249
 -0.027132 0.058686 -0.048390 -0.036624 -0.050663 -0.076410 0.030436 -0.098946
 -0.015833 0.078089 0.063031 -0.030680 0.013310 0.095771 0.077420 -0.086176
 0.010738 0.099242 0.098778 0.051456 -0.033161 0.072743 -0.049673 -0.009020
 0.054864 0.015855 -0.065106 0.012293 0.019044 -0.035171 -0.087471 0.023232
 0.065056 0.045376 -0.001715 -0.052996 0.071605 -0.031244 -0.085363 -0.040840
 -0.057805 0.036693 0.074122 -0.005104 -0.080096 0.085355 -0.034505 0.077572
 -0.002738 0.013344 -0.090746 0.052091 -0.071486 -0.040322 0.059454 -0.058389
 0.041556 0.061930 0.032269 0.079683 -0.023523 -0.028551 0.089162 0.074401
 0.017768 0.047614 -0.094918 0.061000 0.010433 -0.063695 -0.073767 -0.097670
 -0.017733 0.071405 0.085295 0.085566 -0.011223 0.030227 -0.008109 -0.059168
 -0.022350 -0.035355 0.089972 0.029768 0.000384 -0.056349 0.046364 -0.096177
 0.056711 0.046100 0.045292 0.069793 0.049900 -0.089676 -0.017216 0.042048
 0.060020 -0.094236 -0.077867 0.076477 0.016468 -0.081882 -0.044885 0.026579
 -0.043303 0.014559 0.002087 0.063306 0.016810 -0.090477 -0.090597 -0.085260
]
Total memory size for keys: rot_key_cnt = 73, rot_key_size = 918570096 bytes, total_key_size = 941639200 bytes
Total memory size for weight plain: cnt = 579, size = 908632792 bytes
RTLib functions         	       Count	      Elapse
--------------------    	    --------	    --------
FINALIZE_CONTEXT        	           1	    0.002595 sec
PREPARE_CONTEXT         	           1	    4.417730 sec
ENCODE_ARRAY            	         580	    3.658051 sec
NTT                     	        3232	    3.793815 sec
INTT                    	         272	    0.348529 sec
MAIN_GRAPH              	           1	    7.165118 sec
 HW_ADD                  	        4448	    0.262916 sec
 HW_MUL                  	        3464	    1.012478 sec
 HW_ROT                  	         698	    0.059120 sec
 COPY_POLY               	           1	    0.000037 sec
 EXTEND                  	          66	    0.061921 sec
 PRECOMP                 	          74	    1.269928 sec
 MOD_DOWN                	          22	    0.199079 sec
 DOT_PROD                	         148	    0.528361 sec
 RESCALE_POLY            	           6	    0.018923 sec
 COPY_CIPH               	          13	    0.007993 sec
 INIT_CIPH_SM_SC         	         716	    0.010821 sec
 INIT_CIPH_UP_SC         	         578	    0.068426 sec
 INIT_CIPH_DN_SC         	           3	    0.000153 sec
 PT_ENCODE               	         579	    3.653954 sec
MAIN_GRAPH              	   sub total	    7.154110 sec
11.68s 1060316KB
Exit 0 - Check log: /app/ae_result/hpao/i64x8x8_ci64_co64_k3p1s1.moddown.log
LINK_EXEC RETV:0
LINK_EXEC CMD TIME:12.428447s
