FAST_DOT_PROD=1
/app/hpao_cmplr/bin/fhe_cmplr /app/model/lenet_x2.onnx -o /app/ae_tmp/lenet_x2.onnx.c -POLY:muh:mdh:mef -P2C:cte:ctp:df_limit=819200 -VEC:conv_fast -CKKS:N=32768 -VEC:ms=16384 -P2C:df=/app/ae_tmp/lenet_x2.onnx.weight -CKKS:sk_hw=192 -O2A:ts -FHE_SCHEME:ts -VEC:ts -SIHE:ts -FHE_SCHEME:ts -POLY:ts -P2C:ts -CKKS:ts:q0=60:sf=56 -POLY:ts -P2C:ts -P2C:fp -SIHE:relu_vr_def=10 -CKKS:resbm=1
FML[0x10000000] "input", TYP[0x12](record,"CIPHERTEXT")
: [scale=1,level=1]
FML[0x10000000] "input", TYP[0x12](record,"CIPHERTEXT")
: [scale=1,level=2]
FML[0x10000000] "input", TYP[0x12](record,"CIPHERTEXT")
: [scale=1,level=3]
FML[0x10000000] "input", TYP[0x12](record,"CIPHERTEXT")
: [scale=1,level=4]
FML[0x10000000] "input", TYP[0x12](record,"CIPHERTEXT")
: [scale=1,level=5]
FML[0x10000000] "input", TYP[0x12](record,"CIPHERTEXT")
: [scale=1,level=6]
FML[0x10000000] "input", TYP[0x12](record,"CIPHERTEXT")
: [scale=1,level=7]
FML[0x10000000] "input", TYP[0x12](record,"CIPHERTEXT")
: [scale=1,level=8]
FML[0x10000000] "input", TYP[0x12](record,"CIPHERTEXT")
: [scale=1,level=9]
FML[0x10000000] "input", TYP[0x12](record,"CIPHERTEXT")
: [scale=1,level=10]
FML[0x10000000] "input", TYP[0x12](record,"CIPHERTEXT")
: [scale=1,level=11]
FML[0x10000000] "input", TYP[0x12](record,"CIPHERTEXT")
: [scale=1,level=12]
FML[0x10000000] "input", TYP[0x12](record,"CIPHERTEXT")
: [scale=1,level=13]
FML[0x10000000] "input", TYP[0x12](record,"CIPHERTEXT")
: [scale=1,level=14]
FML[0x10000000] "input", TYP[0x12](record,"CIPHERTEXT")
: [scale=1,level=15]
FML[0x10000000] "input", TYP[0x12](record,"CIPHERTEXT")
: [scale=1,level=16]
FML[0x10000000] "input", TYP[0x12](record,"CIPHERTEXT")
: [scale=1,level=17]
FML[0x10000000] "input", TYP[0x12](record,"CIPHERTEXT")
: [scale=1,level=18]
FML[0x10000000] "input", TYP[0x12](record,"CIPHERTEXT")
: [scale=1,level=19]
FML[0x10000000] "input", TYP[0x12](record,"CIPHERTEXT")
: [scale=1,level=20]
FML[0x10000000] "input", TYP[0x12](record,"CIPHERTEXT")
: [scale=1,level=21]
FML[0x10000000] "input", TYP[0x12](record,"CIPHERTEXT")
: [scale=1,level=22]
FML[0x10000000] "input", TYP[0x12](record,"CIPHERTEXT")
: [scale=1,level=23]
FML[0x10000000] "input", TYP[0x12](record,"CIPHERTEXT")
: [scale=1,level=24]
FML[0x10000000] "input", TYP[0x12](record,"CIPHERTEXT")
: [scale=1,level=25]
FML[0x10000000] "input", TYP[0x12](record,"CIPHERTEXT")
: [scale=1,level=26]
RESBM consume 0.176159 sec.
[/app/hpao_cmplr/bin/fhe_cmplr][ONNX2AIR][--] : phase_time = 0.000974 / 0.001098(s)
[/app/hpao_cmplr/bin/fhe_cmplr][SCHEME_INFO_ANALYZE][--] : phase_time = 0.000020 / 0.001125(s)
[/app/hpao_cmplr/bin/fhe_cmplr][VECTOR][--] : phase_time = 0.011348 / 0.012476(s)
[/app/hpao_cmplr/bin/fhe_cmplr][SIHE][--] : phase_time = 0.002185 / 0.014669(s)
[/app/hpao_cmplr/bin/fhe_cmplr][CKKS][--] : phase_time = 0.182819 / 0.197493(s)
[/app/hpao_cmplr/bin/fhe_cmplr][POLY][--] : phase_time = 0.034989 / 0.232490(s)
[/app/hpao_cmplr/bin/fhe_cmplr][POLY2C][--] : phase_time = 9.658762 / 9.891259(s)
COMPILE RETV:0
COMPILE CMD TIME:9.966915s
/app/hpao_cmplr lenet_x2.onnx /app/test/lenet_x2.c lenet_x2.onnx.c
ckks_param: _provider = 0, _poly_degree = 32768, _sec_level = 0, mul_depth = 23, _first_mod_size = 60, _scaling_mod_size = 56, _num_q_parts = 3, _num_p = 8, _num_rot_idx = 203,_hamming_wieght = 192
input(tensor): [
 -0.085755 0.036722 0.013053 0.055404 0.047053 -0.013821 -0.090824 -0.085794 -0.022887 -0.057736 -0.046887 0.077025 -0.068964 -0.018244 0.045181 0.019026 0.010557 -0.074274 0.026723 0.020644 -0.076567 -0.060336 0.096777 -0.008624 0.007572 -0.032613 0.069604 -0.005147 0.089573 -0.070804 -0.072821 0.088345
 0.026332 0.028215 -0.092393 0.081563 0.062783 -0.088096 0.036349 0.064921 0.047231 -0.045654 -0.042401 0.060666 -0.006234 0.095594 0.055656 -0.024236 0.081809 -0.005113 0.006540 0.097458 -0.065140 0.037364 -0.089468 -0.014250 0.046300 0.096483 -0.037873 0.087017 -0.063883 0.054676 -0.072804 -0.070647
 -0.096883 0.031784 -0.072785 -0.079894 -0.014052 0.053182 -0.011723 0.054327 0.003176 0.049176 -0.012294 0.028945 -0.060713 -0.024649 -0.088373 -0.036696 0.028951 -0.058277 -0.013993 -0.066947 0.067959 0.030219 -0.088870 -0.063158 -0.094572 -0.050715 0.097267 -0.090100 0.004848 -0.078022 0.050343 0.059945
 0.057549 -0.066358 0.011722 0.069195 -0.011894 0.006159 -0.027519 -0.023760 -0.077986 0.019551 0.070865 0.082605 0.078702 -0.041353 0.000404 -0.011239 -0.031618 0.012331 -0.083902 -0.006491 -0.061601 -0.010341 -0.004122 0.088698 -0.039564 -0.072826 -0.019818 -0.075379 -0.096029 -0.017790 0.010895 -0.021513
 -0.053385 0.060576 -0.069749 -0.026969 0.084284 0.058999 0.015234 0.083138 0.088948 -0.004108 -0.031518 0.032684 0.056888 -0.090214 0.030683 -0.059739 0.034363 0.042002 0.023175 0.063591 -0.003574 0.088579 0.043243 -0.000236 -0.022578 -0.083457 -0.011444 0.001441 0.013825 0.098248 0.003852 -0.076860
 0.067200 -0.081141 -0.088009 0.004245 0.016818 -0.097648 -0.073590 -0.011367 0.018134 -0.048950 0.007675 0.054508 -0.003191 -0.025311 0.035227 0.035125 0.013909 0.047612 0.021791 -0.031254 -0.041007 -0.077045 0.051165 0.074787 0.031437 -0.035787 0.007819 -0.019785 0.010978 0.006285 0.083726 -0.029052
 0.020931 0.011223 -0.021721 0.081723 -0.088752 -0.092870 0.000781 0.056398 -0.009380 0.097335 0.096453 0.002638 -0.049643 0.093031 0.004032 -0.075624 -0.065884 0.046868 -0.056601 -0.026932 0.096057 0.082983 0.017712 0.057560 0.014346 0.063440 0.089104 0.015614 0.048423 0.047247 0.064938 0.052738
 0.093397 -0.093465 0.005007 -0.079616 0.061009 -0.023953 0.061731 -0.093819 0.034893 -0.029309 0.007494 0.025559 -0.095940 0.074451 0.045485 0.013678 0.093108 -0.047868 -0.028909 -0.076339 0.011429 -0.025883 -0.008579 -0.091970 0.003048 -0.017790 -0.085080 -0.041543 -0.086873 -0.080925 -0.058711 0.008488
 -0.016650 0.043498 0.083084 0.050824 0.081743 -0.064969 -0.016562 -0.093897 0.017267 -0.046451 -0.029019 -0.026797 0.083060 -0.059602 -0.019779 0.027626 0.028053 -0.042369 0.089260 -0.030654 0.072964 -0.021552 0.020038 0.001433 0.012709 0.012253 -0.049330 0.046823 -0.061254 -0.021392 0.072796 0.015806
 0.058404 0.098801 -0.082961 -0.016130 -0.061271 -0.006479 0.028432 0.083819 0.054725 -0.055660 -0.041588 0.073219 0.095551 -0.035616 -0.083298 0.058449 0.047312 0.093114 -0.034169 -0.060944 -0.069031 -0.052642 0.006512 0.099728 -0.047617 -0.063673 0.065649 0.067385 0.024489 -0.046203 0.042069 0.066936
 -0.086479 0.043454 -0.050942 -0.006933 -0.054897 -0.095493 0.010443 0.075189 -0.076050 0.037317 0.067900 0.027084 -0.066863 -0.046145 -0.061273 0.020867 0.092129 0.075909 -0.003275 -0.019078 -0.016355 0.076260 -0.041011 0.094166 0.056664 -0.024797 -0.010125 0.002668 -0.056269 -0.016170 -0.087449 0.026097
 -0.068040 0.075766 0.068410 0.063646 0.050949 0.063077 0.038378 0.005566 -0.058995 -0.081010 0.004254 0.058220 -0.025386 -0.036077 0.045545 -0.061138 0.017806 -0.004245 0.015575 0.026581 -0.052878 -0.022789 -0.048542 0.046826 0.009371 -0.059597 -0.079058 0.073296 0.091912 0.002842 0.042173 -0.083268
 -0.021600 -0.061662 0.094123 -0.095843 -0.041205 0.071469 0.078543 -0.008341 -0.011407 0.042789 -0.003513 0.037417 -0.054543 0.022466 -0.002575 0.093516 0.005936 -0.046087 -0.074463 -0.022665 -0.026700 0.002819 0.045592 -0.043499 0.005287 -0.036622 0.059068 0.023001 -0.094755 -0.032329 -0.025445 0.089070
 -0.084179 0.079653 -0.010309 0.040567 -0.021452 -0.081190 -0.040585 0.023677 0.052980 -0.057135 0.088266 0.047857 -0.070050 -0.091622 -0.067808 -0.007936 -0.097342 0.074099 -0.036379 0.020006 0.048661 -0.045658 0.095575 -0.041163 0.088811 0.041293 0.059882 0.006620 -0.099555 -0.002835 0.004487 -0.075655
 -0.080665 0.021221 -0.078606 -0.004658 0.088072 -0.020144 -0.075608 0.001866 0.066697 0.080076 0.002054 -0.040599 0.070526 0.000116 -0.037157 0.054259 0.014978 -0.035493 -0.058417 -0.097433 0.026795 -0.055459 -0.036013 -0.030953 -0.074646 0.022442 -0.086402 0.071261 -0.087174 -0.002949 -0.054855 0.078180
 0.011798 -0.027925 0.047460 0.096201 0.026923 -0.014831 -0.082837 0.093747 -0.049692 0.051235 0.002281 0.047098 -0.001337 0.099557 -0.021069 -0.031240 -0.086223 0.012436 -0.023165 0.059570 0.058601 0.048195 -0.046987 0.093326 -0.042366 -0.063905 0.046220 0.071158 -0.029490 -0.032642 -0.091812 -0.004501
 -0.019595 -0.073040 -0.048683 -0.050984 -0.085037 0.038872 -0.066559 0.028608 -0.097133 -0.008907 -0.047012 0.036507 -0.016913 -0.061231 -0.008029 -0.080783 0.007452 0.089297 -0.014804 0.037275 0.084193 0.002614 -0.008264 0.022421 0.091135 0.029109 -0.064883 0.082995 0.045485 0.095740 0.037558 -0.059751
 -0.093100 -0.033547 0.097020 0.037851 0.091282 0.005517 0.006437 -0.065018 -0.015997 0.025156 0.021072 0.085862 -0.050464 0.036487 -0.030665 0.028623 0.099444 -0.024000 0.023015 0.015712 0.000423 0.061282 0.055292 0.091334 -0.039471 -0.036345 -0.040910 0.079319 -0.094405 -0.084634 -0.058570 -0.066598
 -0.062893 0.003780 -0.040182 0.023418 -0.073602 -0.053949 -0.059086 0.088154 -0.035276 -0.048102 -0.085618 -0.023587 0.003214 -0.043534 -0.091190 0.098900 0.092488 -0.001236 0.001026 -0.061694 0.025198 -0.090339 0.075984 0.084968 0.040511 -0.068041 -0.001062 0.055954 0.020715 0.050037 0.043333 -0.083660
 -0.023981 0.087243 -0.088628 -0.074529 0.065861 0.026443 -0.016115 0.078827 0.040821 0.060732 0.004491 0.033685 0.001835 0.034462 0.070788 0.030204 0.004618 0.064024 0.023474 -0.076492 -0.051688 0.039146 -0.028629 0.032111 -0.047228 -0.080891 0.037241 0.006971 0.097165 0.061240 -0.065663 -0.036086
 0.089630 0.058652 0.071873 0.055407 -0.027937 -0.023675 0.065480 0.025923 0.048393 0.063935 0.044146 0.027184 -0.014297 -0.067794 -0.046913 0.010005 -0.004897 0.054853 0.042643 -0.006542 0.075623 -0.073811 -0.092638 0.004640 0.052221 -0.079383 0.053071 -0.049756 0.020863 0.050903 0.047190 -0.017290
 0.093641 0.066808 -0.051103 0.076052 -0.012633 0.066520 0.032896 -0.080277 -0.035242 -0.018231 0.087282 -0.006084 0.050567 0.078906 -0.020118 -0.000427 -0.034258 -0.076145 0.021787 0.079567 0.044029 -0.010560 -0.064605 0.019227 0.061575 -0.045655 0.011695 0.033530 0.021911 -0.066287 -0.046000 -0.025418
 0.008187 0.026860 0.042026 0.043018 0.049831 -0.093322 0.004376 0.030520 -0.088962 -0.093357 0.068286 0.077520 -0.061998 0.045406 -0.099575 -0.086072 -0.029661 0.023750 0.015115 0.042733 0.034823 -0.043522 -0.027029 -0.090581 0.075531 0.001452 0.070883 0.093044 -0.034188 -0.089455 0.055711 0.011735
 -0.098170 -0.075519 0.062111 -0.035144 -0.077250 0.096801 0.053425 -0.062839 0.059378 -0.027304 0.019651 0.044463 -0.045120 0.075657 -0.024173 -0.064425 -0.012304 -0.080726 0.008985 0.066414 -0.076561 0.004192 0.007451 -0.043851 -0.037118 -0.016591 -0.072370 -0.060879 -0.030905 0.046069 -0.025902 0.046070
 0.057892 -0.070151 0.060527 -0.030341 0.044870 -0.016391 -0.031167 -0.009416 0.024834 0.012962 0.086088 -0.062471 -0.073764 -0.069456 0.053624 -0.060833 0.080166 -0.031198 0.083996 0.033581 -0.099362 0.060467 0.065427 -0.086473 -0.088458 -0.012570 -0.077392 -0.046563 -0.099088 -0.053231 -0.051424 0.026214
 -0.085568 0.078573 0.023172 -0.025096 -0.086845 -0.048011 -0.016974 0.056038 0.012366 -0.098409 -0.025147 0.002184 -0.009552 0.087056 0.076353 -0.063785 0.066804 -0.073939 0.038361 -0.011078 -0.077223 -0.049413 -0.062846 0.050381 0.003818 -0.076321 -0.027876 0.091595 0.042758 -0.063917 0.023547 -0.004168
 -0.089433 0.024049 0.051829 0.039836 0.044949 -0.058989 0.087545 0.053368 -0.055897 -0.066965 -0.036365 0.095865 0.034425 0.071485 0.007460 0.046819 -0.023368 0.079871 0.035405 0.039737 -0.072812 -0.073218 0.016744 -0.085582 0.069165 0.039715 -0.034384 -0.094562 -0.089969 -0.088099 0.048403 0.099708
 0.098048 0.041301 -0.049904 -0.060045 -0.072185 0.021834 -0.057130 -0.022401 -0.085747 0.085278 -0.093445 0.022801 -0.023594 -0.041318 0.012871 0.076405 0.082948 0.027482 -0.048389 0.092344 -0.032591 0.029175 -0.050717 0.071203 -0.098253 -0.004604 0.003960 -0.023728 -0.099142 -0.060194 0.065807 -0.043648
 0.072860 -0.092743 0.092596 0.029577 -0.036965 0.067191 -0.043602 -0.028096 0.053767 -0.040106 -0.053795 -0.029113 -0.085618 -0.024329 0.058506 -0.014244 0.003163 0.041046 -0.069041 0.071653 0.057688 0.030222 -0.012304 -0.099294 -0.033169 -0.026680 0.011205 0.035818 -0.009288 -0.063818 -0.087651 -0.058447
 -0.048436 -0.073536 -0.074598 0.067297 0.065714 0.090573 0.097489 0.047753 0.034418 -0.066824 -0.012572 0.038718 0.091812 -0.054491 -0.033121 -0.049655 0.030847 -0.010688 -0.029900 0.094361 0.069107 0.096877 -0.044264 -0.058859 0.054193 0.054176 -0.060351 0.068928 -0.045782 -0.003105 -0.011889 0.038924
 -0.048516 0.064750 0.015444 -0.030540 0.091478 0.052008 0.007293 0.045569 0.076067 0.052529 0.076989 0.042050 0.084933 -0.006125 -0.010393 0.039464 -0.076252 0.060719 0.017079 -0.074308 -0.016965 -0.042635 0.011281 -0.059427 0.004613 -0.085572 -0.057344 -0.090387 0.032802 0.049860 -0.088665 0.080075
 -0.054226 -0.066318 -0.039730 -0.069689 0.092986 0.004820 0.052024 -0.046145 -0.026069 -0.001269 0.013659 -0.019426 0.084831 0.010875 0.059635 -0.056046 -0.069396 0.069196 0.039525 -0.073133 0.038830 0.010792 0.089463 -0.027797 -0.081342 -0.020826 -0.084379 0.020902 -0.058016 -0.062386 0.025943 -0.057836
 -0.088322 -0.011516 -0.029603 -0.072972 0.090231 -0.027623 0.021600 -0.043670 -0.035647 -0.073174 -0.084127 -0.019955 -0.016313 0.078723 0.011683 -0.006624 -0.075758 0.048700 0.058293 0.042887 -0.080479 0.026913 -0.042804 -0.069819 0.092346 0.035086 -0.017628 -0.051650 0.035291 0.015774 -0.079841 0.072981
 0.032033 -0.055228 0.081270 -0.022208 -0.051681 -0.037555 -0.025552 -0.042985 -0.074757 0.086186 0.036081 -0.085258 -0.096187 -0.066028 0.003766 0.033276 -0.033955 -0.053373 0.051548 -0.098464 -0.071583 -0.054370 0.067207 0.041938 0.076873 -0.079286 0.002209 -0.024813 -0.060353 -0.088769 0.002229 0.016053
 -0.003814 0.070946 0.011100 0.089921 0.044460 -0.065043 -0.050509 0.091162 0.042113 -0.030973 0.081929 0.025437 0.060963 -0.054119 0.005106 0.006875 -0.069596 -0.016281 0.084486 -0.014954 -0.089941 -0.064717 0.040560 -0.083716 0.025267 0.045705 -0.073161 0.001552 -0.025345 0.006611 -0.028814 -0.027887
 0.012992 0.021406 0.057036 -0.090220 -0.016869 0.073703 -0.008876 -0.003998 0.084555 -0.082889 -0.045315 0.081958 0.083657 -0.049505 -0.061680 -0.001851 0.016159 0.042222 0.099055 -0.009237 0.071644 0.003912 0.060113 0.002844 0.024838 0.083383 -0.019316 0.002411 -0.012573 -0.091949 0.004330 -0.097922
 0.028174 0.030337 0.017365 -0.088209 0.060119 -0.019011 0.074125 -0.010803 -0.009629 0.058041 -0.073385 -0.092169 -0.084370 -0.094230 0.057369 0.034845 -0.026086 -0.044337 -0.085825 -0.084368 0.095325 0.057093 0.082839 -0.035072 0.068233 0.042015 0.068405 -0.002725 0.087259 0.083387 -0.033250 -0.099593
 0.081707 0.030051 -0.012174 -0.081079 -0.058851 -0.011174 0.016998 -0.057372 -0.021196 -0.055590 -0.078802 -0.051261 -0.066746 -0.058434 -0.039727 -0.009419 -0.031233 -0.003073 0.043159 -0.091106 -0.033494 0.001874 -0.061152 0.044569 0.098704 -0.057749 0.080753 0.055128 0.095438 0.041459 0.066692 0.099626
 -0.026017 -0.092964 -0.099237 -0.052189 0.081860 -0.026680 0.080868 0.049173 0.018788 0.004571 -0.018712 -0.028105 -0.034639 0.022793 0.015286 0.010107 0.092772 0.033765 -0.009809 0.033247 -0.049232 -0.023783 0.008978 0.008124 -0.096932 0.028744 0.031750 0.005088 -0.010736 -0.071737 -0.037268 0.046631
 0.027897 -0.098470 0.088372 -0.090875 0.028402 0.091727 0.064939 0.093212 -0.038865 0.083570 -0.099548 0.053955 0.039000 0.078969 0.014398 -0.019409 0.055597 -0.034214 -0.062566 0.089223 0.028694 0.008982 0.080054 -0.083875 -0.080495 -0.002982 -0.083610 0.072527 -0.055253 -0.096168 -0.012664 -0.023443
 0.011114 -0.020762 0.078766 -0.084136 -0.055454 -0.035969 -0.061367 0.076157 -0.041118 -0.042576 -0.031341 0.078503 -0.010478 -0.018594 0.051610 -0.097149 0.090143 -0.008344 -0.012776 -0.029084 0.021120 -0.053850 0.041830 0.008240 -0.050458 0.020179 -0.029621 -0.062032 0.086280 0.051239 0.054507 -0.012390
 0.070661 0.020146 0.030591 0.002888 0.082076 0.024980 0.027767 0.013442 0.076030 -0.000756 -0.000591 -0.041967 -0.003926 0.050794 -0.084621 -0.013287 -0.080869 0.082268 -0.065996 -0.031847 -0.078984 0.019935 0.097377 0.057173 -0.058849 -0.087455 -0.077305 0.043557 -0.002668 -0.020379 0.094803 0.089406
 -0.065381 0.058223 -0.056001 0.093115 0.098785 0.028457 -0.036035 -0.077234 0.095678 0.083927 0.083655 -0.017670 -0.072623 0.026657 -0.018233 0.067086 0.055283 0.002836 -0.026468 0.009509 0.070365 0.031201 0.043044 -0.005099 -0.010372 -0.046979 0.023516 0.015482 -0.085454 0.066353 -0.012071 -0.075853
 -0.074306 -0.030531 0.002423 0.095746 0.080826 0.051848 -0.017074 -0.045618 0.040971 0.069435 0.054869 0.068769 0.026861 0.023444 0.088625 -0.096840 -0.028441 0.070449 -0.017372 0.017016 -0.047692 0.039738 -0.083575 0.084807 -0.008971 0.036686 -0.052302 -0.032499 0.026400 0.007002 -0.039267 0.064604
 -0.035165 0.057229 0.046613 -0.029618 -0.055153 0.066741 0.029844 0.041201 0.087582 0.076132 0.042243 0.082124 0.097918 0.098785 0.019980 -0.016168 -0.075686 -0.097713 -0.070370 0.071209 -0.052614 0.056675 0.054104 -0.088650 0.051462 0.069486 0.057339 0.098386 -0.079296 -0.062774 -0.074249 0.001904
 0.027170 0.002668 -0.056388 -0.059740 0.052163 -0.079706 0.033613 0.035119 -0.040306 0.048862 -0.098826 0.077543 0.059867 -0.022579 -0.081550 0.019710 -0.075879 -0.058369 0.076277 -0.002071 0.082333 -0.046784 0.067640 0.071999 0.019658 0.068194 0.047694 0.026971 -0.016174 0.031122 -0.068000 0.025323
 0.038647 0.078577 0.008763 0.074306 0.072128 0.010305 0.010938 -0.003264 0.079870 0.007741 0.081550 0.018664 0.080257 0.075688 -0.011069 0.081226 -0.005424 -0.083549 -0.009425 -0.089983 -0.018187 -0.006128 -0.027390 0.060141 0.007975 -0.010914 -0.042809 0.084260 0.029541 -0.064879 -0.008072 -0.096353
 -0.052942 0.067833 0.088134 -0.036833 0.054072 0.013700 0.085973 0.015310 0.089128 0.051636 0.090499 -0.060129 0.049050 0.029547 -0.084074 -0.089180 -0.040574 0.016388 0.055894 -0.055465 -0.011556 0.086860 0.070743 0.042623 0.078111 -0.057775 -0.046237 -0.005226 0.049076 -0.053572 0.006731 0.026085
 0.067904 0.035394 -0.063055 0.042691 0.053030 0.070542 -0.075863 0.059881 -0.056612 -0.001641 0.015250 0.081958 0.051818 -0.074528 0.046447 -0.085883 0.002651 -0.049027 -0.022868 0.036068 -0.071898 0.005146 0.075604 -0.059250 -0.071694 -0.058556 0.055451 -0.091461 -0.030079 0.094374 0.026272 0.075324
 0.029036 -0.087110 -0.054105 -0.040865 0.091765 -0.080871 -0.053751 0.027822 -0.047709 -0.068769 0.099409 -0.021654 -0.071487 0.060168 0.097198 -0.077432 0.057513 -0.085445 -0.095938 0.058352 -0.018277 0.024269 -0.060550 0.084122 -0.066748 -0.017728 0.085097 0.085279 0.058513 0.046204 0.032324 0.085009
 -0.041149 -0.058213 -0.009198 -0.014462 0.091674 0.089454 -0.099030 -0.000675 -0.068514 -0.055156 0.074062 0.045634 0.032280 -0.007740 -0.006566 0.052764 -0.072213 0.003250 -0.056284 0.077632 -0.013007 0.073568 -0.055176 -0.037766 -0.048556 -0.020648 0.037702 -0.016262 -0.067994 -0.046704 0.088821 -0.046666
 0.091226 -0.080497 0.084779 0.044626 -0.002073 -0.042451 -0.028063 -0.016602 0.067259 0.076701 -0.050191 -0.044720 -0.041799 0.039974 0.034016 0.011296 -0.026250 -0.084493 0.005920 0.039945 0.039275 0.013798 0.082942 0.078032 0.001588 0.040207 -0.011131 0.037211 -0.099200 0.062454 0.070440 0.047037
 -0.072493 -0.035564 -0.061745 0.037555 0.033968 0.085068 0.088484 -0.044223 -0.058278 -0.024504 0.044609 0.010850 -0.001469 0.074203 0.007721 -0.046204 0.035222 0.026848 0.036683 0.062013 -0.059113 0.088666 -0.052851 0.046272 -0.033613 -0.066151 -0.072158 -0.072468 0.077718 -0.087283 0.095941 -0.063911
 0.054070 -0.036152 0.057058 -0.086821 -0.009719 0.041454 -0.041121 -0.069532 -0.031947 -0.098039 -0.027826 0.048805 -0.048124 -0.002780 -0.058750 0.000435 0.044137 0.083098 0.021518 -0.097580 -0.089926 -0.032058 0.061342 0.063450 -0.079139 -0.073202 -0.058036 -0.029243 0.058025 0.031874 0.018587 -0.035696
 -0.057450 -0.012291 0.087518 0.012725 -0.002578 -0.021253 0.069992 -0.039490 0.093834 -0.099251 0.001826 0.068565 -0.064474 -0.055885 -0.022522 0.015794 -0.008339 0.065944 -0.081697 0.065820 -0.067175 0.045986 0.020563 -0.074694 0.053295 -0.018280 -0.026703 -0.052754 0.095711 -0.030122 0.083718 -0.090599
 0.096168 0.061254 -0.092248 0.090596 -0.071993 -0.085623 0.085358 -0.030165 -0.084872 -0.042711 0.047652 0.072617 -0.073403 0.010106 -0.045023 0.091560 0.014414 -0.015166 0.022634 0.072469 -0.072822 -0.082262 -0.043356 0.054718 -0.040846 0.038741 -0.073783 0.093701 0.003087 -0.063125 0.054032 0.018687
 -0.008992 0.027656 0.066778 0.014254 0.062860 -0.056313 -0.076788 0.006941 0.084956 0.014662 -0.067466 -0.077575 0.021145 0.030943 -0.033138 -0.099830 0.048945 -0.076449 -0.090563 0.047146 -0.040842 0.074670 0.075216 -0.098230 -0.083701 -0.045382 -0.019314 0.083611 -0.088839 0.043123 -0.022761 -0.040072
 -0.000092 -0.004261 0.021813 -0.069048 -0.010046 0.096571 -0.022919 -0.088963 0.038326 0.028896 0.039385 -0.057787 0.012350 -0.090133 -0.015793 0.029023 -0.084002 -0.073884 0.022711 0.090280 -0.044082 0.046617 -0.032817 0.092771 0.075657 -0.047630 0.050338 0.045901 -0.062116 -0.032755 -0.070638 -0.001848
 0.028933 0.049469 0.065601 -0.093614 -0.013097 -0.048611 -0.026658 0.078539 -0.022725 -0.014544 0.096021 0.046581 -0.048582 -0.009180 -0.040597 0.061168 0.091138 -0.097400 0.061603 -0.091034 -0.079770 0.098065 0.008914 -0.017395 0.093737 -0.095147 -0.052171 -0.015356 -0.007576 -0.096110 0.000218 0.086855
 0.062256 0.011401 0.008095 -0.095000 0.027208 -0.080754 0.081370 0.095144 -0.001544 0.073909 -0.000670 -0.059843 -0.053018 0.047282 -0.059250 0.061036 -0.088282 0.078811 -0.010245 -0.091797 0.019948 -0.088168 0.057728 -0.050696 -0.066204 -0.053155 0.086535 0.039052 0.046707 -0.072475 0.055919 0.083628
 -0.093661 -0.010319 0.056886 -0.000869 0.079041 0.032443 -0.001425 0.004662 0.015438 0.003120 -0.010201 -0.004661 0.040088 -0.059585 0.042010 -0.057174 0.011869 0.078571 0.069398 -0.094877 0.039360 0.027459 -0.099659 0.035746 0.013342 0.005212 0.013406 0.023333 -0.088158 -0.006239 -0.046344 -0.020944
 0.010756 -0.048646 -0.069928 -0.066050 0.024521 0.084139 0.017886 0.085273 -0.088796 0.099429 -0.014792 -0.058929 0.070257 0.008980 -0.043881 -0.017511 0.039441 0.097761 -0.062360 -0.002116 0.017441 -0.009680 -0.059363 0.075262 -0.014403 -0.038045 0.050999 0.087199 0.044255 0.054089 -0.038752 0.099273
 -0.003889 0.068823 -0.091798 0.016546 0.080595 -0.064643 -0.040216 -0.086998 -0.005465 0.026795 0.009852 -0.082634 0.027508 0.064061 -0.005053 -0.088695 0.021561 -0.024988 -0.031624 -0.003188 -0.016974 -0.039468 -0.067510 0.074141 -0.045672 -0.055957 -0.007003 0.064913 -0.046303 -0.041067 0.054160 -0.090869
 0.095289 0.067156 -0.068698 0.094632 -0.097593 0.030015 0.072192 -0.033130 -0.068468 0.073935 -0.063382 0.046258 -0.047014 0.033412 -0.029211 -0.036157 -0.095202 -0.060757 -0.095046 -0.082588 -0.032947 -0.057468 -0.022367 0.057234 -0.020231 0.051967 -0.007922 0.050579 -0.030151 -0.024835 0.061762 -0.016921
 0.047060 0.083438 0.079643 -0.079020 0.097438 -0.084665 -0.007310 -0.019159 -0.025015 0.018543 -0.013412 -0.055401 0.073612 -0.046794 -0.013691 0.094235 0.004845 0.022426 0.003338 0.032484 0.029052 0.044078 -0.058847 -0.037308 0.093952 0.023917 -0.042505 -0.020054 0.022565 -0.059820 -0.079758 0.063318
 -0.004829 -0.037808 0.040641 -0.017669 0.048366 0.075467 0.059481 -0.037890 0.004662 -0.088790 -0.007574 0.046482 0.058551 0.034891 -0.034342 0.037452 0.052026 -0.031035 -0.014543 -0.057407 -0.009521 0.012758 -0.083502 -0.060412 0.091318 -0.096936 0.055463 0.023090 0.084523 -0.020434 -0.017207 -0.007329
 -0.046204 -0.022828 0.099780 -0.062592 -0.097101 -0.051787 -0.047756 -0.014774 0.060402 -0.007894 -0.007594 0.041042 -0.036274 0.011681 0.076253 -0.081461 -0.017454 0.091168 0.022045 -0.002314 -0.040825 0.047333 -0.012242 0.003153 0.055289 -0.027874 -0.024804 -0.062094 0.058963 -0.005809 -0.022414 0.054437
 0.015474 0.016513 0.031754 0.050730 0.096577 -0.036796 -0.034078 0.059362 0.047072 -0.095535 -0.069152 0.056573 0.094717 -0.064986 0.036975 0.096924 -0.095502 -0.015836 -0.025096 0.025943 -0.026140 -0.082803 0.085389 0.057864 -0.096760 -0.065013 -0.083186 0.039474 0.056684 0.049484 -0.060758 0.066748
 -0.033510 -0.094407 0.021129 -0.095744 0.023747 -0.003636 -0.000194 0.081200 -0.070536 -0.029345 -0.069974 0.063937 -0.018224 -0.004873 -0.036500 -0.017305 -0.037647 0.087667 0.030032 -0.052309 -0.028716 0.093479 -0.098153 -0.099918 0.082582 -0.070222 -0.092669 -0.051279 -0.072034 -0.042715 0.036454 0.047565
 0.088967 -0.073403 -0.091201 -0.086059 0.032514 0.010782 -0.057655 -0.013530 0.031438 0.074698 -0.016538 -0.085525 0.066012 -0.047776 0.032385 0.095131 -0.017598 0.005522 -0.021934 -0.056739 0.026079 -0.058858 0.014819 0.092749 -0.081633 -0.000661 -0.038819 0.027871 -0.001562 -0.015267 0.023277 0.068605
 0.039860 -0.069678 -0.071087 -0.004072 0.089260 0.037079 -0.003756 -0.004961 0.052640 -0.042228 -0.042421 -0.076487 -0.009747 0.090992 0.019788 0.000146 -0.096426 -0.031887 0.013711 0.017375 0.063211 -0.082376 -0.093744 0.004186 -0.085013 0.053712 0.041661 0.055689 0.098543 -0.085713 0.041489 0.097485
 -0.040359 0.030717 0.069897 0.006904 -0.052871 -0.099461 -0.089127 -0.011903 -0.085630 -0.081057 -0.018407 0.010212 0.086028 -0.055136 0.001898 0.011406 0.034227 -0.024452 -0.045135 -0.018721 0.006574 -0.010606 -0.059723 -0.020805 0.045998 -0.079775 -0.042629 0.023217 -0.064750 0.097839 0.070539 -0.007261
 0.016263 0.010552 -0.067400 0.012714 0.087454 -0.090291 -0.080476 -0.074433 -0.049178 -0.056985 0.004068 -0.000857 0.081217 0.020713 0.027039 0.004926 0.096955 -0.095458 -0.087129 -0.069414 -0.050667 0.065689 0.015108 0.049520 0.011977 0.022297 -0.041613 0.099278 -0.085147 -0.017074 -0.026561 0.011375
 -0.095881 -0.037641 0.093096 -0.089362 -0.009719 -0.089374 0.091085 -0.030675 -0.042835 0.038499 -0.048795 0.020202 0.062136 -0.009647 -0.045847 -0.053480 0.092778 -0.084016 0.089988 -0.059871 0.066362 0.065484 0.051276 -0.055054 0.001456 -0.035095 -0.063484 0.009574 0.033646 -0.053084 0.074209 -0.070838
 0.082496 -0.026212 -0.053222 -0.010004 -0.082326 0.027090 -0.049485 0.090986 -0.032493 -0.043114 -0.064172 -0.075330 -0.080061 0.048071 -0.066163 -0.085697 -0.038606 0.082830 -0.041969 -0.001940 0.076292 -0.073893 0.047118 0.044757 -0.021199 0.030854 0.013971 -0.040089 -0.078437 -0.036407 -0.034090 -0.013641
 -0.078951 -0.099952 0.020311 0.070744 0.014218 -0.065027 -0.015303 0.028190 0.012324 -0.017988 -0.019941 -0.009378 -0.073293 0.000209 0.079653 0.051351 -0.042183 -0.013006 0.077596 -0.077628 0.054951 0.060001 0.034193 0.026253 -0.024938 0.002669 -0.075965 0.016186 -0.076519 0.088375 0.070434 -0.071797
 -0.062372 -0.080238 0.043938 0.050817 -0.072260 0.093108 0.047058 0.019687 0.030735 0.085568 -0.031590 -0.080784 0.000909 0.099851 -0.078111 0.006497 -0.015468 0.089399 -0.052026 0.014467 -0.011730 0.080209 -0.034476 0.048461 0.030040 0.011127 0.027362 0.017342 -0.089391 0.033917 -0.082223 -0.002423
 -0.050787 0.077858 0.022384 -0.041201 0.024242 0.059293 0.031173 0.071661 0.003797 -0.079858 -0.078585 0.060650 0.019107 0.008499 -0.092919 -0.049202 -0.002150 -0.056866 0.071331 0.071785 -0.013142 0.008445 -0.016224 -0.025898 0.086468 0.039653 -0.079945 -0.036711 -0.029421 -0.093004 0.024556 0.006822
 0.021173 0.004168 -0.071743 -0.067578 0.066540 -0.027918 -0.095737 0.020633 0.006220 -0.001799 0.078388 -0.034771 -0.026094 0.099947 0.020514 -0.052427 0.042129 0.078380 -0.070950 -0.032025 -0.062486 -0.042393 0.077785 0.036328 -0.076527 -0.084301 0.061140 0.052414 -0.071813 -0.017677 -0.026844 -0.058902
 -0.078201 -0.021176 0.040578 -0.045297 -0.098329 0.059370 0.046108 -0.045054 -0.055982 0.090017 -0.026544 0.081675 -0.024998 -0.045450 0.046367 0.059412 -0.070768 -0.019712 -0.071406 0.015353 -0.002130 -0.075446 0.003924 -0.035125 0.036797 -0.098747 -0.042690 -0.083886 -0.033821 -0.054563 -0.028030 0.072469
 0.030325 0.002970 -0.092474 0.051039 -0.088553 0.065814 0.013563 -0.061784 0.054217 -0.009267 0.068823 -0.080688 0.059838 -0.098632 0.084433 0.098997 0.014575 0.022685 -0.018425 -0.014567 -0.010145 0.020253 0.002070 -0.053540 -0.099774 0.075438 -0.004987 -0.002683 -0.024627 -0.058194 -0.064334 0.068498
 0.037001 0.087472 0.046657 0.052678 0.068513 -0.019449 0.017875 -0.066142 -0.051580 0.030201 0.073990 -0.003381 0.069316 0.039891 0.091538 0.010142 -0.067039 -0.040418 0.006516 -0.011873 0.082462 0.025504 0.013214 -0.092857 -0.018818 0.078986 -0.042722 -0.011376 -0.094758 0.019716 -0.091323 -0.016651
 -0.074342 0.075921 -0.075695 -0.051199 -0.062072 -0.064628 -0.058810 -0.032384 0.012071 -0.051856 -0.018923 0.014906 0.068155 0.039608 0.073418 0.004558 -0.084832 -0.035749 0.049525 -0.048858 -0.007507 0.059580 -0.087381 0.038339 -0.046446 -0.072427 -0.074457 0.089490 -0.022583 -0.026552 0.010225 -0.062979
 -0.057618 0.058368 0.082389 -0.053045 -0.011210 0.043516 -0.000795 0.026938 0.013552 0.050957 0.002122 -0.063498 -0.067575 0.069394 0.012860 0.075013 0.088941 0.048321 0.027600 -0.097391 0.011325 -0.032989 0.046252 -0.017785 -0.068855 -0.074231 -0.081737 -0.038069 -0.026135 -0.057315 -0.050655 -0.004541
 -0.010071 -0.031478 0.066161 0.064066 -0.015344 -0.046086 0.042171 -0.045450 -0.038003 -0.018749 0.095901 -0.005987 0.087087 -0.058634 -0.077960 0.004467 -0.062278 -0.051620 -0.027436 -0.051969 -0.074822 0.088217 0.004197 0.017989 -0.032027 -0.000167 0.043217 -0.016675 -0.098461 -0.015495 0.001718 0.066520
 0.010723 0.074094 0.012697 -0.096772 -0.099390 -0.037619 -0.042114 0.039793 -0.003013 -0.085365 -0.025641 -0.027026 -0.073256 -0.043552 -0.093059 -0.004392 -0.005612 0.087383 -0.052712 0.026948 0.050762 -0.036998 0.038833 0.054985 -0.040860 0.013015 -0.009281 0.058995 -0.089962 0.081097 0.046755 -0.035374
 0.053529 0.029550 -0.027536 -0.066927 0.060896 -0.058926 -0.015661 -0.099941 -0.040037 -0.041295 0.012393 0.098286 0.098058 0.079215 -0.022154 0.006174 0.084994 -0.095314 0.033465 -0.070494 0.044247 -0.090244 -0.050517 0.082179 0.034728 -0.035630 -0.010779 -0.086079 0.003390 0.050850 0.040259 0.087831
 -0.089920 -0.000785 0.030110 -0.043919 0.008043 0.091170 -0.057384 0.008659 -0.091611 -0.024272 -0.094942 -0.063950 -0.039367 -0.011878 -0.071783 -0.088512 -0.071334 0.031758 -0.036168 0.065247 -0.098098 0.080530 0.025712 -0.071111 -0.064794 0.082722 -0.024523 -0.054839 0.055840 -0.070221 0.003975 -0.025568
 0.031480 -0.008684 0.055989 -0.010442 -0.056931 -0.041726 0.077531 0.004182 0.036860 -0.011517 -0.053906 0.049860 -0.064952 -0.099541 -0.083607 -0.043762 0.077499 -0.069296 -0.032344 -0.069390 0.037590 0.038938 0.085571 0.049549 -0.029926 0.012745 0.048360 -0.071453 0.012206 0.011309 0.026413 -0.041577
 -0.090056 -0.068282 -0.010719 0.033464 -0.019758 -0.043074 -0.066086 -0.096088 0.011521 -0.050887 0.005018 0.058466 0.013104 0.097117 0.027255 -0.058662 0.034242 -0.068246 0.012398 0.096549 0.037942 -0.075207 0.055591 -0.008512 -0.098755 0.049823 0.050292 -0.040840 0.068698 -0.081407 -0.075261 0.073369
 -0.084632 0.005548 0.048505 0.011426 -0.067398 -0.010738 -0.044539 0.006838 -0.010973 0.026639 -0.045604 0.032336 0.014567 0.085878 0.044293 -0.034810 0.069292 -0.076733 -0.095534 -0.087417 -0.032450 0.076108 0.075812 -0.039839 0.031229 -0.004279 -0.055048 0.067589 -0.056940 -0.064129 0.057126 0.034410
 -0.009103 -0.061924 0.060363 -0.027161 0.002029 0.016264 -0.063261 -0.095884 0.044422 0.051580 0.094581 0.066803 -0.029393 -0.054183 0.035496 -0.066846 0.032079 0.062080 0.053073 0.032209 -0.003555 -0.028909 0.096286 -0.025729 0.052475 -0.005502 -0.008734 -0.045669 -0.075833 -0.056130 -0.022073 -0.057594
 -0.014376 -0.070725 0.006533 -0.072994 -0.099385 -0.087917 0.031073 0.041127 0.076433 -0.038578 0.027686 -0.062603 -0.094394 0.067537 0.076106 0.071406 0.070088 -0.067006 -0.092710 0.086761 0.020427 -0.039408 -0.089646 0.084959 -0.058368 0.077792 -0.077279 0.032681 0.079664 -0.075856 0.056362 -0.075289
 0.016233 0.095644 -0.007737 -0.001872 -0.089464 -0.031910 -0.061478 -0.056503 -0.058722 0.079249 -0.051867 0.078903 0.041569 -0.093252 -0.096803 -0.025833 0.044808 -0.069435 0.019681 -0.044049 0.052786 0.026639 0.028615 0.005028 0.044212 0.071466 -0.049876 -0.009092 0.042866 -0.048754 0.015417 0.072351
 0.094369 0.055620 -0.006534 0.031065 0.053350 0.060626 0.081862 -0.097559 0.016163 -0.020289 0.018978 0.049062 0.030138 -0.044657 -0.019561 -0.093647 -0.034796 0.071268 -0.017228 -0.002790 -0.066716 0.054256 -0.070253 -0.003851 0.079218 -0.088754 0.077377 -0.093335 -0.092730 0.018210 0.013867 -0.040676
 -0.063416 -0.095710 -0.055258 0.007837 -0.071337 -0.024283 0.048982 0.081140 0.084415 -0.092353 0.021017 0.050967 -0.054866 0.050604 0.055633 -0.079352 0.046536 -0.050027 -0.071742 0.003905 0.032995 -0.067480 -0.036910 -0.048411 0.089420 -0.052421 -0.061832 -0.008507 -0.015311 0.097066 0.088081 -0.010464
]
Total memory size for keys: rot_key_cnt = 273, rot_key_size = 13740633816 bytes, total_key_size = 13820326128 bytes
Total memory size for weight plain: cnt = 0, size = 0 bytes
RTLib functions         	       Count	      Elapse
--------------------    	    --------	    --------
FINALIZE_CONTEXT        	           1	    0.204025 sec
PREPARE_CONTEXT         	           1	   62.960199 sec
ENCODE_ARRAY            	         315	    6.287073 sec
ENCODE_VALUE            	          66	    0.043482 sec
NTT                     	       43916	   24.562980 sec
INTT                    	        4162	    2.517828 sec
MAIN_GRAPH              	           1	   26.110117 sec
 HW_ADD                  	       22914	    0.874751 sec
 HW_MUL                  	         324	    0.048390 sec
 MULP_FAST               	        1218	    1.141882 sec
 HW_ROT                  	       11294	    0.338694 sec
 COPY_POLY               	           5	    0.000725 sec
 EXTEND                  	          55	    0.047509 sec
 PRECOMP                 	          50	    1.721549 sec
 MOD_DOWN                	         262	    4.539389 sec
 FAST_DOT_PROD           	         838	    2.595234 sec
 RESCALE_POLY            	          60	    0.422192 sec
 COPY_CIPH               	          69	    0.157206 sec
 INIT_CIPH_SM_SC         	        1066	    0.058435 sec
 INIT_CIPH_UP_SC         	         622	    0.157091 sec
 INIT_CIPH_DN_SC         	          28	    0.006309 sec
 BOOTSTRAP               	           1	   13.039439 sec
  BS_SETUP                	           1	    6.436145 sec
  BS_KEYGEN               	           1	   14.321998 sec
  BS_EVAL                 	           1	   13.039438 sec
   BS_COEFF_TO_SLOT        	           1	    4.914480 sec
   BS_APPROX_MOD           	           1	    5.342299 sec
    CHEBY_1                 	           2	    2.897809 sec
    CHEBY_2                 	           2	    1.671301 sec
   BS_APPROX_MOD           	   sub total	    4.569109 sec
   BS_SLOT_TO_COEFF        	           1	    2.461700 sec
   BS_PRECOMP              	          47	    3.060951 sec
   BS_MOD_DOWN             	          29	    1.405316 sec
   BS_DOT_PROD             	         135	    1.428692 sec
  BS_EVAL                 	   sub total	   18.613438 sec
  FAST_SWITCH_KEY         	         135	    1.428874 sec
 BOOTSTRAP               	   sub total	   35.226455 sec
 PT_GET                  	        1232	    0.807139 sec
MAIN_GRAPH              	   sub total	   25.955934 sec
Total (non-bs + bs)     	       Count	      Elapse
--------------------    	    --------	    --------
PRECOMP                 	          97	    4.782500 sec
MOD_DOWN                	         291	    5.944705 sec
DOT_PROD                	         135	    1.428692 sec
89.74s 16442296KB
Exit 0 - Check log: /app/ae_result/hpao/lenet_x2.all.log
LINK_EXEC RETV:0
LINK_EXEC CMD TIME:96.333266s
