FAST_DOT_PROD=1
/app/hpao_cmplr/bin/fhe_cmplr /app/model/resnet20_cifar10_x2.onnx -o /app/ae_tmp/resnet20_cifar10_x2.onnx.c -VEC:conv_fast -CKKS:N=65536 -VEC:ms=32768 -P2C:df=/app/ae_tmp/resnet20_cifar10_x2.onnx.weight -CKKS:sk_hw=192 -O2A:ts -FHE_SCHEME:ts -VEC:ts -SIHE:ts -FHE_SCHEME:ts -POLY:ts -P2C:ts -CKKS:ts:q0=60:sf=56 -POLY:ts -P2C:ts -P2C:fp -SIHE:relu_vr_def=10 -CKKS:resbm=1
FML[0x10000000] "input", TYP[0x12](record,"CIPHERTEXT")
: [scale=1,level=1]
FML[0x10000000] "input", TYP[0x12](record,"CIPHERTEXT")
: [scale=1,level=2]
FML[0x10000000] "input", TYP[0x12](record,"CIPHERTEXT")
: [scale=1,level=3]
FML[0x10000000] "input", TYP[0x12](record,"CIPHERTEXT")
: [scale=1,level=4]
FML[0x10000000] "input", TYP[0x12](record,"CIPHERTEXT")
: [scale=1,level=5]
FML[0x10000000] "input", TYP[0x12](record,"CIPHERTEXT")
: [scale=1,level=6]
FML[0x10000000] "input", TYP[0x12](record,"CIPHERTEXT")
: [scale=1,level=7]
FML[0x10000000] "input", TYP[0x12](record,"CIPHERTEXT")
: [scale=1,level=8]
FML[0x10000000] "input", TYP[0x12](record,"CIPHERTEXT")
: [scale=1,level=9]
FML[0x10000000] "input", TYP[0x12](record,"CIPHERTEXT")
: [scale=1,level=10]
FML[0x10000000] "input", TYP[0x12](record,"CIPHERTEXT")
: [scale=1,level=11]
FML[0x10000000] "input", TYP[0x12](record,"CIPHERTEXT")
: [scale=1,level=12]
FML[0x10000000] "input", TYP[0x12](record,"CIPHERTEXT")
: [scale=1,level=13]
FML[0x10000000] "input", TYP[0x12](record,"CIPHERTEXT")
: [scale=1,level=14]
FML[0x10000000] "input", TYP[0x12](record,"CIPHERTEXT")
: [scale=1,level=15]
FML[0x10000000] "input", TYP[0x12](record,"CIPHERTEXT")
: [scale=1,level=16]
FML[0x10000000] "input", TYP[0x12](record,"CIPHERTEXT")
: [scale=1,level=17]
FML[0x10000000] "input", TYP[0x12](record,"CIPHERTEXT")
: [scale=1,level=18]
FML[0x10000000] "input", TYP[0x12](record,"CIPHERTEXT")
: [scale=1,level=19]
FML[0x10000000] "input", TYP[0x12](record,"CIPHERTEXT")
: [scale=1,level=20]
FML[0x10000000] "input", TYP[0x12](record,"CIPHERTEXT")
: [scale=1,level=21]
FML[0x10000000] "input", TYP[0x12](record,"CIPHERTEXT")
: [scale=1,level=22]
FML[0x10000000] "input", TYP[0x12](record,"CIPHERTEXT")
: [scale=1,level=23]
FML[0x10000000] "input", TYP[0x12](record,"CIPHERTEXT")
: [scale=1,level=24]
FML[0x10000000] "input", TYP[0x12](record,"CIPHERTEXT")
: [scale=1,level=25]
FML[0x10000000] "input", TYP[0x12](record,"CIPHERTEXT")
: [scale=1,level=26]
FML[0x10000000] "input", TYP[0x12](record,"CIPHERTEXT")
: [scale=1,level=27]
FML[0x10000000] "input", TYP[0x12](record,"CIPHERTEXT")
: [scale=1,level=28]
FML[0x10000000] "input", TYP[0x12](record,"CIPHERTEXT")
: [scale=1,level=29]
FML[0x10000000] "input", TYP[0x12](record,"CIPHERTEXT")
: [scale=1,level=30]
FML[0x10000000] "input", TYP[0x12](record,"CIPHERTEXT")
: [scale=1,level=31]
RESBM consume 0.662348 sec.
[/app/hpao_cmplr/bin/fhe_cmplr][ONNX2AIR][--] : phase_time = 0.003025 / 0.003185(s)
[/app/hpao_cmplr/bin/fhe_cmplr][SCHEME_INFO_ANALYZE][--] : phase_time = 0.000035 / 0.003229(s)
[/app/hpao_cmplr/bin/fhe_cmplr][VECTOR][--] : phase_time = 0.236104 / 0.239337(s)
[/app/hpao_cmplr/bin/fhe_cmplr][SIHE][--] : phase_time = 0.099205 / 0.338554(s)
[/app/hpao_cmplr/bin/fhe_cmplr][CKKS][--] : phase_time = 0.775187 / 1.113753(s)
[/app/hpao_cmplr/bin/fhe_cmplr][POLY][--] : phase_time = 0.425523 / 1.539292(s)
[/app/hpao_cmplr/bin/fhe_cmplr][POLY2C][--] : phase_time = 0.126793 / 1.666097(s)
COMPILE RETV:0
COMPILE CMD TIME:1.858573s
/app/hpao_cmplr resnet20_cifar10_x2.onnx /app/test/resnet20_cifar10_x2.c resnet20_cifar10_x2.onnx.c
/app/ae_tmp/resnet20_cifar10_x2.onnx.c: In function 'Main_graph':
/app/ae_tmp/resnet20_cifar10_x2.onnx.c:212:6: note: variable tracking size limit exceeded with '-fvar-tracking-assignments', retrying without
  212 | bool Main_graph() {
      |      ^~~~~~~~~~
ckks_param: _provider = 0, _poly_degree = 65536, _sec_level = 0, mul_depth = 28, _first_mod_size = 60, _scaling_mod_size = 56, _num_q_parts = 3, _num_p = 10, _num_rot_idx = 197,_hamming_wieght = 192
input(tensor): [
 -0.007985 -0.004306 -0.001844 0.002009 0.001314 0.001140 -0.008852 -0.009104 0.003285 -0.001498 -0.009890 0.002801 0.003432 0.006300 0.001378 0.008329 0.009889 -0.003254 -0.002111 -0.008904 -0.009351 0.000562 0.001651 -0.008367 -0.004220 -0.007330 -0.006063 0.009262 0.007821 0.009482 -0.001050 -0.000093
 0.002304 -0.006017 -0.007684 -0.007828 -0.008306 -0.001914 0.005466 -0.000951 -0.005974 0.005932 -0.006665 0.009934 0.008700 0.003705 0.003012 0.002344 -0.009399 -0.007106 -0.005972 -0.008852 -0.004923 -0.006201 0.003572 0.007437 -0.003956 -0.000432 -0.001819 0.008155 0.008230 -0.009471 -0.008485 -0.008402
 0.006860 -0.004881 -0.005495 0.001785 -0.004001 0.004737 -0.008701 0.005371 0.004076 -0.003786 -0.008108 -0.002141 -0.002403 -0.007962 0.005195 -0.003756 0.006144 0.001870 -0.007906 0.007900 -0.003820 -0.009567 0.006585 -0.000398 0.001565 0.002242 0.003437 0.008780 0.001892 -0.003748 0.006142 0.007574
 0.000088 -0.004609 0.005883 0.004521 -0.008357 -0.000840 -0.000256 -0.005124 -0.003097 -0.008151 0.003386 -0.006859 0.003460 -0.006381 0.006498 -0.005989 -0.008954 0.004328 -0.004255 0.008657 -0.000353 -0.001505 0.004770 0.002869 -0.002462 0.006202 -0.009847 -0.008454 0.000825 -0.007826 0.003909 -0.005372
 0.007861 -0.009997 0.007652 0.009988 -0.000906 -0.000455 0.001176 0.004475 -0.007927 -0.000316 -0.002315 0.000762 -0.001348 0.002198 -0.004003 -0.007506 -0.006981 0.002935 0.009083 0.002666 -0.009798 0.007449 -0.004554 -0.002800 -0.005531 0.003474 0.008916 0.005526 0.004581 -0.000754 0.006387 -0.007936
 -0.003022 0.006795 -0.006565 -0.005952 -0.006243 -0.009179 0.009975 -0.006044 -0.001731 -0.001340 0.006810 0.003213 -0.003888 0.007811 -0.001216 -0.006203 -0.006961 -0.008235 -0.005017 0.009423 0.005668 -0.007330 0.009692 -0.003841 0.009291 0.005934 0.003573 -0.006964 0.005465 0.004899 0.008029 -0.003712
 0.001385 -0.003438 0.008558 0.003942 0.003850 -0.002470 -0.007595 0.002313 0.004437 -0.007072 0.000829 -0.001885 0.003969 -0.009877 0.003703 -0.008931 -0.003232 -0.004467 -0.008440 0.008836 -0.008995 -0.001515 0.009367 -0.006606 0.008633 0.005642 0.009062 0.005285 0.003233 0.000124 0.002141 -0.003036
 -0.006291 -0.001192 0.000689 -0.008112 0.002711 -0.008240 -0.000612 -0.009380 0.003400 -0.009097 -0.004583 -0.005781 -0.001521 -0.000360 -0.004209 0.006706 0.003692 -0.003930 0.006257 0.006426 0.009896 -0.002983 0.006667 0.008904 -0.000081 -0.008896 -0.009547 0.001139 -0.005738 -0.009488 -0.004750 -0.004001
 -0.000722 -0.004441 0.003688 -0.003876 -0.002865 -0.004065 0.009209 -0.009208 -0.001209 0.009807 -0.004833 -0.005200 0.005277 0.002310 0.008613 -0.000453 0.004513 -0.007988 0.004057 -0.002628 0.001733 0.001639 0.007379 0.008566 0.007266 0.006747 0.009153 -0.000373 -0.002279 0.009399 0.008519 -0.008957
 -0.004436 -0.004056 -0.007495 -0.008055 -0.001133 -0.005761 0.000145 -0.000483 -0.005787 -0.006332 -0.002549 -0.005648 -0.008536 -0.006128 0.003021 -0.004812 0.005479 -0.000437 0.005407 0.003831 0.006404 0.005920 0.000977 0.009577 0.002225 0.008372 -0.005372 -0.005945 -0.005981 -0.001824 0.006022 -0.004675
 -0.000434 -0.009773 -0.007121 0.003421 -0.004656 -0.002481 -0.003380 -0.003546 -0.005243 -0.007515 0.000265 -0.009239 -0.006054 -0.004911 -0.003917 0.006803 -0.001545 -0.005347 0.005630 0.002853 -0.008763 -0.003287 -0.004713 -0.007143 -0.009562 -0.006514 -0.008227 -0.003856 0.005428 -0.001236 0.008624 -0.002436
 0.008206 0.001860 0.005647 -0.000682 -0.005370 0.002736 0.007588 -0.000958 -0.002909 0.004590 -0.007563 -0.006835 -0.002654 -0.001884 -0.004225 -0.004995 -0.007530 -0.001182 0.002953 0.005392 -0.005441 0.009719 0.004305 0.004843 -0.007644 -0.004042 -0.000424 -0.009752 0.004866 -0.003937 -0.009094 -0.009841
 -0.000358 0.003226 -0.005008 -0.005986 -0.003216 0.009500 -0.001635 -0.000410 -0.009406 -0.008253 0.009174 0.006266 0.003488 0.008770 -0.007556 -0.005904 -0.003454 -0.002565 0.007224 0.000572 0.004709 -0.000475 -0.006828 -0.002808 0.008842 -0.006178 -0.006788 0.003835 0.005941 0.006547 -0.008850 0.002877
 -0.008225 -0.006775 -0.009669 -0.009021 -0.007086 0.007901 -0.008600 -0.006740 0.009254 -0.004033 -0.004251 -0.009012 -0.005130 0.003026 -0.009232 -0.004255 0.000030 0.001251 0.009476 -0.001599 0.002986 0.009916 -0.002842 -0.009394 0.007322 0.000603 -0.001910 0.008566 -0.007543 0.009936 0.003130 -0.002882
 0.007248 -0.007104 0.006072 0.003888 0.004863 0.000753 -0.006733 -0.005371 -0.008073 -0.005829 -0.007388 -0.008408 0.005856 0.008069 0.008671 -0.008257 0.002077 -0.001601 0.001662 -0.007824 0.008092 -0.004910 -0.003305 -0.005705 0.003364 0.007185 0.008747 -0.002986 -0.007404 -0.007172 0.000470 0.008732
 0.000892 -0.000250 -0.003091 -0.004685 0.002696 -0.008728 0.004231 0.009371 0.005890 -0.006068 -0.002924 0.008985 -0.003891 0.009622 0.004352 -0.005857 0.003389 0.002793 -0.001279 0.009445 0.000914 0.009656 0.009940 0.006031 -0.005720 0.000782 0.009059 0.001556 -0.001316 -0.008718 0.005741 0.009662
 -0.002489 -0.009228 0.001932 -0.001845 0.007215 -0.000454 -0.009413 0.002734 0.005894 -0.008898 -0.007446 -0.003746 -0.005632 -0.003652 0.004785 0.008575 0.002066 -0.003064 -0.001717 0.006286 -0.008016 -0.008598 -0.006549 0.000770 -0.004137 -0.007016 -0.005970 -0.007344 0.008076 0.008511 0.002242 -0.005637
 -0.003499 -0.000240 -0.007342 -0.000481 0.000014 0.002169 0.010000 -0.000703 -0.007724 0.000762 -0.009937 -0.005074 -0.003407 -0.003673 0.006560 -0.000454 -0.009293 -0.003325 -0.002631 0.003342 -0.009024 0.006805 0.001743 -0.006175 0.005264 -0.000754 0.006842 0.007013 0.008297 0.008368 0.003133 -0.003334
 -0.002145 -0.008196 -0.007612 0.009197 0.007566 -0.003702 0.007287 0.001087 0.001667 -0.006455 -0.001956 -0.007472 0.008847 0.007524 0.000214 -0.005615 -0.005867 -0.002416 -0.004359 -0.006436 0.009903 0.000496 0.008414 0.006395 -0.007742 0.005439 0.006699 -0.005220 -0.000707 -0.002280 0.007930 -0.004126
 -0.001030 0.005247 -0.007747 0.002881 0.008690 -0.007909 0.004434 -0.000657 -0.000885 -0.006638 -0.008473 -0.009043 -0.005082 0.005271 -0.007825 -0.005348 -0.005098 -0.004231 0.008017 -0.009679 -0.002779 -0.006014 0.005806 0.007785 -0.005154 -0.006399 0.000932 -0.000128 -0.005655 0.000581 0.009998 0.003377
 0.009752 0.008996 0.004632 0.007343 0.008880 -0.000356 0.008378 0.002577 -0.001370 -0.001856 0.008526 0.006354 0.008331 0.004406 0.004047 -0.000938 0.004113 0.004904 0.001783 -0.003783 -0.006843 0.003566 0.003907 -0.004765 0.006219 0.009937 0.002349 0.002643 0.008144 0.001325 -0.003836 0.003931
 0.005042 0.001317 -0.000904 0.007706 -0.005429 -0.009711 -0.009644 -0.002164 -0.005582 0.005259 -0.000275 -0.001096 -0.008868 0.000827 0.006899 -0.005120 -0.009619 -0.001959 0.003407 -0.002099 0.003445 -0.004306 -0.007829 -0.002979 -0.006824 -0.000981 0.009304 0.006022 -0.002022 -0.007408 0.007508 -0.009405
 -0.009251 -0.005585 -0.000272 0.005610 0.006922 -0.000158 -0.005848 -0.002309 0.009634 -0.006602 0.004209 -0.007832 -0.006238 0.004343 0.000898 -0.008603 0.006085 0.009958 0.005083 -0.009564 -0.008371 0.000352 0.007225 -0.005992 -0.000312 -0.005311 0.002462 0.005003 -0.006865 0.000270 -0.009991 -0.003187
 0.002854 0.008459 -0.008413 -0.007296 -0.002384 0.004722 0.000018 0.002309 0.000093 0.006437 0.006713 0.002884 -0.005713 0.006741 0.005683 -0.005813 0.005170 0.003589 -0.007282 -0.009048 0.000402 -0.005651 0.003550 -0.002018 -0.003568 0.004606 0.004988 -0.005762 -0.003492 0.005925 0.005422 -0.005703
 0.002780 -0.005811 -0.002085 -0.003707 -0.001592 -0.002564 0.003476 -0.003318 0.002336 -0.008105 -0.001034 0.003636 -0.003347 0.005651 -0.001803 -0.007752 0.008313 0.001438 0.009491 0.002947 -0.008554 0.006421 0.000453 -0.006980 0.007703 0.003961 -0.008073 0.005895 -0.009690 -0.008698 0.001595 -0.008614
 0.002514 -0.003584 -0.007011 0.003142 -0.007312 -0.008629 0.004279 0.000865 -0.000315 0.002113 0.003881 -0.005300 0.004551 0.002328 0.002369 -0.000805 0.000171 0.006738 -0.008868 -0.005937 0.009995 0.009140 -0.006604 0.008083 0.009803 0.009926 -0.003811 0.008237 0.005923 0.001141 -0.008902 -0.005300
 0.002999 0.009485 0.002608 0.008982 -0.004273 -0.000538 0.008664 0.005085 -0.008861 -0.008509 -0.000288 0.004685 0.007345 -0.000274 -0.007272 -0.001919 0.000498 0.005634 -0.004941 -0.004177 0.007722 0.005623 0.007157 -0.003114 0.008055 0.009345 0.004752 -0.000415 -0.001712 0.006912 -0.003201 0.000358
 -0.007492 -0.001762 0.007237 -0.001233 0.001554 -0.005755 -0.001913 -0.002276 0.000169 -0.008603 0.007593 -0.005332 -0.009562 -0.004475 0.008939 0.006306 -0.006793 0.008898 0.007814 -0.005411 -0.005356 0.004443 -0.001328 -0.002468 -0.009498 -0.008461 -0.002000 -0.009407 -0.009706 0.008183 0.005756 0.000997
 0.006799 0.005123 0.001477 0.005738 0.004212 -0.000574 -0.003703 -0.002625 0.006066 0.005746 -0.004838 -0.004742 0.007249 0.006673 -0.006298 -0.007637 0.007015 -0.009271 -0.006728 -0.000943 0.001652 0.000710 -0.009671 -0.001278 0.008809 -0.004623 0.005364 0.004352 0.005547 -0.008588 -0.001646 0.001907
 0.005134 0.002753 0.006736 0.008824 0.002542 -0.002609 -0.000577 0.004008 0.001280 -0.004254 -0.004086 0.000564 0.008168 -0.000274 -0.000518 -0.003620 -0.008617 0.009123 0.001591 -0.008570 0.002715 0.000719 -0.002080 -0.006166 0.007440 -0.009647 -0.004515 -0.000368 0.007160 0.002634 0.001665 -0.007602
 -0.008156 -0.000632 0.000328 0.003731 0.007333 0.002418 -0.001990 -0.007568 0.007463 0.003168 0.002726 0.005624 0.007604 0.002015 -0.008858 0.009329 0.001772 -0.005308 -0.005031 0.008994 0.008831 0.003967 0.007935 -0.007742 -0.009528 -0.006361 0.009201 -0.008313 -0.004687 -0.005786 0.009074 -0.001252
 -0.007005 0.007316 -0.000135 -0.009068 -0.002106 0.002205 -0.007473 -0.003094 -0.005951 0.003906 -0.004306 0.004285 -0.004267 0.006224 -0.005994 0.008001 0.006872 0.005464 0.001761 -0.004488 0.003481 0.007603 0.000224 0.000267 -0.003572 0.005739 0.001479 0.005526 -0.006760 -0.002367 0.001815 -0.009841
 -0.009448 0.006808 -0.004841 -0.000336 0.009812 -0.000758 0.000315 -0.000558 -0.009982 0.000998 0.009288 0.006567 -0.008024 0.006126 -0.001595 0.004407 -0.001148 0.007569 -0.006223 0.004802 -0.006860 0.007761 0.001096 -0.001168 -0.001523 0.006598 0.004325 -0.005134 0.002131 0.008361 0.005309 0.000067
 -0.002956 -0.009876 -0.004485 0.007485 0.000667 0.000843 -0.009463 0.008595 -0.008162 -0.001561 -0.007094 0.004686 -0.004671 0.000408 0.007170 0.009092 0.008524 0.005378 -0.003949 -0.004924 0.007567 0.001166 0.004553 0.009211 0.004859 0.006832 0.008303 0.002656 0.004737 -0.002671 -0.006491 0.009484
 0.009531 -0.000849 -0.008239 0.004136 -0.007226 0.007162 -0.009085 0.001855 0.000152 0.004488 0.004060 0.006462 0.004448 0.006189 -0.005140 0.002302 -0.004898 -0.004087 -0.001459 -0.002905 -0.007718 0.006834 0.001940 0.006207 0.004219 -0.009876 -0.004955 0.001642 -0.004156 -0.003181 0.004343 -0.005346
 -0.003566 0.002163 0.006820 0.001652 -0.005994 0.009363 0.003493 0.004340 0.001933 0.007458 0.009123 0.006456 0.005399 0.000336 0.005227 0.008999 -0.009562 -0.009202 0.008486 0.001533 0.002358 -0.004814 0.004967 -0.002468 -0.006408 -0.008525 0.009476 -0.002739 0.008010 0.001378 -0.004153 0.004782
 0.004123 -0.004884 0.005989 -0.008931 0.005696 0.007927 0.003520 0.003570 -0.008234 -0.003380 0.005804 0.003914 0.002624 0.002773 -0.008798 0.009279 -0.006412 0.003355 -0.001837 -0.003061 -0.001075 0.000858 0.008871 -0.006990 0.008946 0.001576 0.004526 0.008006 -0.009196 -0.008626 0.004923 0.004880
 0.001529 0.009012 0.000555 0.001841 -0.007644 -0.007937 -0.008596 0.008301 0.009662 0.000862 0.009768 -0.006219 0.003740 0.001283 -0.008679 0.001888 -0.000486 0.009984 0.008228 -0.001967 -0.006841 0.000150 0.004898 0.009958 0.004797 -0.001147 -0.006673 0.003020 -0.000542 -0.008260 -0.007019 0.007470
 -0.003125 -0.008172 0.002577 0.006552 -0.005376 -0.006947 0.000372 0.002014 0.005105 0.003072 0.002536 0.001550 -0.004503 -0.004639 0.009722 -0.008550 -0.000184 -0.001595 -0.007287 0.007620 -0.005178 -0.004920 0.002021 -0.008697 -0.009073 0.008755 0.004251 0.006854 0.001774 -0.009006 0.003930 0.003350
 -0.004055 -0.009851 0.002787 0.003451 -0.003390 0.007944 -0.002297 -0.003185 0.000648 0.009194 0.003133 -0.001705 -0.006183 0.004939 -0.001437 -0.008032 0.005849 -0.002336 0.000495 -0.006551 -0.006816 -0.009171 0.002104 0.004749 0.007748 -0.001921 -0.007681 0.002296 0.004177 -0.007135 -0.006447 -0.009983
 -0.009142 -0.004676 0.007800 0.005338 -0.008252 -0.002129 -0.005221 0.003889 0.005313 0.001287 -0.002300 -0.000536 0.001865 -0.008141 -0.009113 0.007966 0.000052 -0.006422 0.007205 -0.003333 0.001391 0.007175 0.002400 -0.007995 -0.000209 0.001932 0.005912 -0.000253 0.002019 -0.008019 -0.004998 -0.000669
 0.003107 -0.003716 -0.009926 -0.007549 -0.005599 0.002482 -0.001740 -0.000215 -0.005597 -0.007222 -0.002215 0.001156 0.004488 -0.007538 0.001454 0.003571 -0.008303 0.006059 -0.000594 -0.002046 -0.002714 -0.002369 0.003472 0.008175 -0.000326 0.001033 -0.007717 -0.008532 0.003205 -0.002891 0.009159 0.000293
 -0.009427 0.004410 0.006113 -0.008584 -0.000556 0.001535 -0.000492 -0.009299 -0.008998 -0.007893 -0.007188 0.009720 -0.009798 0.001703 -0.006559 -0.001451 0.005309 0.009241 0.004913 0.004703 -0.009077 0.008768 -0.001165 0.001775 0.000074 -0.007368 -0.003880 -0.002073 0.005853 -0.003862 -0.003042 -0.000945
 0.007031 -0.007994 -0.006974 0.003444 -0.002324 0.001286 0.005652 -0.005344 0.004557 -0.007741 0.000481 -0.008974 0.003382 0.001550 0.003845 -0.003040 -0.001337 -0.006453 -0.009786 -0.009971 -0.002000 -0.007777 0.003775 0.006198 -0.006722 0.007157 -0.006794 0.007022 -0.008113 -0.003152 0.007548 -0.003278
 0.005238 0.005623 0.005698 -0.000543 0.006550 0.003746 -0.006374 0.002439 0.009690 0.006298 -0.009687 0.003856 0.009681 0.003858 0.008653 -0.008418 0.009932 -0.008448 0.009242 -0.006763 0.008809 0.008763 0.009410 0.008885 0.008736 -0.007032 0.002840 -0.001920 0.003141 0.007447 0.009006 -0.009018
 -0.004701 0.007219 -0.000004 0.001020 -0.006671 0.009105 0.004741 0.008595 0.007747 -0.006562 -0.000434 0.007743 0.009012 -0.004523 0.003562 0.005728 0.004259 -0.007871 0.004221 0.000247 0.004885 0.006937 0.000579 -0.003633 0.008167 -0.003499 -0.004757 0.002033 -0.005611 0.000600 -0.000260 0.003076
 -0.000870 0.004540 0.009293 0.000483 0.009768 -0.003365 -0.008022 0.000962 0.002164 -0.003739 -0.008593 0.006754 -0.002552 0.007642 0.001620 0.009353 0.005630 0.004379 -0.000025 -0.000878 0.004513 -0.006811 -0.007061 0.001648 0.006430 -0.003839 -0.000192 -0.007782 0.009356 -0.008466 -0.009465 0.005262
 0.002547 -0.009811 -0.002423 -0.005724 -0.006270 -0.005354 0.008059 -0.007694 0.006753 -0.003890 0.009102 0.006803 -0.005094 0.002359 -0.007826 0.002246 -0.006392 -0.006883 -0.009071 -0.003943 -0.002916 0.006820 -0.003564 0.008753 0.000146 -0.004893 -0.007240 -0.005262 -0.001261 -0.004061 0.004689 0.004578
 0.007634 0.001641 0.001048 0.008442 0.000198 -0.001195 0.009806 0.007116 -0.000664 -0.008455 -0.004178 -0.004770 0.005342 -0.005955 0.002416 0.007995 0.004796 0.005435 -0.001270 -0.006143 -0.007441 -0.000720 -0.004971 0.001162 -0.008645 0.007722 0.000555 -0.009645 -0.009718 0.001955 0.009141 0.003564
 -0.001695 -0.001153 -0.009211 0.005174 0.002366 -0.005194 -0.004897 -0.009508 -0.001010 -0.007408 -0.007069 0.005570 0.009727 0.006894 -0.004082 0.008527 -0.000630 0.006450 0.002905 0.007118 0.005342 -0.003064 0.007647 0.001888 -0.003168 -0.008009 -0.006506 -0.008888 -0.003445 0.004752 -0.005709 -0.003413
 0.006944 -0.001541 -0.008182 -0.000969 0.005518 0.009761 0.004218 0.001493 -0.008525 -0.004568 -0.005727 -0.003363 -0.006598 0.008989 0.005554 -0.005367 -0.004157 0.002968 -0.007830 -0.002767 -0.005316 -0.002157 -0.002556 0.005001 -0.006578 0.001882 -0.004795 0.001151 0.005908 0.000886 0.007522 -0.003441
 -0.007449 0.003882 0.006611 0.000489 0.001445 0.004805 0.007764 -0.004852 -0.007840 -0.004716 -0.008564 0.005103 0.009977 0.007020 0.006177 0.003189 -0.006481 -0.005711 -0.004653 -0.008301 -0.006443 0.002171 0.007970 -0.004883 0.001979 0.000370 -0.001540 0.007010 0.007805 0.009459 -0.004741 0.001028
 0.009582 -0.005433 0.008165 0.001467 0.009776 0.005954 0.000549 0.008273 0.008955 -0.000152 0.007513 -0.003821 -0.008747 0.000172 0.002702 0.001456 0.009239 -0.002913 -0.005255 -0.005939 0.007773 0.005081 0.002790 0.000119 0.001132 0.007144 -0.007462 -0.009864 -0.007668 -0.006879 -0.006087 0.004655
 0.000754 0.002913 0.007759 -0.008349 0.003130 -0.006623 0.004526 0.005678 0.003657 0.006152 -0.000841 0.003080 -0.006999 0.002961 0.008151 0.008665 -0.000617 -0.005901 0.004240 0.004872 -0.000518 0.009438 0.008325 -0.007624 -0.009147 -0.001867 -0.007633 -0.009773 -0.001757 0.001322 0.005426 0.009429
 0.008080 0.007947 -0.004499 -0.007521 0.003394 -0.002667 -0.004762 -0.002150 -0.001387 -0.006576 -0.001193 0.000724 0.006119 0.000039 0.007810 0.000067 0.008690 0.009466 0.004615 0.000418 -0.003526 -0.007570 0.006943 -0.007917 0.000300 -0.000673 0.008350 -0.008395 -0.007078 0.009581 0.005445 -0.002276
 -0.005491 0.008039 -0.008380 0.009212 0.006591 0.005894 -0.008743 0.004426 0.005165 0.004251 -0.001432 -0.009925 -0.001852 -0.006863 0.009177 -0.005296 -0.007297 -0.004926 0.000432 -0.002375 -0.001864 0.008579 0.007733 0.002056 0.007636 0.008088 -0.000730 -0.005913 0.000860 -0.007681 0.008006 -0.005481
 0.002084 0.009002 0.009784 -0.003924 -0.007685 -0.009030 0.002411 0.006695 0.005692 0.001011 -0.009129 0.005381 -0.003132 -0.007191 0.006134 0.009549 0.009685 -0.000686 0.007118 -0.005792 -0.006449 0.000337 -0.001085 -0.002705 0.005692 0.001004 -0.009245 -0.009674 -0.009992 0.008652 0.006777 0.005499
 0.001679 -0.009333 -0.005301 -0.004291 -0.000272 0.000965 -0.005501 0.009537 0.008532 -0.007803 -0.006367 0.003156 0.005073 -0.005398 0.006909 -0.001647 0.003285 -0.004423 0.004769 -0.001601 0.007729 0.004178 -0.002280 0.004117 0.008342 0.004324 -0.003711 0.000060 0.008305 0.003823 -0.000701 0.001443
 0.008913 0.008170 0.004516 0.007229 -0.006583 0.008942 -0.005734 -0.001856 -0.006345 -0.006271 0.007230 -0.009968 -0.004315 0.008324 0.006827 -0.009326 -0.000454 0.008489 -0.001919 0.007232 -0.003936 -0.002279 -0.005330 -0.008191 0.006536 0.005033 0.007601 -0.006713 -0.000457 -0.005563 -0.004501 -0.000444
 -0.005538 -0.008445 0.003526 -0.007557 0.000408 0.001613 -0.006890 0.008746 -0.009740 -0.008425 -0.008374 0.000506 -0.001190 -0.007387 -0.004440 0.000312 -0.004641 0.003742 -0.009717 0.000707 -0.001017 0.006962 -0.001970 -0.001497 0.005447 -0.001989 0.006509 -0.007226 -0.009203 -0.007087 -0.009991 -0.002882
 0.001802 0.008910 -0.006229 0.005141 -0.004879 -0.004999 -0.001344 -0.001421 -0.009241 0.009195 0.001600 -0.003864 -0.007222 -0.007075 0.006609 -0.002362 -0.001823 -0.000205 -0.000947 0.003195 -0.007075 0.002419 -0.009226 0.008193 -0.002192 -0.001444 -0.006581 0.006593 -0.002184 0.001701 -0.000199 -0.001398
 0.000681 -0.006041 0.004884 0.004072 0.000927 -0.009143 -0.000907 0.004726 -0.005062 0.006678 -0.009133 -0.009325 0.005345 -0.004972 -0.009308 -0.003974 0.001069 -0.004597 0.003277 -0.005165 -0.002666 -0.005300 0.002748 0.002619 0.006084 -0.008324 0.002547 -0.006553 -0.008418 -0.003680 0.008593 0.009387
 -0.000233 -0.000188 -0.003786 0.005611 -0.003200 -0.004519 -0.001214 0.007726 -0.005832 -0.001845 0.004907 -0.003892 0.000832 0.003259 0.004026 0.007289 0.005982 -0.009730 -0.001291 0.009463 -0.005269 0.007216 0.005464 0.007037 -0.007326 0.008174 0.002232 -0.005769 -0.009719 -0.007059 0.004724 0.008480
 -0.000362 -0.002776 -0.008825 0.003244 0.005965 -0.001497 -0.006829 0.009409 0.007501 0.002408 -0.009611 -0.003443 -0.007759 0.006653 -0.007143 -0.003553 -0.008707 0.008158 -0.009021 0.008799 -0.004778 0.009145 -0.006129 -0.001295 -0.005715 0.001190 -0.005134 -0.008803 -0.000077 -0.003795 -0.005362 0.004244
 0.002849 -0.008712 0.007250 0.004113 0.001542 0.005299 0.002747 0.009707 0.005537 0.002869 -0.000618 -0.006685 -0.006319 -0.001877 -0.002320 0.004822 -0.007621 0.004619 0.002587 -0.004336 0.005392 0.006955 0.002387 0.007575 -0.009612 -0.003149 0.003394 0.004628 -0.000483 -0.000291 -0.004967 0.000506
 -0.009391 -0.002567 0.003056 0.008112 0.005548 0.009090 0.004080 -0.004050 -0.001537 -0.005656 0.001316 0.008694 0.003414 0.009172 0.005313 -0.002611 -0.008538 -0.006955 0.008091 -0.004351 0.005824 0.000381 0.001633 -0.009368 0.000171 -0.006029 -0.000827 -0.008044 -0.000135 0.006536 -0.006320 0.004455
 0.004049 -0.009015 -0.007930 -0.002988 -0.004811 0.009273 -0.003379 0.005406 0.008775 0.003805 -0.008624 0.003925 -0.002157 0.004639 0.001431 -0.002608 -0.008208 0.005108 0.001617 -0.008265 -0.004440 -0.000870 0.001697 -0.004677 -0.007337 -0.004503 0.003133 0.005404 0.006964 0.007774 -0.003504 -0.009446
 -0.007081 0.001028 -0.001635 -0.001030 -0.002273 -0.005590 0.005898 0.005366 0.005676 0.005861 -0.008823 0.005009 -0.004163 -0.006818 -0.006038 -0.009835 0.004868 0.007977 0.005834 -0.003738 -0.003028 0.005461 -0.003520 -0.008320 0.000770 -0.007175 0.009381 -0.004524 -0.006449 -0.006651 -0.006824 0.006154
 0.003367 0.005808 -0.008174 0.005746 -0.006753 -0.001714 -0.008731 0.007426 -0.008716 -0.007616 0.005274 0.006763 -0.002492 0.007223 0.009625 0.008847 -0.007611 -0.008032 0.004572 0.005556 0.006662 0.000964 -0.006970 0.007301 0.002652 -0.004682 0.003601 -0.000834 -0.001470 0.002269 0.007017 0.003635
 -0.003463 -0.004700 0.003556 -0.005157 -0.000434 -0.002470 -0.001530 -0.004366 -0.000116 -0.008141 0.002632 0.001943 -0.001439 -0.006595 0.000275 -0.003257 0.000550 0.006694 -0.004455 -0.000031 -0.000034 0.003857 0.007040 -0.005397 -0.009796 0.007967 -0.002382 -0.002817 0.001755 -0.003540 -0.001215 0.000590
 0.005182 0.006184 -0.004855 0.009355 0.000363 0.007553 0.007579 -0.009550 0.009159 0.007812 -0.004665 -0.006012 -0.003094 -0.007095 -0.004461 0.003283 -0.009840 0.003063 0.002677 0.008379 0.008594 0.000690 -0.002013 0.005582 0.004050 -0.002845 0.004136 -0.008749 0.001025 0.003684 0.003687 -0.002423
 -0.008585 0.001011 -0.000819 0.001556 0.007761 0.006461 -0.003733 -0.002250 -0.008436 0.000375 0.003843 0.004121 0.006307 0.005974 0.006534 -0.006681 0.004511 -0.007439 0.005479 0.005097 -0.003482 -0.007544 -0.006776 0.007537 0.003999 0.004175 0.003800 0.004050 -0.006807 0.003164 -0.008569 0.002440
 0.004944 -0.005000 -0.004268 -0.005861 -0.004683 -0.005318 -0.005410 0.003279 0.005705 -0.005212 -0.007051 -0.003732 0.009034 -0.009940 -0.007026 -0.005088 0.006956 0.004009 -0.000628 -0.007388 0.006930 0.007164 0.000066 -0.006925 0.008756 -0.009065 0.004569 -0.008769 -0.000533 -0.004887 0.007655 -0.003760
 0.003895 -0.009057 0.007140 0.002694 -0.001528 0.002525 -0.009996 0.005822 0.002185 0.009849 -0.008940 0.009736 -0.004566 -0.006454 -0.007549 -0.005520 0.006926 0.009914 0.000239 -0.005235 0.002369 -0.009690 0.002031 -0.009468 0.000806 -0.009603 0.005628 -0.009092 0.005454 0.000835 0.006850 -0.009812
 -0.000024 -0.003274 -0.009657 0.005219 -0.001077 0.006877 0.002071 0.003942 0.008215 0.008816 -0.005264 0.008252 0.006063 0.009563 -0.008348 -0.005478 0.007994 -0.007283 0.009932 -0.009545 -0.001665 0.003801 -0.006015 0.000303 -0.009770 -0.008111 0.008933 0.008113 0.004770 0.009882 0.000997 -0.000014
 -0.002394 0.004341 0.006594 -0.009447 0.006750 0.006179 -0.000444 0.004525 0.003679 -0.006194 -0.006029 -0.006587 0.006580 -0.003177 0.007423 0.001735 0.000718 -0.001531 -0.009738 0.007485 -0.003811 -0.003015 0.009871 -0.002585 0.000201 -0.005923 0.009758 0.000359 0.002165 0.007681 0.006543 0.003030
 -0.000951 -0.009041 0.005930 -0.000960 0.005396 -0.009302 -0.003482 -0.005795 0.007349 0.000575 0.001270 0.001073 0.000412 0.005465 -0.006151 -0.004459 0.006741 0.001023 0.007838 0.003894 0.009745 0.005539 0.007107 0.005690 0.008034 -0.001860 -0.002805 -0.006771 -0.006419 0.009606 0.005102 -0.009432
 0.009805 0.009106 -0.003662 -0.003291 0.003781 -0.005774 0.001765 0.007060 0.009175 -0.007892 0.002002 0.008356 0.007512 -0.003972 0.000482 -0.002425 0.000348 -0.000708 0.002104 -0.000601 0.003718 0.006793 -0.000422 0.009535 -0.003191 0.009585 -0.006268 0.004455 0.008479 -0.005445 0.002749 0.004851
 -0.009591 0.009246 0.000504 -0.003032 0.000849 -0.005401 0.007286 -0.003138 0.007193 0.003478 -0.007637 -0.002533 -0.006512 0.008451 -0.004628 0.003098 0.007036 0.003339 0.009244 0.004754 -0.005806 0.004160 0.008855 -0.006187 0.008361 0.001640 0.009240 -0.008225 -0.003779 -0.000544 0.000365 0.007155
 -0.000578 -0.008454 0.006116 0.007642 -0.000560 -0.006560 0.008462 0.003758 0.006611 0.009861 -0.009871 0.005511 0.006128 -0.006694 -0.009336 -0.004834 -0.002006 -0.000204 -0.001475 -0.001513 -0.007357 -0.006745 -0.007705 -0.002361 -0.000029 0.000673 -0.003421 0.008278 -0.005158 -0.009981 -0.006546 -0.009955
 -0.003650 0.003708 0.007135 0.003214 -0.005191 -0.009468 0.009952 0.002131 0.002139 0.000359 -0.009433 0.008091 -0.003895 -0.006906 -0.007128 0.007572 -0.002246 0.007923 0.008496 -0.004160 -0.001014 -0.000234 -0.004833 0.008191 0.000024 0.002464 -0.002936 -0.004715 0.003039 0.003980 0.002640 -0.005857
 -0.000292 0.006943 0.005469 -0.000297 0.002043 -0.009261 -0.006009 0.006235 0.003550 0.001225 0.008890 -0.007309 0.002445 0.002208 0.006271 0.008244 -0.009278 -0.007770 0.003736 -0.000136 0.001400 -0.008137 -0.001010 -0.001205 -0.005741 0.001088 0.006306 0.006824 0.009987 0.004140 0.009107 0.008306
 0.006523 0.000825 -0.006904 -0.007095 0.003210 -0.005517 -0.009074 0.002081 -0.003035 0.005987 -0.001191 0.001996 -0.009441 -0.001014 -0.001024 0.001955 0.007641 0.002714 -0.002422 0.004774 0.004124 -0.008831 -0.006679 -0.004235 -0.002605 0.002029 0.005969 0.009399 0.007603 -0.000180 0.006640 -0.009018
 -0.004891 0.000402 0.003213 -0.007602 0.001427 0.002067 -0.000893 0.005442 -0.007128 -0.006933 0.002189 0.005960 -0.004859 0.002894 0.000604 -0.000525 0.009568 0.004421 -0.003320 -0.007817 0.007275 -0.000774 0.002854 -0.004253 -0.001850 0.001872 -0.000595 -0.001249 -0.005002 0.005221 -0.002265 -0.009138
 -0.008220 0.008032 0.000993 0.004859 -0.000384 0.008650 0.006194 -0.007845 0.007933 -0.002860 -0.005566 0.002655 -0.002327 -0.004468 -0.006651 -0.003642 0.002575 0.005226 -0.005129 -0.006508 0.007410 0.000760 0.001905 -0.003966 -0.002943 -0.005990 -0.006729 -0.001192 0.008916 0.004204 -0.007054 -0.001162
 0.004391 0.009699 -0.000749 -0.009744 -0.007678 0.009153 -0.005924 -0.006464 -0.000536 0.006803 -0.003398 -0.000345 0.004723 0.001762 -0.006607 0.003532 -0.004114 0.000736 0.009839 0.009184 -0.009439 -0.004146 0.007412 0.002964 0.003794 -0.006655 -0.002533 -0.005923 0.001340 0.009917 -0.008426 0.007785
 -0.002293 0.004817 -0.002469 -0.006229 0.009402 -0.008553 -0.006694 0.002475 -0.008553 0.002092 -0.001337 -0.009601 0.006758 -0.000607 0.007042 0.002738 -0.005298 0.001169 -0.001362 -0.005155 -0.002312 -0.003471 -0.006151 0.006237 0.003310 -0.000032 0.000706 0.007015 -0.008964 -0.001187 -0.007818 -0.004106
 0.002741 0.000445 0.008671 -0.004831 -0.003044 -0.008302 -0.008718 0.005114 -0.009581 -0.005468 -0.002463 -0.004407 -0.008466 0.001703 0.008582 0.009480 -0.008391 0.008454 0.004150 0.001859 -0.009076 0.003786 0.006198 -0.002429 0.008355 -0.006729 0.005488 0.009324 0.009941 -0.007004 0.004354 -0.008870
 -0.005357 0.002709 -0.001641 -0.006695 -0.005190 -0.008269 0.006855 0.006108 -0.002866 -0.004357 -0.002914 -0.003686 0.000915 -0.007701 0.008005 -0.003698 -0.006988 -0.001133 -0.008119 0.008831 -0.004746 -0.002753 0.001912 0.002071 0.005320 -0.005547 -0.006609 0.002097 0.007861 0.005187 0.003302 -0.002533
 -0.002832 -0.006232 0.008287 0.001423 -0.005325 0.003048 0.004617 -0.004769 -0.005360 -0.002381 0.009134 -0.005932 0.003727 -0.006713 -0.009408 -0.006741 0.006565 0.004191 0.009580 0.009930 -0.005774 0.007963 -0.004343 0.003636 0.005729 0.006205 -0.000401 0.006563 -0.001150 0.001790 0.004306 0.005214
 -0.005949 0.006017 0.002537 0.004075 -0.006052 0.008614 0.004024 -0.001504 0.001921 -0.001222 0.002165 0.009581 -0.001557 -0.004681 0.000571 0.002105 0.006416 -0.006956 -0.002774 -0.002157 -0.000842 0.003003 -0.009600 -0.001450 -0.003597 -0.007598 -0.000085 0.000558 -0.008252 -0.000823 0.007191 0.006524
 0.000024 -0.002123 0.007383 0.003010 0.003843 0.003988 -0.002579 -0.006659 0.006156 -0.004338 -0.005448 0.002572 -0.009342 0.003676 0.004971 -0.000714 -0.008353 0.007560 0.004203 0.005388 -0.008432 0.001416 0.000852 0.001117 -0.006817 0.003218 0.007212 0.001594 -0.000399 -0.002438 -0.008031 -0.007872
 -0.002801 -0.005664 0.008346 -0.001794 0.006543 0.002684 0.002880 -0.004145 0.009094 -0.005415 -0.006693 -0.000249 -0.001945 0.003443 -0.003036 -0.007769 -0.005687 -0.008514 0.005391 -0.009744 -0.003498 0.007603 0.000157 0.006904 -0.005970 -0.003661 0.001498 -0.007261 -0.003396 0.002118 0.004323 -0.003558
 -0.000741 0.005662 0.006867 0.008086 0.002264 -0.005460 -0.007700 -0.008611 -0.001144 0.008409 0.001405 -0.001936 0.002079 0.007772 -0.001160 0.008582 0.005164 -0.000553 0.008866 0.000267 0.000242 0.005408 -0.004774 0.008825 0.004616 0.001668 0.001973 -0.006542 0.005034 0.001824 -0.004547 -0.000583
 -0.004294 -0.009820 -0.003390 0.000808 -0.005432 -0.002674 0.001659 -0.003776 -0.002403 -0.008768 0.002637 0.000817 0.001417 0.003636 -0.005026 0.004381 0.009901 0.007830 -0.009940 -0.004190 0.001868 0.008034 0.007731 -0.004416 0.006235 0.004769 -0.002788 -0.005504 -0.007593 -0.006582 -0.008144 -0.002382
 -0.006681 0.008181 -0.003909 0.004889 -0.009806 -0.005176 0.003940 0.002733 0.002343 0.008704 0.009116 -0.004215 -0.004437 -0.008548 -0.000327 -0.008287 -0.007357 -0.008766 -0.000391 0.000142 -0.006141 -0.004339 -0.007598 0.007687 0.008690 0.001494 -0.008145 -0.002809 -0.009148 0.006634 -0.008064 -0.003301
]
Total memory size for keys: rot_key_cnt = 227, rot_key_size = 27849208072 bytes, total_key_size = 28043195168 bytes
Total memory size for weight plain: cnt = 6063, size = 19507095864 bytes
RTLib functions         	       Count	      Elapse
--------------------    	    --------	    --------
FINALIZE_CONTEXT        	           1	    0.023942 sec
PREPARE_CONTEXT         	           1	  137.785810 sec
ENCODE_ARRAY            	        6442	   88.050644 sec
ENCODE_VALUE            	         397	    0.657963 sec
NTT                     	      141096	  168.342302 sec
INTT                    	       42129	   53.956745 sec
MAIN_GRAPH              	           1	  432.624657 sec
 HW_ADD                  	       89938	    6.225833 sec
 HW_MUL                  	       74808	   22.199915 sec
 HW_ROT                  	       14020	    1.141833 sec
 COPY_POLY               	          22	    0.013513 sec
 PRECOMP                 	        1188	   46.686502 sec
 MOD_DOWN                	        2376	   71.655083 sec
 FAST_DOT_PROD           	        2376	   14.296728 sec
 RESCALE_POLY            	         213	    2.318852 sec
 COPY_CIPH               	         250	    0.389627 sec
 INIT_CIPH_SM_SC         	        7920	    0.437897 sec
 INIT_CIPH_UP_SC         	        6061	    1.603250 sec
 INIT_CIPH_DN_SC         	          97	    0.041416 sec
 BOOTSTRAP               	           6	  197.385812 sec
  BS_SETUP                	           1	   20.565810 sec
  BS_KEYGEN               	           1	   15.265129 sec
  BS_EVAL                 	           6	  197.385806 sec
   BS_COEFF_TO_SLOT        	           6	   76.117425 sec
   BS_APPROX_MOD           	           6	   76.167416 sec
    CHEBY_1                 	          12	   40.574637 sec
    CHEBY_2                 	          12	   23.858435 sec
   BS_APPROX_MOD           	   sub total	   64.433072 sec
   BS_SLOT_TO_COEFF        	           6	   40.720212 sec
   BS_PRECOMP              	         306	   45.680570 sec
   BS_MOD_DOWN             	         174	   20.680603 sec
   BS_DOT_PROD             	         846	   19.427382 sec
  BS_EVAL                 	   sub total	  278.793608 sec
  FAST_SWITCH_KEY         	         846	   19.429084 sec
 BOOTSTRAP               	   sub total	  252.645829 sec
 PT_ENCODE               	        6064	   67.981572 sec
MAIN_GRAPH              	   sub total	  432.377831 sec
Total (non-bs + bs)     	       Count	      Elapse
--------------------    	    --------	    --------
PRECOMP                 	        1494	   92.367072 sec
MOD_DOWN                	        2550	   92.335687 sec
DOT_PROD                	         846	   19.427382 sec
571.80s 35556056KB
Exit 0 - Check log: /app/ae_result/hpao/resnet20_cifar10_x2.lmr.log
LINK_EXEC RETV:0
LINK_EXEC CMD TIME:592.531478s
