FAST_DOT_PROD=0
/app/hpao_cmplr/bin/fhe_cmplr /app/model/resnet32_cifar10_x2.onnx -o /app/ae_tmp/resnet32_cifar10_x2.onnx.c -POLY:mdh -VEC:conv_fast -CKKS:N=65536 -VEC:ms=32768 -P2C:df=/app/ae_tmp/resnet32_cifar10_x2.onnx.weight -CKKS:sk_hw=192 -O2A:ts -FHE_SCHEME:ts -VEC:ts -SIHE:ts -FHE_SCHEME:ts -POLY:ts -P2C:ts -CKKS:ts:q0=60:sf=56 -POLY:ts -P2C:ts -P2C:fp -SIHE:relu_vr_def=10 -CKKS:resbm=1
FML[0x10000000] "input", TYP[0x12](record,"CIPHERTEXT")
: [scale=1,level=1]
FML[0x10000000] "input", TYP[0x12](record,"CIPHERTEXT")
: [scale=1,level=2]
FML[0x10000000] "input", TYP[0x12](record,"CIPHERTEXT")
: [scale=1,level=3]
FML[0x10000000] "input", TYP[0x12](record,"CIPHERTEXT")
: [scale=1,level=4]
FML[0x10000000] "input", TYP[0x12](record,"CIPHERTEXT")
: [scale=1,level=5]
FML[0x10000000] "input", TYP[0x12](record,"CIPHERTEXT")
: [scale=1,level=6]
FML[0x10000000] "input", TYP[0x12](record,"CIPHERTEXT")
: [scale=1,level=7]
FML[0x10000000] "input", TYP[0x12](record,"CIPHERTEXT")
: [scale=1,level=8]
FML[0x10000000] "input", TYP[0x12](record,"CIPHERTEXT")
: [scale=1,level=9]
FML[0x10000000] "input", TYP[0x12](record,"CIPHERTEXT")
: [scale=1,level=10]
FML[0x10000000] "input", TYP[0x12](record,"CIPHERTEXT")
: [scale=1,level=11]
FML[0x10000000] "input", TYP[0x12](record,"CIPHERTEXT")
: [scale=1,level=12]
FML[0x10000000] "input", TYP[0x12](record,"CIPHERTEXT")
: [scale=1,level=13]
FML[0x10000000] "input", TYP[0x12](record,"CIPHERTEXT")
: [scale=1,level=14]
FML[0x10000000] "input", TYP[0x12](record,"CIPHERTEXT")
: [scale=1,level=15]
FML[0x10000000] "input", TYP[0x12](record,"CIPHERTEXT")
: [scale=1,level=16]
FML[0x10000000] "input", TYP[0x12](record,"CIPHERTEXT")
: [scale=1,level=17]
FML[0x10000000] "input", TYP[0x12](record,"CIPHERTEXT")
: [scale=1,level=18]
FML[0x10000000] "input", TYP[0x12](record,"CIPHERTEXT")
: [scale=1,level=19]
FML[0x10000000] "input", TYP[0x12](record,"CIPHERTEXT")
: [scale=1,level=20]
FML[0x10000000] "input", TYP[0x12](record,"CIPHERTEXT")
: [scale=1,level=21]
FML[0x10000000] "input", TYP[0x12](record,"CIPHERTEXT")
: [scale=1,level=22]
FML[0x10000000] "input", TYP[0x12](record,"CIPHERTEXT")
: [scale=1,level=23]
FML[0x10000000] "input", TYP[0x12](record,"CIPHERTEXT")
: [scale=1,level=24]
FML[0x10000000] "input", TYP[0x12](record,"CIPHERTEXT")
: [scale=1,level=25]
FML[0x10000000] "input", TYP[0x12](record,"CIPHERTEXT")
: [scale=1,level=26]
FML[0x10000000] "input", TYP[0x12](record,"CIPHERTEXT")
: [scale=1,level=27]
FML[0x10000000] "input", TYP[0x12](record,"CIPHERTEXT")
: [scale=1,level=28]
FML[0x10000000] "input", TYP[0x12](record,"CIPHERTEXT")
: [scale=1,level=29]
FML[0x10000000] "input", TYP[0x12](record,"CIPHERTEXT")
: [scale=1,level=30]
FML[0x10000000] "input", TYP[0x12](record,"CIPHERTEXT")
: [scale=1,level=31]
RESBM consume 1.02534 sec.
[/app/hpao_cmplr/bin/fhe_cmplr][ONNX2AIR][--] : phase_time = 0.004488 / 0.004624(s)
[/app/hpao_cmplr/bin/fhe_cmplr][SCHEME_INFO_ANALYZE][--] : phase_time = 0.000048 / 0.004681(s)
[/app/hpao_cmplr/bin/fhe_cmplr][VECTOR][--] : phase_time = 0.318171 / 0.322856(s)
[/app/hpao_cmplr/bin/fhe_cmplr][SIHE][--] : phase_time = 0.145005 / 0.467873(s)
[/app/hpao_cmplr/bin/fhe_cmplr][CKKS][--] : phase_time = 1.192261 / 1.660143(s)
[/app/hpao_cmplr/bin/fhe_cmplr][POLY][--] : phase_time = 0.789155 / 2.449311(s)
[/app/hpao_cmplr/bin/fhe_cmplr][POLY2C][--] : phase_time = 0.194675 / 2.643995(s)
COMPILE RETV:0
COMPILE CMD TIME:2.947458s
/app/hpao_cmplr resnet32_cifar10_x2.onnx /app/test/resnet32_cifar10_x2.c resnet32_cifar10_x2.onnx.c
/app/ae_tmp/resnet32_cifar10_x2.onnx.c: In function 'Main_graph':
/app/ae_tmp/resnet32_cifar10_x2.onnx.c:311:6: note: variable tracking size limit exceeded with '-fvar-tracking-assignments', retrying without
  311 | bool Main_graph() {
      |      ^~~~~~~~~~
ckks_param: _provider = 0, _poly_degree = 65536, _sec_level = 0, mul_depth = 28, _first_mod_size = 60, _scaling_mod_size = 56, _num_q_parts = 3, _num_p = 10, _num_rot_idx = 197,_hamming_wieght = 192
input(tensor): [
 0.004361 0.005292 -0.008764 -0.003744 0.003571 0.005442 0.007678 -0.005690 0.001151 -0.006650 -0.003962 0.003176 0.000213 -0.008962 -0.001191 -0.003224 -0.009870 -0.008767 -0.003878 0.008403 0.000041 -0.009056 0.008078 -0.002120 -0.007079 0.008593 0.004609 0.004059 -0.005687 0.000970 0.006032 -0.007496
 0.002254 -0.007486 0.004772 -0.006612 0.009988 0.007384 -0.002185 -0.004734 0.001190 -0.003781 0.007380 -0.002417 0.005242 -0.009317 -0.001786 -0.001030 0.000204 -0.005770 -0.005533 0.005900 -0.005512 -0.006865 0.009036 0.007919 -0.004713 0.004902 -0.001469 0.008414 0.007381 -0.000231 -0.007715 -0.006012
 -0.002810 0.009504 0.008065 0.000717 -0.002602 -0.000250 0.008974 -0.006068 0.009339 -0.006247 0.004314 -0.001737 0.005265 0.005905 -0.008567 0.004737 0.002000 -0.009030 -0.000865 -0.001167 -0.007749 0.005157 0.001115 0.003744 -0.001082 -0.003176 -0.009068 0.002871 0.009731 0.007475 0.003594 0.002002
 -0.003012 -0.000558 -0.004456 -0.005236 -0.005328 -0.002671 0.002303 0.003610 -0.002246 0.006722 0.002810 0.006526 -0.009392 0.004984 -0.000876 0.004660 -0.000853 0.002465 0.006995 0.002787 -0.003312 -0.000250 0.009324 0.008428 -0.008850 -0.007313 0.001351 -0.002281 -0.005991 -0.001249 0.003731 0.008965
 -0.002225 0.002702 0.009380 -0.009266 -0.003580 0.003078 -0.009983 -0.001445 -0.002452 -0.009515 0.000362 0.002035 0.001793 0.002798 0.005473 0.007925 -0.007449 0.001452 0.003854 0.005010 -0.006204 0.006650 -0.000642 -0.001024 -0.004677 -0.007926 0.003236 0.009809 0.001555 -0.002977 -0.007990 0.005561
 0.008050 -0.007683 -0.007589 -0.005687 -0.009197 0.006676 0.004606 -0.009080 -0.004623 0.004232 -0.002069 0.002609 -0.003900 0.000097 -0.006108 -0.000903 0.008322 -0.009409 0.007297 -0.006757 -0.004319 -0.001486 -0.006700 -0.009201 0.006997 -0.007811 -0.006452 0.003864 0.006037 -0.006143 -0.007250 0.008279
 -0.001857 -0.004433 -0.003464 -0.001095 0.002896 -0.005585 0.001147 -0.004406 0.001216 -0.005207 -0.009405 0.000964 -0.001216 -0.003212 -0.004047 0.006702 0.005746 -0.008563 -0.008613 -0.002560 0.005240 0.004003 0.004269 -0.009850 -0.009978 -0.002481 0.006566 -0.000043 0.006351 -0.001766 -0.004718 -0.007436
 0.008408 0.001727 0.006760 0.001286 0.007873 0.002685 -0.002664 -0.004192 -0.003078 -0.008905 0.002179 -0.002237 0.008890 0.007387 0.007517 0.006908 -0.005597 0.000451 0.000523 -0.008897 -0.001720 -0.002130 0.002162 -0.007943 -0.009273 0.009400 0.000544 -0.000722 0.005212 0.004673 0.003517 0.008585
 -0.008167 -0.009786 0.004885 -0.008755 0.005181 -0.008777 -0.000997 -0.005757 0.001196 0.005793 0.009975 0.009581 0.009485 -0.006076 -0.004321 -0.001030 0.000924 0.004021 -0.000329 -0.004237 -0.003332 -0.008676 0.001830 -0.004631 0.009607 -0.002920 -0.002697 0.002189 -0.003197 0.007643 0.008659 0.005284
 0.009364 0.000215 0.001486 -0.005195 -0.002856 -0.008614 0.001944 0.005884 0.000141 -0.006520 0.004656 0.004000 0.009236 -0.008880 -0.008266 -0.003774 0.002590 -0.005645 0.004377 0.008597 -0.007841 -0.006785 0.008896 0.008941 0.009505 0.005716 0.007576 -0.006734 0.005814 0.004400 -0.009226 0.000375
 0.002098 0.005411 0.003245 0.001736 0.002305 -0.008275 -0.008944 -0.003313 0.008691 -0.004122 -0.006481 -0.000973 -0.006749 0.004073 -0.001633 0.000139 -0.009204 0.008248 0.005077 0.004820 -0.003613 0.009754 0.008827 0.008550 -0.005021 -0.006258 0.002686 -0.009167 0.004181 -0.000792 0.005570 -0.006208
 0.005715 -0.003636 -0.007531 0.004923 0.001535 0.001247 -0.006038 0.003474 -0.000862 -0.000081 -0.008412 0.000509 -0.007783 0.006561 -0.007237 0.006322 0.002118 -0.002390 -0.008665 -0.000938 -0.008409 -0.009290 -0.002521 0.000452 -0.004917 0.002914 0.000057 0.009679 -0.000128 0.003742 0.007144 0.004226
 0.005850 0.001397 -0.007308 0.003932 -0.005998 0.008579 -0.006142 -0.006965 0.009352 0.007496 0.006534 -0.007977 -0.005519 -0.008016 0.002242 0.000803 0.008885 0.002835 0.007496 -0.003891 0.007056 0.005517 0.004123 0.004798 0.005652 -0.000164 0.003342 0.002231 0.008029 -0.002440 0.005863 0.005724
 0.002253 0.001709 -0.006941 0.007652 -0.009698 0.000441 0.005254 0.002907 -0.003473 0.005697 0.004073 0.008339 -0.001873 0.007962 0.000190 0.008610 -0.005711 0.007249 0.007706 -0.001145 0.001425 0.001444 0.001587 -0.003680 -0.005012 -0.003782 0.004476 -0.004379 0.009538 0.008566 -0.006451 0.001743
 -0.001351 0.006855 -0.001485 0.002130 -0.001958 -0.008555 -0.000721 -0.008167 0.009293 0.002778 -0.003927 -0.003999 0.007113 0.005542 -0.004468 -0.004348 -0.007847 0.009645 -0.008424 -0.008579 -0.000317 -0.004578 -0.007932 -0.001483 0.000412 -0.005381 -0.009967 -0.005662 0.003838 0.009049 0.003544 0.003541
 0.005289 -0.009873 -0.000982 -0.002289 -0.004212 -0.004154 -0.004055 0.006949 0.000392 0.001021 0.002978 0.008972 -0.007432 -0.002444 0.003753 -0.001860 -0.005627 -0.009656 0.005925 -0.002725 0.006057 -0.003539 0.002612 -0.007386 -0.007924 -0.002924 0.002018 0.003172 0.000176 -0.008596 -0.005685 0.002370
 0.005197 -0.007633 0.008362 0.007869 -0.005967 -0.008468 0.009967 0.001613 0.000805 -0.001292 0.002769 0.007690 0.004450 -0.000225 0.002830 0.007783 0.000436 0.009280 0.006114 -0.000898 0.007924 0.007843 -0.009591 0.003296 0.008792 -0.009223 -0.005594 -0.002711 0.006023 -0.009481 -0.007922 0.007313
 0.009341 0.005925 0.002153 0.006285 0.005112 -0.000523 0.003165 -0.002676 0.001859 0.006908 -0.005856 0.007509 -0.006654 0.007980 0.000587 -0.004561 0.001488 -0.003307 -0.002215 0.002412 0.000302 -0.001799 0.003899 0.009259 -0.001386 0.009029 0.008626 0.007480 -0.004015 0.006305 0.009111 0.004333
 -0.005269 0.002163 0.006833 -0.003579 0.006821 -0.001400 -0.008137 0.005452 -0.007832 0.004846 -0.004591 -0.003323 0.000577 0.003858 -0.002695 -0.009221 -0.002570 -0.005826 0.006090 -0.004950 0.009068 0.006531 0.007065 -0.005780 -0.005938 0.004162 -0.003334 -0.008300 -0.007737 -0.009703 0.002375 0.008073
 -0.005631 -0.008023 -0.003086 -0.004804 -0.003798 0.006774 0.009794 0.005504 -0.002647 0.007615 -0.002752 0.000703 -0.002465 0.004695 0.008684 -0.005957 -0.006502 -0.001624 0.007513 0.001543 0.004671 -0.000675 -0.009339 -0.004822 -0.002976 0.000397 -0.005430 0.003717 -0.002028 0.001668 -0.007480 0.007487
 -0.004597 -0.003165 -0.002894 -0.001251 -0.008344 -0.001127 0.000130 0.004235 0.001750 0.006526 0.000124 -0.008197 -0.002524 0.001697 -0.002448 -0.004975 -0.003069 -0.007174 0.001431 0.008208 0.006507 -0.001424 -0.003177 -0.005357 -0.002306 0.003016 0.001544 0.005694 0.002011 -0.005469 -0.001025 -0.003049
 -0.004812 -0.007883 0.001680 -0.005826 0.001322 0.002818 -0.001432 0.006144 -0.002350 -0.008918 -0.009499 0.008122 0.006431 -0.007550 -0.004415 0.009930 0.009982 0.001141 0.005501 0.005256 -0.009352 0.001924 0.004815 -0.000279 0.004726 0.008293 0.004843 -0.005920 0.002604 -0.005600 -0.005655 0.007596
 -0.001501 0.000006 0.007407 0.004209 0.007842 0.004297 0.004843 -0.009445 0.004120 -0.000159 0.007283 -0.000527 0.002992 0.002156 0.008218 0.002318 -0.003628 -0.006271 -0.004825 -0.007206 -0.002933 0.004279 0.003377 -0.003707 -0.008658 -0.008737 0.007120 0.003545 0.001793 0.000196 0.006990 0.009045
 0.006809 0.000824 0.009245 0.009337 0.000734 0.001622 -0.003646 0.002381 -0.008138 -0.005706 0.003604 -0.006267 -0.000634 0.004996 -0.001807 -0.006719 0.003885 0.000007 0.002710 0.004829 -0.004012 0.006010 -0.004226 0.004647 0.009985 -0.007019 0.008374 -0.004720 -0.007164 -0.009442 -0.008558 0.007271
 0.006682 -0.006595 0.007412 0.001733 0.009168 0.004541 -0.005815 -0.003319 0.002975 -0.003084 0.002905 0.004402 0.001222 -0.006189 -0.002583 0.004103 0.002086 -0.007396 0.002453 -0.003330 -0.009369 -0.003512 0.006577 0.002184 -0.001220 -0.007085 0.006241 -0.005938 0.007146 0.006031 -0.006439 -0.007823
 -0.000357 -0.006122 -0.002092 0.008754 0.000871 0.008839 0.001634 0.009023 -0.001455 0.006671 0.003428 -0.008108 0.000190 -0.000456 -0.006498 -0.003869 -0.008237 0.001145 -0.006290 -0.007234 0.004005 -0.008787 0.004510 0.003397 0.000364 -0.008701 -0.005576 0.002033 -0.005697 0.009100 -0.008952 0.005948
 -0.001741 -0.004162 0.005954 -0.007785 0.003570 0.003317 -0.009152 -0.003375 0.008310 0.004345 -0.006958 0.006347 0.004540 -0.003481 -0.002129 -0.006489 0.003719 0.007556 -0.007934 0.006363 -0.008333 0.006818 -0.008025 -0.005672 -0.002032 0.009499 -0.003530 -0.000048 0.004928 0.009250 0.003554 -0.004248
 0.008647 0.005877 0.005727 -0.001126 -0.007239 -0.009360 -0.007328 -0.000095 0.007181 -0.008232 0.009844 -0.000097 -0.007882 -0.006868 -0.009743 -0.001464 -0.003259 -0.006704 0.007757 0.006435 0.000976 -0.007375 0.005050 0.004085 0.006157 -0.007880 0.000204 0.000382 0.005792 0.002585 0.004304 0.000344
 -0.008474 -0.004829 -0.008807 -0.003121 0.009411 -0.004857 -0.006290 0.005507 0.003750 0.009455 0.009897 -0.009176 0.005270 0.002170 0.002777 -0.007308 0.004090 -0.002283 0.006884 -0.006560 0.003698 0.001384 -0.006552 -0.009686 -0.009602 -0.006582 -0.009930 0.000347 0.007180 0.002200 -0.006892 0.003929
 0.005300 -0.004265 0.006099 -0.006763 -0.001532 -0.003163 -0.006705 0.001532 0.004808 0.001206 -0.007768 -0.000746 -0.009036 -0.003518 0.003852 0.007376 0.002161 0.000282 0.003385 -0.007630 -0.008238 0.001986 0.005238 0.001937 0.006367 -0.000816 -0.007331 0.005060 -0.000650 -0.008137 0.005655 -0.009226
 0.007466 0.001970 0.006032 -0.006381 0.003438 0.009965 0.002069 -0.000230 -0.001908 -0.006214 -0.007875 -0.006337 0.003541 -0.007920 -0.000909 0.003514 -0.001099 -0.000634 0.004183 0.006913 0.003679 0.007765 0.005878 0.000701 -0.004940 -0.001488 -0.004835 0.009096 -0.006181 -0.008076 -0.005118 -0.004935
 0.002748 -0.001812 -0.008103 -0.007571 -0.000842 -0.000750 -0.009626 -0.002807 0.003405 -0.001346 0.004513 0.004962 0.009940 -0.008238 -0.005710 -0.009152 -0.005150 -0.001390 -0.009653 -0.009138 -0.002033 0.002406 -0.003862 -0.004046 0.009189 -0.004217 -0.005283 -0.005130 0.001375 0.006450 0.004255 0.002206
 -0.005323 -0.007502 0.000750 -0.001268 -0.000816 -0.004843 -0.005324 0.000055 -0.007410 0.002500 0.004378 0.008550 0.005296 0.002231 0.007448 -0.003526 -0.009947 -0.008079 0.003502 0.006969 0.007822 -0.009726 0.009318 -0.003591 -0.006067 0.000090 -0.006812 0.009722 0.000789 -0.008411 -0.007313 -0.001316
 0.005908 -0.002647 -0.001967 -0.007607 0.008480 0.006387 0.007869 0.005480 -0.002478 -0.006213 -0.000797 0.002269 -0.000408 0.003041 0.004895 0.009075 -0.006689 0.003772 -0.002327 -0.006575 0.004329 0.003809 0.005596 0.004467 0.002617 0.006689 0.009259 0.005489 -0.002539 0.001487 0.009929 -0.007004
 0.009523 0.005887 0.002626 -0.001890 0.002632 -0.007806 -0.001838 0.004533 -0.008584 -0.003576 0.003906 0.003767 0.008969 0.008451 -0.004933 0.009016 0.006124 -0.003026 -0.001276 0.008683 -0.005741 0.006760 -0.002970 -0.006967 0.000242 -0.003822 -0.007413 0.002001 0.009929 0.002485 0.005162 0.008966
 0.005014 0.007073 -0.008113 -0.009897 -0.006477 -0.007096 0.005303 -0.006379 -0.000889 0.004380 -0.002974 -0.000260 0.003393 -0.001187 0.006751 0.005542 -0.001160 0.005784 0.000957 0.004605 -0.007911 0.002179 0.008481 -0.004696 0.004167 -0.005334 0.006087 -0.003627 0.008521 0.000159 -0.005954 -0.008920
 -0.001485 -0.006154 0.003060 -0.005727 0.007002 -0.007147 -0.001938 0.000110 -0.006640 0.000473 -0.001918 -0.008033 -0.005552 0.004433 0.002420 -0.005886 0.007242 -0.001075 -0.001277 -0.007578 0.006686 -0.009920 0.006680 -0.003168 -0.008150 -0.009344 -0.004406 -0.006607 -0.003548 0.007470 0.007899 0.001923
 -0.007084 0.006569 -0.002310 0.003508 0.001707 0.002937 -0.002981 0.006697 -0.005048 0.001134 0.001734 0.000017 0.000201 0.003006 0.004837 -0.009473 0.006325 -0.002512 0.003729 0.001516 0.005033 0.009906 0.009034 -0.000862 -0.009502 -0.008752 0.006012 -0.001849 -0.000882 0.008352 0.002415 0.004706
 -0.009070 0.000914 -0.001838 0.003799 0.008966 0.009800 0.008536 -0.005989 -0.008282 -0.001732 0.001424 0.007047 -0.005989 -0.003166 -0.000747 -0.000370 0.006006 0.007179 0.005669 -0.000700 -0.005939 0.002739 0.002593 0.009159 0.004101 -0.006931 0.005372 -0.008410 0.008289 -0.003742 -0.006846 0.001251
 -0.008084 -0.008174 0.000354 0.002538 0.006699 -0.009356 0.007851 -0.000017 0.003965 0.009481 -0.001646 -0.006681 -0.005590 0.004771 0.008106 0.008386 -0.008843 -0.001982 0.000279 -0.003984 -0.001505 0.005423 0.002178 -0.003493 -0.003282 -0.002591 0.007033 -0.008894 -0.001764 -0.000939 -0.006164 0.003516
 0.001580 -0.008071 -0.001960 -0.006212 0.004484 -0.000154 -0.004722 0.001802 0.005513 -0.001305 0.002628 0.005072 0.005113 -0.002349 0.002075 -0.008152 0.009028 0.007285 0.008974 -0.006873 0.009909 0.006537 -0.002548 -0.007179 -0.006520 -0.006092 -0.005486 0.001237 -0.007707 0.002487 0.007686 0.006825
 -0.006997 0.008773 0.008817 0.005264 -0.000901 0.006144 -0.002656 0.005404 -0.005909 -0.009387 -0.008630 -0.003654 0.008335 0.008762 -0.006272 -0.009328 0.004213 0.001316 0.000920 0.003677 -0.009274 0.007584 0.006782 0.009481 -0.002959 -0.001423 0.009731 -0.000804 0.003999 0.009457 -0.008852 0.008552
 -0.005689 -0.006990 0.005617 -0.000142 0.004566 0.003854 -0.005620 0.003583 0.002121 0.001807 0.000491 0.002324 -0.000416 0.007289 -0.003782 -0.001841 0.007348 -0.005668 -0.004156 -0.006702 0.001886 -0.000599 -0.005950 0.000293 0.004417 0.001128 0.007004 0.005706 0.007211 -0.002570 -0.008242 0.008240
 -0.006026 0.002800 0.002967 -0.000738 0.008743 -0.005689 0.007589 0.001906 0.001572 0.002361 0.004873 -0.001259 -0.006321 -0.007624 0.002459 -0.003877 -0.009578 -0.006555 0.004157 -0.003101 0.004906 -0.003461 0.003049 0.006168 0.003845 0.005980 0.002784 0.008559 -0.005882 0.003558 0.003584 0.009977
 -0.002184 -0.004936 0.006316 0.005603 -0.004497 -0.001025 -0.000604 -0.007128 -0.007801 -0.008394 -0.000831 -0.003722 -0.006023 -0.006405 -0.004159 -0.003306 0.005785 -0.008965 -0.009455 0.009781 0.001380 -0.002652 -0.009370 0.000752 0.005806 0.001376 -0.002302 -0.005055 0.003516 -0.000563 0.007076 0.003280
 -0.004828 0.009066 -0.004064 0.008201 -0.008060 -0.003311 0.008395 0.007240 0.004294 0.009722 -0.009788 -0.001295 0.000124 -0.000006 -0.000550 -0.007903 0.005992 -0.001874 0.008023 -0.005156 0.003302 0.009432 -0.007326 0.000848 0.006952 0.003478 -0.005739 0.002356 0.005619 0.001310 0.000859 0.003643
 -0.002368 0.002955 0.005536 -0.009645 0.001391 -0.003425 -0.009779 -0.009739 0.005257 -0.009455 0.006040 0.001691 0.006854 -0.004699 0.004367 -0.000385 -0.002608 0.008620 -0.003170 -0.007029 -0.009036 0.003851 -0.004311 0.006819 -0.001427 0.004201 -0.007470 -0.007254 0.009861 0.002003 0.009732 0.000578
 0.004764 -0.000736 0.005098 -0.000509 -0.000786 0.003062 0.001425 0.004226 -0.000408 -0.005462 0.003537 0.006988 0.004381 -0.009391 0.008368 0.003258 -0.008947 0.005928 0.004815 -0.005479 0.005938 0.007490 0.002883 -0.004289 0.000001 0.002176 -0.000750 -0.004785 -0.004076 -0.007164 -0.004919 -0.007545
 -0.002466 0.007355 0.001725 0.007986 -0.002548 -0.008060 -0.007218 0.004660 -0.003371 -0.005947 0.006951 -0.001345 0.000549 0.001408 -0.009186 0.000165 -0.001364 -0.008274 0.007917 -0.002270 0.000058 0.008949 0.000840 -0.003122 -0.007117 0.004431 -0.002311 0.007520 0.007676 0.007970 -0.004521 0.002178
 0.000313 -0.008915 0.002790 0.002154 -0.005783 0.001022 -0.004129 -0.001621 -0.002427 0.006040 -0.008160 0.000637 -0.004543 -0.007715 -0.005446 -0.009377 -0.002275 -0.000732 0.007294 0.002528 -0.000778 -0.007459 0.001015 0.008165 0.003314 -0.000476 0.003788 -0.009045 -0.000092 -0.001569 0.008296 -0.008132
 -0.009534 0.002907 0.009322 0.008016 0.009111 -0.002528 -0.006836 0.000656 0.009133 0.006358 -0.004022 0.008315 -0.007767 0.004079 0.008113 -0.006491 -0.003094 -0.006223 -0.007227 0.000342 0.002243 -0.001166 -0.007922 0.004271 0.001883 -0.004402 0.001647 0.007644 0.000342 -0.006821 -0.000254 -0.008838
 -0.001866 0.008486 0.003993 0.007861 0.002281 -0.004988 0.000231 -0.000276 -0.009388 -0.005784 0.008208 -0.001769 -0.006294 0.008909 0.004929 0.002320 -0.009081 -0.005035 0.004159 0.008584 0.009084 0.004608 0.008838 -0.002635 -0.009333 0.008578 -0.002648 0.000530 0.000875 -0.008841 -0.009070 0.004020
 -0.004578 0.001950 -0.007016 -0.003786 0.009940 0.002933 0.003886 0.004121 -0.009220 -0.006019 -0.008200 0.002109 -0.001815 -0.006177 0.009380 0.006196 0.002645 0.001397 0.000600 0.007531 0.008946 0.009069 0.005648 -0.009095 0.007265 -0.005883 0.002585 -0.000391 0.000033 -0.009250 0.005235 -0.004793
 -0.004991 0.008436 0.008841 -0.006939 0.005882 0.006985 -0.007339 0.003197 -0.000581 -0.000720 -0.007755 -0.009032 0.008968 0.001633 0.001470 0.009669 -0.000418 -0.005306 0.001673 0.000562 0.000023 0.002861 0.008520 0.005210 0.000712 0.005311 0.001960 0.002003 0.007164 -0.008695 -0.007501 -0.002017
 -0.001421 -0.009071 0.001788 -0.003588 0.001957 -0.001044 -0.003082 -0.003097 0.007016 -0.003512 -0.001168 -0.008434 -0.007601 -0.000201 -0.005994 -0.005586 0.001770 0.006277 -0.003945 0.006535 -0.002447 -0.008408 0.005452 -0.002896 -0.007408 0.008238 -0.008208 -0.006740 0.002436 -0.000107 -0.001135 -0.003900
 -0.006689 -0.002434 0.005017 -0.006484 -0.002085 0.006537 0.006149 0.004124 0.008661 0.006165 -0.006939 0.004616 -0.003422 -0.007350 -0.009451 0.007944 0.002311 0.001727 0.000060 0.009022 -0.003397 -0.004467 -0.005432 0.001859 -0.004983 0.009797 -0.004147 -0.004621 0.009657 -0.008907 0.001500 0.003372
 -0.000942 -0.005003 -0.000509 -0.009853 -0.001670 -0.002895 -0.005847 -0.006082 -0.008157 -0.000505 -0.009702 0.001143 -0.002895 -0.003814 0.002033 -0.009018 -0.006430 0.006666 -0.005935 -0.007914 -0.000453 0.004308 -0.008015 0.002895 0.006750 -0.009723 -0.001035 0.005126 -0.009845 -0.007513 0.008579 -0.004865
 0.006628 0.009930 0.007107 -0.004614 -0.000475 0.004151 -0.004607 0.005903 0.009002 -0.008238 0.003048 0.005753 0.000741 0.002224 0.001598 -0.009685 -0.005863 0.000671 -0.007966 -0.002097 0.008996 -0.001888 -0.006815 -0.001405 -0.008355 0.006538 0.001750 0.007327 -0.003279 0.003372 -0.002915 0.005458
 -0.006651 0.009601 -0.004804 -0.004536 0.005755 0.006806 -0.008459 -0.003607 -0.003183 0.009894 -0.005661 -0.008263 -0.003462 0.003900 -0.005358 0.007983 -0.003351 0.002748 -0.002685 0.009341 -0.009520 -0.002702 0.003025 -0.003256 0.007205 0.004625 0.002699 0.008558 0.007116 -0.000403 0.009644 -0.003136
 0.008372 0.001068 -0.002339 0.004990 0.002793 0.002542 0.000883 -0.000812 0.007850 0.000980 -0.007258 0.005886 -0.009102 0.008354 -0.004491 0.001748 -0.008302 0.001066 0.008838 0.001500 0.002770 0.008928 0.001229 -0.002909 -0.006076 -0.006547 -0.003379 -0.005962 0.006212 -0.005468 0.007679 -0.000429
 -0.002556 -0.008558 0.009351 0.009420 -0.009368 0.003257 0.000467 0.001175 0.005857 0.000110 -0.006992 -0.003993 -0.004704 0.000457 0.006514 -0.002466 0.007196 -0.009894 0.000514 0.005788 0.001974 -0.003989 0.003743 0.003498 -0.006483 0.008675 -0.007951 -0.006096 -0.000444 0.005633 0.002774 0.003849
 -0.006522 -0.008791 -0.005776 -0.008204 -0.008012 -0.008291 0.005005 -0.005998 -0.008245 0.008244 0.000133 0.007312 0.000360 -0.003789 -0.009482 0.002124 0.008200 -0.009366 -0.005645 0.004721 0.005724 0.007516 0.005878 0.000948 -0.002822 -0.006243 0.001285 -0.008855 -0.000064 -0.005693 -0.007563 0.007537
 0.001277 -0.006615 -0.003382 -0.005513 0.005227 0.009373 -0.004911 -0.002611 0.002152 -0.008496 -0.000132 -0.002710 -0.005316 -0.006766 -0.009486 0.003515 0.006135 0.006654 0.002049 0.002981 0.001588 -0.004380 0.008861 -0.004198 -0.002320 -0.005009 -0.001958 -0.004124 -0.008320 -0.000539 -0.009093 0.005206
 0.000492 -0.002795 0.000568 0.004745 -0.009510 0.000406 -0.009713 0.009533 0.003631 -0.007802 -0.002736 -0.004111 -0.001034 0.008119 -0.005477 0.007616 -0.001042 -0.003065 0.009744 -0.003180 -0.004400 0.003213 -0.001589 -0.003796 -0.009323 0.000337 -0.005746 0.002339 0.002460 -0.003530 -0.008509 -0.007740
 0.005108 -0.009760 0.006117 -0.003399 -0.006971 -0.006248 0.005323 -0.005993 0.007427 0.007141 -0.004982 -0.006166 -0.003059 0.009623 0.003467 -0.005821 0.002024 -0.005868 -0.009754 0.000981 0.002819 0.001694 0.009634 0.001356 -0.003391 -0.003162 0.009542 0.003516 -0.007768 -0.007451 -0.002826 0.005511
 -0.008932 0.000415 -0.004512 0.006734 -0.009426 0.009482 -0.009603 -0.002266 -0.002547 0.008314 -0.004737 -0.000742 0.003550 0.005036 -0.002095 0.003726 0.008925 -0.004418 -0.002674 0.008588 0.005686 -0.005924 -0.001947 0.007925 -0.004014 0.007334 0.003714 -0.006648 -0.000916 0.005306 -0.006973 0.003424
 0.001207 0.002068 0.006960 -0.000331 -0.006785 0.005273 0.001642 0.005626 0.005382 -0.001022 -0.006847 -0.007833 -0.008777 0.006223 -0.007975 0.009544 0.001184 -0.004020 0.009944 -0.007780 0.000535 -0.008026 -0.008588 0.005031 0.005501 -0.002988 -0.005701 0.001528 0.004698 -0.009631 0.003067 -0.006216
 0.008200 -0.006070 0.006997 -0.007624 -0.006182 0.002038 -0.008679 0.004502 -0.006311 -0.001428 0.008587 -0.004748 -0.007537 0.006741 0.005711 -0.002803 0.001254 0.008757 -0.008808 -0.001720 -0.003339 0.007147 -0.002125 0.006690 -0.009342 -0.008841 -0.000523 -0.005979 0.004899 0.005890 -0.001854 0.002568
 -0.001518 -0.008880 -0.004690 0.002951 0.004988 -0.000904 -0.002269 0.008876 -0.009451 -0.007845 -0.000079 -0.003155 0.007003 -0.006728 0.001317 -0.006120 0.001548 -0.005442 -0.002023 -0.004499 0.006247 -0.001412 0.008093 0.005146 0.002812 0.004345 -0.005361 -0.006302 -0.002098 -0.001416 -0.001216 -0.002260
 -0.009501 0.008432 0.000402 -0.007420 0.004841 -0.008256 0.009263 0.003412 0.007745 0.007133 0.003934 -0.007336 -0.005492 -0.000056 0.009244 0.002907 0.000759 0.002189 -0.006650 0.006524 -0.000124 0.000660 -0.005666 -0.004643 0.009606 0.009802 0.005422 0.009191 -0.004328 0.007939 0.009856 0.006452
 0.007217 0.004087 -0.007646 -0.004030 -0.000492 0.007096 0.009315 -0.009201 0.002222 -0.009174 -0.008189 0.005665 0.005283 0.005050 0.008571 0.007618 -0.001321 -0.000381 -0.008650 -0.001381 0.006772 0.008084 0.006409 0.006979 -0.005489 -0.005288 0.009025 0.007176 -0.003968 -0.007013 -0.001859 -0.006538
 -0.001087 0.005390 0.009662 -0.002759 0.004090 -0.002760 -0.003866 0.000589 -0.008074 -0.004976 0.002117 0.007762 0.009850 0.009316 0.009516 0.004250 -0.009567 0.008232 -0.006076 0.006518 0.008069 0.003489 -0.008921 -0.000136 0.009642 0.001429 -0.009045 -0.000920 0.007150 0.009240 -0.002678 0.005504
 -0.001387 -0.009122 0.003572 -0.003670 -0.008433 -0.004129 0.005041 -0.004099 -0.002912 0.003927 -0.000988 -0.000207 0.000622 0.003585 -0.006708 -0.000730 -0.005789 -0.008108 -0.009107 -0.001640 -0.009800 0.009454 -0.003114 0.002392 0.000158 0.004021 -0.007983 -0.009677 0.002818 0.008386 -0.009786 -0.003351
 0.003929 -0.009539 0.008437 0.008730 -0.008502 0.003779 -0.008069 0.009030 0.001040 0.003209 0.003272 -0.005397 0.007172 -0.008409 0.005422 -0.008825 -0.008192 -0.004093 -0.004735 -0.002083 0.009969 0.006113 -0.008868 -0.004208 0.000798 -0.001728 -0.004626 0.000282 0.004487 0.006541 -0.008562 -0.004662
 -0.005652 -0.009478 0.001011 0.007854 -0.005060 0.007782 -0.004886 0.001384 0.003458 0.007926 0.006017 0.008973 0.002033 0.006576 0.002185 0.007669 0.004161 0.003174 -0.004387 0.001701 -0.004946 0.004650 -0.003178 -0.003798 0.005894 -0.009391 -0.007189 0.000857 0.004604 -0.003545 0.006694 0.001967
 -0.001970 0.002556 0.007546 0.002963 -0.004781 0.003941 0.007502 0.008990 0.000200 -0.009653 -0.007146 -0.004283 0.000522 -0.001127 0.009095 -0.004978 0.003055 0.008643 0.001421 -0.003925 -0.004368 -0.005886 0.005902 0.001041 0.008470 -0.001177 0.005942 0.000344 0.006618 0.001211 -0.003507 -0.001702
 0.005128 -0.005704 -0.007423 0.001763 -0.000615 -0.008864 -0.006918 0.006530 -0.008029 -0.002711 0.002590 -0.008325 -0.001523 -0.004250 -0.000822 -0.008546 -0.007867 -0.003709 -0.003405 0.005452 -0.008282 -0.002601 0.006668 0.006581 0.008514 -0.004418 0.005792 0.001206 0.000490 0.008405 -0.005929 0.003422
 -0.007723 0.002513 0.003956 0.000032 0.001238 -0.000548 0.005565 -0.008559 0.008557 0.003322 -0.008734 0.004169 -0.004347 0.007880 -0.007015 0.001393 -0.006082 -0.003676 0.006600 -0.006513 -0.001442 -0.007158 0.009119 0.001974 -0.004580 -0.002334 -0.008392 0.000510 0.000197 0.008875 -0.007637 -0.007009
 0.003704 0.008971 0.001216 -0.003810 0.006558 -0.000938 -0.004809 0.003500 0.004304 -0.005347 0.004225 -0.008950 -0.008888 0.003653 -0.009180 0.006119 -0.009155 0.004925 0.009111 -0.003670 0.000131 0.003916 0.006139 0.009371 -0.005185 0.002149 -0.003136 -0.007546 0.008760 0.003412 -0.000278 0.000998
 0.001377 -0.008933 0.003028 0.004415 -0.000685 0.009150 0.004708 0.009835 -0.003146 0.002199 0.008792 -0.006768 -0.002592 -0.002070 0.006576 0.006047 -0.005160 -0.000525 -0.000948 0.001218 0.000575 -0.008367 -0.000643 -0.009075 0.004709 -0.006993 -0.008604 0.005724 0.002543 0.008758 -0.008997 -0.008958
 -0.000623 -0.003427 -0.000891 -0.006871 0.002847 0.001680 0.006269 0.006352 0.001114 0.000427 0.005007 -0.006930 -0.003352 0.007984 -0.002562 -0.002240 -0.004080 0.001611 -0.007353 0.007438 -0.002535 0.007697 0.001724 0.008778 -0.000814 0.002703 -0.005156 -0.007977 -0.006093 -0.003290 -0.006752 -0.000877
 0.008311 0.001264 0.004056 0.000322 -0.002073 -0.009823 -0.001479 -0.005949 0.007416 0.009061 -0.004244 0.003909 -0.006416 0.008036 0.002848 0.008048 -0.008967 -0.004108 -0.001913 -0.008812 -0.001899 0.008359 0.002528 -0.008760 0.001207 -0.005072 -0.007033 0.007796 0.004995 -0.003828 0.005473 -0.007589
 0.007312 0.006368 -0.008991 -0.003314 -0.006418 0.002280 0.003175 -0.007368 0.002917 -0.007422 0.005820 0.008703 0.006346 -0.004779 0.002770 -0.003775 -0.005436 0.009849 0.002591 0.004666 0.009613 -0.004334 -0.002587 -0.006443 -0.009537 -0.004429 0.001788 0.008277 0.006586 0.006557 0.008907 0.001169
 0.000398 0.006558 0.006081 -0.006457 -0.000716 -0.007651 0.008066 0.002171 -0.000769 0.002038 -0.003612 0.009331 0.004883 0.008706 0.006267 -0.006575 0.008024 0.000514 -0.004162 -0.003895 0.006119 -0.001804 0.003356 0.007930 0.003476 -0.005136 0.007877 -0.007698 -0.002094 -0.007686 -0.001802 -0.004503
 -0.003827 -0.005165 0.001905 -0.000900 -0.007389 -0.005921 -0.005753 -0.000384 0.000887 -0.005972 -0.004522 -0.002765 0.009162 -0.007266 -0.009207 -0.008956 -0.007200 0.009578 -0.008318 -0.009730 -0.004159 0.005897 0.008899 0.000816 -0.009136 -0.003149 0.003247 -0.004340 -0.000419 -0.002737 -0.005730 0.008325
 -0.007095 0.002134 0.000009 0.001873 -0.009874 -0.008623 -0.004714 -0.007697 0.006848 -0.004713 -0.006163 -0.000491 -0.009060 -0.006173 -0.008153 -0.001101 0.008788 -0.008540 0.006641 -0.005884 0.009692 -0.004590 0.005955 0.002847 -0.001165 -0.003622 0.009514 -0.004788 0.002034 -0.001141 0.006682 0.007152
 0.006303 -0.003510 -0.005333 0.002260 0.006252 0.004867 -0.003174 -0.004614 -0.008509 0.003738 0.009688 -0.009866 0.006497 0.002009 -0.004367 -0.005786 -0.003795 0.004976 0.008241 -0.002871 0.002634 -0.000379 -0.002667 0.004137 -0.006057 0.009737 0.008407 -0.003661 -0.009973 0.005848 -0.006333 0.008371
 -0.009837 0.003475 0.007927 -0.004224 0.003420 -0.004097 -0.002322 -0.004421 -0.000479 0.005052 0.004630 -0.002596 0.007852 0.000144 -0.001808 0.008046 -0.009239 -0.004453 0.007756 0.007124 0.003743 0.002054 -0.007733 0.004918 -0.004626 -0.000990 -0.006663 0.004883 -0.005210 -0.007581 0.002905 0.005947
 -0.008556 0.002920 0.008486 0.007541 0.000523 -0.003666 -0.004234 0.009889 -0.003850 0.007887 -0.005230 -0.004843 -0.003383 -0.001849 0.005369 0.009476 0.004628 -0.005264 -0.002035 -0.000168 -0.001240 -0.008158 -0.005903 -0.009752 0.000989 0.003924 0.008055 -0.002526 -0.001295 -0.004232 -0.006213 0.008452
 -0.005075 -0.009827 0.008983 0.007793 0.009035 -0.009127 0.005638 0.008720 0.005717 -0.002516 0.000430 -0.002119 0.009814 -0.003232 0.007507 -0.006199 -0.000311 0.009516 -0.002825 -0.007616 0.000293 -0.009670 0.004602 -0.007862 -0.009194 -0.006297 0.001495 -0.004816 -0.007748 0.007480 0.007031 0.006976
 0.004451 0.006995 0.007586 0.008322 -0.006071 0.006137 0.009273 0.009458 0.007083 -0.002644 0.009204 0.006195 0.000626 0.007117 0.001118 0.004471 -0.008754 0.007318 -0.005191 0.003303 0.002069 -0.005815 0.000257 -0.000002 -0.002037 0.009175 -0.007068 0.006566 -0.003602 -0.002426 0.002318 -0.004905
 -0.004150 0.008141 0.006638 0.006507 0.002003 -0.009797 0.004593 -0.007406 -0.003070 0.009967 -0.002053 -0.009250 -0.003789 -0.008621 0.004295 0.004586 0.006531 -0.004152 0.005196 0.008062 0.005435 0.006668 0.005177 -0.008336 0.003772 0.008126 0.006045 -0.001085 0.007966 0.005716 0.002967 0.000128
 -0.009036 0.000260 0.000165 0.001145 0.008077 -0.003424 0.004617 0.006098 -0.002603 0.005826 -0.004704 -0.004243 -0.001650 0.003170 0.004052 -0.007095 0.001894 -0.009528 0.005199 -0.008856 0.002750 0.007938 0.005779 0.001919 -0.005465 -0.007915 0.009237 -0.009285 0.007371 0.001617 -0.005152 0.000913
 0.002944 0.009481 0.005078 -0.003072 0.002413 -0.009233 0.005041 -0.009206 0.009252 -0.006683 -0.005133 0.001474 0.001685 -0.007184 -0.000494 0.008195 -0.003323 0.002010 -0.003713 0.001603 0.003117 0.007995 -0.002250 -0.009258 -0.004017 0.002188 -0.000846 0.004854 0.002536 0.009640 -0.006442 0.005218
 -0.005968 -0.009098 -0.001529 -0.004691 -0.001648 0.005649 0.004663 -0.008470 0.002176 -0.002564 -0.005580 0.001621 -0.002561 -0.007798 0.008346 -0.007319 -0.001659 0.000505 -0.003781 0.006666 0.005691 -0.000322 0.003190 -0.002284 -0.008504 -0.001162 -0.002346 0.003744 0.008389 0.001501 0.002333 -0.007682
 0.007514 -0.008168 0.000957 0.001562 -0.009718 -0.004225 0.004001 0.002138 -0.008303 0.008604 0.002282 -0.000190 0.002937 0.004971 0.005190 -0.002956 -0.007701 -0.000208 -0.003767 0.001707 -0.008645 0.002468 -0.004778 -0.006454 0.007975 -0.005933 -0.004776 -0.008367 -0.005150 0.003746 0.005452 -0.007322
]
Total memory size for keys: rot_key_cnt = 227, rot_key_size = 27849208072 bytes, total_key_size = 28043195168 bytes
Total memory size for weight plain: cnt = 10131, size = 33397875032 bytes
RTLib functions         	       Count	      Elapse
--------------------    	    --------	    --------
FINALIZE_CONTEXT        	           1	    0.321799 sec
PREPARE_CONTEXT         	           1	  138.031442 sec
ENCODE_ARRAY            	       10510	  135.634317 sec
ENCODE_VALUE            	         661	    1.149557 sec
NTT                     	      191034	  228.118627 sec
INTT                    	       37555	   48.483364 sec
MAIN_GRAPH              	           1	  668.291212 sec
 HW_ADD                  	      188372	   13.462503 sec
 HW_MUL                  	      128048	   38.167316 sec
 HW_ROT                  	       48990	    3.806275 sec
 COPY_POLY               	          34	    0.010006 sec
 EXTEND                  	        1215	    2.479619 sec
 PRECOMP                 	        1768	   68.472889 sec
 MOD_DOWN                	         810	   27.436909 sec
 DOT_PROD                	        3536	   26.517186 sec
 RESCALE_POLY            	         321	    3.391735 sec
 COPY_CIPH               	         394	    0.528081 sec
 INIT_CIPH_SM_SC         	       13010	    0.685769 sec
 INIT_CIPH_UP_SC         	       10129	    2.576083 sec
 INIT_CIPH_DN_SC         	         145	    0.059918 sec
 BOOTSTRAP               	          10	  364.049847 sec
  BS_SETUP                	           1	   20.649429 sec
  BS_KEYGEN               	           1	   15.325101 sec
  BS_EVAL                 	          10	  364.049835 sec
   BS_COEFF_TO_SLOT        	          10	  147.930978 sec
   BS_APPROX_MOD           	          10	  135.430970 sec
    CHEBY_1                 	          20	   72.819645 sec
    CHEBY_2                 	          20	   42.041757 sec
   BS_APPROX_MOD           	   sub total	  114.861402 sec
   BS_SLOT_TO_COEFF        	          10	   73.018189 sec
   BS_PRECOMP              	         510	   76.934457 sec
   BS_MOD_DOWN             	         290	   34.285696 sec
   BS_DOT_PROD             	        1410	   63.948406 sec
  BS_EVAL                 	   sub total	  531.548697 sec
  FAST_SWITCH_KEY         	        1410	   63.949310 sec
 BOOTSTRAP               	   sub total	  463.973674 sec
 PT_ENCODE               	       10132	  115.576571 sec
MAIN_GRAPH              	   sub total	  667.220707 sec
Total (non-bs + bs)     	       Count	      Elapse
--------------------    	    --------	    --------
PRECOMP                 	        2278	  145.407346 sec
MOD_DOWN                	        1100	   61.722605 sec
DOT_PROD                	        4946	   90.465592 sec
807.72s 35913096KB
Exit 0 - Check log: /app/ae_result/hpao/resnet32_cifar10_x2.moddown.log
LINK_EXEC RETV:0
LINK_EXEC CMD TIME:844.891999s
