FAST_DOT_PROD=1
/app/hpao_cmplr/bin/fhe_cmplr /app/model/resnet44_cifar10_pre.onnx -o /app/ae_tmp/resnet44_cifar10_pre.onnx.c -POLY:muh:mdh:mef -P2C:cte:ctp:df_limit=819200 -VEC:conv_fast -CKKS:N=65536 -VEC:ms=32768 -P2C:df=/app/ae_tmp/resnet44_cifar10_pre.onnx.weight -CKKS:sk_hw=192 -O2A:ts -FHE_SCHEME:ts -VEC:ts -SIHE:ts -FHE_SCHEME:ts -POLY:ts -P2C:ts -CKKS:ts:q0=60:sf=56 -POLY:ts -P2C:ts -P2C:fp -SIHE:relu_vr_def=10
[/app/hpao_cmplr/bin/fhe_cmplr][ONNX2AIR][--] : phase_time = 0.005876 / 0.006054(s)
[/app/hpao_cmplr/bin/fhe_cmplr][SCHEME_INFO_ANALYZE][--] : phase_time = 0.000063 / 0.006129(s)
[/app/hpao_cmplr/bin/fhe_cmplr][VECTOR][--] : phase_time = 0.427982 / 0.434115(s)
[/app/hpao_cmplr/bin/fhe_cmplr][SIHE][--] : phase_time = 0.193166 / 0.627295(s)
[/app/hpao_cmplr/bin/fhe_cmplr][CKKS][--] : phase_time = 0.203442 / 0.830749(s)
[/app/hpao_cmplr/bin/fhe_cmplr][POLY][--] : phase_time = 1.452020 / 2.282781(s)
[/app/hpao_cmplr/bin/fhe_cmplr][POLY2C][--] : phase_time = 136.193124 / 138.475920(s)
COMPILE RETV:0
COMPILE CMD TIME:140.518853s
/app/hpao_cmplr resnet44_cifar10_pre.onnx /app/test/resnet44_cifar10_pre.c resnet44_cifar10_pre.onnx.c
/app/ae_tmp/resnet44_cifar10_pre.onnx.c: In function 'Main_graph':
/app/ae_tmp/resnet44_cifar10_pre.onnx.c:488:6: note: variable tracking size limit exceeded with '-fvar-tracking-assignments', retrying without
  488 | bool Main_graph() {
      |      ^~~~~~~~~~
ckks_param: _provider = 0, _poly_degree = 65536, _sec_level = 0, mul_depth = 33, _first_mod_size = 60, _scaling_mod_size = 56, _num_q_parts = 3, _num_p = 12, _num_rot_idx = 197,_hamming_wieght = 192
input(tensor): [
 -0.099743 0.043439 0.057319 0.012868 -0.033097 0.020183 -0.092842 -0.008566 0.066907 0.012693 0.085723 0.068817 0.071595 -0.058945 -0.080132 -0.063444 0.093577 0.076734 -0.088048 -0.091728 0.058630 -0.078676 -0.078888 -0.079061 0.077186 -0.081758 0.007168 0.099504 -0.058922 0.037912 0.065522 0.025309
 0.050920 -0.089756 -0.066910 0.069992 -0.009634 -0.094072 0.030948 0.001964 -0.079404 0.042830 -0.055937 0.061544 -0.045865 0.082676 -0.082076 0.019201 0.072915 0.078597 -0.004853 0.065073 0.049327 0.035318 0.083726 0.021680 0.014429 -0.050421 -0.004485 0.087582 0.056991 -0.098563 0.027730 0.054666
 0.033602 -0.032399 0.093714 0.062367 -0.095007 0.022409 0.015507 0.078878 -0.015879 -0.071776 0.073015 -0.080994 0.005466 -0.089271 -0.092557 0.078362 -0.090004 -0.084253 -0.097805 0.052335 0.073046 -0.053514 0.043462 0.051798 -0.017724 -0.081155 -0.004175 0.062187 0.046181 0.043693 -0.029520 -0.074935
 0.045044 -0.074744 -0.083561 -0.047927 0.045555 0.096833 -0.011928 0.047769 0.038672 -0.008797 -0.043135 -0.095642 -0.052122 -0.076893 -0.065479 0.073810 -0.008778 -0.072915 -0.011022 0.005155 -0.040518 -0.061481 0.040172 -0.014009 0.067262 -0.050235 0.065182 -0.089075 -0.067537 -0.027607 0.065744 0.007278
 0.041425 0.019084 0.071389 0.002329 -0.009877 -0.013548 0.004631 0.080473 0.014349 0.066312 -0.093358 -0.055405 0.011428 -0.062024 -0.047264 -0.044305 0.068570 -0.032167 0.099948 -0.067323 -0.096286 -0.067856 -0.003441 0.011228 0.083546 0.042436 0.008734 0.021115 -0.074672 -0.056479 0.000662 -0.025577
 -0.051534 -0.045214 -0.057787 0.062244 0.036318 0.011704 0.068567 -0.025984 -0.055629 -0.093183 0.015365 -0.042915 0.031629 -0.049327 -0.027133 -0.005578 -0.003702 0.041344 -0.002325 0.096990 -0.018025 -0.023956 0.013779 -0.054480 -0.078258 -0.013372 0.072510 -0.053969 0.075191 0.014700 0.037260 0.024842
 -0.051867 -0.019667 -0.053820 0.047047 0.053158 0.092045 0.039343 -0.040298 -0.063641 -0.006975 -0.026424 0.030420 0.088675 -0.077180 0.074121 0.086092 -0.015811 0.064012 0.066841 0.038053 0.063165 -0.050193 -0.000963 0.038871 0.040173 -0.002429 0.080890 -0.000646 -0.011534 -0.078355 -0.005659 -0.065064
 0.038079 0.058935 -0.021588 -0.010501 -0.051933 -0.051802 0.056729 -0.053306 0.082205 0.069973 0.081258 0.000773 0.043472 0.019511 0.054612 -0.027626 -0.007286 0.051356 -0.037314 -0.071924 -0.029981 0.036924 -0.080219 0.089785 0.070477 -0.099538 0.098143 0.069504 0.045414 0.038639 -0.029873 0.064241
 0.088533 -0.088343 0.015833 -0.017979 0.017666 -0.001131 0.077720 0.046208 0.084147 -0.068355 -0.066946 -0.021053 0.055148 0.057952 0.092756 0.016767 0.019952 -0.022478 0.050357 0.037508 0.004457 -0.079146 0.014999 0.097708 0.065016 0.025665 -0.050101 0.036682 0.036574 0.084970 -0.050773 0.093020
 -0.002834 0.054458 -0.018863 -0.034994 -0.046686 -0.007113 -0.026684 -0.015602 -0.007349 0.014450 -0.024431 -0.096631 0.022255 0.026178 0.017865 0.055360 0.094104 0.011057 0.056145 -0.032345 -0.034878 0.033762 -0.080507 -0.052972 0.027233 0.090691 -0.028119 -0.036475 -0.038343 0.069688 -0.049163 0.053487
 -0.044439 -0.096255 0.037457 -0.031048 0.086307 -0.017511 -0.049430 -0.027845 0.056360 -0.083767 -0.094183 0.037531 0.099802 0.066662 -0.004215 0.068635 -0.039808 0.088595 -0.099554 -0.067025 -0.041269 -0.004045 0.041621 0.078069 0.010098 -0.067134 0.087672 0.022569 0.055107 0.067652 0.066270 0.060562
 -0.086391 0.020485 0.094066 0.042499 0.087397 0.097243 -0.024656 -0.061030 -0.081930 -0.097965 0.087891 -0.005915 -0.018872 -0.012404 -0.088522 -0.070725 0.090360 -0.027695 0.059844 0.092778 0.096739 -0.078187 -0.085679 -0.053421 -0.022605 -0.012854 -0.042896 -0.096916 -0.093615 0.047892 0.090997 -0.081298
 0.085362 0.037490 -0.003917 0.017775 -0.037722 -0.075564 -0.072999 -0.072231 -0.002566 0.061927 0.007915 -0.092806 -0.099015 0.044990 0.020695 0.095484 0.033378 -0.035465 -0.093597 0.039669 -0.084049 0.038922 -0.014316 -0.021375 -0.011407 -0.079425 -0.091432 -0.098735 0.003916 -0.059982 0.051257 0.062018
 0.018446 -0.067332 0.026435 -0.094905 -0.097534 0.007732 -0.068256 0.060913 -0.049644 -0.029828 0.074217 -0.049779 0.060216 0.094535 0.029704 0.006895 -0.093023 -0.090287 -0.015773 0.063411 -0.084006 0.034451 0.050702 -0.011224 -0.059434 -0.052597 -0.037621 -0.057483 0.028334 0.019931 -0.051327 -0.048681
 -0.096020 -0.028463 -0.026037 0.075171 0.086187 -0.072445 0.083321 0.024495 0.074623 -0.014425 -0.099957 0.087621 -0.094091 -0.038271 -0.080960 -0.021593 0.067732 0.012916 -0.013678 -0.000195 -0.055869 0.083231 0.040391 -0.032326 -0.082854 0.023161 -0.069857 0.065276 0.061198 0.011820 0.010681 -0.016964
 0.046973 -0.067734 -0.061930 -0.099441 0.011397 0.070692 -0.009510 0.062752 0.061824 -0.068310 -0.017129 -0.008161 -0.060430 0.002141 -0.002728 0.047234 0.000569 -0.085244 -0.047610 0.010101 -0.001459 -0.044027 -0.098739 -0.093590 -0.022010 0.003211 0.050496 -0.095739 0.025442 0.019117 -0.077409 0.066142
 -0.073685 0.029236 0.008922 0.068990 0.063723 0.014974 0.052326 0.037227 0.095524 0.017954 -0.044356 -0.055448 -0.098806 -0.024259 0.072202 -0.050880 0.012171 -0.067321 -0.068837 -0.035032 0.072355 0.006840 -0.090198 0.008916 -0.086264 0.057325 0.010609 -0.045241 0.008777 0.022321 0.067402 -0.026796
 -0.025981 0.004249 0.099513 0.076220 0.014988 0.062124 -0.059714 -0.005089 0.069064 -0.054462 -0.073074 -0.025572 -0.068865 0.091993 -0.002579 0.024495 -0.045628 0.055569 0.084835 -0.010237 0.057793 0.037882 0.011269 -0.053489 -0.041461 -0.051386 -0.016595 -0.001096 -0.084700 -0.006028 0.000350 -0.039974
 -0.070921 0.072931 0.085707 0.052832 0.023637 -0.010453 -0.063639 0.009936 0.083905 0.013152 -0.001453 -0.027483 0.003055 0.096518 -0.040557 0.064300 0.043544 -0.037338 -0.092195 0.042164 0.033652 0.019437 0.013637 -0.027477 -0.027638 0.078388 0.070932 0.052829 -0.022469 0.038795 0.064844 0.048252
 -0.053389 -0.036973 0.073178 -0.006222 0.093575 0.027591 -0.056201 -0.070059 -0.052201 0.010948 0.025470 -0.078952 0.077002 0.091578 -0.077160 -0.008332 -0.008471 -0.098582 0.001519 -0.087273 0.052657 0.099741 0.079846 -0.051721 0.039313 -0.071096 0.005401 -0.016885 0.009259 -0.094847 0.080243 0.089771
 -0.060797 -0.088334 0.053679 0.066615 0.001914 -0.036055 0.027694 -0.025590 0.051041 0.083225 -0.033638 -0.004667 0.040462 -0.006888 0.017484 -0.042639 -0.082098 -0.050985 -0.095266 -0.022833 0.005303 -0.003290 0.090844 -0.031915 0.015742 0.074783 0.086865 -0.097506 0.077837 -0.096688 0.034702 0.023097
 -0.059338 0.042198 -0.005484 -0.073118 -0.082911 -0.051386 0.003479 -0.063459 -0.028480 0.037769 0.050958 -0.002967 -0.081196 -0.097573 0.086890 -0.054354 0.059997 -0.057535 -0.018740 0.056793 0.065834 0.031711 -0.048799 0.055358 -0.036036 -0.084517 -0.033744 -0.028566 0.009335 -0.091922 -0.084310 -0.011380
 0.073753 -0.074019 -0.000835 -0.062938 -0.015484 -0.084672 -0.036495 0.037465 0.066932 -0.068184 0.020081 -0.017044 0.057514 0.040035 -0.088042 0.039818 -0.092750 -0.035724 -0.025426 0.024759 -0.073710 0.007976 0.017157 -0.061981 0.004723 -0.042163 -0.075628 -0.097954 -0.018567 0.046751 -0.047297 0.097658
 -0.016614 0.010382 0.046884 0.039698 0.057752 -0.056676 0.041180 -0.098988 -0.011663 0.021845 0.045961 0.098187 0.018453 0.082936 0.065729 0.064079 -0.057569 -0.052638 0.071433 -0.010748 0.084167 -0.056076 -0.099099 -0.063171 0.098648 0.040470 0.087720 0.012527 0.022070 -0.037186 0.034791 0.011979
 -0.045105 0.004957 0.038327 -0.063845 0.028462 -0.028425 0.053767 0.018878 0.079439 -0.056970 -0.059968 0.079832 0.053682 0.079020 0.080155 -0.088533 -0.023917 0.020115 0.017641 -0.043467 -0.067014 0.017739 -0.010272 0.083916 -0.013989 0.070023 -0.012955 -0.021607 -0.051579 0.083293 0.088273 0.076789
 -0.096007 -0.081935 -0.011080 -0.085459 -0.025912 0.023748 0.038705 -0.097107 -0.034304 -0.078424 -0.076974 0.065479 -0.014166 -0.056195 -0.066126 0.027574 0.090904 -0.031950 -0.027378 -0.078289 0.000887 0.056923 0.058767 -0.098590 -0.063358 0.022052 0.096488 -0.070380 0.008483 -0.056642 0.004967 -0.021319
 0.074658 0.097159 0.040364 -0.000112 -0.094915 0.027820 0.069182 -0.019133 0.051365 -0.059439 -0.069443 0.064250 0.063027 -0.085844 0.003540 0.040911 -0.015866 -0.048308 0.054602 -0.055690 -0.022890 0.077223 -0.092594 -0.055756 0.088449 -0.002918 -0.009349 0.097864 -0.076607 0.060486 0.097119 0.054676
 -0.041693 0.084801 -0.039488 -0.062631 0.079155 -0.010514 0.012920 -0.012644 -0.027433 -0.021184 0.051069 -0.090030 -0.034364 0.081963 -0.093017 0.055508 -0.072960 -0.040388 -0.023635 -0.085988 0.088739 0.083772 -0.028575 0.019765 0.081242 0.024077 -0.093818 0.060023 -0.004855 0.091192 -0.070920 0.022769
 -0.013793 0.055224 -0.008222 0.053726 0.079202 -0.009065 0.052415 0.017063 -0.077429 0.048375 -0.002990 -0.080665 -0.033386 0.040930 -0.041390 0.093701 -0.029637 0.022559 0.019953 0.086785 0.052001 0.023623 -0.083637 0.028143 -0.091712 -0.006194 0.063915 -0.044860 0.089490 0.061548 -0.036547 0.029549
 -0.038636 0.092648 0.062109 -0.012320 -0.027688 -0.033751 0.095912 -0.067946 0.052998 -0.075228 0.099632 0.029750 -0.003097 0.021165 -0.078888 -0.011324 0.013775 -0.077982 -0.084199 0.039227 0.065295 -0.039206 0.035346 0.067985 0.051466 0.083937 -0.023544 0.052509 0.085106 -0.024638 0.088168 -0.019501
 0.033868 0.037862 -0.098878 0.066126 -0.033498 0.050528 -0.059325 -0.016903 -0.052118 -0.076742 0.073683 0.034962 -0.094247 -0.068699 0.093393 -0.092271 -0.082356 0.028944 -0.023622 0.061854 -0.063571 -0.006253 0.047725 0.064049 0.078745 0.008219 -0.076328 0.060919 0.076605 -0.088525 0.024995 -0.001353
 -0.056481 -0.095028 0.014516 -0.003113 0.091536 -0.019064 -0.085445 -0.074554 0.088646 -0.095678 0.078572 0.087866 0.014274 -0.082952 0.081146 0.087319 -0.068589 0.059935 0.016278 -0.090233 0.011109 -0.030654 0.063743 0.062204 -0.099299 -0.095137 -0.004748 0.016490 -0.043911 0.082353 0.028433 0.043822
 0.074901 0.014236 0.026914 -0.077406 0.022955 -0.007784 0.088964 -0.070354 0.045827 0.075462 -0.000126 0.022960 0.029693 0.080546 0.051478 -0.024223 -0.035925 0.036670 0.081341 -0.077377 -0.069617 0.005472 -0.059739 -0.081923 -0.015862 -0.033715 -0.047648 -0.008496 0.012494 0.012675 -0.092594 0.030563
 -0.001266 -0.004139 0.013381 0.086280 0.044905 0.033660 0.044471 -0.096427 0.073392 0.005097 0.065417 0.078407 -0.012517 -0.008595 0.016961 -0.060828 0.045376 -0.098331 0.011974 -0.065371 -0.004829 -0.034763 0.043608 0.057547 -0.072676 -0.011969 0.076097 0.071720 -0.037089 0.020269 -0.000854 -0.052464
 0.079118 0.015446 0.042472 -0.019612 0.085075 -0.066550 -0.020887 -0.059235 0.033083 0.072511 0.031340 -0.059510 0.074731 0.038083 -0.072731 0.085962 0.063276 -0.057722 -0.098675 -0.094407 0.095279 -0.046188 -0.046697 0.090276 0.035372 0.028353 -0.011553 -0.050802 0.040974 0.099135 -0.015612 0.075383
 0.069844 -0.027731 -0.081485 0.027826 -0.067482 -0.051172 -0.067991 0.072597 0.084377 -0.018415 -0.038134 -0.031540 -0.073601 0.036931 -0.048877 0.008906 0.089784 0.035141 0.059943 0.070308 0.043502 0.026024 0.064241 0.096753 0.037145 -0.052773 -0.017667 -0.045340 0.077920 0.065654 0.085575 -0.098663
 0.008917 0.091644 0.086145 -0.070706 0.097444 0.087192 -0.091947 -0.037310 0.005070 0.055025 0.059226 0.001773 0.035318 -0.049833 0.070581 0.047996 0.007947 -0.034621 -0.019396 0.026218 0.020300 -0.078486 -0.087045 0.004969 0.035115 -0.065693 0.055972 -0.086581 0.054265 -0.050443 -0.074974 -0.049689
 -0.081106 0.094056 0.027767 0.049596 -0.012285 -0.050535 0.002247 0.057864 0.079483 -0.019867 -0.042924 0.025356 0.024716 0.071502 0.093070 -0.092817 0.059379 -0.021100 -0.025832 -0.075833 0.023384 0.027673 -0.082726 -0.095759 -0.062674 0.014219 -0.093287 -0.041368 0.062555 0.068071 0.006754 -0.062567
 0.034789 -0.024256 0.042505 -0.066122 -0.093458 -0.042082 0.030427 -0.066225 0.046137 0.065637 -0.050021 -0.065330 -0.044232 0.097000 0.075742 -0.083650 -0.022324 0.036849 0.065026 0.033016 0.048621 -0.070690 -0.003905 0.078446 -0.028010 0.078529 0.007946 -0.023602 0.042733 -0.078852 0.080152 0.092410
 0.083432 0.075990 0.063716 -0.003632 -0.046566 -0.005040 0.081081 0.029943 -0.006445 0.071300 -0.065465 -0.005996 -0.001779 -0.024190 0.060521 -0.073001 0.023860 0.008731 -0.087487 -0.039865 0.072777 -0.067479 -0.056375 0.040666 -0.025256 -0.075665 0.000376 -0.086367 -0.090943 0.094787 0.021172 0.006134
 0.026598 0.096091 -0.094686 -0.052532 -0.068049 -0.041316 -0.004609 0.043298 0.074559 -0.051502 0.007266 -0.031024 0.018458 0.045177 0.027129 -0.013361 -0.081719 -0.065159 0.039016 -0.011354 -0.047474 -0.074334 -0.087289 0.006177 0.096889 0.033013 0.042037 -0.055529 0.063425 0.016909 0.063475 -0.018355
 -0.045515 0.092932 0.065610 0.035122 -0.011101 -0.016003 -0.048795 -0.031652 -0.016726 -0.095342 0.077142 0.010592 0.049798 -0.097653 0.088626 0.017163 0.001927 -0.083039 0.033791 -0.081192 -0.003211 -0.079658 0.037677 -0.009299 0.080154 0.002398 0.099880 -0.025502 -0.099018 0.088238 0.093540 -0.018191
 0.024803 -0.067833 -0.035698 0.044830 -0.098832 0.000014 0.060859 0.046313 0.060155 -0.043069 -0.007972 0.096204 -0.069280 0.079025 0.030523 -0.001146 0.084371 -0.080050 0.082838 0.006593 -0.087257 -0.036434 0.002301 -0.030848 0.055186 0.063067 -0.073633 0.062116 -0.072325 0.091977 -0.076767 0.007698
 0.093964 -0.036197 -0.095038 0.053362 0.018218 -0.051532 -0.009254 0.035493 0.066580 0.070363 -0.034606 -0.086876 -0.078949 -0.079398 -0.033828 -0.036621 0.062176 0.079082 0.046295 0.036535 -0.064970 0.088886 0.020713 0.076139 0.067577 0.006056 0.090187 -0.009200 0.010238 -0.084266 -0.003644 0.032050
 -0.074548 -0.045265 0.041282 0.049242 -0.037050 0.019135 -0.045837 0.094962 0.001145 -0.031505 0.049979 -0.028000 -0.051431 -0.055207 0.087836 -0.012170 -0.082051 0.062248 -0.050682 -0.093249 -0.058513 0.055537 -0.020733 0.019176 0.032404 -0.035377 0.074650 0.047964 0.014484 -0.003894 -0.012671 0.062573
 0.086810 -0.016610 -0.054519 -0.006814 -0.006139 -0.090314 -0.006286 0.088662 0.049497 0.002568 0.086050 0.061731 -0.083203 0.092607 0.090769 0.077737 -0.013040 -0.034736 0.030551 0.020699 0.013548 -0.099459 -0.035179 -0.075637 -0.087044 -0.035416 0.098961 -0.096909 -0.000826 -0.076841 0.082385 -0.089479
 0.038602 0.095353 0.012797 0.055294 0.081680 0.078039 0.083767 0.026646 -0.002652 -0.054124 -0.004339 0.032404 0.016368 0.066874 0.066704 0.015533 0.089772 0.063901 -0.036933 -0.068585 -0.010403 -0.084202 0.098807 0.052834 0.065545 0.086434 -0.075390 0.066435 0.042789 0.021705 0.059442 -0.056303
 -0.068728 0.047966 -0.081769 0.096199 0.004121 -0.057240 0.052305 -0.096921 -0.078305 0.096697 -0.091088 -0.072731 0.079693 -0.025247 -0.023230 -0.088911 0.020419 -0.021236 -0.061582 -0.007089 -0.034598 -0.029569 0.089119 0.092761 -0.089115 0.002981 0.081253 0.059981 0.094487 0.008566 0.065882 0.057375
 -0.032744 0.006612 0.079794 0.070056 0.078472 0.058150 0.049752 0.043164 -0.092805 -0.065368 0.031455 0.088276 0.096104 0.053179 -0.086682 -0.026131 -0.099832 0.001626 0.021106 -0.082241 -0.096138 -0.072919 0.054898 0.096366 -0.019718 0.070967 -0.087230 0.056913 -0.024930 -0.099881 -0.030081 -0.037925
 0.037758 0.005871 0.093310 -0.047591 -0.075424 -0.055912 -0.024080 0.067800 0.095379 0.096728 -0.032560 0.055823 0.025329 -0.079180 -0.047072 0.085162 0.096434 -0.014909 0.065331 0.047113 0.060765 0.004465 0.025559 0.081873 -0.044002 -0.029120 0.017880 0.094068 -0.003217 -0.083437 0.042241 0.067154
 0.008948 -0.038370 0.076141 0.091411 -0.023235 0.052126 0.012818 0.034693 0.047532 -0.048134 0.081216 -0.035259 -0.032127 0.000893 0.057258 -0.037506 -0.023002 -0.008686 0.044446 -0.050715 0.002935 -0.026400 0.005000 0.096518 -0.072747 -0.016501 0.043921 0.086151 -0.036583 0.046627 -0.082501 -0.077890
 -0.062493 0.041957 0.087719 -0.077494 -0.067563 0.044486 -0.020174 0.001231 0.031591 0.064398 -0.097971 0.032408 0.035656 0.088731 0.059346 -0.018596 -0.055970 -0.011634 0.047903 0.062277 -0.084061 -0.082788 0.089550 0.059378 0.092826 0.083941 -0.008341 0.050243 -0.084134 -0.089676 -0.034882 0.053038
 0.034976 0.073229 0.076614 -0.086219 -0.031891 -0.018892 -0.022752 -0.083159 -0.090188 0.052560 -0.020625 -0.071213 -0.027973 0.080684 0.041349 0.024860 0.018698 -0.068566 0.075942 -0.089720 0.042754 0.067636 0.090700 0.046871 0.066945 0.047073 -0.057512 -0.025366 0.007943 -0.063920 -0.053994 -0.068877
 0.092333 0.015924 -0.017548 -0.080355 -0.043698 -0.034710 0.054083 -0.023800 -0.018461 -0.064039 -0.051859 -0.052147 -0.098463 -0.018771 -0.015199 -0.043018 0.088709 0.082161 0.050493 0.006743 -0.019029 -0.097468 0.087935 -0.033504 0.059583 0.010670 0.093793 -0.088357 0.098018 0.099801 0.030398 0.093492
 -0.045121 -0.063983 -0.047548 -0.031773 -0.004982 -0.090351 -0.063938 -0.015973 -0.040743 -0.081470 -0.039119 -0.039712 -0.041354 -0.054740 0.001422 0.075159 0.040448 -0.025379 0.025573 -0.059847 0.049246 0.040317 -0.076649 0.084274 0.012525 -0.074592 0.045159 -0.032802 -0.084833 0.025534 -0.013250 0.046601
 -0.044512 0.086960 0.051344 -0.007410 -0.015020 -0.089599 0.067420 0.026197 0.049257 -0.019271 0.057092 -0.081147 -0.030031 0.041142 -0.038692 -0.032690 -0.092213 0.042819 0.007027 0.006686 0.028721 0.035864 -0.091598 -0.047362 0.023936 0.085296 -0.008487 0.019697 0.020369 -0.080407 -0.055094 0.017525
 0.032097 -0.019149 0.015678 0.033948 0.082860 0.016311 0.006740 -0.013120 0.046219 -0.037470 -0.063654 0.098158 0.046599 0.026198 -0.086618 -0.018645 -0.060120 -0.079899 -0.025663 0.002674 0.065835 0.065094 0.017304 0.004971 0.052071 0.019907 0.015735 -0.072793 -0.081539 0.068596 0.006076 -0.030912
 -0.009004 0.028613 0.084689 -0.017654 -0.005317 -0.099262 0.055411 0.050562 0.020020 -0.034653 -0.046624 0.064469 -0.049146 -0.063456 -0.090116 -0.088992 -0.086499 -0.071113 0.096704 0.024618 0.001856 0.067627 -0.071867 -0.040360 -0.011760 0.088653 -0.080550 -0.010753 -0.038928 0.073636 -0.038701 -0.012115
 -0.005076 -0.076649 0.056957 0.055569 -0.034241 0.091209 -0.021520 -0.026167 -0.009112 -0.030377 0.054463 -0.032922 -0.036622 -0.095206 -0.065393 -0.086811 0.019188 0.056168 -0.070853 0.078251 0.089034 -0.061301 0.040240 -0.047770 0.029348 -0.016872 -0.053911 0.042874 -0.029663 -0.039141 0.089787 0.046374
 0.025607 0.013906 -0.084447 0.004264 -0.071660 -0.074427 -0.099819 0.026608 0.064982 0.018561 0.027796 0.052259 -0.005114 0.051026 0.053477 -0.001737 -0.018545 -0.038631 0.022478 -0.037253 0.018195 -0.057640 -0.049632 -0.045239 -0.084436 0.070941 -0.017546 0.063784 0.071099 0.007938 -0.043148 -0.055653
 -0.042221 -0.065508 -0.096613 -0.091664 -0.091396 0.095013 0.093038 0.022756 0.071685 0.095257 -0.017351 -0.097078 0.004489 -0.076609 0.093529 0.013214 -0.068789 0.045315 -0.060609 -0.086000 -0.012243 0.028853 -0.021344 0.080994 0.047505 -0.099153 0.075614 -0.073485 -0.015870 0.047218 -0.095030 -0.008625
 -0.098688 -0.087992 -0.084554 0.040359 -0.064068 0.008547 -0.069997 0.091546 -0.024267 -0.079502 0.025376 0.028238 -0.089625 0.094112 0.060239 0.074635 -0.016430 -0.042358 -0.056597 -0.083329 -0.028331 -0.095150 0.068813 0.033951 0.020922 -0.090110 -0.093326 -0.058317 -0.091965 -0.061508 0.000674 -0.094879
 0.028514 0.095880 -0.026911 -0.062100 0.046288 -0.007556 -0.057501 0.001375 0.082440 0.093882 0.072622 -0.017381 -0.063222 0.095356 -0.012470 -0.056382 0.099327 0.016537 -0.080186 -0.047813 0.004664 -0.075684 -0.036636 -0.008908 -0.044847 0.030455 0.033372 -0.065846 -0.094465 0.053902 0.080519 0.093762
 -0.058556 0.021177 0.044781 -0.014990 -0.022440 0.027712 0.006910 0.057300 -0.016382 0.077588 -0.052525 0.059667 0.094265 0.007298 -0.058038 -0.071766 -0.099235 0.065217 -0.019515 0.096747 0.018444 0.033279 0.059457 -0.036592 0.054466 -0.075478 0.058090 -0.092933 0.003078 -0.094569 0.066010 -0.031156
 0.016843 -0.080431 0.022982 -0.029916 -0.060002 0.066702 -0.000766 -0.029928 0.073126 -0.019341 0.034956 -0.091790 -0.069752 -0.034120 0.017127 -0.022680 0.023687 0.078404 0.077893 0.079507 -0.095364 0.063861 -0.075343 -0.022298 0.004352 -0.021158 0.059894 -0.034633 -0.041743 0.038293 -0.061702 0.076018
 -0.058133 0.023724 -0.070709 0.041963 -0.037508 -0.089946 -0.044974 0.078864 0.054602 -0.087993 0.016757 -0.097431 -0.057113 0.038399 -0.028006 0.079225 0.030513 0.004877 0.062841 0.009604 0.000792 0.035562 0.014773 0.039660 -0.081408 -0.032747 0.071789 0.054892 0.006291 0.025600 -0.017140 -0.085353
 -0.028809 -0.042660 -0.044512 -0.062128 -0.026155 -0.027249 -0.027505 0.011098 -0.093938 0.098578 0.070634 -0.098152 -0.042546 0.049472 -0.026496 -0.010739 -0.088660 -0.001119 -0.011360 0.079822 -0.072807 0.003062 -0.020473 0.005394 -0.093548 -0.027653 0.035890 0.024491 0.034239 0.083423 -0.049427 0.066085
 -0.071396 0.089776 0.073306 -0.007110 -0.028420 -0.019878 -0.079285 0.025202 0.048142 0.001148 0.068062 0.045199 -0.051030 -0.032519 -0.091149 0.096090 -0.059730 -0.066544 -0.087056 -0.047934 0.055281 -0.075841 0.029468 -0.051258 0.006325 -0.016114 0.058835 -0.019936 -0.026481 0.047310 -0.052178 0.003078
 0.007703 0.098438 0.076635 -0.070302 0.008274 0.075981 -0.015068 -0.042029 0.022398 0.010230 0.051253 -0.078353 0.078947 -0.072378 0.038065 0.056318 0.067726 0.063485 -0.011689 -0.039057 -0.034506 -0.079797 0.020198 -0.037190 -0.021474 -0.066451 -0.068132 -0.059246 -0.015173 0.064647 -0.002900 -0.074500
 -0.053118 0.051728 0.092669 -0.033087 -0.010515 0.010039 0.037811 -0.027851 0.066713 -0.091648 0.047547 0.043559 0.007565 -0.024087 0.068820 -0.045686 -0.006415 -0.032239 -0.045160 -0.077313 0.029094 0.038684 -0.037960 0.068023 -0.024850 -0.065528 -0.067848 -0.023397 0.030596 0.069914 0.072438 -0.037130
 0.019602 -0.024317 -0.026741 0.087590 -0.014726 -0.006180 -0.028623 0.036728 0.080295 0.093034 -0.079320 0.078668 -0.048370 0.091286 0.019465 0.053845 0.024037 0.042709 -0.015892 0.014621 0.085462 -0.035971 -0.078840 -0.039259 -0.084810 0.060407 -0.028629 0.066217 -0.095487 0.074608 0.098126 0.028501
 0.074026 -0.084219 -0.009966 0.080168 0.041244 -0.030860 0.038151 -0.092802 -0.065164 0.067860 -0.034850 0.096283 0.043738 -0.066587 -0.064093 0.083062 -0.094678 0.091272 -0.064011 0.037508 -0.071204 0.044746 0.021858 -0.024025 -0.048541 -0.044290 -0.024876 0.066685 0.027806 0.082280 -0.054819 -0.023095
 -0.077663 0.052246 -0.050587 0.074382 0.070696 0.085667 0.061284 0.058860 0.084224 0.023089 -0.076369 0.050732 -0.077983 0.067944 -0.041360 -0.040941 -0.092326 -0.072064 -0.024306 -0.030651 -0.003458 0.053478 -0.009736 0.035578 -0.009328 -0.093654 -0.020031 -0.052800 -0.044394 -0.081861 -0.062397 0.055042
 0.098519 0.044253 -0.020636 -0.043850 -0.090016 0.038613 -0.047239 -0.013378 0.023954 -0.085902 0.002656 0.000710 -0.058150 0.098829 -0.052751 0.044844 0.037268 -0.079802 0.079222 -0.042450 -0.076956 -0.034526 0.023467 -0.084351 -0.034927 0.027704 -0.039931 -0.031694 0.004389 -0.009664 0.063972 -0.084398
 -0.041818 -0.014796 -0.059459 -0.051248 0.086879 0.090814 -0.082139 0.080072 -0.073353 0.083400 0.084754 0.091049 -0.036586 0.096297 0.075001 0.001064 -0.072450 0.002344 0.083448 -0.046267 -0.072551 -0.076051 -0.053678 0.065723 -0.001183 0.064675 -0.097749 0.034262 -0.023342 0.042484 0.036130 0.043310
 0.081706 0.042306 0.094434 0.095333 0.027804 0.072600 0.078397 0.026451 -0.035787 -0.050868 0.005111 -0.016559 0.035045 0.095631 -0.020158 0.010524 0.017373 -0.009594 0.039576 0.077733 0.097024 -0.009330 -0.040042 0.087874 0.069017 -0.092705 -0.084230 -0.079103 0.048552 0.063161 -0.016088 -0.073772
 0.044933 -0.024205 -0.077117 -0.089792 -0.058145 -0.026895 0.057049 -0.049691 -0.076020 -0.000679 -0.022553 -0.093145 -0.011851 -0.017434 -0.043140 -0.053244 0.086580 -0.098131 -0.098233 0.062295 -0.019722 -0.015598 -0.035677 0.029933 -0.040643 -0.055633 -0.088237 -0.004920 0.073016 0.069786 -0.070706 -0.020036
 0.018307 0.069382 0.020927 0.017117 -0.081453 -0.086100 0.088975 0.073939 0.099670 0.071888 -0.057371 0.087152 0.047063 0.045801 0.025083 -0.061146 -0.073788 0.041199 -0.079945 -0.084236 0.082182 0.058502 0.060824 -0.026854 -0.040325 -0.071409 0.013394 -0.074662 0.060836 0.039641 -0.066929 -0.087444
 0.030138 -0.041755 -0.017290 -0.003914 0.061928 0.041911 -0.037626 0.056841 -0.056847 -0.012761 0.077396 0.002299 0.090254 -0.007403 -0.084208 -0.098130 0.036436 -0.007113 -0.018917 0.083909 -0.077073 -0.028145 -0.085990 -0.002892 -0.031664 -0.047510 -0.005075 -0.033300 0.027330 -0.044513 -0.037604 0.029544
 0.074287 0.034604 -0.062164 -0.055182 0.088705 -0.075600 0.045368 0.088789 0.015962 0.054010 0.086058 -0.076770 -0.024646 0.083569 0.052607 -0.085781 -0.097464 -0.001051 0.005406 0.049438 0.007682 -0.095087 -0.084936 0.010196 0.074288 0.013468 -0.020849 0.024668 0.087850 -0.070474 0.056508 0.002441
 -0.014301 0.008610 -0.050814 -0.095315 0.014763 0.095527 -0.004877 -0.016676 0.059303 0.036119 0.037861 -0.055759 0.046632 0.025574 -0.060167 -0.021175 0.020699 0.091576 -0.084472 -0.029921 -0.088757 -0.070564 -0.035462 0.027833 0.060917 -0.051200 -0.073726 -0.016078 -0.083861 -0.001630 0.047960 -0.022080
 0.030428 0.005053 0.056367 -0.040233 -0.074297 -0.014713 0.024954 0.027962 0.092016 -0.048187 -0.025117 0.054172 -0.081312 -0.002752 -0.050093 -0.068752 -0.018559 -0.033998 -0.063984 -0.077746 0.026562 -0.058433 0.085665 0.011654 0.077368 0.024764 0.053754 -0.045615 0.049743 -0.032523 -0.075429 -0.050272
 -0.053859 0.037749 -0.079741 0.035486 0.063079 0.004139 -0.065017 0.027089 -0.056326 -0.018359 0.076593 -0.006837 0.045169 -0.072958 -0.074074 0.062463 -0.057206 -0.075584 0.045005 0.064954 -0.076216 -0.096509 0.053412 0.004230 -0.031211 -0.018802 -0.017931 0.013456 0.072277 0.058265 0.012585 0.050459
 0.055829 0.085962 0.080619 0.045180 0.069748 0.047775 -0.045789 0.035749 -0.012965 0.059633 -0.015026 -0.067511 -0.066669 -0.027596 -0.062867 -0.096616 0.044439 0.000059 0.053611 0.042368 -0.009331 0.099673 -0.016546 0.001770 -0.084852 -0.049971 -0.004048 0.072292 -0.039356 0.010324 -0.041393 -0.044998
 -0.039155 0.002511 -0.066635 0.001406 -0.021514 -0.045395 -0.079433 0.045800 -0.027527 -0.038361 -0.003265 -0.030637 -0.093039 0.073880 -0.006695 0.019298 -0.046470 -0.043424 0.052691 0.072180 -0.054592 0.055793 -0.098109 0.036472 0.089814 -0.008790 0.053054 -0.070376 0.004805 0.011097 -0.053354 0.035544
 0.022299 0.003614 0.076784 -0.088995 -0.048253 0.033992 0.037060 0.071267 0.087221 -0.057365 0.021295 0.064348 -0.055065 -0.086648 0.037986 -0.043194 -0.061089 -0.076906 0.069082 0.001014 -0.057544 -0.082153 -0.032812 0.065196 0.095258 -0.042921 0.052087 0.097290 0.067757 -0.031689 -0.080523 0.084812
 -0.022775 0.020604 -0.085853 -0.067747 0.048314 0.089248 0.020768 0.056974 -0.021892 -0.033947 0.047920 0.039018 -0.055422 -0.075770 -0.089800 0.034441 0.046729 0.029975 -0.040576 0.024646 0.059126 -0.093445 -0.015520 -0.080498 0.090382 -0.039866 -0.023136 0.029074 0.053311 0.014891 0.068133 0.009870
 0.034883 0.048336 0.017068 0.003206 0.062597 -0.066562 0.002983 0.059944 0.078376 -0.061507 0.009135 -0.032817 -0.098754 -0.011128 0.089429 0.075608 0.083423 0.074848 -0.081093 0.098292 0.054887 0.031383 0.083759 0.093062 0.052676 -0.092540 -0.002248 0.064832 0.095972 0.084205 0.069351 0.088955
 -0.008483 0.094972 0.063125 0.095951 -0.077969 -0.037783 0.022682 0.023075 0.052962 0.076947 0.080911 0.021891 0.052190 -0.024299 -0.033540 0.041446 0.033260 -0.078834 0.051574 -0.029718 -0.032276 -0.055389 -0.091717 -0.018318 0.060054 0.028076 -0.075682 0.075225 0.043262 -0.030597 0.035463 0.053476
 -0.083665 0.052085 -0.017535 0.090659 0.034844 0.003243 0.011934 -0.054527 0.018332 -0.099401 0.011651 0.039858 0.000928 0.030469 -0.044658 0.040579 0.079413 0.046116 -0.079558 0.093617 0.027817 -0.070484 -0.091894 -0.093531 -0.058802 -0.098631 0.074052 -0.018451 0.055929 0.029658 0.082162 -0.021080
 0.034571 -0.065590 -0.075342 0.063843 0.052200 0.095448 -0.032232 -0.006295 0.012603 0.076811 0.029145 -0.016600 0.034452 0.065742 -0.080482 -0.043066 -0.044278 -0.010388 -0.066358 0.060559 -0.078669 -0.050257 0.025618 -0.000069 -0.080075 -0.081099 -0.067613 0.038918 0.018119 -0.005988 0.099948 -0.087321
 -0.058921 0.072135 0.069352 -0.027639 0.046183 0.047427 -0.025547 0.043517 0.047030 -0.030556 -0.010516 0.030903 0.067331 0.053312 -0.059519 0.005413 -0.095240 0.085635 0.094883 -0.008240 0.032157 0.039107 0.050922 -0.080809 0.028567 0.048788 0.061667 0.078214 -0.073590 0.095599 0.070729 -0.073350
 -0.008196 -0.094557 -0.066541 -0.014963 0.097592 0.041987 0.094320 -0.027392 -0.090411 -0.082407 -0.077822 0.098923 0.070800 -0.099297 0.086238 0.071933 -0.019014 -0.026685 0.009872 -0.035001 -0.014193 -0.045045 0.034454 -0.032078 -0.065162 0.075375 -0.032211 0.049072 -0.050286 0.071917 -0.066223 0.091800
 0.090184 0.090415 -0.073824 0.095926 -0.038011 -0.061332 -0.074517 -0.068318 -0.006480 -0.076341 -0.092206 0.062201 -0.057224 -0.099771 0.080141 0.062070 0.077258 0.024779 0.005600 -0.023794 0.027100 0.033587 0.061068 -0.092446 0.012784 -0.006648 0.086752 -0.009297 0.011769 0.024037 0.020513 0.056848
 0.082014 -0.005240 0.047361 0.092809 0.046004 0.057635 -0.097217 0.076251 0.019204 -0.029028 -0.004369 0.015227 -0.005617 -0.025452 -0.052548 0.096940 0.039448 -0.015162 0.001509 -0.035644 -0.061945 -0.055080 0.030756 0.008476 -0.047552 0.016218 -0.077212 -0.007628 0.009427 0.052125 0.044512 0.036475
 -0.089062 -0.059320 -0.040514 0.015017 -0.002934 -0.091444 -0.012650 0.051251 0.037404 0.019384 0.005320 -0.066716 0.031785 0.050922 -0.089256 -0.025585 0.006163 -0.004866 -0.010523 -0.067497 -0.037917 -0.045622 -0.037057 0.087138 0.028889 -0.084403 -0.009844 0.039220 -0.008388 -0.084782 0.010627 0.092048
]
Total memory size for keys: rot_key_cnt = 227, rot_key_size = 32847769864 bytes, total_key_size = 33076359968 bytes
Total memory size for weight plain: cnt = 344, size = 2801819840 bytes
RTLib functions         	       Count	      Elapse
--------------------    	    --------	    --------
FINALIZE_CONTEXT        	           1	    0.026847 sec
PREPARE_CONTEXT         	           1	  163.727321 sec
ENCODE_ARRAY            	         723	   33.184188 sec
ENCODE_VALUE            	        3696	    6.856042 sec
NTT                     	      481959	  575.980410 sec
INTT                    	      155623	  200.126206 sec
MAIN_GRAPH              	           1	 2331.805012 sec
 HW_ADD                  	      229864	   16.715598 sec
 HW_MUL                  	       66998	   21.007318 sec
 MULP_FAST               	       28124	   14.105410 sec
 HW_ROT                  	       60442	    5.010164 sec
 COPY_POLY               	         390	    0.145435 sec
 EXTEND                  	        1687	    2.316636 sec
 PRECOMP                 	        2831	  106.092703 sec
 MOD_DOWN                	        3334	  119.740360 sec
 FAST_DOT_PROD           	        6932	   43.628250 sec
 RESCALE_POLY            	        5761	   86.400071 sec
 COPY_CIPH               	         583	    0.485186 sec
 INIT_CIPH_SM_SC         	       20804	    1.974206 sec
 INIT_CIPH_UP_SC         	       16304	    4.298676 sec
 INIT_CIPH_DN_SC         	        2300	    3.425331 sec
 BOOTSTRAP               	          41	 1887.335845 sec
  BS_SETUP                	           1	   24.933013 sec
  BS_KEYGEN               	           1	   18.229066 sec
  BS_EVAL                 	          41	 1887.335795 sec
   BS_COEFF_TO_SLOT        	          41	  680.933701 sec
   BS_APPROX_MOD           	          41	  743.954211 sec
    CHEBY_1                 	          82	  404.022032 sec
    CHEBY_2                 	          82	  229.886297 sec
   BS_APPROX_MOD           	   sub total	  633.908329 sec
   BS_SLOT_TO_COEFF        	          41	  421.409371 sec
   BS_PRECOMP              	        2091	  490.540168 sec
   BS_MOD_DOWN             	        1189	  196.469367 sec
   BS_DOT_PROD             	        5781	  181.436198 sec
  BS_EVAL                 	   sub total	 2714.743016 sec
  FAST_SWITCH_KEY         	        5781	  181.449123 sec
 BOOTSTRAP               	   sub total	 2111.946997 sec
 PT_ENCODE               	        1334	    9.287422 sec
 PT_GET                  	       28261	    8.364159 sec
MAIN_GRAPH              	   sub total	 2330.332769 sec
Total (non-bs + bs)     	       Count	      Elapse
--------------------    	    --------	    --------
PRECOMP                 	        4922	  596.632871 sec
MOD_DOWN                	        4523	  316.209727 sec
DOT_PROD                	        5781	  181.436198 sec
2497.20s 51290168KB
Exit 0 - Check log: /app/ae_result/hpao/resnet44_cifar10_pre.all.log
LINK_EXEC RETV:0
LINK_EXEC CMD TIME:2554.446072s
