FAST_DOT_PROD=1
/app/hpao_cmplr/bin/fhe_cmplr /app/model/resnet32_cifar10_pre.onnx -o /app/ae_tmp/resnet32_cifar10_pre.onnx.c -VEC:conv_fast -CKKS:N=65536 -VEC:ms=32768 -P2C:df=/app/ae_tmp/resnet32_cifar10_pre.onnx.weight -CKKS:sk_hw=192 -O2A:ts -FHE_SCHEME:ts -VEC:ts -SIHE:ts -FHE_SCHEME:ts -POLY:ts -P2C:ts -CKKS:ts:q0=60:sf=56 -POLY:ts -P2C:ts -P2C:fp -SIHE:relu_vr_def=10
[/app/hpao_cmplr/bin/fhe_cmplr][ONNX2AIR][--] : phase_time = 0.004312 / 0.004450(s)
[/app/hpao_cmplr/bin/fhe_cmplr][SCHEME_INFO_ANALYZE][--] : phase_time = 0.000050 / 0.004511(s)
[/app/hpao_cmplr/bin/fhe_cmplr][VECTOR][--] : phase_time = 0.316035 / 0.320550(s)
[/app/hpao_cmplr/bin/fhe_cmplr][SIHE][--] : phase_time = 0.141175 / 0.461736(s)
[/app/hpao_cmplr/bin/fhe_cmplr][CKKS][--] : phase_time = 0.152231 / 0.613976(s)
[/app/hpao_cmplr/bin/fhe_cmplr][POLY][--] : phase_time = 0.599527 / 1.213512(s)
[/app/hpao_cmplr/bin/fhe_cmplr][POLY2C][--] : phase_time = 0.188929 / 1.402453(s)
COMPILE RETV:0
COMPILE CMD TIME:1.526547s
/app/hpao_cmplr resnet32_cifar10_pre.onnx /app/test/resnet32_cifar10_pre.c resnet32_cifar10_pre.onnx.c
/app/ae_tmp/resnet32_cifar10_pre.onnx.c: In function 'Main_graph':
/app/ae_tmp/resnet32_cifar10_pre.onnx.c:378:6: note: variable tracking size limit exceeded with '-fvar-tracking-assignments', retrying without
  378 | bool Main_graph() {
      |      ^~~~~~~~~~
ckks_param: _provider = 0, _poly_degree = 65536, _sec_level = 0, mul_depth = 33, _first_mod_size = 60, _scaling_mod_size = 56, _num_q_parts = 3, _num_p = 12, _num_rot_idx = 197,_hamming_wieght = 192
input(tensor): [
 0.035941 0.067119 0.071724 0.022404 0.065898 0.024504 -0.071738 -0.088322 0.069675 -0.028636 0.095297 0.063518 0.055348 -0.070385 0.055576 0.078045 -0.076899 0.085459 -0.078561 -0.042437 -0.017216 -0.034200 -0.098475 -0.058789 -0.078517 0.050374 0.001345 -0.095063 -0.032620 0.058211 0.010088 0.063274
 -0.005190 0.006019 -0.060972 -0.048067 0.040636 0.033451 0.081322 0.090692 -0.057974 0.038478 0.065644 0.098803 0.089836 -0.014385 0.069436 -0.072474 -0.058898 0.066727 -0.089091 -0.029446 -0.005992 -0.048258 -0.011778 0.033023 0.015879 -0.044255 0.020347 0.049072 0.097604 0.007067 -0.082352 -0.077972
 -0.070510 0.039489 -0.065140 -0.086336 0.011289 -0.095098 0.065546 0.041587 -0.027379 0.062437 -0.066302 -0.047568 -0.046857 -0.076604 -0.096046 0.091420 0.003522 -0.001003 0.094948 0.065289 0.089288 -0.099252 0.025511 -0.032195 0.038876 -0.078707 -0.073146 -0.030309 -0.045879 -0.092850 -0.053524 -0.019491
 0.083587 -0.088361 0.062427 0.060553 0.071465 -0.074130 0.066647 -0.090604 0.010482 0.082444 0.036320 -0.000479 -0.040486 -0.059389 0.013553 0.043115 0.056863 -0.092544 -0.020251 0.067122 -0.040208 -0.035668 0.065975 -0.069430 0.097002 0.093649 -0.007220 -0.073742 0.058905 -0.049922 0.053019 0.054544
 0.063613 -0.025883 0.005753 -0.031358 -0.010136 0.033550 0.051525 0.017626 0.056587 0.009949 -0.063825 -0.023651 0.020997 -0.029177 0.097188 0.076974 -0.043290 0.041129 0.055308 -0.000905 -0.036326 0.089223 -0.023812 0.035445 -0.081630 -0.019772 0.018879 -0.000622 -0.063344 -0.056944 -0.037185 -0.019468
 0.064371 0.018730 0.053263 0.012281 -0.019892 0.074597 0.023714 -0.020012 0.007683 0.001315 0.006152 0.018340 0.019807 -0.096414 0.080502 0.005944 0.072527 -0.001518 -0.039279 -0.044220 0.031276 -0.045127 0.044246 0.003797 -0.003945 -0.065964 -0.051623 0.054251 -0.076766 -0.026340 -0.093985 0.008624
 0.092207 0.009496 -0.014359 -0.022387 0.098325 -0.047531 0.099439 0.095183 0.098985 -0.058018 -0.079650 0.064043 0.079957 -0.069193 -0.017815 0.021908 0.039631 0.034240 -0.055488 -0.013880 -0.094417 -0.042582 0.071818 -0.035070 -0.089765 -0.015613 0.015329 0.039037 0.017078 -0.017709 0.080136 0.096944
 -0.029059 0.069925 0.066569 -0.057893 0.053301 -0.030831 -0.042904 0.080574 0.000314 -0.095097 0.082788 -0.085908 -0.048577 0.077411 0.020728 -0.065138 0.077838 0.097476 -0.038419 -0.074439 0.046824 -0.001076 0.025726 -0.063098 0.020768 -0.065876 -0.060353 -0.036969 0.069594 -0.091530 -0.054431 -0.099363
 0.037965 0.068731 -0.082572 -0.062177 0.007960 -0.098456 -0.088155 0.039041 0.095016 0.097689 -0.052325 0.058882 0.008007 0.088433 0.092623 -0.048955 0.050480 -0.014487 -0.003764 -0.041325 -0.027229 -0.043240 0.044652 0.021790 -0.071180 0.000456 -0.025167 -0.041937 0.040822 0.077788 -0.067449 0.070751
 -0.042545 0.081641 -0.092859 -0.075764 -0.051946 -0.093048 0.007497 0.000332 -0.021435 -0.004522 -0.013508 0.055820 0.097464 -0.066305 -0.079237 -0.077435 -0.062222 -0.004133 0.098502 -0.047791 0.009810 -0.005813 0.017427 -0.064244 -0.067942 0.022165 -0.048659 -0.027326 0.009930 -0.018063 -0.097190 -0.059727
 -0.098428 0.003480 0.020301 0.040896 0.063461 0.024640 0.047150 -0.083370 -0.044143 -0.028407 -0.005621 -0.051053 -0.074035 0.099846 -0.020791 -0.021626 0.094849 -0.056607 -0.017783 -0.078214 0.033466 0.000303 -0.030671 0.058142 0.000075 0.033937 -0.014116 -0.096692 0.088654 -0.087523 -0.086321 -0.058636
 -0.029895 -0.032595 0.050131 0.065199 0.066360 0.002903 0.051783 0.038314 0.062993 -0.024789 0.017359 0.021253 0.090912 0.088071 -0.095678 -0.004028 0.049344 -0.047424 -0.093614 0.089993 -0.068233 0.024682 0.029802 -0.098299 0.056742 -0.089375 -0.020102 0.073470 0.086333 -0.096274 -0.033280 -0.094324
 0.053719 0.010746 0.075560 -0.030224 0.069895 0.006181 -0.010723 0.023057 -0.076093 0.089986 -0.030295 0.020792 0.015672 0.074047 -0.010000 0.093914 0.039939 -0.041951 0.033288 0.029965 -0.037658 -0.079224 0.095547 -0.007013 -0.071680 0.063128 0.028351 -0.023057 0.005824 0.027125 0.087557 -0.053137
 0.012125 0.082603 -0.078477 0.056394 0.084817 0.061150 0.026177 0.088185 0.018895 -0.083715 -0.019843 -0.015391 0.053626 -0.006713 -0.088842 0.032111 -0.056506 -0.078095 -0.008048 0.093866 -0.040406 0.055775 0.021927 0.009878 0.025568 0.038881 -0.033426 0.005993 -0.066428 0.051638 0.086109 -0.069649
 0.086242 0.081307 0.006024 -0.051906 0.024713 0.086027 -0.036794 -0.057828 0.075857 -0.017817 -0.011664 0.042031 0.082330 0.090570 -0.027420 -0.089832 0.068527 -0.066141 0.075609 0.071782 0.079796 0.078484 -0.066438 -0.020222 -0.073301 0.091563 0.011095 0.061189 -0.063814 -0.058675 -0.096190 0.000359
 0.052970 0.036142 0.054227 0.067769 -0.022689 -0.089384 -0.038884 -0.005534 0.067221 0.072581 0.077924 -0.096112 0.083373 -0.005702 -0.008570 -0.024369 0.068874 0.005212 -0.055576 -0.061583 -0.060052 -0.032469 -0.022608 0.069188 0.067547 -0.066075 0.034719 0.000865 0.045512 0.050716 0.026970 -0.090206
 -0.018958 0.073707 -0.051026 0.037009 0.073411 0.062187 -0.085190 -0.043555 -0.043634 0.090509 0.002004 -0.077106 0.025742 -0.096443 0.003432 -0.021501 0.079226 0.063373 0.044026 -0.074704 -0.049501 0.046664 -0.089847 0.042899 0.000452 0.020108 0.006343 0.059100 0.085505 0.029739 -0.070284 -0.098973
 0.059556 0.008514 -0.063437 -0.002529 -0.032795 -0.081331 0.068227 -0.022849 -0.086781 -0.059367 -0.037616 0.017738 -0.054741 -0.019091 -0.054312 -0.016612 0.081148 -0.062392 0.079072 -0.029552 -0.012597 -0.000912 0.021794 -0.049340 0.055435 -0.053461 -0.059361 0.036236 0.065081 0.024499 0.012239 0.093562
 -0.097208 -0.039319 0.064164 0.049662 -0.025007 -0.074371 -0.092671 -0.075655 -0.028729 -0.050317 -0.035670 0.022640 -0.068908 -0.006140 -0.085693 0.058675 -0.026556 -0.076579 0.078577 -0.018601 0.069480 0.004438 0.074599 -0.054648 0.097733 0.035485 -0.043590 0.073488 -0.015952 0.053056 0.046877 0.038621
 -0.086271 -0.088887 -0.013276 0.077033 0.058761 -0.061829 -0.038818 0.024093 0.052718 -0.009056 -0.028235 -0.083655 0.050331 -0.000970 0.064498 -0.017433 0.057528 0.061050 0.067005 0.058012 0.008263 -0.026790 -0.084217 -0.036211 -0.009994 -0.033794 -0.034303 -0.073510 -0.055777 0.017767 -0.067367 -0.038227
 0.082534 -0.003292 0.090956 -0.076341 0.041616 -0.053500 -0.093303 -0.089903 -0.098435 0.058383 -0.090711 0.040994 0.055538 0.012150 -0.026398 -0.012895 0.005279 -0.039604 0.017467 -0.066113 -0.045580 0.022271 -0.083049 -0.046827 -0.084853 -0.011711 0.002708 0.089294 -0.083104 0.048962 0.055962 0.029206
 -0.017030 -0.001213 -0.024855 -0.035913 0.071643 -0.034522 -0.062779 0.097670 0.047951 0.006379 -0.088032 0.067239 -0.074598 0.096211 0.054819 -0.038896 0.077284 0.070342 0.030167 0.096084 0.066725 0.091912 0.079173 0.063144 0.095552 -0.029948 -0.048056 0.035882 -0.076197 -0.022429 -0.050959 0.033344
 -0.035212 0.033383 0.027971 -0.092979 -0.047901 -0.078493 0.039246 -0.013276 0.087642 -0.099263 -0.004351 0.060162 -0.053307 0.082486 0.094043 -0.090170 -0.047675 0.051306 -0.054673 0.002196 0.025261 -0.097007 0.028388 -0.023216 0.058848 0.042990 0.046693 0.099417 -0.071033 -0.021032 -0.064872 -0.089494
 -0.065825 0.001183 0.037667 -0.006849 0.011492 0.044506 0.081191 -0.000088 -0.045007 0.051671 0.090173 -0.012291 -0.041626 0.060028 0.060712 0.046387 -0.051524 0.098015 -0.028748 0.093684 0.050501 0.048570 0.094904 0.060596 -0.080048 -0.032880 -0.029786 -0.026751 -0.025263 -0.097972 0.073431 -0.037319
 -0.095312 0.017511 0.046277 -0.024114 0.073825 0.094919 -0.051625 -0.055612 0.009252 -0.058158 -0.043523 0.012834 -0.018956 -0.046864 0.095875 -0.069097 -0.094227 0.038825 0.092275 -0.048308 -0.005141 -0.051566 -0.044892 -0.055008 0.064955 -0.068446 0.082093 -0.058954 0.049354 0.066539 -0.012272 -0.033453
 0.085845 -0.001055 -0.003180 0.001777 0.070752 0.026477 -0.088850 -0.056779 0.096610 -0.011314 -0.078547 -0.088403 0.016140 0.057175 0.026619 0.096520 0.014440 0.058343 0.026362 0.033200 0.080433 -0.061030 -0.058714 -0.027271 0.062903 -0.078876 0.036990 0.002467 -0.080825 0.092930 0.076239 -0.037312
 0.088408 0.017824 -0.008747 -0.003785 0.009280 0.039338 0.021154 0.031964 -0.048599 -0.050512 -0.096586 -0.083728 0.020735 -0.075577 0.017722 -0.039740 0.058744 -0.086861 -0.000961 -0.025950 -0.029546 -0.046985 0.004696 -0.081127 -0.015667 0.062521 -0.056675 -0.010412 0.037573 -0.013977 0.077575 -0.039019
 -0.073341 -0.065784 0.031460 -0.011767 0.096216 0.096632 0.079662 -0.007386 0.038388 -0.050646 -0.082703 -0.035428 -0.047308 -0.076691 -0.085097 0.085426 -0.049182 0.064118 0.025696 -0.009888 -0.077412 0.034558 -0.096978 0.061457 0.058570 0.064670 0.051508 -0.005513 -0.055852 -0.054990 0.053604 0.097248
 -0.081911 0.023925 0.017489 0.059552 -0.022592 -0.082948 0.081317 0.063059 -0.034347 0.041236 0.072783 0.037484 0.032456 -0.058236 -0.034354 -0.073744 0.077151 -0.046679 0.032554 -0.003925 0.086932 -0.029255 -0.087028 -0.099207 -0.038609 0.071789 0.016036 0.025074 0.018222 0.016534 0.031974 0.083581
 -0.064295 0.096175 -0.009885 0.045183 0.071403 -0.085793 -0.014008 0.075883 -0.022356 0.091308 -0.079713 -0.060580 -0.027505 0.011280 -0.095712 -0.044253 0.070994 0.070834 -0.004772 0.019271 0.015488 -0.054085 -0.050145 0.091829 0.065028 0.082631 -0.006441 -0.017991 0.088617 0.085537 -0.067941 -0.070946
 -0.003340 -0.097821 -0.018602 -0.056922 -0.060826 -0.097044 -0.024065 -0.089708 -0.030996 -0.013095 -0.090734 -0.020218 -0.071495 0.037529 -0.068735 -0.082511 0.062185 0.009077 -0.030209 -0.034494 0.087287 0.074233 0.085069 -0.009975 0.091478 0.075208 0.058317 -0.010962 0.058266 -0.075481 0.017779 0.039334
 -0.042015 -0.093995 -0.045996 -0.063317 0.085382 -0.044024 0.030955 -0.027962 0.040900 0.027062 -0.016618 -0.092112 0.032142 0.072373 -0.092834 0.043403 0.065390 0.076212 -0.062996 0.027865 0.081967 0.040564 -0.073095 -0.093455 -0.042973 -0.031971 0.058222 0.084834 -0.053436 -0.077338 0.042460 0.031500
 -0.061679 -0.020871 -0.042626 -0.099344 0.040772 -0.069757 -0.029178 0.092911 0.063419 -0.010011 -0.000323 0.041061 0.037721 0.075887 -0.069469 -0.067810 0.026646 0.095544 0.003095 -0.094922 0.097755 -0.023511 0.041177 0.074534 0.053937 0.069012 -0.010406 -0.012864 0.085064 0.064560 -0.071427 0.012753
 -0.043467 -0.028366 -0.005334 -0.012860 0.036849 0.077615 0.087593 -0.059034 -0.061626 0.097085 0.098041 0.088654 -0.010234 0.079363 0.068519 0.054933 0.094416 0.002676 0.028811 -0.093128 0.078865 -0.084500 0.057635 -0.058288 0.011947 0.083230 -0.092463 0.050023 -0.010407 0.076253 0.005774 0.039331
 -0.079611 0.008312 -0.080570 -0.005481 0.085295 0.080084 -0.047412 0.090235 -0.013848 -0.000745 0.095040 -0.058827 -0.010167 -0.082989 0.056125 -0.097055 -0.063236 -0.079370 0.003460 0.044776 -0.097899 0.053728 0.099787 0.081593 0.083890 -0.031204 0.034514 -0.050644 0.001595 0.050689 0.014605 0.019047
 -0.095141 -0.000331 -0.087299 0.009332 -0.002428 -0.073285 -0.092079 -0.023866 0.097805 -0.049368 -0.017115 -0.025156 0.032119 -0.030523 0.040605 -0.058353 0.037200 -0.023444 0.005046 0.059055 -0.039005 -0.072132 0.030005 0.045669 -0.019471 -0.075416 -0.056255 0.089363 0.030399 -0.015690 -0.031706 -0.064851
 -0.002008 -0.003950 -0.086225 0.013956 0.081470 0.013018 0.037537 0.028084 -0.003451 -0.066337 -0.076281 0.044294 0.092491 -0.024115 -0.015665 -0.010574 -0.085857 -0.084620 0.009967 -0.034746 0.010266 -0.004791 -0.073068 0.034011 0.038580 -0.073367 0.072064 -0.095119 -0.009209 0.046806 -0.096446 -0.001669
 0.064582 -0.039654 0.087805 -0.054621 0.060172 -0.033969 -0.064773 -0.087475 0.098444 0.091190 -0.043165 0.088738 0.084437 -0.032930 -0.091504 0.027348 -0.029779 -0.054287 0.090749 -0.073866 0.012893 -0.031534 -0.088098 0.078280 -0.056495 -0.096313 0.065201 0.052604 -0.058150 0.010571 -0.073865 0.015131
 -0.002795 0.093306 0.013245 -0.064917 -0.009802 0.046413 0.090970 0.031572 0.001978 -0.050237 0.090424 -0.078525 -0.041085 0.096193 0.049429 -0.078940 -0.042138 -0.051519 -0.050889 0.020808 -0.042056 -0.091430 0.030889 -0.006887 0.040654 -0.040820 -0.000739 0.096905 -0.082671 -0.063882 -0.010553 0.029928
 -0.048539 0.020597 -0.010683 0.088450 0.093809 -0.048566 -0.092288 0.064021 -0.061153 -0.094245 0.038917 0.005420 0.078801 -0.090954 0.056828 0.081067 -0.036208 -0.077046 0.045248 -0.066811 0.094435 0.074311 0.062052 0.012606 0.016074 -0.012007 0.004778 0.005780 -0.052107 -0.017566 0.074942 -0.016159
 0.043468 -0.050212 -0.046514 -0.072587 -0.034767 0.032791 -0.098873 0.018589 0.073053 0.026943 0.032089 0.000649 0.068631 -0.075485 -0.071326 0.030666 0.031840 0.045903 0.098471 0.074247 -0.031704 -0.058716 -0.051978 -0.042390 0.029892 0.059432 0.011022 -0.096633 -0.062385 -0.052224 0.019253 0.055309
 0.035162 0.061086 -0.074243 0.084101 -0.071618 -0.043067 0.088233 0.017639 -0.005500 -0.017970 0.005643 -0.096397 0.036542 -0.071394 0.005856 -0.030099 0.007685 -0.017563 -0.056158 0.010210 0.043524 0.068381 0.001928 0.043149 0.023741 -0.040906 0.047037 0.050120 -0.068826 0.086311 -0.049382 -0.094376
 -0.024332 -0.000502 -0.042905 0.038563 0.051388 -0.049911 0.026638 -0.013728 0.027183 -0.083072 0.033856 -0.065636 -0.086354 0.028287 -0.036090 0.064384 0.056660 -0.041749 -0.041823 -0.080458 -0.089225 0.061584 -0.078201 -0.079747 0.079893 -0.056143 0.051546 0.078456 -0.099560 0.071209 -0.075242 0.082253
 0.070904 -0.028541 0.077076 0.073535 -0.023051 0.027040 -0.075908 0.044684 -0.018667 -0.022195 0.039322 -0.070787 -0.031269 -0.097869 0.087870 0.045857 -0.055550 -0.066462 -0.080429 0.046747 -0.085461 0.059980 0.027452 0.089201 0.082479 -0.005891 0.094918 0.019540 0.019732 0.066507 -0.079618 -0.053535
 -0.071371 -0.032907 -0.003272 -0.096320 0.091197 0.027387 0.030212 0.019169 0.020677 -0.036702 0.004928 -0.066400 -0.022656 -0.007001 0.030751 -0.012468 0.054706 -0.089548 -0.007705 -0.004086 -0.097841 -0.012952 0.096392 0.044564 0.098589 -0.072284 -0.084901 0.008345 -0.039209 -0.079071 -0.001178 -0.074391
 0.025895 -0.076437 0.052146 0.028683 0.037813 -0.059702 0.088074 0.013567 0.098991 0.094550 -0.092543 0.011557 -0.013115 0.084365 0.092593 0.089086 -0.072196 0.020438 -0.047887 0.059898 -0.080807 -0.077413 -0.094308 0.037398 0.074493 0.053331 -0.040908 0.094123 0.031689 -0.025107 -0.087645 -0.032976
 -0.013384 -0.028546 -0.057522 0.084598 -0.099382 0.008960 -0.077840 0.009790 0.089157 0.049699 0.098769 -0.066996 0.022471 0.070574 0.043246 -0.000660 0.000766 0.043837 0.044008 0.025534 -0.083047 0.074114 0.013730 0.098127 0.096866 0.074289 0.081108 -0.023458 -0.020033 0.073377 -0.017732 0.086052
 -0.023933 -0.060162 -0.048447 0.023992 0.042777 -0.072963 -0.056366 -0.054688 -0.050815 0.005825 -0.043633 -0.059290 0.019071 0.035496 -0.031284 0.056814 0.017662 0.019079 -0.030165 0.037380 0.035396 -0.073964 -0.092182 -0.057992 -0.077015 0.054046 0.007480 -0.070347 0.002883 -0.066228 -0.093704 -0.026476
 0.002192 -0.052400 -0.018111 0.035961 0.025354 -0.017093 -0.032167 -0.035746 0.042011 -0.035518 -0.029552 -0.003005 -0.082332 0.014773 0.093300 0.083917 0.099581 -0.064000 -0.000434 -0.078663 -0.039379 0.039880 0.005659 0.071801 0.035716 0.046745 0.088274 -0.013220 -0.055827 -0.079516 0.089983 -0.085782
 0.048127 -0.020594 -0.069186 -0.026153 -0.046864 0.092205 0.006865 -0.043169 -0.050395 -0.004670 -0.030534 -0.050498 -0.054288 0.021711 0.041485 0.001071 0.015842 -0.056725 0.044736 0.041235 0.087131 -0.038346 -0.038100 0.092668 -0.004460 -0.029026 -0.061346 0.059242 0.007300 0.048306 -0.034783 -0.067627
 -0.084488 -0.062064 0.012043 -0.059484 0.091572 0.038271 -0.072272 -0.056244 -0.073680 0.068044 0.093787 -0.054113 -0.056406 0.073698 0.000799 0.069941 -0.015836 -0.010556 -0.068920 0.019818 0.021542 -0.051310 -0.012981 0.014004 0.097534 0.005777 -0.062107 0.063383 0.083787 -0.068406 0.094350 -0.098378
 -0.082505 -0.098909 -0.099679 0.082416 0.077387 -0.070141 -0.016487 0.016860 -0.079978 -0.003476 -0.003178 -0.067770 0.060709 0.006154 0.011313 0.093907 0.063597 -0.055541 0.086340 -0.067208 -0.090612 -0.051054 -0.008562 -0.042822 -0.056759 -0.080592 0.059805 -0.011078 0.070518 -0.027193 -0.034977 -0.051685
 -0.001572 -0.026320 -0.006099 -0.003625 0.028104 0.075983 0.050736 -0.000726 -0.010382 -0.050677 -0.000112 0.090862 0.017514 -0.053317 0.036763 -0.055232 0.076160 0.086503 -0.030058 -0.037251 0.060458 0.003273 0.018237 -0.003678 0.028419 -0.060992 -0.058956 -0.019419 -0.059805 -0.073757 -0.054646 -0.063470
 -0.023725 -0.034699 0.065906 -0.094870 -0.096029 0.096061 0.081201 -0.003881 -0.037918 0.024293 0.067242 -0.001431 0.007318 0.058754 -0.062279 -0.069885 0.014320 0.074963 -0.005433 -0.077035 -0.030652 0.042250 0.063089 -0.068611 0.095754 0.054602 -0.007565 0.059248 0.051772 0.010444 0.090834 0.098679
 -0.064272 -0.076351 -0.069537 0.034613 0.008986 0.075668 0.073470 0.068393 0.058133 0.067866 0.077357 0.096867 0.029632 0.062933 -0.041708 0.099336 0.009301 0.045154 -0.032084 0.033675 0.085191 0.081808 0.084243 0.042352 0.079012 0.014534 0.023307 0.024982 0.021292 0.088812 0.007551 0.021657
 0.071981 0.078981 -0.071787 -0.061892 0.039166 -0.047146 -0.011586 0.089925 0.068047 0.080792 -0.088088 -0.069364 -0.010389 0.034522 -0.008730 -0.026833 0.078493 -0.055897 -0.014130 -0.014391 0.056994 -0.052176 0.054478 0.016036 0.072307 0.009930 -0.085733 -0.000138 -0.069050 -0.026711 0.097523 -0.020958
 0.030047 -0.058170 -0.042862 -0.002676 -0.033286 0.067898 -0.017390 0.030825 0.090446 -0.006393 -0.097947 0.040617 0.036080 0.039588 0.008650 0.035458 -0.015640 -0.046815 0.006930 0.044468 0.045223 -0.021493 0.020672 -0.060265 -0.096212 0.094470 0.093345 0.071697 -0.074492 -0.043537 0.066038 -0.095177
 0.090922 0.030005 0.035021 0.029408 0.024162 0.033808 -0.015920 0.055446 -0.035390 -0.066576 -0.043658 0.064011 -0.084834 0.099374 0.010817 -0.013797 0.026594 -0.024270 -0.054181 -0.079589 -0.098095 -0.017587 0.032793 0.096595 -0.033437 0.010531 -0.082504 0.015599 -0.029360 -0.081835 0.064043 -0.051251
 0.008399 0.082564 0.061148 -0.059756 -0.045517 0.092851 -0.033002 -0.006198 -0.049228 -0.049921 0.090719 0.015326 -0.012229 0.099506 -0.081008 0.052818 0.095872 -0.086182 0.076988 0.015866 -0.004227 0.086684 -0.049198 0.085539 0.050803 -0.017958 -0.094734 0.063161 0.032030 0.017101 -0.089188 0.045223
 -0.093621 0.096893 -0.012733 -0.043087 -0.050875 0.019889 0.041858 -0.003226 -0.099720 -0.012102 -0.098569 0.010564 0.082029 -0.026095 0.076723 -0.049578 -0.070945 0.092419 0.054409 -0.094281 -0.077160 -0.086749 0.085407 -0.084718 0.093260 0.022609 -0.068215 0.055210 -0.003285 0.010169 0.064507 0.092263
 0.029561 -0.078357 0.036091 0.006726 -0.040433 0.002581 0.015137 0.025535 -0.066072 0.033195 0.036412 -0.083901 0.046596 0.014301 0.063353 0.008122 -0.039913 -0.023769 -0.082259 0.016794 -0.005960 0.039009 0.096193 -0.085280 -0.024230 -0.098017 0.037760 0.008401 0.086871 -0.046324 -0.087127 0.074940
 0.031899 0.085244 0.059477 0.046168 0.037537 -0.078954 0.018381 0.061464 -0.047463 -0.014810 0.055304 0.079952 -0.050836 -0.064987 0.067776 0.038200 -0.000134 -0.038348 -0.098592 -0.038181 -0.044447 0.042285 -0.041227 0.030887 -0.011597 -0.009102 -0.016828 0.074526 0.075454 -0.031334 0.083194 0.068782
 0.007516 -0.039854 0.070382 0.035309 0.078592 -0.061138 0.098163 -0.072119 -0.090022 -0.051829 0.095307 0.060200 -0.079151 -0.067320 0.093851 0.001678 -0.023682 -0.052460 -0.066607 0.046851 0.030991 -0.095147 0.065745 -0.010384 0.083592 -0.039311 0.044498 0.028114 -0.092333 0.046855 0.005139 -0.009879
 0.030403 0.085976 0.026686 0.008954 0.030064 0.030284 0.067479 0.054128 -0.054702 -0.089053 0.078358 0.068972 -0.084808 0.067021 0.089053 -0.064071 0.072868 0.097819 0.001903 -0.076980 0.043013 -0.031101 0.013235 0.021891 -0.001615 0.080229 0.089790 0.066321 -0.036774 -0.001950 -0.045117 -0.039059
 0.026374 -0.050805 -0.091592 0.088746 0.045228 0.051931 -0.074226 -0.063606 0.020353 -0.016465 0.091049 0.012774 -0.096376 -0.092625 -0.068638 -0.047068 -0.000033 0.096179 -0.033994 0.059839 -0.087144 0.061206 -0.056919 -0.021674 0.073881 0.090033 0.010033 -0.059672 -0.051241 -0.016908 -0.091199 -0.029509
 -0.007650 -0.030192 0.055138 -0.084988 0.087706 0.078408 -0.066130 0.084900 0.042176 -0.083942 0.008584 -0.083872 -0.032003 0.019396 -0.064196 -0.055441 -0.043165 0.024377 0.070682 0.019935 -0.004842 -0.038336 -0.087549 -0.016288 -0.066122 -0.040392 -0.055218 -0.062799 0.092545 0.007257 0.001092 -0.068488
 0.033663 0.064609 -0.039966 -0.090584 0.094451 0.031880 -0.027211 0.007896 -0.078815 -0.053323 -0.052083 -0.028806 -0.036976 -0.022389 0.036346 0.040633 0.097208 -0.093600 -0.008195 0.038445 -0.038111 -0.078921 -0.014546 -0.072905 0.084880 -0.095412 0.032020 -0.048189 -0.064643 -0.031635 -0.011495 0.020017
 0.096967 -0.091435 -0.040249 -0.018333 0.029260 -0.065183 -0.072369 -0.034010 -0.002363 0.080017 -0.059681 -0.085559 0.076432 -0.099832 -0.093406 0.084014 -0.046395 -0.025742 -0.049497 -0.084663 0.093745 0.098625 -0.029357 -0.014448 0.015710 -0.062129 0.038201 0.053357 0.076676 0.012418 0.044427 -0.054699
 -0.005936 0.045534 0.070704 0.061499 -0.052653 -0.072884 -0.050872 -0.078667 0.091195 -0.035006 0.000062 -0.034806 0.085185 0.036851 -0.070570 -0.065425 0.054337 0.064467 0.027951 -0.046117 0.065258 0.007259 -0.052398 -0.068320 0.002126 0.058693 0.098721 -0.007779 -0.041855 0.087465 -0.053851 0.070892
 0.062639 0.085268 -0.001859 0.088334 -0.066539 -0.016857 -0.024255 0.058275 0.088694 0.040765 -0.058592 0.054603 -0.017647 0.025739 0.052582 -0.020588 -0.055038 0.044180 0.055998 -0.034084 0.064238 0.052663 -0.086172 -0.077494 -0.026524 -0.005274 0.063960 0.027850 0.011419 0.009843 -0.017931 -0.029711
 0.045358 -0.052603 -0.062522 -0.005230 -0.050448 -0.001711 -0.062301 0.096504 0.014754 -0.066280 0.051027 0.093442 0.012064 -0.062438 -0.023392 -0.071056 0.062939 0.053632 -0.026041 -0.057894 0.087815 0.002197 -0.078134 -0.012120 0.070607 0.017254 -0.069724 -0.075151 -0.010218 -0.060422 0.082225 0.082667
 0.073189 0.099533 -0.009770 0.073265 0.078674 0.075881 -0.079972 -0.093600 0.094236 0.049753 0.059187 -0.005599 -0.015159 0.079071 -0.067326 -0.094800 -0.016127 0.082382 0.043308 0.070036 -0.061270 0.053844 0.057489 -0.078349 -0.086809 -0.089204 0.086693 -0.033337 0.026245 0.081514 0.087291 0.061490
 0.084064 -0.046101 -0.009804 0.094513 0.091983 0.011180 -0.025680 0.054119 0.069547 -0.043181 0.054373 0.022240 -0.005523 -0.021414 -0.063250 -0.009015 0.050194 0.078325 -0.031945 -0.038221 -0.019430 -0.053168 -0.041828 -0.079687 0.005399 0.096338 -0.025541 0.091561 -0.071826 0.033765 0.089959 0.043894
 -0.010769 0.087689 -0.073435 0.086297 0.012733 -0.066879 -0.037944 0.085488 -0.066236 -0.093054 0.059509 0.046141 0.057322 0.033883 0.095130 -0.040113 0.091684 -0.012251 -0.076239 0.099463 -0.042236 0.043064 -0.032848 -0.029285 -0.006702 -0.075988 -0.005560 -0.045153 -0.056966 -0.013483 -0.043103 0.063177
 -0.004712 0.016920 0.070527 0.049845 0.079250 0.018075 0.015258 0.067237 0.077567 -0.032601 0.007051 -0.093985 0.045625 0.025876 0.019639 0.084929 -0.047846 0.038199 -0.072704 -0.068452 -0.041628 -0.019028 -0.099691 0.071440 0.054421 0.034655 0.016359 -0.069478 -0.094950 -0.032024 -0.048364 -0.074266
 0.095617 0.090338 0.091378 0.094025 0.015749 -0.034783 -0.071124 0.056594 0.022249 -0.004351 0.025508 -0.098411 0.006094 -0.015503 -0.076522 0.014673 -0.040551 -0.066105 -0.020635 0.006911 -0.039693 -0.037428 -0.075315 -0.063094 -0.052033 0.006489 -0.039721 0.053495 0.013226 0.019647 -0.025724 -0.041326
 -0.043427 0.002576 -0.013184 -0.010685 -0.079639 0.015574 -0.029205 -0.036141 -0.092694 -0.014556 -0.093190 -0.025191 0.050734 0.058789 -0.019904 -0.039488 -0.029998 -0.006826 0.082346 0.070450 0.067585 -0.094261 0.059624 0.083191 -0.066017 0.047059 0.003729 0.023490 0.092812 0.057908 0.098415 0.086804
 0.064906 0.005585 -0.069076 -0.061446 -0.019890 -0.081510 -0.000611 -0.086396 0.065443 0.075494 -0.034717 -0.060398 0.092527 -0.033384 -0.032558 0.052245 -0.023861 -0.005855 -0.019643 -0.031059 0.068362 -0.097589 -0.024658 0.009852 0.056872 -0.071883 -0.065822 0.027537 -0.048135 0.047150 0.044577 -0.015113
 -0.041738 -0.045903 0.043816 0.020643 0.037294 -0.049081 0.074142 -0.034630 -0.010401 0.036125 0.086360 0.020269 0.074474 -0.087216 0.051900 0.071860 -0.096473 -0.012447 0.057053 0.070666 0.022422 0.069670 0.028071 -0.044998 0.055715 0.049930 0.085869 0.095870 -0.023354 -0.024740 -0.029484 0.022434
 0.082200 -0.067412 -0.037980 0.059115 -0.079624 -0.009417 0.035957 -0.037218 -0.088766 0.028823 -0.063331 0.067631 -0.042469 -0.051271 0.006537 0.045599 0.077801 0.036302 -0.012310 -0.051899 -0.077345 0.014854 -0.023031 0.091128 0.039575 0.062528 -0.043189 0.084761 -0.062936 0.037412 0.030954 0.051234
 -0.065945 0.009933 -0.074970 -0.006189 -0.059767 0.013770 0.002740 0.074310 -0.059029 0.063444 0.004778 -0.008533 -0.060433 -0.055379 0.099407 -0.019101 -0.047635 -0.054801 -0.023748 -0.058757 0.053344 0.011717 0.070122 0.097866 -0.026606 0.092885 -0.048264 0.047055 -0.055021 0.071971 0.010796 -0.078016
 -0.008441 0.029360 0.097926 -0.008311 -0.062002 0.023532 -0.011750 -0.096398 0.003108 -0.096831 -0.004452 0.008597 0.030249 0.044013 0.017660 -0.094294 -0.037249 -0.008979 -0.021582 0.071543 0.016052 0.009260 0.088940 0.048076 -0.022297 0.069383 -0.043355 -0.090016 -0.065188 -0.058125 0.060749 0.057053
 -0.014229 -0.023876 0.048531 0.034950 -0.022776 -0.052466 -0.094421 0.052884 0.079770 -0.081451 0.066696 0.096972 0.051825 0.094166 -0.064399 0.039552 0.018735 0.096919 0.066649 0.074973 0.053054 -0.019536 0.090262 0.067729 0.096408 -0.047476 0.023977 -0.080230 0.062367 0.005287 -0.035638 0.042570
 0.078593 0.024915 0.004278 -0.005136 -0.040265 -0.033105 0.015885 -0.099495 -0.004437 -0.085085 0.060622 0.023464 -0.032717 -0.095721 -0.030356 -0.075710 -0.093604 -0.041292 -0.056516 -0.085540 -0.088421 -0.089813 0.046345 0.080742 0.020248 -0.067443 0.028247 0.000947 0.032008 0.067577 0.060629 -0.091588
 0.097626 -0.074425 -0.009606 0.057730 0.066865 -0.048077 -0.014170 0.003299 -0.090535 -0.030528 0.055599 0.052103 -0.022766 -0.081278 -0.060626 0.027466 -0.057781 0.060442 0.052660 0.032806 0.070689 -0.011614 -0.032826 0.036109 0.031551 -0.073730 -0.036142 -0.034891 0.077413 -0.043875 -0.042521 -0.035751
 -0.041185 0.000541 -0.090955 0.005303 -0.098470 -0.051510 -0.055903 0.022770 0.099774 0.050012 0.092241 -0.055106 0.075699 -0.060908 0.087364 -0.000569 -0.040336 -0.010053 -0.068543 0.062323 -0.021479 -0.037467 0.092039 0.011158 -0.035396 -0.037563 -0.080878 -0.068840 -0.003943 0.026598 0.021739 -0.048760
 0.076970 0.060544 0.031563 0.038521 0.064100 0.024264 0.011896 -0.053503 -0.018483 -0.028945 -0.047482 -0.082319 -0.092722 0.034175 0.093321 0.049406 -0.045520 0.072898 0.023658 0.038866 -0.013999 -0.036295 -0.094338 0.084489 0.088941 0.022513 -0.092320 0.022721 -0.030369 0.031093 -0.026059 0.077584
 0.036920 0.047186 -0.018801 0.004748 -0.084823 -0.021849 -0.064189 0.030828 -0.037851 -0.057429 0.087687 0.093743 0.069386 -0.021179 -0.090373 -0.057947 -0.052767 -0.020294 -0.061246 -0.017305 -0.018116 0.011469 -0.051585 0.041631 0.009632 -0.079357 0.050356 -0.060852 -0.015412 -0.015778 -0.032928 -0.008333
 -0.004788 -0.014652 -0.018803 0.043670 -0.028442 -0.038372 0.073267 -0.076375 -0.074959 0.039077 0.056449 -0.072815 -0.083380 -0.011836 0.071214 0.023864 -0.073577 0.051739 -0.040863 0.051775 0.070800 0.071994 0.004136 -0.087134 -0.030479 0.068831 -0.092737 -0.020282 0.081246 0.024333 -0.088278 0.043871
 0.054830 0.035320 -0.001140 -0.001531 0.017873 -0.025033 0.005608 -0.017924 -0.034519 0.029224 -0.013593 0.047369 -0.049191 0.018170 -0.083172 0.010388 -0.010075 -0.091960 -0.020541 0.003526 -0.033786 -0.012224 -0.015377 -0.071210 0.091978 0.070337 0.033967 0.089566 0.077867 0.019896 0.070198 -0.089853
 0.026162 -0.002603 -0.085079 -0.058796 0.075947 -0.022725 -0.055530 0.089863 -0.092240 -0.052523 0.095582 -0.039295 -0.044376 0.056542 0.054182 -0.087992 0.068493 -0.012430 -0.027507 0.053764 0.083284 -0.000747 0.008629 -0.057504 -0.048104 0.027419 -0.078820 -0.028346 -0.011632 0.076434 0.088665 -0.022268
 0.034560 -0.069200 -0.064702 0.022609 0.095474 0.019632 -0.082030 -0.059702 0.070651 -0.092525 -0.005642 0.052839 0.030552 0.046997 -0.060612 0.057718 -0.089805 0.067046 0.015210 -0.033818 -0.050686 -0.004310 0.015433 -0.035105 0.078935 0.044734 -0.022267 -0.000851 0.067327 -0.022525 -0.004902 -0.043713
 0.072394 -0.030530 0.025673 -0.062498 -0.046673 0.025959 -0.041622 -0.085521 0.050149 -0.000308 -0.089871 0.093984 -0.068449 0.034922 -0.064737 -0.067559 0.083458 0.065539 -0.093906 0.022210 -0.076882 0.033563 -0.040117 -0.015223 -0.060588 -0.008061 -0.070638 -0.052559 -0.030388 -0.081125 -0.097768 0.028452
 0.025306 0.035833 0.013071 0.052416 0.041514 -0.099957 0.024461 0.079846 0.083799 -0.033860 -0.006192 -0.081624 -0.069635 -0.077945 0.081973 0.099541 0.089226 0.089247 -0.061152 0.079178 -0.076103 -0.039969 0.058378 0.005514 -0.025017 -0.071044 -0.008808 0.079005 0.007206 -0.024955 0.095630 -0.014341
 0.053460 0.099713 -0.071362 -0.057780 0.022242 0.093607 0.098109 0.003883 -0.048456 0.094062 0.067074 0.033991 -0.028424 -0.011924 0.025709 -0.036560 0.042161 0.039974 0.084975 -0.020789 -0.022874 -0.098813 -0.010199 0.018537 0.085782 -0.045644 -0.028197 -0.013085 0.004966 -0.019388 0.007886 0.031228
 0.061247 0.031030 -0.069671 0.063471 -0.066258 0.087949 0.056050 0.097913 0.013644 -0.047612 -0.050325 -0.006224 -0.078475 0.001538 0.077050 0.058097 0.017385 -0.031759 0.027877 -0.068161 -0.084059 0.035128 -0.075391 0.035007 0.083521 -0.053635 0.055563 0.095294 -0.050946 0.058879 0.071904 -0.086187
]
Total memory size for keys: rot_key_cnt = 227, rot_key_size = 32847769864 bytes, total_key_size = 33076359968 bytes
Total memory size for weight plain: cnt = 10379, size = 20261332760 bytes
RTLib functions         	       Count	      Elapse
--------------------    	    --------	    --------
FINALIZE_CONTEXT        	           1	    0.036801 sec
PREPARE_CONTEXT         	           1	  164.117940 sec
ENCODE_ARRAY            	       10758	  102.668020 sec
ENCODE_VALUE            	        2628	    5.245843 sec
NTT                     	      410914	  489.978517 sec
INTT                    	      146256	  187.342629 sec
MAIN_GRAPH              	           1	 1819.311489 sec
 HW_ADD                  	      120652	    8.642470 sec
 HW_MUL                  	      118178	   35.165065 sec
 HW_ROT                  	       12406	    1.130544 sec
 COPY_POLY               	         282	    0.105840 sec
 PRECOMP                 	        2574	   97.126999 sec
 MOD_DOWN                	        5148	  159.027817 sec
 FAST_DOT_PROD           	        5148	   34.606211 sec
 RESCALE_POLY            	        4165	   63.930883 sec
 COPY_CIPH               	         427	    0.385120 sec
 INIT_CIPH_SM_SC         	       14958	    1.349493 sec
 INIT_CIPH_UP_SC         	       11648	    2.997539 sec
 INIT_CIPH_DN_SC         	        1664	    1.614033 sec
 BOOTSTRAP               	          29	 1333.167278 sec
  BS_SETUP                	           1	   25.090683 sec
  BS_KEYGEN               	           1	   18.067989 sec
  BS_EVAL                 	          29	 1333.167253 sec
   BS_COEFF_TO_SLOT        	          29	  483.648579 sec
   BS_APPROX_MOD           	          29	  518.730482 sec
    CHEBY_1                 	          58	  277.443541 sec
    CHEBY_2                 	          58	  160.658505 sec
   BS_APPROX_MOD           	   sub total	  438.102046 sec
   BS_SLOT_TO_COEFF        	          29	  301.612780 sec
   BS_PRECOMP              	        1479	  317.997908 sec
   BS_MOD_DOWN             	         841	  137.240263 sec
   BS_DOT_PROD             	        4089	  135.100778 sec
  BS_EVAL                 	   sub total	 1894.330790 sec
  FAST_SWITCH_KEY         	        4089	  135.111405 sec
 BOOTSTRAP               	   sub total	 1511.437330 sec
 PT_ENCODE               	       11093	   78.830444 sec
MAIN_GRAPH              	   sub total	 1818.079735 sec
Total (non-bs + bs)     	       Count	      Elapse
--------------------    	    --------	    --------
PRECOMP                 	        4053	  415.124908 sec
MOD_DOWN                	        5989	  296.268080 sec
DOT_PROD                	        4089	  135.100778 sec
1985.43s 42230612KB
Exit 0 - Check log: /app/ae_result/hpao/resnet32_cifar10_pre.lmr.log
LINK_EXEC RETV:0
LINK_EXEC CMD TIME:2021.292458s
