FAST_DOT_PROD=0
/app/hpao_cmplr/bin/fhe_cmplr /app/model/resnet44_cifar10_x2.onnx -o /app/ae_tmp/resnet44_cifar10_x2.onnx.c -POLY:mdh -VEC:conv_fast -CKKS:N=65536 -VEC:ms=32768 -P2C:df=/app/ae_tmp/resnet44_cifar10_x2.onnx.weight -CKKS:sk_hw=192 -O2A:ts -FHE_SCHEME:ts -VEC:ts -SIHE:ts -FHE_SCHEME:ts -POLY:ts -P2C:ts -CKKS:ts:q0=60:sf=56 -POLY:ts -P2C:ts -P2C:fp -SIHE:relu_vr_def=10 -CKKS:resbm=1
FML[0x10000000] "input", TYP[0x12](record,"CIPHERTEXT")
: [scale=1,level=1]
FML[0x10000000] "input", TYP[0x12](record,"CIPHERTEXT")
: [scale=1,level=2]
FML[0x10000000] "input", TYP[0x12](record,"CIPHERTEXT")
: [scale=1,level=3]
FML[0x10000000] "input", TYP[0x12](record,"CIPHERTEXT")
: [scale=1,level=4]
FML[0x10000000] "input", TYP[0x12](record,"CIPHERTEXT")
: [scale=1,level=5]
FML[0x10000000] "input", TYP[0x12](record,"CIPHERTEXT")
: [scale=1,level=6]
FML[0x10000000] "input", TYP[0x12](record,"CIPHERTEXT")
: [scale=1,level=7]
FML[0x10000000] "input", TYP[0x12](record,"CIPHERTEXT")
: [scale=1,level=8]
FML[0x10000000] "input", TYP[0x12](record,"CIPHERTEXT")
: [scale=1,level=9]
FML[0x10000000] "input", TYP[0x12](record,"CIPHERTEXT")
: [scale=1,level=10]
FML[0x10000000] "input", TYP[0x12](record,"CIPHERTEXT")
: [scale=1,level=11]
FML[0x10000000] "input", TYP[0x12](record,"CIPHERTEXT")
: [scale=1,level=12]
FML[0x10000000] "input", TYP[0x12](record,"CIPHERTEXT")
: [scale=1,level=13]
FML[0x10000000] "input", TYP[0x12](record,"CIPHERTEXT")
: [scale=1,level=14]
FML[0x10000000] "input", TYP[0x12](record,"CIPHERTEXT")
: [scale=1,level=15]
FML[0x10000000] "input", TYP[0x12](record,"CIPHERTEXT")
: [scale=1,level=16]
FML[0x10000000] "input", TYP[0x12](record,"CIPHERTEXT")
: [scale=1,level=17]
FML[0x10000000] "input", TYP[0x12](record,"CIPHERTEXT")
: [scale=1,level=18]
FML[0x10000000] "input", TYP[0x12](record,"CIPHERTEXT")
: [scale=1,level=19]
FML[0x10000000] "input", TYP[0x12](record,"CIPHERTEXT")
: [scale=1,level=20]
FML[0x10000000] "input", TYP[0x12](record,"CIPHERTEXT")
: [scale=1,level=21]
FML[0x10000000] "input", TYP[0x12](record,"CIPHERTEXT")
: [scale=1,level=22]
FML[0x10000000] "input", TYP[0x12](record,"CIPHERTEXT")
: [scale=1,level=23]
FML[0x10000000] "input", TYP[0x12](record,"CIPHERTEXT")
: [scale=1,level=24]
FML[0x10000000] "input", TYP[0x12](record,"CIPHERTEXT")
: [scale=1,level=25]
FML[0x10000000] "input", TYP[0x12](record,"CIPHERTEXT")
: [scale=1,level=26]
FML[0x10000000] "input", TYP[0x12](record,"CIPHERTEXT")
: [scale=1,level=27]
FML[0x10000000] "input", TYP[0x12](record,"CIPHERTEXT")
: [scale=1,level=28]
FML[0x10000000] "input", TYP[0x12](record,"CIPHERTEXT")
: [scale=1,level=29]
FML[0x10000000] "input", TYP[0x12](record,"CIPHERTEXT")
: [scale=1,level=30]
FML[0x10000000] "input", TYP[0x12](record,"CIPHERTEXT")
: [scale=1,level=31]
RESBM consume 1.38519 sec.
[/app/hpao_cmplr/bin/fhe_cmplr][ONNX2AIR][--] : phase_time = 0.006101 / 0.006274(s)
[/app/hpao_cmplr/bin/fhe_cmplr][SCHEME_INFO_ANALYZE][--] : phase_time = 0.000059 / 0.006344(s)
[/app/hpao_cmplr/bin/fhe_cmplr][VECTOR][--] : phase_time = 0.432754 / 0.439102(s)
[/app/hpao_cmplr/bin/fhe_cmplr][SIHE][--] : phase_time = 0.196630 / 0.635746(s)
[/app/hpao_cmplr/bin/fhe_cmplr][CKKS][--] : phase_time = 1.606877 / 2.242637(s)
[/app/hpao_cmplr/bin/fhe_cmplr][POLY][--] : phase_time = 1.044295 / 3.286947(s)
[/app/hpao_cmplr/bin/fhe_cmplr][POLY2C][--] : phase_time = 0.244461 / 3.531426(s)
COMPILE RETV:0
COMPILE CMD TIME:3.955276s
/app/hpao_cmplr resnet44_cifar10_x2.onnx /app/test/resnet44_cifar10_x2.c resnet44_cifar10_x2.onnx.c
/app/ae_tmp/resnet44_cifar10_x2.onnx.c: In function 'Main_graph':
/app/ae_tmp/resnet44_cifar10_x2.onnx.c:407:6: note: variable tracking size limit exceeded with '-fvar-tracking-assignments', retrying without
  407 | bool Main_graph() {
      |      ^~~~~~~~~~
ckks_param: _provider = 0, _poly_degree = 65536, _sec_level = 0, mul_depth = 28, _first_mod_size = 60, _scaling_mod_size = 56, _num_q_parts = 3, _num_p = 10, _num_rot_idx = 197,_hamming_wieght = 192
input(tensor): [
 0.005805 -0.006657 0.008611 -0.004670 -0.008545 -0.004959 0.000299 0.007998 0.009395 0.006881 0.003949 0.000245 0.001322 -0.007203 -0.007005 -0.004308 0.009115 -0.003866 0.006175 0.008637 -0.005535 0.002888 -0.002551 0.004194 0.004863 0.005968 0.005759 -0.008857 0.002971 -0.002655 -0.001220 0.004135
 0.009110 -0.000500 0.001331 0.005419 -0.004346 -0.002885 0.004434 -0.009197 0.007544 -0.006000 -0.002387 0.008119 0.005023 0.006205 -0.006447 0.005535 -0.005284 -0.002562 0.009731 0.004245 -0.005169 -0.000607 -0.003420 0.004730 0.009624 0.005555 0.007015 0.006897 -0.006554 -0.004403 0.007306 -0.007972
 -0.002017 0.009910 0.004216 -0.007323 0.003297 0.009479 0.005741 -0.004616 0.004600 -0.003521 0.002683 0.006443 -0.000742 -0.006241 -0.005747 -0.000109 -0.003521 0.009564 0.005933 0.009207 -0.000772 -0.005127 0.003280 -0.004724 -0.004207 0.008792 -0.003722 -0.009345 -0.008020 -0.003025 0.007690 -0.000177
 -0.008467 0.002738 -0.006634 -0.003396 0.003937 0.005804 0.001186 -0.001447 -0.003991 0.006193 0.008723 -0.005066 -0.001304 -0.006308 0.007518 0.005801 0.008441 -0.001105 -0.000108 -0.003756 0.009387 0.004215 -0.001128 0.000301 0.001402 0.005445 0.006476 0.004934 -0.006898 0.004647 -0.009297 0.002739
 -0.008002 -0.001984 0.003852 -0.000079 -0.006396 0.005537 0.001596 -0.009130 -0.002409 -0.004403 0.006245 -0.006464 0.009382 -0.002657 0.005107 -0.006327 0.000072 0.006612 0.003007 -0.000576 -0.003564 -0.007927 0.009957 -0.009006 -0.008399 0.001036 0.003672 -0.000003 0.003898 -0.008811 0.006428 0.006181
 -0.009767 0.005236 0.003047 -0.001705 -0.000075 -0.001213 -0.003970 0.004800 -0.000193 -0.001318 0.005176 0.004771 0.009585 0.004186 -0.001763 0.001798 -0.007406 0.009687 -0.008589 0.004881 -0.000088 0.000199 0.004798 0.003655 -0.009493 -0.009066 0.005460 -0.000035 -0.000701 -0.009410 0.007787 -0.009749
 0.002682 -0.000936 0.009334 -0.005532 0.003808 0.003449 -0.000869 0.000629 0.003347 -0.009008 -0.008390 0.002759 0.000315 0.004544 -0.007953 -0.002473 -0.005071 -0.006364 0.002133 -0.000549 0.007614 0.004158 0.003041 0.008995 -0.001321 0.000426 0.009571 -0.005723 -0.004817 -0.004024 -0.005647 -0.005328
 -0.005637 0.004616 0.005239 -0.003287 -0.002132 -0.002213 0.004248 -0.004470 -0.004045 0.008404 0.004963 0.008560 0.003885 -0.000955 -0.008162 -0.009771 0.009983 -0.001581 -0.000705 0.001293 -0.005643 -0.002871 0.003265 0.002647 -0.006185 -0.005804 -0.007780 -0.005303 0.003780 0.000113 0.006661 0.005675
 -0.001308 0.002827 0.006224 -0.003916 0.004154 -0.000463 0.002024 0.002027 0.004885 0.004935 -0.003056 0.007619 0.005023 -0.005008 0.005445 0.003637 -0.005000 0.006214 0.009620 0.003030 0.007317 -0.007166 -0.000996 0.002504 0.002434 0.004894 -0.003648 -0.003384 0.006239 0.004721 0.009366 -0.007162
 0.000017 0.004146 -0.008623 0.007197 -0.000429 -0.007528 0.002174 -0.009050 -0.005609 0.006667 -0.005068 0.008070 -0.002924 -0.000710 0.008734 -0.002079 -0.002973 0.009444 -0.000038 -0.009054 0.008977 0.005037 0.000998 0.006308 -0.005419 0.008673 0.003504 0.005125 -0.005878 -0.005339 -0.002150 0.003410
 -0.006898 0.007990 -0.009563 -0.004034 -0.000984 -0.008292 -0.005904 0.000164 -0.005570 -0.009779 -0.009890 0.000442 -0.000105 -0.007985 -0.009079 -0.002879 -0.002858 0.004490 -0.005351 0.003916 -0.003920 0.008288 -0.007242 -0.008453 0.000323 0.000013 -0.007330 -0.006674 0.006150 -0.001800 0.007738 -0.003576
 0.008579 0.003867 -0.000223 -0.003804 0.001729 -0.003894 0.002597 -0.002749 0.002347 -0.005908 -0.006005 -0.007865 -0.007494 -0.006635 0.007917 -0.000021 0.007851 -0.005920 0.005781 0.005585 0.005691 -0.004224 0.004948 -0.003716 -0.002796 0.005104 -0.000123 0.003739 0.009825 -0.007091 -0.003005 0.001063
 0.008692 0.004693 -0.002258 -0.006445 0.002938 -0.005895 -0.007478 0.007919 0.008472 -0.005533 0.000749 -0.005977 -0.009929 -0.008558 0.005842 0.007371 -0.007141 0.005305 -0.003937 -0.008040 -0.008045 0.003624 0.008168 0.005900 0.008638 -0.004631 0.005850 -0.009818 0.000409 -0.002454 -0.004147 -0.000719
 -0.000383 -0.003910 -0.007067 -0.000830 -0.008382 0.009003 0.004235 -0.001565 -0.009805 -0.003683 -0.006535 -0.002661 0.001929 0.008129 0.000667 -0.001702 -0.008583 -0.003777 -0.003911 -0.005505 -0.003493 -0.007588 0.003049 0.007435 0.006497 -0.002398 -0.004320 -0.006601 -0.006584 0.001200 -0.001783 -0.004434
 0.009420 0.000881 -0.003740 0.006875 0.006303 -0.000927 0.002991 0.006651 -0.006291 0.008291 0.000141 -0.009989 0.006735 -0.004856 -0.004507 -0.000664 0.006500 0.007759 -0.008798 0.000210 -0.008993 -0.000863 -0.001634 0.002721 -0.005254 0.005148 -0.002490 -0.008313 0.009319 -0.009172 0.004852 -0.007778
 -0.006918 0.006854 0.005788 -0.002362 -0.009094 -0.000684 -0.006751 0.003547 -0.003392 -0.008783 -0.001482 0.000448 0.001939 -0.000084 0.008160 -0.001064 -0.000005 -0.001962 -0.002444 0.001643 0.001816 0.000192 -0.005408 -0.009817 0.002653 0.009033 0.008785 -0.007306 0.005057 -0.007742 -0.005298 -0.008038
 0.004634 0.004278 -0.003735 -0.002015 -0.004943 0.003339 -0.001110 0.006890 -0.008079 0.005184 -0.005035 0.003785 0.000603 0.001315 0.003685 0.001576 -0.004116 -0.007788 -0.002527 -0.009698 0.004109 -0.003937 0.007032 0.003192 -0.003373 -0.003652 0.000544 -0.006842 -0.009343 -0.009880 -0.001007 0.000517
 0.009434 0.003316 0.009211 0.008261 -0.008059 -0.006067 -0.003981 0.007989 -0.006378 0.000844 -0.001619 0.007613 -0.000145 0.002975 0.006126 0.005870 0.008415 -0.008086 -0.000358 0.008211 0.003710 0.000382 -0.009730 0.005423 -0.008257 -0.006486 -0.007192 0.007362 -0.008212 -0.004663 -0.006069 -0.001205
 0.005011 0.009608 -0.001825 -0.003701 -0.005948 0.002053 0.004665 -0.003050 -0.003395 -0.008400 0.006757 0.003229 0.002815 -0.007971 0.006564 0.002200 -0.009891 -0.008108 0.006482 -0.006783 0.009532 -0.008818 -0.006859 0.004734 0.000205 0.009730 0.004929 0.007599 0.002214 -0.009026 -0.007945 0.009884
 0.003280 0.000333 -0.009063 0.009462 0.008216 0.001594 0.008441 -0.003164 0.009770 -0.008621 -0.007747 0.004508 -0.000639 0.008667 -0.007298 0.001676 0.002530 -0.004540 0.009546 -0.009002 0.000812 -0.001307 -0.002045 0.003020 0.008221 -0.001593 0.003185 -0.002522 0.009871 0.002877 -0.007126 -0.007829
 0.003783 -0.004427 0.000961 0.001630 0.001394 0.004716 -0.000815 -0.006121 0.003838 -0.004172 0.002744 -0.001789 0.007242 -0.007452 -0.005408 0.002492 -0.002363 -0.003608 0.006129 0.002062 0.001030 -0.006931 -0.001308 -0.005470 -0.001615 0.008315 -0.009190 0.009206 -0.001356 -0.008729 0.005133 -0.005006
 -0.005381 0.008784 0.000841 0.009642 -0.005079 0.002639 -0.007066 -0.008400 0.008120 -0.005260 0.006556 0.005478 0.003023 0.007012 -0.009971 0.002558 0.002640 -0.004327 -0.006291 0.008499 0.009686 0.005618 0.005877 -0.002726 -0.002302 0.006446 -0.004654 0.003628 0.003417 -0.004249 -0.009625 0.005400
 -0.003516 -0.000393 -0.003829 0.004613 0.004105 0.002023 0.004890 0.007676 -0.001760 0.004594 -0.009119 -0.003291 0.002740 0.004773 0.009600 0.005764 -0.005277 0.009022 -0.006760 0.002750 -0.003780 -0.004558 -0.005125 0.004077 -0.009221 -0.004516 -0.004368 0.000728 -0.007909 0.006582 0.005148 0.000222
 0.004254 0.006607 -0.008914 0.007897 0.000249 -0.003076 0.001546 -0.003812 -0.006627 -0.005585 0.008452 0.001887 0.007706 0.004843 0.007410 -0.000398 0.006108 0.000899 -0.004506 0.002466 0.006245 -0.005728 0.006092 0.000131 0.004207 0.009102 0.007633 0.009114 0.009679 0.009725 -0.003330 -0.000105
 0.007625 0.008698 -0.006464 0.004102 0.008960 -0.008941 -0.000384 0.004418 -0.009109 0.002465 -0.009790 0.003144 -0.008386 -0.003816 0.003578 -0.001496 0.008493 -0.005457 0.004657 -0.004720 0.003190 -0.006310 0.000395 0.000073 0.003172 -0.008349 -0.007363 -0.003175 0.009951 0.004191 -0.004088 0.000772
 0.003119 -0.006911 0.009365 -0.009144 -0.002906 -0.009017 0.000159 0.002677 0.007531 0.002194 0.001417 -0.006958 0.008491 0.001572 0.002962 0.001802 0.009582 -0.006847 -0.008795 -0.004512 0.000700 -0.008339 0.009734 -0.009391 0.007117 -0.000344 -0.002833 0.007166 -0.003542 -0.007274 -0.001486 0.006825
 0.006226 -0.008382 -0.001090 0.007764 0.005465 0.007422 0.001701 0.002007 0.003658 -0.008767 0.003596 -0.008230 -0.006718 0.006285 0.006455 0.000438 -0.000785 -0.001862 0.001558 0.000799 -0.005166 0.006342 0.001704 0.007274 -0.007560 -0.000771 -0.001837 -0.002969 -0.006549 -0.002717 0.001827 -0.002335
 -0.000275 -0.001216 -0.004730 -0.002052 0.007681 -0.000024 -0.009926 0.009552 -0.007632 -0.001353 0.006486 0.007078 -0.001862 0.003386 0.000149 -0.007053 0.006878 -0.001113 0.009045 0.006414 0.008790 0.007184 -0.000864 -0.008959 0.007343 0.000988 0.007208 -0.002808 0.006461 0.008131 -0.008249 -0.009658
 -0.001840 -0.007888 0.006436 -0.007353 0.006723 0.004230 0.006123 0.005457 -0.003636 -0.007693 0.006845 0.001808 0.003561 -0.004914 0.007589 -0.007940 -0.005020 -0.001697 -0.000826 -0.004316 0.006079 0.001674 -0.004084 -0.004273 -0.005784 0.000521 0.009255 -0.009205 -0.001725 0.001666 0.001734 -0.001927
 0.000527 0.004674 0.007744 0.008739 -0.008426 0.004866 -0.003661 0.002541 0.002460 0.000735 -0.001314 0.008365 0.001071 0.009360 0.004933 0.008994 -0.003999 0.009033 -0.002675 0.009175 0.008689 0.002181 -0.007115 -0.009254 -0.009975 0.005003 -0.007534 0.009315 0.000877 -0.006103 0.002310 0.005713
 -0.004489 0.001644 0.004290 -0.008757 -0.008203 -0.002284 -0.004035 0.002839 -0.009151 0.004563 -0.002399 0.008601 0.005249 -0.007377 0.004432 -0.003462 -0.009629 0.002478 0.003957 0.009444 0.009631 -0.006807 0.002260 -0.003533 0.009230 0.007957 0.009991 0.008773 0.004207 -0.000562 -0.009097 0.006007
 -0.008451 0.006427 -0.006994 0.008602 0.004141 -0.009260 -0.001670 -0.002367 0.003527 -0.005674 0.007843 0.009252 0.005975 -0.003559 -0.003557 -0.003450 0.006968 -0.003706 -0.001579 0.007905 0.004442 0.007549 0.001583 0.003686 -0.002839 0.006551 0.008741 -0.005803 0.003890 0.005756 0.008565 0.006949
 -0.000540 -0.005022 0.002250 -0.006139 0.000866 -0.007063 0.001828 0.006941 -0.008795 0.003835 -0.006655 -0.008243 0.002222 0.002809 -0.003788 0.007346 -0.009444 -0.005577 0.008700 -0.001987 0.002735 -0.001735 -0.007066 0.001451 -0.008404 0.009266 0.004430 0.000027 -0.009878 0.006016 -0.008163 0.006887
 0.008179 0.005157 0.008896 -0.005918 0.006023 0.006088 -0.004597 -0.006698 0.009355 0.003507 -0.006250 0.004518 -0.002327 0.001232 0.005024 -0.003157 0.006792 -0.009463 0.003619 -0.002353 -0.006510 -0.008680 -0.004985 0.000299 0.009902 0.002019 0.007282 -0.000573 -0.003101 -0.008439 -0.004411 -0.007634
 0.007188 0.006349 -0.004931 0.004469 0.002090 -0.004687 0.002284 0.009098 0.009505 -0.000217 0.004201 -0.008942 -0.008863 0.009237 0.006477 -0.001104 -0.003273 -0.001116 0.001766 0.000515 -0.005978 -0.006136 0.003665 -0.004402 0.003256 0.000853 0.008112 -0.002781 0.001676 -0.004673 -0.008564 -0.003680
 -0.009033 -0.007084 -0.005998 0.008123 -0.004613 0.001297 0.005110 -0.002910 0.001014 0.008553 0.000570 0.007702 0.000293 0.002174 0.004095 0.000591 -0.009818 -0.004949 -0.003030 0.004138 -0.000798 -0.009750 -0.006527 0.009588 0.001580 -0.003903 0.001379 -0.000255 -0.002339 -0.006375 0.000205 0.003900
 -0.009331 -0.005515 0.006842 -0.004997 0.008094 0.006417 0.007505 0.007446 0.009143 -0.000112 0.001267 0.002463 0.005268 -0.003606 -0.009714 0.006492 0.007634 0.002209 0.004884 0.003225 0.000260 0.004472 0.006072 0.002132 -0.001468 -0.002837 0.006765 0.000147 0.003146 -0.009378 -0.008261 0.000936
 0.006312 0.001801 0.007669 0.001155 -0.004243 -0.007922 -0.000145 0.005709 0.006011 -0.005018 -0.004260 -0.007759 0.005474 -0.007167 0.009088 0.004539 0.009111 0.003669 -0.008687 0.008794 0.004935 0.001120 0.004811 -0.006464 0.000491 0.000793 -0.009267 -0.005980 -0.005728 -0.002591 0.003790 -0.004886
 0.009417 0.004944 0.005362 0.003060 0.008446 -0.000364 0.000759 0.007009 0.005803 -0.004193 0.004463 -0.005248 -0.006108 -0.007260 0.002192 -0.007325 -0.004584 -0.002279 0.000634 0.008043 -0.008390 -0.003102 -0.003893 -0.006565 0.007789 0.003066 -0.009312 0.005640 -0.009827 0.002961 0.001126 -0.006071
 -0.002615 -0.001934 -0.006262 0.001602 0.000286 0.000235 -0.004862 0.009809 0.003144 0.008437 -0.004533 0.002559 0.006150 -0.004521 0.006807 -0.004747 0.001938 0.009550 -0.001670 0.007404 -0.002234 0.001190 -0.004592 0.002160 0.008449 -0.009611 0.009612 -0.005596 -0.009903 0.005105 -0.006160 0.006536
 0.003436 -0.002302 0.004834 0.001350 -0.006215 0.008196 -0.008842 0.002535 0.008218 -0.001948 0.000628 -0.001893 0.001035 -0.007673 -0.009384 -0.002920 0.000881 -0.007786 0.006187 -0.007854 0.004890 0.008008 0.006132 0.001237 -0.003557 -0.004115 0.002308 0.001769 0.009179 -0.007187 -0.009193 -0.000751
 -0.000771 -0.000781 0.009752 -0.003921 -0.004543 0.006866 0.000829 -0.006628 0.008692 0.002317 -0.006879 0.007061 -0.002798 -0.001658 0.006160 -0.006058 -0.003439 -0.001883 -0.004899 -0.007149 0.005932 -0.008724 -0.000902 -0.003491 0.005073 -0.009987 -0.001087 -0.007129 -0.002583 -0.007442 -0.008599 -0.004174
 0.003813 0.004158 0.002235 -0.002255 0.006595 0.006847 -0.008201 0.005814 -0.009159 0.003572 -0.007329 -0.005042 0.006220 -0.000993 0.005453 0.006773 -0.006697 -0.001873 0.003925 0.002129 0.009640 -0.003901 -0.003868 0.006931 -0.004393 0.005486 -0.003891 0.009890 -0.003093 0.002284 -0.004563 0.001554
 0.007507 -0.008741 -0.008264 -0.008108 -0.001812 0.001849 -0.007128 0.005105 -0.007582 0.007737 -0.004738 0.008506 -0.003469 0.005979 -0.000690 0.006328 0.007986 0.004244 0.008992 -0.002431 0.007177 -0.003972 0.004270 -0.001051 0.005884 -0.002802 -0.000854 -0.003453 0.008156 0.006878 0.000459 -0.008880
 -0.002125 -0.002387 0.009871 0.006720 -0.002849 -0.008040 -0.008544 -0.007658 -0.001295 -0.000877 -0.008862 0.007124 0.005017 -0.000462 -0.000862 -0.002588 -0.008662 0.004622 -0.008037 0.003742 -0.000902 -0.008571 0.001024 0.001840 -0.004076 0.006488 -0.001036 -0.009460 -0.009484 0.003222 0.006147 0.005776
 0.001260 -0.005638 0.007974 0.009295 0.008493 -0.005814 0.004303 -0.005244 0.000505 -0.000032 -0.002964 -0.007188 -0.002524 -0.005967 0.005914 -0.007381 -0.007673 -0.003806 -0.002531 0.002256 0.001901 -0.006419 -0.005704 0.005358 -0.003287 -0.004611 0.003065 -0.001495 -0.009436 -0.001909 0.004453 -0.003267
 0.002858 0.002855 -0.005263 -0.004943 0.005995 -0.006401 -0.009127 -0.005809 0.001037 -0.001774 -0.001157 0.003012 0.008052 0.002431 -0.003096 0.003795 0.000408 -0.004200 0.009390 0.001571 0.007236 -0.001022 -0.005765 0.004654 0.003119 0.009443 0.000010 -0.002489 -0.003193 -0.006849 -0.006005 0.005133
 0.009289 -0.004120 -0.006969 0.002709 0.009368 0.003427 -0.004575 0.007199 0.004008 0.001792 -0.007989 0.002574 -0.003451 -0.006576 0.000116 0.001063 0.004701 -0.007222 -0.000045 -0.005629 0.001900 -0.005185 0.005086 -0.004786 0.005210 -0.005385 0.008908 0.004720 0.006904 0.006914 0.008732 -0.006272
 -0.009854 -0.006086 -0.006770 -0.007406 -0.006741 0.004311 -0.004888 -0.002608 -0.002178 0.001740 -0.005960 -0.009632 0.002934 -0.007324 -0.008652 0.008015 0.004456 -0.009522 0.006476 -0.006202 0.005788 -0.005552 -0.006401 -0.005023 -0.006806 -0.003033 -0.002025 -0.004124 0.004966 -0.004847 0.002851 0.002452
 0.006224 -0.009384 0.004581 0.004558 0.000185 -0.002806 0.003407 -0.002420 -0.006472 -0.003050 0.000977 -0.003819 0.008740 0.000891 0.005663 -0.007480 -0.000387 0.002021 0.001623 0.002643 -0.004881 -0.005405 -0.002912 0.005060 -0.008420 -0.002020 -0.007306 -0.001599 0.009772 -0.000156 0.008053 0.003467
 -0.008350 0.004183 0.009642 -0.009471 -0.008219 -0.000866 0.009596 0.002788 0.007720 -0.003773 0.007676 -0.009738 -0.009719 0.005710 -0.009721 -0.005630 -0.001730 0.009033 0.006842 0.001915 0.001938 0.001148 0.007903 -0.002981 -0.004670 -0.002356 0.008499 0.009528 0.009595 0.001883 0.000835 -0.005485
 0.005630 0.000065 -0.003904 0.002072 -0.003605 -0.005860 0.007294 0.003955 0.009331 0.008990 0.008831 -0.000430 -0.002224 0.002048 -0.000263 0.001360 -0.008903 0.002718 -0.005563 -0.002576 -0.009511 -0.004178 0.009938 0.004940 0.002447 0.002843 -0.005972 0.001232 0.009766 0.004648 0.008725 -0.003048
 -0.001636 -0.002018 0.007125 0.009177 -0.009638 0.009250 0.003501 0.005668 -0.004219 -0.004867 0.000172 0.006308 0.003637 0.005028 -0.009193 0.004078 -0.003582 -0.006106 0.006864 0.001528 0.009478 0.006807 -0.009034 -0.001490 -0.001889 -0.009254 0.005421 -0.002188 0.000116 0.003495 0.008550 -0.001467
 -0.001599 -0.003028 -0.009721 -0.000529 -0.001595 0.004071 0.004401 -0.008710 -0.004812 -0.008049 -0.000750 0.008135 -0.007967 -0.000182 0.002065 0.008297 0.009409 -0.009244 0.006440 -0.003052 0.001776 -0.009499 0.003179 -0.004200 -0.002795 0.001699 -0.004013 -0.000421 0.008293 -0.005255 0.009301 0.000008
 0.009341 0.009278 -0.002937 -0.009337 -0.000263 -0.001828 0.000870 0.006667 0.001088 0.008179 0.008029 0.004720 0.006894 0.005814 0.001275 0.008079 -0.001895 0.005274 -0.004697 -0.002932 0.000321 -0.008417 0.007289 0.005377 -0.005649 0.000076 0.006496 0.004438 0.009138 -0.009006 -0.004452 0.009807
 -0.002978 0.003100 0.007560 0.008140 -0.001395 -0.007605 0.003467 0.007836 0.009122 0.006343 0.002032 -0.002755 0.007224 0.001458 -0.009584 -0.001237 0.001927 0.009238 -0.004494 0.001761 0.008034 0.001088 0.005960 0.009049 -0.008990 0.007943 -0.005852 0.005712 0.002532 0.001521 -0.009737 0.006623
 0.008607 -0.003477 0.003281 0.001615 -0.002629 0.006377 0.006429 0.006344 0.005866 0.003109 -0.004915 -0.009389 -0.004923 -0.000428 0.005790 0.000951 0.005801 -0.007190 -0.006568 -0.001547 -0.008976 -0.005407 0.003613 -0.008705 -0.006684 0.008323 0.003445 -0.000596 0.006431 -0.004867 0.003784 0.002007
 0.005439 -0.006851 -0.008515 0.004210 -0.009381 -0.003531 0.001813 -0.009825 0.002122 -0.004136 0.008063 -0.000863 0.002289 0.000001 0.009244 -0.009889 0.002615 0.003652 -0.009719 0.006622 0.004260 0.005914 0.005856 -0.006353 0.002030 0.003671 -0.008123 0.001473 0.006958 0.001017 -0.003127 -0.005713
 0.003009 -0.001261 0.001394 -0.000508 -0.006797 0.000355 0.002528 0.008618 -0.005718 0.005954 -0.009656 -0.005983 -0.001898 0.003290 0.000536 0.004424 -0.001330 0.009112 0.007532 -0.009296 -0.009761 0.005266 0.001610 -0.000697 -0.004784 0.002792 -0.004707 0.001294 0.007307 -0.006860 -0.003961 0.003046
 0.000966 0.000905 0.001056 0.002865 -0.006725 -0.007515 0.001030 -0.006094 0.000089 0.001305 0.008249 0.007440 0.008901 0.002869 -0.008501 0.009157 -0.000771 0.007569 -0.006048 -0.000462 0.004605 0.000353 0.005184 0.007145 -0.009378 -0.009979 0.001047 -0.007577 0.007311 -0.008718 0.002890 -0.006281
 0.004411 -0.002382 -0.005249 0.009016 -0.007880 -0.008401 0.002508 0.005395 0.007825 0.000678 0.000456 -0.008963 0.001029 0.005798 -0.000557 0.007577 0.005053 0.004621 0.004048 0.003695 -0.002514 -0.004350 -0.005052 -0.006065 0.004398 -0.005705 0.007215 -0.001220 0.001068 -0.002954 -0.006828 0.008406
 -0.000293 0.003498 -0.000214 0.004451 0.006692 -0.008287 -0.009876 -0.002547 -0.006630 -0.001997 -0.000312 -0.005382 -0.007187 0.003353 0.007254 -0.006155 0.006292 0.005281 -0.005358 -0.002245 -0.004861 0.000653 0.008901 -0.009859 0.002242 0.002145 0.004604 -0.001979 0.008683 -0.001874 -0.002763 -0.000472
 0.005898 -0.000078 0.008679 0.000412 0.000597 0.001368 -0.009327 -0.002228 -0.001509 -0.009772 -0.005531 0.009189 0.006010 0.009799 0.007612 -0.002614 -0.000037 -0.002913 -0.004730 0.005815 -0.001466 0.009955 -0.006058 0.004631 0.008884 -0.000918 0.006863 -0.003163 0.000801 0.006536 -0.003864 -0.005849
 0.008316 0.006326 -0.003141 -0.008502 -0.004208 -0.006170 0.000312 -0.009864 -0.008695 0.009739 -0.003297 0.000230 0.001846 0.007284 0.008880 -0.004500 -0.000975 -0.004877 -0.008292 -0.006694 0.001189 -0.002966 0.006847 0.007093 -0.006512 -0.004650 0.009815 -0.006966 0.003338 -0.007962 0.000397 0.001000
 -0.000967 -0.008595 0.008717 0.005818 -0.002835 0.007002 -0.000874 -0.003917 0.005248 0.005217 -0.008404 -0.003804 -0.001629 -0.003943 0.001124 0.007565 -0.001257 0.009894 -0.006119 -0.007785 -0.009111 0.003789 -0.003346 0.009688 0.002261 0.007735 0.003174 0.005670 -0.004790 -0.002315 -0.003087 -0.006360
 0.000629 0.007916 -0.003800 0.007216 -0.009596 -0.008038 -0.002720 -0.008734 -0.003596 0.006565 0.002653 0.005356 -0.000183 0.002916 -0.006785 -0.008294 -0.007423 -0.000370 0.004294 -0.008508 0.003451 0.000181 0.008169 -0.003184 0.008829 -0.009863 0.006623 -0.003262 -0.002545 0.009105 0.000788 -0.006568
 0.001579 0.007333 -0.000520 -0.000370 0.008619 0.001666 -0.008525 -0.002321 -0.006986 -0.007211 0.005299 0.006097 0.009930 0.009793 0.008044 0.000105 0.000957 -0.009213 -0.004388 -0.004530 0.004948 0.000044 -0.002960 0.004759 0.004586 -0.002421 0.000225 -0.008141 0.004276 0.007828 0.002706 0.005304
 0.001568 0.000718 -0.000992 -0.007860 0.002371 -0.002214 -0.003127 0.001345 -0.009108 -0.004701 0.006651 0.005733 -0.002578 -0.006122 -0.000526 0.007581 0.002606 0.000161 -0.006514 0.003775 -0.005537 0.006035 -0.004848 -0.005804 0.005524 0.006312 -0.006142 -0.003179 0.005551 -0.000205 0.000214 -0.004496
 -0.000858 -0.003551 0.000894 0.002813 0.000686 -0.005588 0.000132 0.008344 -0.008493 0.008146 -0.000809 0.000086 0.002527 0.009538 0.008250 0.006105 0.003319 0.003298 0.001889 -0.007719 -0.007495 0.003738 -0.004378 -0.002092 0.008435 0.002646 0.004243 0.009662 -0.008682 0.000989 0.004925 -0.001653
 -0.009902 -0.007626 -0.008110 0.009057 0.009752 -0.008776 0.004317 0.005372 0.004992 -0.005513 -0.003270 0.000702 -0.005343 0.007664 0.001447 0.004057 -0.007647 0.001374 -0.000020 -0.003941 -0.001294 -0.005461 -0.003122 -0.001603 -0.009854 -0.002024 0.000914 0.002569 -0.007056 -0.003784 0.003246 -0.006518
 0.009958 -0.004009 -0.001718 0.003534 -0.001810 -0.000952 0.007662 0.004352 -0.006404 0.000738 0.004979 -0.006825 -0.007942 -0.000986 -0.003353 0.000002 -0.008005 0.007812 0.003867 -0.005786 -0.000789 0.009948 -0.004697 0.009561 -0.002846 0.001392 0.002894 0.002927 0.007110 -0.004569 0.004856 -0.001511
 -0.000773 -0.008299 -0.003858 -0.006999 0.004682 -0.000431 -0.002735 -0.000431 0.001776 -0.005674 0.007711 -0.000331 -0.000305 0.006469 0.000684 -0.006645 -0.000122 0.009690 0.009879 -0.007428 0.001461 0.005682 0.004229 0.006727 -0.009324 0.006894 -0.007934 0.005828 -0.005347 0.001825 -0.004258 0.006340
 -0.009173 -0.001249 0.008187 0.002537 -0.005027 -0.000395 -0.009845 -0.002235 0.009612 0.004485 -0.000627 -0.001073 0.000461 0.003799 -0.000625 -0.006755 0.000719 -0.000832 -0.008110 -0.009888 -0.009481 0.002766 0.007516 0.004203 0.000832 -0.008466 0.008132 0.002544 0.007298 0.006452 -0.005565 -0.009938
 -0.003011 -0.006242 -0.000562 0.003810 0.008106 -0.003680 -0.001500 0.001852 -0.009596 -0.000720 -0.000914 -0.008604 -0.004884 -0.001182 0.007211 -0.006851 -0.002706 0.007798 0.006288 0.009803 0.009687 0.008068 0.005991 0.002966 -0.001486 -0.007688 0.002887 -0.000122 -0.000383 0.004153 0.002004 0.005241
 -0.002749 0.006557 0.001304 -0.003619 0.003330 0.006733 -0.002009 -0.005831 -0.009561 0.009405 0.000134 -0.004245 0.001063 -0.002931 -0.009030 -0.001887 -0.003908 -0.005551 -0.005691 -0.001401 0.006033 -0.008488 -0.008163 -0.003450 -0.006650 -0.008034 0.007138 -0.007902 -0.001539 -0.001583 -0.003758 -0.002433
 0.008396 -0.004128 -0.005161 -0.009126 -0.003966 0.006917 0.000510 -0.003669 -0.007899 0.006829 -0.006210 -0.000773 -0.006529 -0.002214 0.004781 0.004593 0.003676 -0.006187 -0.000999 0.009512 -0.000198 -0.006404 -0.003402 0.007052 -0.004893 0.001294 -0.008223 0.001504 0.008169 -0.007121 -0.007288 -0.002021
 -0.009055 -0.005544 -0.001994 -0.007272 -0.002931 0.001077 0.002168 0.002906 0.005935 0.006039 0.007261 -0.000609 -0.008347 0.009014 -0.006364 0.000109 -0.005908 0.007124 0.007756 -0.001401 0.007138 0.006274 0.009573 -0.004921 0.005941 -0.005656 -0.004630 -0.005505 -0.008640 -0.004143 0.001649 -0.003304
 0.007036 -0.001349 0.003206 -0.005043 0.003977 0.009973 0.009322 0.007557 -0.005129 -0.008110 0.004639 0.004591 0.001826 -0.009841 0.002535 0.005642 -0.004140 0.002217 0.001747 -0.007975 -0.006016 -0.005710 0.000849 0.006010 0.005635 -0.005153 -0.009746 0.003955 -0.002038 0.000598 0.006264 -0.003752
 -0.007282 -0.001635 0.007128 0.008857 -0.009867 -0.007134 0.003301 0.000750 -0.002493 0.005106 -0.006122 -0.007387 -0.000527 0.009634 -0.001195 -0.000838 -0.000055 0.003686 -0.008199 0.008366 0.005645 0.007729 -0.006579 -0.005438 -0.008090 0.006877 0.005791 -0.009757 0.009292 0.000751 0.003872 0.008469
 -0.003350 0.000852 -0.003905 0.009745 -0.002570 0.003077 -0.004323 -0.000816 -0.001478 0.000410 0.002856 -0.007502 -0.004483 -0.000053 -0.002351 0.003781 0.001967 -0.004666 -0.009854 0.009077 -0.000206 -0.006847 0.008284 0.005387 0.003595 -0.002438 0.002871 0.008926 0.005005 0.004414 0.000325 0.006731
 -0.005224 -0.007423 0.006982 -0.001739 -0.009536 0.000280 -0.005262 -0.000262 -0.007908 -0.000673 0.007059 0.006925 0.000278 -0.007097 0.002890 0.008304 -0.009515 0.007513 -0.005367 -0.008193 0.008605 -0.007957 -0.005526 0.001254 0.004150 -0.002950 0.008259 -0.007326 -0.009579 -0.008369 -0.006679 0.006193
 0.002952 -0.000965 0.009981 0.004384 0.006028 -0.002191 0.001138 0.006957 0.004848 -0.006022 0.009320 0.007549 -0.005846 -0.006412 -0.004860 0.004441 0.002916 -0.008983 -0.003446 0.009154 -0.002730 0.009216 0.006101 0.009401 -0.000419 0.005380 -0.003821 0.003503 -0.002403 -0.000357 -0.004246 0.006994
 0.005158 0.003195 0.000679 0.007882 -0.005799 -0.006979 -0.009395 0.007855 -0.000701 0.003819 0.009951 -0.009578 -0.007402 0.004645 -0.004742 -0.003140 -0.006358 0.004579 0.000606 0.009103 -0.008968 -0.004363 0.001989 -0.005533 0.001713 -0.005113 -0.005304 -0.007471 0.009351 -0.002953 -0.008520 -0.009895
 -0.009430 -0.001138 -0.001631 -0.004973 -0.000270 -0.001132 -0.003863 0.001629 -0.007951 -0.000710 0.000172 -0.003099 -0.002542 -0.008699 -0.009186 -0.007071 0.009858 0.003044 -0.007572 -0.007913 -0.004034 0.000265 0.001770 0.008327 -0.007326 0.000244 0.009552 -0.002322 -0.009724 -0.009749 -0.006153 0.000297
 -0.009566 -0.008667 -0.005875 -0.001182 0.005534 0.009155 -0.003406 -0.005515 0.001685 -0.001415 0.001514 0.000237 0.009497 0.008098 -0.005536 -0.001256 0.003792 0.003240 -0.003153 0.006351 0.002234 -0.005014 0.004421 -0.000765 0.002163 0.000574 0.004457 -0.006857 -0.004372 0.002218 -0.000892 -0.006512
 -0.003165 0.003332 -0.000328 0.005198 -0.009997 0.009818 -0.007290 -0.004788 0.002484 0.000524 0.007479 -0.004026 -0.004214 0.004106 -0.006723 -0.005183 -0.004169 0.000517 -0.002023 -0.008851 -0.005366 0.009781 -0.002942 -0.009687 -0.004039 0.009263 0.008991 -0.002710 0.007731 0.000493 -0.009937 0.003806
 0.002935 -0.005692 -0.009356 -0.005825 0.008147 0.009508 0.001260 0.003184 0.002250 -0.007387 -0.005822 -0.002983 0.003752 0.006167 -0.001061 0.005555 -0.002254 0.000800 -0.006140 -0.009006 -0.003721 -0.004626 0.000274 0.002173 -0.009226 0.003812 -0.004404 -0.000783 0.004996 0.002667 -0.003734 -0.005719
 -0.007349 0.003664 0.008326 -0.009194 0.001260 0.007798 -0.001845 -0.002132 0.003724 0.006455 -0.009050 -0.001122 0.000073 0.007614 -0.005933 -0.002093 -0.005910 -0.002910 -0.000397 0.005734 -0.004982 0.005354 0.001095 0.006586 0.009470 -0.007333 0.001371 -0.001485 0.003335 -0.006071 -0.008125 0.006804
 -0.009257 0.002429 0.005869 -0.000138 0.004784 -0.000540 -0.004864 0.007799 -0.008912 0.002996 -0.003690 0.000887 0.009237 -0.000407 0.005017 0.008689 -0.001315 0.002087 -0.007856 -0.004773 0.007598 -0.001830 -0.005497 -0.004952 -0.003110 -0.009248 -0.001565 0.004099 -0.008112 -0.005966 0.001145 0.007165
 -0.005001 -0.005304 -0.008799 -0.001187 -0.000237 -0.005564 0.000701 -0.003973 -0.001017 0.007207 0.003681 -0.005835 0.008004 0.000544 -0.000184 0.000754 0.001426 0.004382 -0.003062 -0.002459 0.009036 0.009220 0.009353 0.003823 -0.007098 0.005730 -0.005452 0.003512 0.006012 0.008405 -0.000991 0.002449
 0.009505 0.005400 -0.007666 0.004227 -0.002420 -0.006570 0.009597 -0.006552 0.002230 -0.004860 0.003640 -0.003047 -0.001124 0.006468 -0.003859 0.000173 -0.004621 0.004077 -0.000328 0.006004 0.006845 0.001115 -0.009774 0.002982 0.008290 0.009407 0.004504 -0.001759 0.005353 0.000095 -0.003933 0.005663
 -0.000238 -0.005320 -0.000755 -0.005719 0.002324 -0.007490 0.004565 0.001719 0.007349 -0.003842 -0.003855 0.006037 0.002050 -0.003616 -0.005112 0.004946 0.003323 -0.000700 -0.002098 0.003700 0.003047 0.003706 -0.001709 -0.009634 -0.005584 0.004400 -0.000657 -0.007769 0.003220 0.000835 0.006164 0.009359
 0.004943 0.009257 -0.001398 0.001876 0.009366 0.009041 0.005086 0.004005 -0.008092 0.007062 -0.003206 0.009043 0.009675 0.001478 0.005387 -0.000052 0.001590 -0.004907 0.007428 0.004371 -0.000463 0.003368 -0.003168 -0.006976 -0.005303 -0.008556 0.005406 -0.006730 -0.006567 0.003765 0.001345 -0.004079
 0.006078 -0.003637 -0.005288 0.006863 0.003166 -0.005169 -0.000957 0.008038 -0.008302 0.007332 -0.003924 0.007466 -0.002697 -0.009983 0.008355 -0.009961 -0.004497 0.002728 -0.006929 0.009336 -0.009253 -0.000324 0.001856 -0.002926 -0.003486 -0.006385 0.002416 -0.002363 -0.001259 0.002719 -0.007116 -0.000923
 -0.007112 0.000299 0.004846 0.002434 0.000641 0.000227 0.005849 -0.005206 -0.002702 0.008865 -0.003844 0.006809 -0.005806 -0.007384 -0.002045 0.006271 -0.003083 0.000075 -0.003357 0.006603 0.002813 -0.009274 -0.003365 0.005192 -0.006158 -0.007296 0.003476 0.007120 -0.009699 0.002266 -0.009302 -0.007007
 -0.005462 0.004951 0.005526 0.005633 0.001613 -0.000125 -0.004362 -0.003691 -0.005603 -0.007187 0.004747 -0.002453 -0.001588 -0.002031 -0.006865 0.003774 0.003291 -0.006068 -0.003025 0.006852 0.006038 0.003958 0.007192 0.003482 -0.000517 -0.000610 0.005897 -0.008888 0.005862 -0.001676 -0.007231 -0.005371
]
Total memory size for keys: rot_key_cnt = 227, rot_key_size = 27849208072 bytes, total_key_size = 28043195168 bytes
Total memory size for weight plain: cnt = 14199, size = 45726275960 bytes
RTLib functions         	       Count	      Elapse
--------------------    	    --------	    --------
FINALIZE_CONTEXT        	           1	    0.340957 sec
PREPARE_CONTEXT         	           1	  138.059026 sec
ENCODE_ARRAY            	       14578	  179.136085 sec
ENCODE_VALUE            	         925	    1.604367 sec
NTT                     	      248228	  295.799512 sec
INTT                    	       51521	   67.305952 sec
MAIN_GRAPH              	           1	  930.486921 sec
 HW_ADD                  	      257456	   18.009560 sec
 HW_MUL                  	      175328	   53.224035 sec
 HW_ROT                  	       64670	    5.135998 sec
 COPY_POLY               	          46	    0.013337 sec
 EXTEND                  	        1687	    3.546635 sec
 PRECOMP                 	        2348	   89.566507 sec
 MOD_DOWN                	        1098	   36.584028 sec
 DOT_PROD                	        4696	   35.516752 sec
 RESCALE_POLY            	         429	    4.395354 sec
 COPY_CIPH               	         538	    0.731463 sec
 INIT_CIPH_SM_SC         	       18100	    0.958389 sec
 INIT_CIPH_UP_SC         	       14197	    3.654894 sec
 INIT_CIPH_DN_SC         	         193	    0.083011 sec
 BOOTSTRAP               	          14	  518.489720 sec
  BS_SETUP                	           1	   20.599184 sec
  BS_KEYGEN               	           1	   15.245118 sec
  BS_EVAL                 	          14	  518.489706 sec
   BS_COEFF_TO_SLOT        	          14	  209.710427 sec
   BS_APPROX_MOD           	          14	  194.314260 sec
    CHEBY_1                 	          28	  104.774641 sec
    CHEBY_2                 	          28	   60.096400 sec
   BS_APPROX_MOD           	   sub total	  164.871041 sec
   BS_SLOT_TO_COEFF        	          14	  103.540825 sec
   BS_PRECOMP              	         714	  110.512328 sec
   BS_MOD_DOWN             	         406	   48.962372 sec
   BS_DOT_PROD             	        1974	   91.336023 sec
  BS_EVAL                 	   sub total	  758.376235 sec
  FAST_SWITCH_KEY         	        1974	   91.337321 sec
 BOOTSTRAP               	   sub total	  645.671329 sec
 PT_ENCODE               	       14200	  159.188397 sec
MAIN_GRAPH              	   sub total	  929.098078 sec
Total (non-bs + bs)     	       Count	      Elapse
--------------------    	    --------	    --------
PRECOMP                 	        3062	  200.078835 sec
MOD_DOWN                	        1504	   85.546399 sec
DOT_PROD                	        6670	  126.852775 sec
1069.98s 36288816KB
Exit 0 - Check log: /app/ae_result/hpao/resnet44_cifar10_x2.moddown.log
LINK_EXEC RETV:0
LINK_EXEC CMD TIME:1126.168426s
