FAST_DOT_PROD=0
/app/hpao_cmplr/bin/fhe_cmplr /app/model/resnet20_cifar10_pre.onnx -o /app/ae_tmp/resnet20_cifar10_pre.onnx.c -VEC:conv_fast -CKKS:N=65536 -VEC:ms=32768 -P2C:df=/app/ae_tmp/resnet20_cifar10_pre.onnx.weight -CKKS:sk_hw=192 -O2A:ts -FHE_SCHEME:ts -VEC:ts -SIHE:ts -FHE_SCHEME:ts -POLY:ts -P2C:ts -CKKS:ts:q0=60:sf=56 -POLY:ts -P2C:ts -P2C:fp -SIHE:relu_vr_def=10
[/app/hpao_cmplr/bin/fhe_cmplr][ONNX2AIR][--] : phase_time = 0.002666 / 0.002835(s)
[/app/hpao_cmplr/bin/fhe_cmplr][SCHEME_INFO_ANALYZE][--] : phase_time = 0.000034 / 0.002877(s)
[/app/hpao_cmplr/bin/fhe_cmplr][VECTOR][--] : phase_time = 0.229620 / 0.232501(s)
[/app/hpao_cmplr/bin/fhe_cmplr][SIHE][--] : phase_time = 0.098595 / 0.331111(s)
[/app/hpao_cmplr/bin/fhe_cmplr][CKKS][--] : phase_time = 0.102191 / 0.433316(s)
[/app/hpao_cmplr/bin/fhe_cmplr][POLY][--] : phase_time = 0.401811 / 0.835138(s)
[/app/hpao_cmplr/bin/fhe_cmplr][POLY2C][--] : phase_time = 0.128391 / 0.963544(s)
COMPILE RETV:0
COMPILE CMD TIME:1.049158s
/app/hpao_cmplr resnet20_cifar10_pre.onnx /app/test/resnet20_cifar10_pre.c resnet20_cifar10_pre.onnx.c
/app/ae_tmp/resnet20_cifar10_pre.onnx.c: In function 'Main_graph':
/app/ae_tmp/resnet20_cifar10_pre.onnx.c:270:6: note: variable tracking size limit exceeded with '-fvar-tracking-assignments', retrying without
  270 | bool Main_graph() {
      |      ^~~~~~~~~~
ckks_param: _provider = 0, _poly_degree = 65536, _sec_level = 0, mul_depth = 33, _first_mod_size = 60, _scaling_mod_size = 56, _num_q_parts = 3, _num_p = 12, _num_rot_idx = 197,_hamming_wieght = 192
input(tensor): [
 0.073244 -0.081840 -0.081348 0.029089 -0.000404 -0.017681 0.069632 0.095318 0.079174 -0.068100 -0.003464 -0.066262 0.024530 -0.072530 -0.063608 0.073006 -0.093209 -0.090806 0.011247 -0.003676 0.052655 0.037869 -0.006489 0.029615 -0.008725 -0.062092 -0.003969 0.026899 0.046395 -0.070362 0.054035 0.092720
 -0.073839 0.045538 0.050121 -0.077443 -0.003083 0.051854 -0.026703 0.006045 -0.084668 0.001902 0.017337 -0.043719 0.062447 -0.072773 0.027442 0.087160 0.031906 0.087509 -0.057633 -0.070335 0.094831 0.057375 0.083019 0.022330 0.012750 0.010277 0.046556 -0.070301 -0.078991 -0.088272 -0.021649 -0.098127
 0.076328 -0.097073 -0.042013 0.022412 -0.081579 -0.045739 -0.025249 -0.059251 0.047310 -0.055507 -0.061176 -0.084236 -0.032556 0.066840 0.041249 -0.011261 -0.006501 0.097724 -0.006403 -0.062985 0.011719 0.075036 0.072939 0.085197 0.000683 0.020887 -0.047524 -0.038250 -0.040858 0.038153 0.049307 0.080533
 -0.079520 -0.032349 -0.034499 0.012971 0.006042 0.020348 -0.097295 -0.081634 0.087776 -0.037320 0.045232 0.034715 -0.086050 0.004364 -0.053370 0.023642 0.021530 0.045369 -0.096800 -0.071609 -0.059351 0.004645 -0.088206 0.036829 0.072605 -0.074578 0.089478 0.027070 0.086440 0.046569 0.095977 -0.086286
 -0.078868 0.033412 0.066542 -0.068015 0.066311 -0.037537 0.088374 0.047071 -0.034981 0.045892 -0.001391 0.066409 -0.000490 0.059302 -0.044454 0.035251 0.065339 -0.060014 -0.049997 -0.094582 -0.011503 -0.012952 0.064627 -0.049154 -0.084936 -0.093119 -0.022095 0.000911 -0.039109 -0.071068 -0.031974 -0.082092
 0.097339 0.057803 -0.034803 -0.099507 -0.043718 0.010442 -0.027848 -0.057813 0.092644 0.072814 0.047983 0.013745 -0.018384 -0.056299 -0.003290 -0.005059 -0.003044 -0.049232 0.062044 -0.072655 0.020820 -0.077984 -0.064499 0.080009 -0.029868 -0.082867 -0.007947 0.043680 -0.023635 0.011965 0.024114 -0.037823
 -0.009152 0.004699 -0.085481 0.043704 0.010319 -0.060765 -0.042354 0.027927 0.047756 0.066027 -0.017135 0.023867 -0.065664 -0.091994 0.070578 0.062666 -0.015401 -0.044700 0.099132 0.088307 -0.046216 0.026096 -0.051881 -0.084656 0.090701 -0.099427 -0.048544 0.030124 -0.080973 -0.022173 -0.078588 0.081601
 -0.079252 -0.000355 0.084471 0.025876 0.062563 -0.077588 0.099705 0.002940 0.066599 0.040675 0.061161 0.073705 0.099572 -0.039985 -0.068564 -0.065943 -0.066975 0.003579 -0.059444 -0.043477 0.033118 0.017343 -0.014001 -0.054852 -0.005414 -0.006179 -0.018897 0.052778 -0.042276 0.098813 -0.095318 0.012088
 -0.082345 0.011277 0.044747 0.080150 -0.043295 -0.073382 0.054719 0.045811 -0.066226 0.090169 -0.039004 -0.046845 0.074011 0.090268 -0.000630 -0.074761 0.070297 -0.054626 0.057414 0.052797 -0.019514 -0.071175 -0.050743 -0.030061 0.071909 0.044017 -0.099233 0.053007 0.003540 -0.055107 0.049398 -0.051320
 0.040818 0.022738 0.015542 -0.009027 -0.002398 -0.088975 -0.053264 0.010208 0.015158 0.004419 0.081180 0.048890 0.031199 -0.067317 0.057673 -0.090331 0.037665 0.005639 0.079065 -0.025502 -0.091149 0.012018 -0.045053 0.052127 -0.047046 0.085095 0.046802 0.045169 0.092952 0.021246 0.061461 -0.085254
 0.082518 -0.013672 -0.084042 -0.007037 0.071313 -0.027390 0.006133 -0.078669 0.055181 -0.020256 0.030726 -0.002687 -0.007217 -0.022305 -0.040533 -0.081712 0.059183 -0.022119 -0.029562 -0.046783 -0.000460 0.039070 0.019034 0.066279 -0.074988 -0.016530 -0.014571 -0.054150 0.029221 0.070219 0.013860 -0.091070
 -0.086059 -0.052330 -0.010725 0.065534 0.046207 0.043934 -0.008077 0.034255 0.073910 -0.029061 -0.060611 -0.017617 -0.013592 -0.056825 -0.028812 0.039773 -0.049475 0.077297 -0.013995 -0.040880 0.048402 -0.026447 0.008766 -0.085586 -0.078684 -0.021893 0.009577 -0.012875 -0.042880 0.007879 -0.084459 -0.004174
 -0.054207 -0.004404 0.082430 0.038512 0.094963 -0.023624 -0.060593 -0.075897 0.018257 0.063594 -0.057769 0.058842 -0.077584 -0.004827 0.002524 0.038058 0.026924 -0.055739 0.062539 0.045220 -0.057878 0.002903 0.074970 -0.093117 -0.015689 0.074703 0.058034 0.042886 -0.081840 -0.015576 0.038998 0.008628
 0.079411 0.067754 -0.057048 0.064651 -0.061240 -0.096448 -0.050368 0.067338 0.005413 0.069554 0.099818 0.077399 -0.095874 -0.081659 -0.012391 -0.066286 0.012496 -0.010345 -0.073987 0.048142 0.054485 0.090273 0.007501 -0.032597 -0.031407 0.093214 -0.033977 0.004833 -0.042063 -0.031587 0.080022 0.084549
 -0.091462 -0.067474 0.079107 -0.015900 -0.071606 -0.090243 -0.021076 -0.080244 -0.038505 0.060078 0.054693 -0.062016 -0.093077 -0.035959 -0.017232 -0.002154 -0.051457 -0.046724 0.048947 -0.015257 -0.089508 0.039009 0.041561 0.004247 0.009620 0.065774 -0.062852 -0.015144 0.068415 0.018950 -0.070301 -0.081296
 0.005145 -0.044389 -0.080172 -0.025406 -0.077861 0.059302 0.023673 -0.008952 -0.076303 0.080126 -0.067043 -0.024280 0.001845 0.057529 -0.028606 0.042743 0.061903 -0.078853 -0.043573 0.084705 0.062767 0.037828 -0.098237 0.072181 0.033118 -0.048692 -0.056156 -0.051699 0.010669 -0.088366 -0.072484 0.088941
 -0.037466 -0.095405 0.002376 0.096179 -0.087584 -0.064849 0.079192 0.012398 -0.055631 0.022943 -0.039019 -0.032329 0.054612 -0.057489 -0.094790 -0.096891 -0.080898 0.099928 -0.006432 0.057419 0.031990 -0.037340 0.071940 -0.020754 0.042051 0.046228 -0.047848 -0.004383 -0.017745 -0.058206 0.007391 -0.034951
 -0.047155 -0.018710 0.005745 0.000653 0.009918 0.026555 0.044044 -0.060403 -0.043175 -0.023294 -0.007142 -0.091555 -0.022049 0.023793 0.052512 0.097319 0.050157 0.045389 0.016711 0.001540 0.010255 -0.053241 0.001116 0.067259 0.035904 0.086284 0.060327 0.022952 0.044792 -0.017743 -0.095153 -0.059528
 -0.022715 -0.098477 -0.085989 -0.008530 0.021744 -0.015894 -0.021938 -0.025486 0.089456 -0.097859 0.069666 0.052706 -0.092095 0.012934 0.081569 0.079655 0.093433 -0.070294 0.014434 -0.060155 0.072724 -0.020344 -0.064588 0.090343 -0.047190 0.003548 0.070861 -0.064620 0.063087 0.088486 0.074404 0.039957
 -0.005260 0.095372 -0.042446 -0.068100 0.036528 -0.078090 0.066915 0.042108 -0.031220 -0.060858 0.085455 -0.037591 -0.052876 0.037288 0.074874 0.055377 0.042193 -0.076224 -0.059668 0.065137 -0.051471 -0.008256 0.031598 0.044808 -0.062737 0.063253 0.079995 0.017722 -0.030445 0.096784 0.070833 0.016386
 0.088879 -0.021873 0.005685 0.091182 0.077629 0.087050 0.069823 0.031086 0.059606 -0.013656 0.011519 0.031936 0.067938 0.048213 0.065079 -0.024310 -0.029908 0.036500 -0.029230 -0.090197 0.075662 0.039450 -0.085847 0.067979 -0.024218 0.001092 0.065379 0.093554 -0.024193 -0.091667 -0.013014 0.088511
 0.085938 -0.092530 0.064035 0.019243 -0.046677 -0.055229 -0.074244 -0.079025 0.049344 -0.096786 -0.052214 -0.081615 0.072178 0.020851 0.021993 -0.095785 0.006830 0.020256 -0.022728 -0.061303 0.030155 -0.074757 0.085244 -0.027370 -0.065738 -0.013082 0.088390 0.005664 -0.012652 -0.098529 0.000323 -0.028361
 -0.011575 -0.051482 -0.063066 -0.065459 0.035725 -0.019456 0.054046 0.094256 -0.031892 0.014319 -0.073171 0.028166 0.034484 0.041361 0.005580 -0.040175 0.015713 -0.002861 -0.058485 -0.007103 -0.077538 0.031515 0.034096 -0.067836 0.073299 -0.044042 -0.046574 0.068880 -0.084574 -0.005254 0.088957 -0.005687
 0.060133 0.036489 0.015902 -0.097455 0.025985 -0.038251 -0.044368 -0.098252 -0.096685 -0.024190 0.059815 -0.074431 -0.065168 -0.091531 0.098537 -0.021015 -0.051893 -0.026017 -0.047079 0.048708 -0.062491 0.059632 0.012713 0.042915 0.072544 -0.081650 -0.063891 -0.099559 -0.030365 -0.096245 -0.069277 0.000333
 0.083165 -0.003326 0.022485 -0.080569 -0.027764 -0.028669 0.073966 0.028548 0.035439 0.077826 0.023586 0.043621 -0.055711 -0.004448 0.038884 0.065859 0.048883 0.094398 -0.062824 0.030666 0.094099 -0.020985 0.039768 0.001712 -0.098999 0.010483 -0.064202 -0.032950 0.065350 0.012327 -0.031818 0.097454
 -0.071825 0.043595 -0.016904 0.084202 0.028163 -0.050496 -0.036401 -0.005611 -0.055926 -0.056409 0.076129 0.025270 0.079576 -0.057324 -0.065893 0.057952 -0.032267 -0.099067 0.037553 -0.058475 0.008537 0.024096 -0.004665 -0.070791 -0.078022 -0.077442 -0.021048 0.051476 -0.042289 0.042582 -0.023748 -0.096512
 0.054044 0.082232 -0.070564 -0.022945 -0.053259 -0.001366 0.037330 -0.020012 0.028646 -0.086534 0.005181 0.090142 -0.049255 -0.016449 0.076677 -0.085299 -0.033034 0.051984 0.036465 0.083103 0.026451 0.082846 0.003013 0.045819 -0.000092 -0.062359 -0.041546 -0.070393 0.072709 -0.059854 0.001459 -0.082280
 -0.010055 -0.024899 0.013745 -0.042643 -0.034601 -0.080068 0.059900 0.002998 0.007437 0.053912 -0.059943 -0.006024 0.019145 -0.078239 -0.007917 -0.090766 0.090142 -0.022350 -0.032944 -0.069475 0.054637 -0.005413 -0.007860 -0.072288 0.042520 -0.078800 -0.008109 0.088795 -0.054097 0.012059 0.077650 -0.050276
 -0.091861 -0.040668 0.071690 0.090843 0.013057 -0.059524 0.084648 0.088836 -0.013762 -0.099873 0.086486 0.043438 0.010688 0.025053 0.082108 0.046512 0.061934 -0.017037 0.050997 0.099043 -0.039402 -0.042031 -0.093889 -0.003535 -0.061821 -0.088204 0.038693 0.073651 -0.017925 -0.033892 0.055681 0.007824
 -0.088258 0.064077 -0.006514 -0.093031 -0.091855 0.092084 -0.006417 0.028914 0.031935 0.010961 -0.066062 0.019324 0.014746 0.026814 0.042885 0.099044 -0.042478 -0.028280 -0.066225 -0.026938 -0.003885 0.028056 0.061892 -0.051757 0.058184 -0.001820 0.074080 -0.014615 0.009169 0.091359 0.006542 0.009075
 -0.070815 0.009779 0.059112 -0.093669 0.044599 0.016953 0.063246 -0.058399 -0.085834 -0.022872 0.099337 -0.061153 -0.068271 -0.097192 0.081769 0.069876 0.082775 0.063523 -0.036485 -0.087821 0.045150 0.095340 -0.024248 0.089676 -0.082016 -0.069337 -0.038953 -0.025909 -0.095905 -0.077196 0.044110 0.038777
 -0.051947 -0.079980 -0.008928 0.093852 0.061767 -0.005204 -0.067176 -0.043268 -0.002463 0.040271 -0.010440 -0.082904 -0.079933 0.017232 0.036254 0.033676 -0.040163 -0.000034 0.039921 0.093162 0.022469 -0.026719 0.026441 -0.033658 0.051532 -0.004044 0.011344 -0.010466 -0.090518 -0.082533 -0.093176 -0.067511
 0.058788 0.055764 0.091531 0.082199 0.066799 -0.009666 -0.020380 0.055180 0.033750 -0.081435 -0.066096 -0.006200 0.048284 -0.081621 0.026699 -0.031309 -0.082326 0.074111 -0.071262 0.095865 0.054550 0.054047 0.089563 0.018197 -0.038101 -0.070558 0.073868 -0.012769 0.056706 -0.031999 -0.022602 -0.008982
 0.044328 0.070625 -0.073574 -0.041220 0.087863 0.023598 0.027492 0.043417 0.085927 0.053270 0.089187 -0.010681 -0.057772 -0.090726 0.076665 0.007326 -0.080026 -0.092959 0.017381 -0.028265 0.079184 0.066176 0.056825 0.005857 0.000929 -0.017693 0.048391 -0.059934 0.074312 -0.082960 0.005642 0.000699
 -0.087723 -0.035436 -0.045222 0.050588 -0.084021 0.001836 0.007851 -0.052772 -0.032889 -0.055624 -0.077928 -0.068877 0.052728 0.026000 0.048663 -0.058439 0.099233 0.043237 -0.081825 -0.049717 0.032137 0.068261 0.091228 0.045789 0.078247 0.095790 0.081003 0.089598 0.014229 0.006695 -0.089835 -0.051224
 0.085532 0.098095 -0.054259 -0.054035 -0.090812 -0.032745 -0.053658 -0.080013 0.032947 -0.009708 -0.070828 -0.028324 0.073378 -0.024187 -0.045411 0.050275 0.018858 0.036781 0.056392 0.041321 0.094329 0.065886 0.092166 0.030502 0.057276 -0.083980 0.075002 -0.040490 -0.005480 0.026909 -0.016690 0.021547
 -0.070231 -0.036100 -0.007001 0.050594 0.076671 0.055510 0.025020 0.068731 -0.037749 -0.056512 -0.074433 0.074100 -0.093153 -0.045193 0.061262 0.096853 -0.059387 -0.032781 0.054211 0.094187 0.091059 -0.098774 0.052612 -0.082081 -0.033724 0.094031 -0.058401 -0.051985 0.010478 -0.046274 0.076944 -0.010542
 0.026567 -0.092124 -0.049706 -0.093399 -0.052424 0.099244 -0.011859 0.002472 -0.090482 -0.077184 -0.020894 0.094615 0.002924 -0.056298 0.051535 -0.077465 -0.046582 0.030769 -0.023308 0.006909 0.076088 0.006869 0.087224 0.067556 0.047613 -0.012914 0.024578 -0.097250 0.083113 0.084043 -0.021850 0.017090
 0.054441 -0.063576 -0.038287 -0.006419 0.004973 0.031077 -0.003852 -0.040022 0.018040 -0.065579 -0.084381 -0.080048 0.029920 0.097642 0.005434 -0.077444 -0.078740 0.035141 -0.038895 -0.021966 -0.058766 -0.012924 0.028296 0.092627 -0.013980 0.025883 -0.076280 -0.053819 0.013882 0.017032 0.018104 0.068071
 -0.091677 0.016519 -0.061973 -0.056024 -0.072921 0.022680 -0.010400 0.061974 0.043524 -0.038973 -0.097289 0.019741 -0.066261 0.002741 -0.020606 0.056631 0.077196 0.038892 0.044510 -0.069497 -0.001322 0.025130 0.007725 0.009302 0.003745 -0.091557 -0.079787 0.082133 -0.090637 0.066366 0.087831 -0.084589
 0.059412 -0.002730 -0.004026 0.017636 -0.059925 0.082783 -0.082569 0.020240 0.046309 0.024660 0.080505 -0.014640 -0.069743 -0.008414 -0.086818 -0.014287 0.037767 0.016286 -0.015760 0.016614 -0.025334 0.075893 -0.059909 -0.067512 -0.041348 0.008500 0.015881 0.023860 0.071279 -0.024338 0.011158 -0.098036
 -0.046656 -0.094007 -0.046202 -0.033893 0.029739 0.034919 0.084115 0.001977 0.034198 -0.018753 -0.021413 0.018998 0.081244 -0.000616 0.063850 0.041090 -0.061074 0.009506 -0.089416 0.038504 0.012127 0.047850 -0.041738 -0.089211 0.083162 -0.004764 0.026318 -0.051811 -0.033940 0.073187 -0.034128 0.075644
 0.047840 0.049021 0.089184 0.058523 0.034329 0.017902 0.004803 -0.026288 0.008863 0.010016 0.089798 -0.025749 0.021614 0.070073 0.072887 -0.056567 -0.051707 -0.057071 -0.015618 0.050816 0.023270 -0.018030 -0.008173 -0.062932 -0.019532 -0.049128 -0.062058 -0.096953 0.049178 -0.074286 0.028005 0.092787
 0.095815 -0.026836 0.032182 0.026138 -0.041310 -0.008280 -0.068360 0.038987 -0.081905 0.032175 0.011922 -0.077491 -0.025873 -0.070638 0.000173 -0.063589 0.005130 -0.073374 0.002117 -0.060927 0.047844 -0.052390 0.088149 0.043127 0.006599 -0.078607 0.008155 0.000740 -0.065431 -0.029481 -0.085677 0.078431
 0.056329 0.059434 -0.017277 0.013823 0.079463 -0.086021 0.028174 0.006395 -0.087373 0.002142 0.076790 -0.062510 0.049536 0.034410 0.025872 -0.066016 -0.089343 0.009093 -0.015810 0.080356 -0.029065 0.004010 0.035467 -0.054608 -0.091170 -0.003796 -0.075608 -0.042203 -0.016137 -0.043575 -0.028054 0.001636
 -0.092230 0.052405 0.055539 -0.020949 0.038963 -0.039529 0.010688 0.043349 0.038189 0.025323 -0.065869 0.001924 -0.029316 0.021404 -0.001836 -0.018739 -0.092919 -0.037940 0.023323 0.029852 -0.036654 -0.053419 -0.003626 -0.036133 -0.005699 0.058738 -0.053970 -0.056499 -0.047401 -0.077581 0.097153 0.049997
 -0.029297 -0.076460 0.005853 0.080741 0.082700 -0.040525 -0.092578 0.049898 0.095416 0.060943 0.090315 -0.001716 0.091821 -0.055254 0.098793 0.046224 0.035374 0.010427 -0.037378 0.098097 0.055765 0.004159 0.038284 0.025592 -0.098192 -0.047156 -0.033211 0.078554 0.003281 -0.079257 0.038860 -0.068916
 0.074605 -0.003395 -0.054446 -0.006927 0.014822 -0.032776 0.052082 0.053724 -0.055471 0.074248 -0.053140 -0.001773 -0.005482 0.057862 0.068743 -0.003919 -0.004775 0.004566 -0.068094 0.032637 0.022920 -0.061256 0.060516 0.097149 0.052916 -0.084643 0.048487 -0.008484 0.064528 -0.035148 -0.081511 -0.082646
 -0.028455 -0.007500 0.056086 0.030683 0.083898 -0.008038 -0.021761 0.087511 -0.066116 0.025037 0.099876 -0.005278 0.031214 0.007639 -0.091164 0.066854 -0.011669 0.019161 0.058122 0.016632 -0.012426 -0.026361 0.025117 -0.029389 -0.007026 -0.047648 -0.073048 0.023576 0.092999 0.048689 -0.009984 -0.057592
 -0.033483 -0.084037 0.069167 0.073689 -0.076203 0.094637 0.099529 0.030275 0.080767 0.099533 -0.017409 0.030883 0.040410 0.000213 0.054584 -0.024428 -0.078162 -0.029173 -0.044286 -0.075576 -0.041798 0.009735 -0.014871 0.001151 0.039660 0.073711 0.026640 -0.070551 0.005830 0.056415 -0.021357 -0.014046
 -0.033016 0.061825 0.081925 0.025387 -0.024070 -0.073790 -0.033394 -0.089001 -0.088463 0.009429 0.057540 0.057142 0.070280 -0.060233 0.090148 0.005361 -0.077689 0.090451 0.050102 -0.093253 -0.084539 -0.030183 -0.013817 -0.025954 -0.061296 0.042366 -0.092208 0.030842 -0.049260 -0.010954 -0.022320 0.060282
 -0.085161 0.023686 -0.015511 -0.075583 -0.097785 -0.044798 0.032718 -0.000645 0.061750 -0.041371 -0.054386 0.011661 -0.005506 0.099800 -0.072951 -0.032971 -0.089554 0.018033 -0.039150 -0.067716 0.072886 0.097885 0.010395 0.076539 0.057887 0.072161 0.094923 -0.042488 -0.069538 -0.011387 0.021074 -0.073987
 -0.035187 0.080285 0.095806 0.089600 -0.059967 0.034801 -0.077302 -0.094466 0.087770 0.011983 -0.007945 0.076303 0.099025 -0.035229 -0.037073 0.068992 -0.079730 0.087874 -0.085685 -0.087979 -0.064583 -0.091015 -0.020958 -0.004955 -0.042314 -0.001390 -0.032234 -0.069024 0.075489 -0.051967 0.057929 -0.097771
 -0.042215 -0.080761 0.031342 -0.060976 -0.011129 0.072305 0.034055 -0.040573 0.055271 0.095617 0.063775 0.055701 0.075960 0.009870 -0.042220 -0.069766 0.075940 -0.047025 -0.074623 -0.025473 0.014506 -0.056051 0.082442 0.049704 -0.045797 -0.045138 -0.073686 0.048072 0.016508 -0.040296 -0.076567 0.013160
 -0.016949 -0.075791 0.021385 0.002113 -0.077084 0.050879 -0.019347 0.038177 0.001995 -0.079530 0.035599 0.005313 0.045421 0.071045 -0.020533 -0.052240 0.012053 -0.091441 0.051928 -0.032750 0.038319 -0.033200 -0.042618 -0.074668 -0.082132 -0.008186 -0.080150 -0.008913 0.066106 0.040100 -0.023792 0.050481
 0.019713 -0.093626 -0.028226 -0.025234 -0.093126 0.094838 0.075055 -0.005760 0.083647 -0.099002 -0.057103 -0.035911 0.030229 -0.065091 0.044262 -0.082538 -0.001710 0.069088 -0.081862 0.076589 -0.020487 0.092353 0.011775 0.078100 0.051665 0.033076 -0.004122 0.081727 0.081871 0.051983 -0.050399 -0.067307
 -0.093560 -0.054315 -0.028596 -0.096900 -0.070771 -0.057273 0.038193 0.099095 0.082169 -0.038252 -0.068558 -0.028656 -0.029287 -0.040940 -0.052430 0.006090 -0.040309 0.051561 -0.077601 -0.052402 -0.045271 0.030089 0.058120 0.005954 -0.032678 -0.058864 0.074068 -0.088358 0.019971 0.072493 -0.071207 0.042151
 0.051144 0.060754 0.053095 0.027172 0.089967 -0.095479 0.044604 0.062608 0.077924 0.025292 -0.030741 -0.030938 -0.044318 -0.058759 0.024164 -0.007344 0.067628 -0.091212 0.026760 0.005321 0.072696 -0.089321 -0.000409 0.065499 -0.047276 -0.063987 -0.033059 -0.036346 -0.086304 0.027564 -0.080417 -0.002537
 0.010914 0.045766 0.017569 0.023324 -0.098115 0.053435 0.090644 0.043651 -0.025454 0.050688 -0.043500 0.025446 0.085435 0.015157 -0.023198 0.039126 -0.069314 -0.003301 0.062409 0.027389 0.024554 0.026859 0.091253 -0.029898 0.038347 -0.037677 0.012717 -0.044427 -0.043700 0.043348 -0.014272 -0.034221
 -0.055685 -0.044233 -0.022376 -0.046250 -0.067546 0.071987 0.026238 -0.089765 -0.018450 0.096990 0.032128 0.005832 -0.072119 0.079653 -0.002552 -0.006410 0.059231 0.009962 0.055869 -0.021369 -0.016863 -0.076539 -0.013008 0.096567 -0.008156 -0.038605 0.047724 -0.025184 0.056519 -0.044740 -0.093976 -0.037193
 -0.063770 0.030661 0.083692 -0.068372 -0.094436 -0.078150 -0.018405 0.057234 0.054969 -0.051643 0.051717 0.075946 0.047953 -0.027538 0.025676 -0.073057 -0.080208 -0.012662 0.079247 -0.058777 0.031369 -0.016274 -0.093859 -0.058713 -0.015723 0.019237 -0.093621 0.068406 0.085035 -0.048441 0.050282 -0.079539
 -0.048299 0.028267 -0.046311 0.069043 0.014294 0.052656 -0.034564 0.059493 0.088896 0.023988 -0.005409 0.005379 -0.048379 0.071423 0.091473 0.060578 0.011797 -0.011380 -0.043152 -0.029912 0.009484 -0.051353 0.011845 -0.073577 0.089338 0.029346 0.024872 0.002741 -0.090280 0.092624 0.048037 0.046170
 -0.046188 0.041114 0.053769 0.006414 0.003543 0.080003 -0.067319 0.001733 -0.009007 -0.044364 -0.026552 -0.017801 0.034654 -0.019041 0.039101 -0.053779 0.027259 0.069152 0.005552 -0.028664 0.000337 -0.079927 0.070390 0.076731 0.070347 -0.011835 -0.018626 -0.099714 0.074410 -0.096094 -0.056404 0.070547
 -0.047340 -0.039698 -0.036721 -0.099521 -0.012955 0.005618 -0.075961 -0.040151 0.087013 0.089676 -0.021596 0.052315 0.092663 0.060124 -0.013393 0.066356 0.071439 -0.045864 -0.085355 -0.073979 -0.081212 0.098069 0.059123 0.011013 -0.020757 -0.071737 0.052219 -0.042594 -0.008923 0.015731 -0.013339 0.064159
 0.064635 0.061746 -0.056669 0.047396 0.012781 0.070357 -0.012204 0.003447 0.040076 0.035037 0.011538 -0.033821 0.082424 0.078075 0.051258 -0.077127 0.096238 -0.049093 0.008954 -0.026894 -0.066066 0.002577 -0.036873 0.001572 -0.089931 -0.099668 0.034687 0.044651 0.041473 -0.028562 0.002700 -0.096285
 -0.098625 0.070240 0.069144 0.055057 0.066000 -0.037086 -0.022202 -0.041301 0.087287 -0.024398 -0.065925 0.066728 -0.056767 0.042382 -0.078362 0.040361 -0.021198 -0.032630 -0.024250 -0.024384 0.057493 0.071444 -0.059726 -0.035676 -0.052143 0.024677 0.097144 0.019104 -0.013961 -0.028431 -0.056304 -0.055006
 -0.070248 0.071382 -0.039226 0.087275 0.023714 -0.042391 0.035095 0.050976 0.036802 0.077580 -0.089214 0.021760 0.041584 -0.040837 0.095786 0.046132 -0.033136 0.099273 -0.090083 0.051293 0.080018 0.087622 -0.065541 -0.025155 0.076414 0.048083 -0.006203 -0.062265 -0.073126 0.099008 0.048545 -0.092837
 0.093594 0.075160 -0.006693 -0.066785 0.064630 -0.000862 -0.004496 -0.046174 -0.077369 -0.033609 0.013043 0.072341 -0.048957 -0.016991 -0.038772 -0.027806 -0.047743 0.040326 0.026245 0.077389 0.041194 0.067961 -0.029572 -0.085451 0.059716 0.069544 -0.037897 0.060389 0.071467 0.065187 0.067238 -0.067851
 -0.002015 -0.024824 -0.041124 0.082982 0.033825 -0.054309 0.021706 0.041925 -0.069448 0.005530 -0.024451 0.023172 0.013261 0.027781 -0.052953 -0.080750 0.014390 0.096231 -0.015960 -0.041289 -0.061152 -0.001897 -0.065191 -0.032277 -0.023778 0.012384 0.077175 0.045529 0.048699 0.043905 0.084619 0.020477
 -0.025697 0.016610 -0.048517 -0.096421 -0.094045 -0.039412 0.024236 0.044132 0.041154 0.025090 -0.028589 -0.092911 0.091262 0.065532 -0.067413 0.027521 -0.067238 0.068629 0.025958 -0.084674 -0.076369 -0.095341 -0.089321 -0.016693 0.040413 0.041849 0.051242 0.099650 0.075021 -0.035955 0.058300 -0.071288
 -0.015212 0.060415 -0.060148 0.016653 -0.085284 0.029011 0.052842 -0.002982 0.061756 0.097029 -0.059068 -0.030142 -0.097526 0.045308 0.072144 -0.097780 -0.022526 0.031719 0.080054 0.048845 -0.060782 -0.076540 0.033496 -0.093692 -0.044030 0.041357 -0.010381 -0.076163 -0.040326 0.040654 0.060420 -0.082069
 -0.077788 -0.017925 0.005832 0.025508 0.097365 -0.023442 0.063024 0.014963 -0.073678 -0.008696 -0.008004 -0.059311 0.092842 -0.046291 0.007839 0.016592 -0.042874 -0.031128 0.018769 -0.065688 -0.038292 0.081646 -0.026263 -0.043860 0.023583 0.017866 0.046469 -0.014227 -0.068951 0.062570 0.012744 -0.028440
 -0.007040 -0.045957 0.003913 -0.037372 0.076177 -0.027574 -0.063525 0.034171 -0.078498 0.014447 0.020565 -0.035145 0.023843 -0.063743 -0.076375 -0.045308 -0.081756 -0.090814 -0.046870 -0.054036 0.059570 -0.030220 0.015509 0.001808 -0.072567 0.026362 0.081241 0.046236 -0.067693 0.063930 -0.074351 -0.045912
 0.014401 -0.003146 0.008539 -0.022417 -0.074207 0.061633 -0.088944 -0.063325 0.077718 0.082694 -0.046123 0.015683 0.019518 0.063935 -0.077660 0.013236 -0.065293 -0.093043 0.063926 -0.098116 -0.031655 0.032646 0.090619 -0.048364 -0.019274 0.074012 0.060065 -0.029716 -0.077671 0.036184 0.012239 0.056205
 0.059154 -0.057905 -0.010036 -0.006326 -0.045556 0.010892 -0.032996 0.069808 -0.052042 -0.050700 -0.004615 -0.004655 0.065404 -0.056575 0.086922 -0.019263 0.093976 -0.036957 -0.054727 -0.053007 0.000476 0.060796 0.029889 -0.042125 -0.059720 0.017826 0.099500 0.067011 0.054551 0.067123 -0.019567 -0.095188
 -0.050713 0.058460 -0.077370 0.089408 -0.036409 -0.078142 -0.066280 0.061420 0.050107 0.084928 0.086343 -0.018677 -0.088415 0.072792 -0.034053 0.037192 -0.029863 -0.033771 -0.063360 -0.036858 0.047395 0.080343 0.040535 -0.037381 -0.048089 0.019237 -0.087885 0.092039 -0.001265 -0.017363 0.036310 0.037723
 -0.092631 -0.085167 -0.012148 0.045241 -0.009565 -0.069303 -0.054121 -0.051712 0.012721 0.057006 0.091571 -0.044149 -0.067372 0.065396 0.041194 -0.062423 -0.052817 0.023477 -0.025003 -0.016754 0.010470 -0.061065 -0.068629 0.027350 0.024183 -0.086948 0.032373 -0.091403 -0.005210 0.030745 -0.090510 -0.024994
 -0.013008 -0.043734 -0.040200 -0.028761 0.070363 0.073914 -0.077509 -0.043658 0.093116 -0.056035 0.086517 0.067445 -0.036936 -0.081873 0.072740 -0.057996 -0.045442 -0.058215 -0.034567 0.027215 -0.064534 -0.063309 0.001382 -0.062515 -0.098873 -0.001749 -0.023359 -0.000872 -0.047759 0.006198 -0.069660 0.056606
 0.010084 0.001086 -0.003442 -0.009802 -0.042802 -0.091365 0.069889 0.034508 0.016530 0.098867 0.036306 -0.086034 -0.046598 -0.069572 -0.077825 0.096412 -0.048573 0.077688 0.045436 0.094521 0.078643 -0.003029 -0.018920 0.001473 -0.043751 -0.037547 0.088597 0.031420 -0.071091 -0.082397 0.028440 -0.066237
 -0.071105 0.062130 -0.009799 -0.004934 0.099006 -0.011390 -0.057518 0.086010 -0.042956 0.048958 0.044992 0.073034 -0.029807 0.000347 -0.018716 -0.053818 0.075994 0.081724 -0.070303 0.098171 -0.046503 -0.013997 -0.049818 -0.006452 -0.068104 0.078241 -0.029570 -0.073643 0.089181 0.041955 -0.086950 0.085451
 0.060860 0.073526 0.094901 0.047100 0.091878 -0.062310 0.091930 -0.038566 -0.074613 -0.080270 0.011008 0.052734 0.099377 0.090666 0.095955 0.099110 0.031329 -0.073838 -0.028853 0.022980 0.023796 0.072034 -0.099387 0.056192 -0.071776 0.096465 0.079620 -0.098836 0.064379 -0.002991 -0.071445 0.066803
 0.084968 -0.029850 -0.060153 0.010929 -0.081358 -0.038555 0.064016 -0.082669 -0.085871 -0.036685 -0.037015 -0.074411 0.057784 -0.062601 -0.044577 0.084016 -0.084290 -0.067657 -0.012902 -0.029501 0.073794 -0.044485 0.001649 0.072091 -0.083728 0.029850 0.037145 0.096352 -0.083427 -0.082072 -0.036118 -0.007382
 -0.080899 0.046408 -0.061189 0.046962 -0.099388 -0.042092 0.038715 0.037242 0.042014 0.036278 -0.074594 0.004737 0.003682 -0.005709 0.038709 0.041518 0.021400 0.002718 0.020269 0.068972 -0.045885 0.064859 0.020318 -0.059705 0.007547 0.069852 -0.097318 -0.023928 0.065388 -0.023878 -0.052795 0.007531
 0.029842 -0.005919 0.006275 0.014307 -0.032334 -0.089921 0.010730 -0.060715 -0.031326 0.081775 -0.019381 -0.003555 0.027736 0.029301 -0.005030 0.027273 0.031530 0.064233 -0.067406 -0.088361 0.055729 -0.014516 -0.022909 -0.020671 -0.070598 -0.072218 -0.062459 0.034702 0.043074 0.081378 -0.012782 -0.028519
 0.039557 0.092069 0.008939 0.012338 0.091907 -0.023546 0.045370 -0.084875 0.097398 0.094721 -0.066512 0.028687 0.088148 0.039177 -0.028701 0.050367 -0.019276 -0.049100 0.090911 0.066882 0.064973 0.030965 -0.058681 -0.076458 -0.051976 -0.027332 -0.029559 -0.008622 0.095174 0.030101 0.061269 -0.068695
 -0.041002 -0.066872 -0.059659 0.067600 0.098839 0.034796 0.076054 -0.088516 -0.042492 0.017661 0.088617 0.027835 -0.039983 -0.023156 0.087178 0.015161 0.072785 0.076248 0.080879 0.024785 -0.055315 -0.027901 0.020569 -0.096610 -0.098782 0.064550 0.040734 0.051174 -0.072842 0.096647 0.021385 0.083906
 0.033755 -0.064370 0.058643 -0.032100 0.073241 0.005963 0.052140 -0.062940 0.045484 0.058496 -0.002743 0.067473 0.014944 0.028323 0.098385 0.058780 -0.004802 0.089681 0.030699 0.087684 0.049784 -0.028351 0.013395 0.074256 -0.010721 0.096145 -0.003004 -0.071677 0.077668 0.096659 0.031124 -0.018761
 -0.057519 0.056437 -0.033987 0.027354 -0.070599 0.018233 0.039778 0.079988 -0.098363 0.010214 -0.093699 0.006758 0.009078 0.062854 -0.005143 -0.053119 -0.037923 -0.073880 -0.030136 -0.011463 0.055311 -0.037730 0.045240 -0.029200 0.040451 -0.018226 -0.021008 0.096996 0.057115 0.047164 -0.026934 0.010931
 0.069154 -0.016657 0.006579 -0.081393 0.081249 -0.036875 0.065945 -0.075556 0.061083 0.061072 -0.008627 -0.081548 0.011492 0.050086 0.051652 0.017040 -0.044518 0.090370 -0.070272 -0.094958 0.080594 -0.008279 0.073529 -0.043452 0.037214 0.070369 0.095593 -0.082493 -0.020917 -0.027587 -0.076775 0.044423
 0.071752 0.026023 0.012474 0.014146 -0.062175 -0.071496 0.075535 -0.073097 0.086332 -0.057569 -0.061995 -0.044578 -0.080703 0.031607 -0.076216 -0.003872 0.066157 0.077125 -0.030021 0.017846 0.083491 -0.032486 0.075338 -0.060263 -0.042412 0.047181 0.059471 0.073338 0.058424 -0.044695 -0.047451 0.022383
 0.097239 0.012663 -0.054033 -0.012079 -0.094801 -0.027585 0.009444 0.095484 0.052189 -0.001137 -0.008478 -0.058076 -0.063089 0.029569 0.056318 0.027806 -0.078799 -0.042480 0.076937 -0.084568 -0.071655 -0.041603 0.039751 0.098002 0.095442 -0.013808 -0.047610 0.060994 0.002965 0.074889 0.032315 -0.008661
 0.037077 0.097476 -0.020419 -0.079692 -0.046091 0.077322 0.017280 -0.070569 -0.041133 0.061287 -0.029054 0.022792 -0.096000 -0.075887 -0.074563 -0.085586 -0.048539 0.013267 -0.077775 -0.072722 -0.016613 0.068524 -0.070835 -0.050071 0.054434 0.012621 -0.067749 0.045055 -0.030510 -0.023507 -0.069805 -0.023487
 0.082093 0.087834 -0.093379 -0.027462 0.007078 0.074151 0.098637 0.015756 0.060675 0.043974 -0.021070 0.028228 -0.086107 -0.048357 -0.098442 -0.083827 -0.069295 -0.097485 -0.017585 0.061856 0.080283 -0.088074 -0.074088 0.001291 -0.056160 -0.013974 -0.009339 -0.022192 0.097414 0.049405 0.049437 -0.082165
 -0.090538 0.004950 0.084131 -0.058508 -0.071502 -0.075233 0.002333 -0.063794 -0.087508 0.049930 -0.034995 -0.069421 0.020871 0.098979 0.010461 -0.079567 -0.051249 -0.097639 -0.033855 0.019781 0.009343 -0.049260 -0.061864 -0.067205 0.014229 0.049046 -0.055511 0.074578 -0.087387 -0.040900 0.090302 -0.068369
 0.045183 -0.060541 -0.072806 -0.061959 -0.097821 0.029291 0.063101 -0.077324 0.034507 -0.093863 -0.070276 0.080760 0.080967 -0.044604 -0.049644 -0.032386 0.074680 -0.076120 0.048719 0.092413 0.047636 -0.047451 -0.022448 -0.061669 -0.044502 -0.036466 -0.034002 0.096931 -0.022070 -0.002983 0.063745 0.068460
 0.038074 -0.060302 0.025434 0.006070 -0.094655 -0.051138 -0.053893 0.057298 -0.014704 0.083127 0.021997 0.008942 -0.003142 -0.059526 0.010128 -0.086081 -0.013029 0.080899 -0.066383 0.082805 -0.003387 -0.047734 -0.003476 -0.008963 -0.082050 -0.032617 0.072308 -0.056294 0.006066 -0.017875 -0.010220 -0.087417
]
Total memory size for keys: rot_key_cnt = 227, rot_key_size = 32847769864 bytes, total_key_size = 33076359968 bytes
Total memory size for weight plain: cnt = 6215, size = 13132813304 bytes
RTLib functions         	       Count	      Elapse
--------------------    	    --------	    --------
FINALIZE_CONTEXT        	           1	    0.031078 sec
PREPARE_CONTEXT         	           1	  162.775857 sec
ENCODE_ARRAY            	        6594	   74.093102 sec
ENCODE_VALUE            	        1560	    2.945566 sec
NTT                     	      272614	  325.017911 sec
INTT                    	       91500	  117.183617 sec
MAIN_GRAPH              	           1	 1201.452483 sec
 HW_ADD                  	       78916	    6.006610 sec
 HW_MUL                  	       76346	   22.912404 sec
 HW_ROT                  	        9022	    0.778396 sec
 COPY_POLY               	         174	    0.067750 sec
 PRECOMP                 	        1682	   68.012780 sec
 MOD_DOWN                	        3364	  106.529463 sec
 DOT_PROD                	        3364	   27.222021 sec
 RESCALE_POLY            	        2569	   41.124774 sec
 COPY_CIPH               	         271	    0.289945 sec
 INIT_CIPH_SM_SC         	        9112	    0.905188 sec
 INIT_CIPH_UP_SC         	        6992	    1.931654 sec
 INIT_CIPH_DN_SC         	        1028	    0.985565 sec
 BOOTSTRAP               	          17	  873.846847 sec
  BS_SETUP                	           1	   24.850074 sec
  BS_KEYGEN               	           1	   17.967451 sec
  BS_EVAL                 	          17	  873.846830 sec
   BS_COEFF_TO_SLOT        	          17	  334.603603 sec
   BS_APPROX_MOD           	          17	  324.784804 sec
    CHEBY_1                 	          34	  176.917468 sec
    CHEBY_2                 	          34	   98.688807 sec
   BS_APPROX_MOD           	   sub total	  275.606275 sec
   BS_SLOT_TO_COEFF        	          17	  196.555408 sec
   BS_PRECOMP              	         867	  197.098187 sec
   BS_MOD_DOWN             	         493	   80.684679 sec
   BS_DOT_PROD             	        2397	  159.822654 sec
  BS_EVAL                 	   sub total	 1293.549336 sec
  FAST_SWITCH_KEY         	        2397	  159.824533 sec
 BOOTSTRAP               	   sub total	 1076.488888 sec
 PT_ENCODE               	        6653	   50.065161 sec
MAIN_GRAPH              	   sub total	 1200.678557 sec
Total (non-bs + bs)     	       Count	      Elapse
--------------------    	    --------	    --------
PRECOMP                 	        2549	  265.110967 sec
MOD_DOWN                	        3857	  187.214142 sec
DOT_PROD                	        5761	  187.044674 sec
1366.21s 42050300KB
Exit 0 - Check log: /app/ae_result/hpao/resnet20_cifar10_pre.base.log
LINK_EXEC RETV:0
LINK_EXEC CMD TIME:1389.441971s
