FAST_DOT_PROD=0
/app/hpao_cmplr/bin/fhe_cmplr /app/model/vgg13_cifar10_x2.onnx -o /app/ae_tmp/vgg13_cifar10_x2.onnx.c -POLY:mdh -VEC:conv_fast -CKKS:N=131072 -VEC:ms=65536 -P2C:df=/app/ae_tmp/vgg13_cifar10_x2.onnx.weight -CKKS:sk_hw=192 -O2A:ts -FHE_SCHEME:ts -VEC:ts -SIHE:ts -FHE_SCHEME:ts -POLY:ts -P2C:ts -CKKS:ts:q0=60:sf=56 -POLY:ts -P2C:ts -P2C:fp -SIHE:relu_vr_def=10 -CKKS:resbm=1
FML[0x10000000] "input", TYP[0x12](record,"CIPHERTEXT")
: [scale=1,level=1]
FML[0x10000000] "input", TYP[0x12](record,"CIPHERTEXT")
: [scale=1,level=2]
FML[0x10000000] "input", TYP[0x12](record,"CIPHERTEXT")
: [scale=1,level=3]
FML[0x10000000] "input", TYP[0x12](record,"CIPHERTEXT")
: [scale=1,level=4]
FML[0x10000000] "input", TYP[0x12](record,"CIPHERTEXT")
: [scale=1,level=5]
FML[0x10000000] "input", TYP[0x12](record,"CIPHERTEXT")
: [scale=1,level=6]
FML[0x10000000] "input", TYP[0x12](record,"CIPHERTEXT")
: [scale=1,level=7]
FML[0x10000000] "input", TYP[0x12](record,"CIPHERTEXT")
: [scale=1,level=8]
FML[0x10000000] "input", TYP[0x12](record,"CIPHERTEXT")
: [scale=1,level=9]
FML[0x10000000] "input", TYP[0x12](record,"CIPHERTEXT")
: [scale=1,level=10]
FML[0x10000000] "input", TYP[0x12](record,"CIPHERTEXT")
: [scale=1,level=11]
FML[0x10000000] "input", TYP[0x12](record,"CIPHERTEXT")
: [scale=1,level=12]
FML[0x10000000] "input", TYP[0x12](record,"CIPHERTEXT")
: [scale=1,level=13]
FML[0x10000000] "input", TYP[0x12](record,"CIPHERTEXT")
: [scale=1,level=14]
FML[0x10000000] "input", TYP[0x12](record,"CIPHERTEXT")
: [scale=1,level=15]
FML[0x10000000] "input", TYP[0x12](record,"CIPHERTEXT")
: [scale=1,level=16]
FML[0x10000000] "input", TYP[0x12](record,"CIPHERTEXT")
: [scale=1,level=17]
FML[0x10000000] "input", TYP[0x12](record,"CIPHERTEXT")
: [scale=1,level=18]
FML[0x10000000] "input", TYP[0x12](record,"CIPHERTEXT")
: [scale=1,level=19]
FML[0x10000000] "input", TYP[0x12](record,"CIPHERTEXT")
: [scale=1,level=20]
FML[0x10000000] "input", TYP[0x12](record,"CIPHERTEXT")
: [scale=1,level=21]
FML[0x10000000] "input", TYP[0x12](record,"CIPHERTEXT")
: [scale=1,level=22]
FML[0x10000000] "input", TYP[0x12](record,"CIPHERTEXT")
: [scale=1,level=23]
FML[0x10000000] "input", TYP[0x12](record,"CIPHERTEXT")
: [scale=1,level=24]
FML[0x10000000] "input", TYP[0x12](record,"CIPHERTEXT")
: [scale=1,level=25]
FML[0x10000000] "input", TYP[0x12](record,"CIPHERTEXT")
: [scale=1,level=26]
FML[0x10000000] "input", TYP[0x12](record,"CIPHERTEXT")
: [scale=1,level=27]
FML[0x10000000] "input", TYP[0x12](record,"CIPHERTEXT")
: [scale=1,level=28]
FML[0x10000000] "input", TYP[0x12](record,"CIPHERTEXT")
: [scale=1,level=29]
FML[0x10000000] "input", TYP[0x12](record,"CIPHERTEXT")
: [scale=1,level=30]
FML[0x10000000] "input", TYP[0x12](record,"CIPHERTEXT")
: [scale=1,level=31]
RESBM consume 0.412035 sec.
[/app/hpao_cmplr/bin/fhe_cmplr][ONNX2AIR][--] : phase_time = 0.103508 / 0.103653(s)
[/app/hpao_cmplr/bin/fhe_cmplr][SCHEME_INFO_ANALYZE][--] : phase_time = 0.000042 / 0.103714(s)
[/app/hpao_cmplr/bin/fhe_cmplr][VECTOR][--] : phase_time = 2.098492 / 2.202210(s)
[/app/hpao_cmplr/bin/fhe_cmplr][SIHE][--] : phase_time = 0.491546 / 2.693766(s)
[/app/hpao_cmplr/bin/fhe_cmplr][CKKS][--] : phase_time = 0.913465 / 3.607241(s)
[/app/hpao_cmplr/bin/fhe_cmplr][POLY][--] : phase_time = 2.462186 / 6.069439(s)
[/app/hpao_cmplr/bin/fhe_cmplr][POLY2C][--] : phase_time = 0.471788 / 6.541238(s)
COMPILE RETV:0
COMPILE CMD TIME:6.991887s
/app/hpao_cmplr vgg13_cifar10_x2.onnx /app/test/vgg13_cifar10_x2.c vgg13_cifar10_x2.onnx.c
ckks_param: _provider = 0, _poly_degree = 131072, _sec_level = 0, mul_depth = 26, _first_mod_size = 60, _scaling_mod_size = 56, _num_q_parts = 3, _num_p = 9, _num_rot_idx = 1534,_hamming_wieght = 192
input(tensor): [
 -0.032118 0.044007 0.035921 -0.016826 -0.090405 0.037105 -0.088944 -0.036984 0.058663 -0.030190 -0.008819 0.081737 -0.028539 -0.056262 -0.066557 0.051804 0.017171 -0.009703 -0.074693 -0.084685 -0.074888 0.085306 0.074043 0.061445 -0.096233 0.038024 -0.088910 -0.028035 0.028164 -0.075853 0.048088 -0.056004
 -0.099795 0.025269 0.090396 -0.041457 -0.099320 0.070130 0.014768 0.036387 -0.037591 -0.001923 0.037770 -0.009674 -0.097452 0.071567 0.040376 0.006169 -0.033620 0.032502 0.071750 -0.037734 -0.068318 -0.097542 0.079121 0.058195 0.020712 -0.040604 0.057415 0.041760 0.043909 -0.021567 0.048143 0.042811
 -0.078922 0.029253 0.094103 -0.048174 0.027962 -0.068247 0.001664 -0.004014 -0.013469 0.077057 -0.027414 -0.009485 -0.099401 -0.021626 0.085274 0.024497 0.059864 0.051407 0.089634 0.059356 0.047872 -0.056557 -0.082858 0.094019 0.015853 -0.056998 0.094286 0.010442 0.080522 -0.018168 -0.004401 -0.088005
 -0.098868 -0.063580 0.028548 0.004873 0.083525 0.035106 0.099734 0.016135 0.074048 0.023064 -0.029946 -0.059209 -0.054792 0.041627 -0.023441 0.081693 0.086179 0.031586 0.004777 -0.059545 0.063845 -0.095150 0.061368 -0.090675 0.099457 -0.022958 -0.072718 -0.030743 0.045669 0.043084 0.066646 -0.059615
 0.046001 0.084704 0.066203 -0.070813 -0.071133 -0.012107 -0.046959 0.064263 0.013738 0.045837 0.061137 -0.025241 0.072877 -0.006724 -0.081552 0.012866 0.000484 0.048696 0.012352 -0.018197 -0.019952 -0.080463 -0.083390 -0.052371 -0.018956 -0.096059 -0.057039 0.044844 -0.075072 0.049796 -0.093579 -0.087199
 -0.071449 -0.084258 0.015830 0.064544 -0.069123 0.061051 0.081341 -0.017910 0.060754 0.080573 0.024175 -0.093428 0.069019 0.086244 -0.053985 0.058365 0.001121 0.067072 0.016385 -0.053852 -0.037281 -0.081172 -0.034555 -0.061032 0.008428 -0.082684 -0.005825 0.090983 0.073979 0.072514 0.031913 0.060102
 0.044530 -0.001034 0.051522 0.072143 -0.069054 0.066100 0.025463 0.083804 0.029742 0.037669 -0.047496 -0.083871 0.014411 -0.065985 -0.003177 -0.011851 0.095825 0.033926 -0.033590 -0.075282 0.045632 -0.052366 0.009100 0.001673 -0.062670 0.075119 -0.031827 0.044269 0.013580 -0.021452 0.065302 0.015441
 0.021407 -0.038047 -0.028029 0.071144 0.010246 -0.015212 -0.053099 0.041581 0.025497 0.027958 0.048912 -0.027367 -0.043193 -0.005111 -0.055548 0.041469 -0.054310 -0.007431 -0.047707 0.077178 0.092105 -0.011415 -0.044441 -0.076930 -0.086443 -0.025613 -0.099371 0.013891 0.069358 -0.066448 -0.075312 0.018553
 -0.041389 -0.053020 -0.036878 0.088451 0.043285 -0.066951 -0.062800 0.028243 -0.075380 -0.066945 -0.093318 -0.082957 -0.039095 -0.064514 -0.025305 -0.006265 -0.063204 0.019434 -0.053893 0.055154 -0.027655 -0.081761 -0.028191 0.063031 0.092919 0.051463 0.060355 -0.080027 -0.077650 -0.014373 -0.091773 0.008641
 0.011480 -0.043539 0.067488 -0.093097 0.052311 0.021368 -0.068458 -0.047505 -0.062043 -0.096363 -0.032531 0.081310 0.065694 0.057812 -0.034029 -0.028260 -0.008801 0.053176 -0.012629 -0.063952 -0.019008 -0.000898 0.087754 -0.087696 -0.053686 -0.082603 -0.067159 -0.050293 0.013963 -0.089654 -0.018475 -0.034413
 -0.026371 -0.072383 -0.075559 -0.079773 0.097290 -0.026480 -0.069884 0.082135 -0.065426 0.095861 -0.036189 0.088540 0.052265 -0.091674 -0.063040 -0.079241 -0.016911 -0.083245 0.006001 0.009660 -0.022540 0.015002 0.073487 -0.028886 -0.041099 -0.058097 -0.063456 0.086350 0.012483 -0.006657 -0.003669 0.003320
 -0.079894 -0.098838 -0.064988 0.034806 0.022085 -0.037552 -0.080227 -0.066741 0.084366 0.020907 0.014855 -0.008224 -0.066922 0.017030 -0.016950 -0.006227 -0.053205 0.055216 0.085800 0.081901 0.036350 0.051617 -0.067393 0.080004 0.049230 0.084334 0.090601 -0.097681 -0.051663 0.035086 -0.072088 -0.032933
 -0.058957 0.034883 0.027410 -0.030549 0.089431 -0.068768 0.095439 0.035804 0.067064 0.007998 0.060662 -0.004114 -0.007506 0.078552 0.077589 0.058793 -0.028950 0.077385 0.084595 0.085860 0.016705 0.059362 -0.007697 0.008176 -0.040693 -0.083934 0.059103 -0.090266 0.008845 0.050317 -0.033556 0.028662
 0.092111 0.014383 0.051765 0.095903 0.065111 0.091098 0.080859 0.028256 0.068196 -0.010730 -0.062413 -0.042931 0.061865 -0.087710 -0.053357 0.096811 -0.055067 -0.065946 0.096702 -0.057707 0.066871 0.023415 -0.070248 0.092763 0.000541 0.046690 -0.053630 0.064621 0.000777 -0.082665 0.013509 -0.090589
 0.055746 -0.026264 0.029371 0.046262 0.037394 0.080002 0.036447 -0.094068 0.035847 -0.005326 -0.043681 -0.011463 0.019883 -0.050516 0.047078 0.028683 0.062666 -0.010028 -0.043339 -0.080518 0.019880 -0.039027 -0.097588 0.051708 -0.021247 0.017893 -0.073351 -0.067881 0.030725 -0.048092 0.097609 -0.011965
 0.058289 -0.017939 -0.010561 0.023890 0.031307 -0.017212 -0.098469 0.098822 -0.078708 -0.094047 -0.029072 -0.080671 0.013856 -0.037884 -0.092199 -0.057715 0.036505 -0.097058 -0.097125 0.036671 -0.078525 -0.055203 0.019145 -0.039174 -0.016637 0.060548 -0.002363 0.086946 0.076465 -0.090692 -0.080539 0.045846
 0.096687 0.027701 0.065136 -0.070176 -0.024044 0.009363 0.077332 -0.035091 0.077774 0.093861 -0.012642 -0.014122 -0.071326 0.034472 -0.059282 0.063172 -0.017766 -0.086811 -0.073240 -0.053076 -0.099940 0.038670 -0.000820 0.078134 -0.004909 -0.074795 0.062573 -0.054542 -0.010759 -0.083637 0.019155 -0.045457
 0.030791 -0.006603 -0.077119 -0.006649 -0.071844 -0.059402 0.057842 0.033783 -0.095235 -0.096778 -0.098170 -0.030426 -0.090143 -0.031199 -0.002176 -0.033307 0.003954 0.009790 0.004248 -0.018159 0.038815 -0.061134 0.055717 -0.080701 -0.094190 -0.034443 0.056202 0.050720 -0.013938 0.017421 -0.094399 -0.032974
 -0.016392 0.041471 -0.067848 -0.044523 0.080161 -0.059029 0.061549 0.038142 0.055173 -0.052114 -0.018324 -0.083011 0.094020 -0.085191 -0.095366 -0.072449 0.026851 -0.089380 0.030317 0.033832 -0.002983 0.072330 -0.051735 -0.054679 0.028585 -0.019651 0.008926 -0.036648 0.027434 0.051652 0.088764 0.071492
 -0.004353 0.024746 0.057045 0.021244 -0.077673 0.012348 0.089742 0.090197 0.061488 -0.004593 -0.023190 -0.074684 0.031142 -0.077010 -0.003791 -0.051122 -0.027199 -0.030901 -0.013439 -0.008349 0.097705 -0.054047 0.094949 0.008903 0.007909 -0.058999 0.030477 -0.013021 -0.007942 -0.082573 0.050131 0.070280
 -0.006097 0.080754 0.096110 0.089636 -0.063386 0.045315 -0.000890 0.084002 0.076503 0.073177 -0.074009 -0.022992 0.056302 -0.054499 0.073288 -0.013522 -0.028729 -0.018480 0.090513 0.001353 0.078690 -0.092930 0.081245 0.094171 -0.067657 0.038285 -0.013328 -0.089097 -0.094949 0.041842 0.018003 0.002876
 -0.072904 0.006137 0.056759 0.031458 -0.041202 -0.060098 0.010312 0.032071 -0.095194 -0.045642 -0.043507 -0.015373 0.065265 0.005823 0.003148 -0.059865 0.021352 -0.020743 -0.089946 -0.051451 -0.009234 -0.048264 -0.026143 0.087526 -0.003979 0.059430 -0.038250 -0.016616 -0.051973 -0.093249 0.031888 0.099751
 -0.069532 -0.091767 -0.063841 -0.023024 -0.052820 -0.052898 0.091153 0.095516 0.045138 -0.006464 0.027395 0.031379 -0.078604 -0.079836 -0.057384 -0.004873 0.034174 0.076822 -0.080886 0.096746 -0.013788 0.017148 -0.089279 0.096604 0.054511 0.000072 0.043720 -0.028980 -0.053251 -0.015308 -0.037325 -0.006263
 0.067206 0.024886 0.083461 0.060152 0.033571 0.000987 0.011148 0.042833 -0.029935 -0.035863 -0.028289 -0.072022 0.051146 0.018110 0.032502 -0.014974 0.021293 0.015875 0.032403 -0.069925 0.086512 -0.083128 0.022997 -0.098665 -0.041520 -0.003587 -0.064133 0.092257 0.052563 0.090971 0.017610 0.078191
 0.029889 0.028863 0.038598 0.064456 0.050880 0.042000 0.010842 0.042091 0.039575 0.099528 0.013020 0.028380 0.009868 -0.087984 -0.080673 -0.033367 -0.037542 0.065620 -0.016454 0.039633 -0.085286 0.003437 -0.017737 -0.088481 -0.003890 -0.022342 -0.046304 0.076214 -0.001144 -0.061877 0.092303 0.004317
 0.077741 0.013531 0.074385 -0.046151 -0.024224 -0.071473 0.003141 -0.000044 0.022574 -0.010764 -0.049010 0.086556 -0.057790 0.004877 -0.087908 -0.007093 0.091359 0.067526 0.020543 -0.048038 0.026223 -0.049432 -0.059334 0.046914 0.042654 -0.001625 0.074206 0.000381 0.027293 0.069658 -0.080850 0.099678
 -0.026941 0.038396 -0.034669 -0.082843 -0.041543 0.021920 0.003125 0.008341 -0.049078 0.040913 0.019804 0.066104 0.067659 0.078815 -0.008855 -0.078864 0.060752 -0.073910 0.094849 -0.060241 -0.000555 0.009026 -0.068514 0.088959 -0.094769 -0.053603 0.080202 -0.016628 0.051302 -0.075028 0.011329 -0.051731
 0.042153 -0.010806 0.057503 -0.017905 0.056716 0.097909 0.061158 0.088133 -0.095209 -0.069723 -0.085641 -0.078980 -0.045923 0.065119 0.028387 -0.082529 -0.021933 -0.022010 -0.090085 -0.040602 -0.035757 -0.062581 0.098904 -0.045423 0.057283 -0.007500 0.029517 0.073317 -0.004107 0.060932 -0.021807 -0.065871
 0.043638 0.019486 0.023054 -0.040456 -0.081016 -0.046940 0.068833 0.097938 -0.034007 0.019253 0.067863 0.038982 0.035024 -0.039760 0.088306 -0.072737 0.043653 0.032617 -0.063166 -0.010096 0.064896 -0.099374 0.023825 0.056136 0.000851 -0.039709 0.041775 -0.071447 -0.045580 -0.046857 0.060977 -0.075425
 -0.073145 0.078428 0.049837 -0.003654 0.002057 -0.035958 -0.077495 -0.029534 -0.057169 0.050561 0.048887 -0.082986 0.005559 0.080269 0.061731 0.056253 -0.067487 -0.038351 0.032370 0.071540 -0.095505 0.043510 0.091192 -0.020869 -0.051290 -0.045088 -0.062924 0.018970 -0.054398 0.061297 0.016007 0.056377
 0.012830 0.037581 0.063335 -0.056124 -0.012097 -0.014835 0.099740 0.011135 -0.058396 -0.099903 0.088768 0.085981 0.001680 -0.053495 -0.096955 -0.012425 -0.062017 0.034030 0.062592 0.081532 0.037816 0.009605 0.065154 -0.008202 -0.083512 -0.088340 0.059118 -0.071931 0.011044 0.050206 0.046377 0.066102
 -0.017566 0.029015 0.043937 -0.018079 0.063068 0.022698 -0.095408 0.019703 0.024519 -0.036660 0.061776 -0.057404 0.036911 -0.044600 0.009049 0.057460 -0.003252 0.057313 -0.067125 0.005580 0.014667 0.062162 -0.025146 -0.066178 -0.051711 -0.053376 -0.015886 -0.054638 0.063255 0.072963 -0.047098 -0.021442
 0.082961 0.066181 0.087158 0.066421 0.007289 -0.053316 0.035227 0.039131 -0.072794 0.062396 0.004887 0.031409 -0.049681 0.043760 -0.094770 -0.075823 0.044487 0.025514 0.014971 -0.077124 -0.025068 0.061071 -0.062579 -0.092124 0.086610 -0.051215 0.057467 0.019502 -0.039695 -0.061442 -0.089803 0.084595
 0.094731 -0.037006 0.032859 0.092790 -0.010076 -0.027227 -0.091367 -0.083635 -0.053571 0.036165 0.091723 0.036041 0.093299 0.040257 -0.016326 -0.013708 -0.073007 -0.085206 -0.094121 -0.054086 -0.090448 0.011062 0.096868 -0.026953 0.076191 0.047115 -0.043955 -0.093737 0.039305 -0.013016 -0.038303 0.077124
 -0.035088 0.087884 -0.056486 0.062499 -0.006912 -0.015328 -0.034468 0.072116 -0.037976 -0.074175 -0.066449 0.034896 -0.062872 -0.013302 0.095928 0.084857 -0.006587 -0.016963 0.024610 0.051889 -0.069858 -0.091388 0.051070 0.019466 -0.015581 -0.064232 -0.063919 0.026692 0.047786 -0.012938 0.011655 -0.067566
 -0.038239 -0.023054 -0.093122 -0.032181 -0.023364 -0.046761 0.090165 0.011213 0.020789 0.094139 0.043277 -0.029254 -0.017620 -0.008740 0.091610 -0.084675 -0.085173 0.034329 0.085381 -0.090454 -0.066118 -0.058060 0.088725 0.002463 0.094685 0.001465 -0.053032 -0.000477 0.023074 0.008852 0.022879 0.026241
 0.083934 -0.060237 -0.080843 0.051318 -0.037258 -0.007089 0.045996 0.034878 0.094485 -0.063944 -0.038851 -0.055962 0.041637 0.060610 0.088828 -0.028955 0.042225 0.084600 0.087876 0.021919 -0.006320 0.068684 -0.019357 -0.062889 0.020366 0.072916 -0.093952 0.046766 -0.044013 -0.041340 0.045885 0.052846
 0.084674 -0.065416 0.033795 0.051594 -0.067494 -0.077738 -0.073260 -0.020112 -0.083573 0.039828 0.064718 0.082296 -0.052508 -0.020783 0.042710 -0.033765 0.029204 -0.031990 -0.008137 -0.089846 -0.012363 -0.045986 0.098314 0.069021 0.088105 -0.083973 0.074501 0.052171 0.070833 -0.077852 -0.047642 0.026663
 -0.035634 0.065660 0.061972 0.034329 -0.078824 0.078730 -0.057645 -0.066694 -0.016208 -0.006032 0.076718 -0.054846 0.072460 0.050861 0.051943 0.062167 0.024289 -0.069781 -0.060115 -0.030755 -0.005940 0.059180 0.017685 0.040387 -0.031665 0.079140 0.055486 -0.049726 0.027172 -0.056086 -0.004745 0.004883
 -0.072388 -0.019786 -0.024008 0.043418 -0.066790 0.011877 0.091592 0.069338 0.063081 -0.063978 -0.085319 -0.025006 -0.082994 -0.012060 -0.064853 -0.088336 0.027760 0.094134 -0.025800 0.056804 -0.018530 0.081165 0.041888 0.037545 0.035225 -0.013278 0.084930 0.060839 -0.029011 0.006696 0.083178 -0.080497
 -0.039490 0.080217 -0.049359 -0.063587 -0.023275 0.070130 -0.083296 0.088670 -0.001979 -0.002905 0.068615 -0.021075 0.023235 -0.065031 0.016932 -0.080281 -0.002634 -0.031881 -0.055463 -0.084722 0.030808 -0.015534 -0.000886 0.072903 0.033492 0.063338 -0.096631 -0.076114 -0.014578 0.013599 0.038490 -0.061971
 0.053405 -0.030554 0.033507 -0.000884 0.036383 -0.002040 -0.050625 0.069690 -0.010904 -0.008181 -0.031451 -0.073510 0.058495 0.017320 0.075484 0.018991 -0.063648 -0.041544 -0.043178 0.027773 -0.004548 -0.074123 0.080469 -0.092346 0.046975 0.087464 0.079592 0.094336 -0.006038 0.093515 -0.045654 0.063333
 0.081553 -0.083259 0.054854 0.068505 0.039316 -0.095269 0.063934 -0.010309 -0.079387 -0.094056 0.091408 0.091864 -0.029210 0.052450 0.096312 0.068224 0.035717 0.021112 -0.083172 -0.099305 -0.052354 0.068213 -0.033513 0.042647 0.089758 -0.067009 -0.043981 -0.012690 -0.022584 0.036759 0.077236 0.000144
 -0.033523 -0.026436 -0.051350 0.009504 -0.002146 -0.028038 0.053952 -0.005173 0.063580 0.003793 -0.095958 0.099941 -0.060345 0.092110 -0.000553 -0.067697 -0.071535 0.042696 -0.021525 -0.090504 -0.066608 -0.007981 0.069818 -0.076630 -0.051277 0.015593 -0.008289 0.012820 -0.056909 0.089428 -0.067455 0.099298
 0.039847 -0.045747 0.033860 -0.038019 -0.017655 -0.074249 -0.021609 0.089401 0.053548 -0.056194 -0.007768 -0.002388 0.015832 0.034547 0.036609 -0.033446 -0.082023 -0.020884 0.043626 -0.049456 0.021375 0.035790 0.073169 -0.017039 0.052241 -0.075822 -0.039270 0.085294 -0.027822 0.007030 0.000314 0.032713
 0.096293 0.003047 0.029009 -0.082905 -0.047776 -0.002805 0.071342 0.012410 0.021405 0.078569 0.068778 0.074812 0.043733 0.044780 0.023251 -0.094972 0.081305 -0.008313 0.074897 -0.032638 0.093918 0.064293 0.033995 0.058064 -0.032043 0.024154 0.065549 0.087171 0.089974 -0.000403 -0.080201 0.022430
 0.071217 0.072380 -0.073208 0.025974 0.082744 -0.001848 -0.080989 0.065463 -0.076700 0.070125 0.038930 0.031505 0.025164 -0.097773 -0.005331 0.068280 -0.051635 -0.049589 -0.000211 0.081736 0.005998 -0.070958 0.019486 -0.029287 0.036161 0.011946 0.061536 -0.070577 -0.007481 -0.082706 0.031876 0.007936
 0.037830 0.056158 -0.091420 0.067966 0.053001 0.010276 0.070150 0.078438 -0.030565 -0.029289 -0.067976 -0.022323 0.019066 -0.057006 0.043355 0.023619 0.094391 0.099418 -0.084304 0.060918 -0.028220 0.050923 -0.065863 -0.093762 -0.030710 -0.038481 0.058491 0.084953 0.091973 -0.006106 0.008036 0.085286
 -0.052257 -0.081886 0.013342 0.023730 0.060126 -0.057882 0.018467 -0.043071 0.081064 -0.080613 -0.021476 0.058109 0.017521 0.056910 0.091215 0.081050 0.081615 0.065961 -0.071413 0.050017 0.051725 0.051322 -0.009244 0.093457 0.056816 -0.066014 0.017370 -0.009319 -0.027884 0.051965 0.003754 -0.073126
 -0.072196 -0.004484 -0.074366 0.095852 -0.077584 -0.080770 0.024597 -0.002855 0.093287 -0.068665 0.038134 0.069295 -0.039125 -0.018035 -0.053342 -0.045878 0.070457 0.055336 -0.080303 -0.037988 0.097522 -0.030619 -0.005388 -0.060603 0.083441 0.038217 -0.041635 0.058837 0.091436 -0.065910 -0.089586 -0.065810
 -0.094207 0.051269 0.076917 0.011019 0.040181 0.065286 0.064040 0.035123 0.063407 -0.003863 -0.047791 -0.059982 -0.050239 0.074155 -0.035483 0.019168 -0.068189 0.043405 0.082984 0.004695 -0.092047 -0.077336 -0.067321 -0.092083 -0.001617 -0.076357 0.089436 0.075516 -0.079571 0.063265 -0.023623 -0.085604
 0.090294 -0.012807 -0.091667 -0.091314 0.086314 0.020870 0.014240 -0.089721 0.029670 0.097045 0.026743 -0.044241 -0.033478 -0.060619 0.098858 -0.075214 -0.051207 0.023090 0.030394 0.064196 0.050422 -0.030847 -0.088435 0.066331 -0.019298 0.073556 0.006285 -0.044085 0.044205 0.033442 0.097557 0.016523
 -0.044649 0.092899 0.014023 0.068037 0.076140 -0.021554 -0.085017 0.085420 0.079274 -0.038373 -0.054285 0.010031 0.094273 0.026534 0.085601 0.054357 -0.035638 0.097033 -0.084358 -0.018021 -0.036042 0.085407 -0.099884 -0.055614 -0.098676 -0.068252 0.080538 -0.039485 0.041461 -0.021591 -0.005784 -0.044185
 -0.076099 -0.095091 0.022421 -0.056009 -0.045534 -0.098139 -0.060279 0.006620 -0.063131 -0.062794 0.040826 0.042980 -0.059393 0.096678 -0.058668 -0.021803 0.065414 -0.035755 0.068198 -0.000723 -0.014139 -0.092820 0.089024 -0.007469 -0.074699 0.081195 -0.002112 -0.049205 0.083092 0.063543 0.034043 -0.066700
 0.091437 0.094726 -0.053387 0.046939 -0.060340 -0.037253 -0.039835 -0.033993 0.014936 0.034762 -0.005939 -0.023373 -0.030060 0.096045 0.090672 0.070205 0.075689 -0.049462 -0.050154 -0.015498 -0.036084 -0.006361 -0.030406 -0.099324 -0.067250 -0.090583 0.037739 -0.079603 -0.093506 0.067712 0.031599 0.092591
 -0.021040 0.017354 -0.001003 0.013829 0.033818 0.023293 -0.015207 0.009549 -0.066632 -0.045334 0.080256 0.055265 -0.052613 0.035464 0.054777 0.083384 -0.052836 0.004064 -0.059933 -0.086260 -0.098726 0.092724 -0.016753 0.070631 -0.075388 -0.034985 -0.024442 0.046960 0.049108 -0.055245 0.061973 0.040297
 -0.022897 -0.001197 -0.066618 -0.061345 0.095161 0.054716 0.009210 -0.085824 -0.068397 0.059131 -0.032640 -0.055313 0.002321 0.085758 0.046144 0.015991 -0.021092 -0.068920 -0.084343 0.050989 0.070281 -0.017920 -0.018035 0.020313 -0.040613 0.071831 0.035393 -0.044212 0.056658 -0.060924 -0.002731 0.064814
 -0.039887 0.072610 -0.077562 -0.012403 0.036338 0.022326 0.007762 0.080032 0.080388 -0.008121 0.030030 0.066182 -0.008859 -0.058896 -0.050799 -0.082198 -0.074520 -0.036385 0.058608 0.041841 -0.045051 0.005789 -0.011848 -0.050809 0.079289 0.046817 -0.065417 0.064100 -0.068401 -0.086765 0.025158 -0.043459
 0.030396 0.007961 0.080566 -0.046740 -0.089027 0.096608 -0.081447 0.033611 0.099257 -0.064076 -0.044801 0.079710 -0.031960 0.031869 -0.014398 0.081384 0.057832 -0.061345 0.057180 0.017894 0.002907 0.050054 0.084733 0.066375 -0.053640 -0.048091 0.013206 0.039398 0.073615 -0.062234 0.009227 -0.088568
 -0.010275 0.037809 -0.085000 0.065831 0.001051 -0.055912 -0.006347 -0.072415 -0.058061 -0.000990 -0.065639 0.078177 -0.007760 0.045640 0.013110 0.095037 0.041049 -0.066992 -0.038694 -0.082882 0.002852 -0.025641 -0.003284 0.017963 0.070356 -0.094920 0.014934 0.020854 -0.015539 -0.015220 -0.029246 -0.051785
 -0.042040 0.025086 -0.097074 -0.092408 -0.038552 0.053924 0.029804 -0.003204 0.050619 0.001222 -0.031266 0.077163 -0.084806 0.063909 -0.072269 -0.061932 -0.081165 -0.033717 -0.077664 0.032801 -0.010411 -0.034634 0.022567 -0.034150 -0.000488 -0.014445 -0.059760 0.077170 -0.066888 -0.002831 0.044748 -0.037119
 -0.034599 0.022880 0.036423 -0.055885 -0.061359 0.043830 -0.070013 -0.035369 0.056570 0.036751 0.068291 -0.041388 -0.021854 -0.022074 0.089743 -0.068009 -0.018507 -0.087429 -0.046153 -0.091139 0.020059 0.039319 -0.011638 -0.014217 -0.090224 0.061299 0.004382 -0.006836 0.013096 -0.013213 -0.013585 -0.027133
 0.048589 -0.001941 -0.050487 0.033980 -0.022804 -0.011032 -0.079460 0.078285 0.062556 -0.082866 0.043785 0.003642 0.084513 -0.064163 0.082324 0.058633 0.009629 -0.003886 -0.059463 -0.076514 0.088840 -0.023289 -0.040740 0.048649 -0.005410 0.075245 0.018813 0.013307 -0.016810 0.005341 -0.010728 -0.045822
 -0.082174 -0.002853 -0.046079 0.014465 0.037601 0.036990 0.077062 0.038296 -0.086444 0.033018 -0.061684 -0.026958 0.067609 -0.019139 -0.014143 -0.040344 -0.059170 -0.003267 -0.069265 -0.077495 0.002330 -0.034648 0.014605 -0.028799 0.049073 -0.084971 0.036357 -0.055777 -0.004208 -0.042549 -0.008814 -0.033392
 0.039702 0.096113 -0.065530 -0.000005 0.072626 0.012592 0.019653 0.085312 0.009647 0.047457 0.052437 -0.025896 0.096918 0.003966 -0.056257 0.021200 0.005955 -0.078655 0.063972 -0.027176 -0.044955 0.077814 0.061005 0.091667 -0.063411 0.047163 -0.038213 -0.099782 -0.015808 -0.009676 0.002990 0.005180
 0.086232 -0.089465 0.078014 0.079210 0.085966 0.058117 0.068182 -0.042666 -0.017374 -0.061883 0.011943 0.032588 -0.029503 -0.003789 0.098456 0.009329 0.065425 -0.019345 0.024427 -0.064878 -0.075896 0.006956 -0.015310 0.014530 0.010798 -0.006603 0.052175 0.007739 -0.036081 0.082871 -0.091516 -0.021605
 -0.040453 -0.031815 -0.011239 0.065849 0.034573 0.030512 -0.008655 -0.097611 0.033228 -0.041003 0.019141 0.015190 -0.073844 0.079036 0.073476 -0.057739 0.008516 0.001310 -0.018329 -0.034504 0.057529 0.032394 0.095665 -0.068456 0.057736 -0.043143 0.032790 -0.042028 -0.058565 0.070583 -0.069134 0.086216
 -0.011258 0.024324 -0.085578 -0.084927 -0.088518 -0.079420 0.002977 0.071713 -0.011828 0.065826 -0.005761 0.029346 0.056744 -0.025776 -0.012851 0.031899 -0.011128 -0.043833 0.038691 -0.084889 0.055879 -0.006690 -0.015176 0.033989 -0.062677 0.002529 0.053531 -0.011883 -0.064881 -0.048110 0.000866 0.084737
 -0.072699 -0.040073 -0.067748 0.032289 -0.092518 -0.053135 -0.048622 -0.074096 0.061931 -0.075699 0.079098 0.068382 -0.071021 0.084675 0.061858 -0.094076 -0.086573 0.040630 0.082015 0.090515 -0.013717 -0.040477 0.094595 0.040690 0.090548 -0.088869 -0.065523 0.036790 -0.090408 -0.002148 0.034737 0.082540
 0.093351 -0.011531 0.017863 0.016231 0.075064 -0.067087 -0.031294 -0.096226 0.087187 -0.055969 0.071002 0.021791 -0.019732 -0.029537 -0.015380 -0.083307 0.048017 0.070933 0.002763 -0.066190 0.042181 0.018285 -0.088246 0.075953 -0.043992 0.014102 0.013799 -0.024692 0.015531 -0.002549 -0.072311 0.038203
 -0.020338 -0.050648 0.073919 0.082851 0.082747 0.058084 0.042909 0.024559 -0.057184 -0.085214 0.057967 -0.034492 -0.020115 -0.060494 -0.047051 -0.057890 0.012206 -0.018312 -0.086672 0.070804 -0.097431 0.010981 -0.083640 -0.072660 0.092028 -0.074634 -0.065506 0.075804 0.067014 0.070897 -0.044722 -0.056917
 0.090833 -0.013182 -0.093503 -0.049724 0.001691 -0.087007 -0.057807 0.075570 0.097779 -0.098121 -0.088138 -0.048557 0.070287 -0.059456 0.065995 0.037273 0.080921 -0.070454 0.070883 0.020400 -0.077658 0.036275 -0.074064 0.004273 -0.016252 -0.085637 0.040656 0.082155 0.044510 -0.058547 -0.077856 0.005219
 0.088902 0.029928 -0.069283 -0.057544 -0.034224 0.099546 -0.051393 0.002288 0.031220 -0.033179 0.006165 0.089899 -0.015616 0.076471 -0.011594 -0.000086 0.020589 0.003627 -0.010817 0.060347 0.053090 -0.049969 0.039893 0.062186 -0.006683 0.018394 -0.046756 -0.072915 0.030437 0.006764 0.067278 -0.032575
 -0.026323 0.009718 -0.090684 -0.028065 -0.027173 -0.043447 0.027406 -0.055721 -0.071764 0.086935 -0.059244 0.020974 0.046741 -0.019639 -0.039136 -0.073948 -0.065108 0.066213 -0.058851 -0.091559 -0.092066 0.007310 0.081050 -0.000620 -0.076060 0.039715 0.035303 -0.070246 0.089107 -0.014755 0.075310 0.032313
 -0.025001 -0.094868 -0.076606 0.077475 0.083134 0.095277 0.065292 -0.068270 -0.098729 -0.055019 -0.015009 -0.090032 -0.045258 0.017283 0.092235 -0.005226 -0.070293 0.032999 0.038173 -0.000986 0.028619 0.013532 0.040715 0.068695 0.094356 0.078482 0.084263 -0.001287 0.025637 -0.091135 0.009674 -0.096931
 -0.056092 0.036912 -0.038110 -0.017544 0.034585 -0.025738 -0.010571 0.013286 0.032494 0.030845 0.032056 0.098497 -0.020551 -0.079662 0.068676 -0.040972 0.098385 0.003910 -0.086395 -0.096213 -0.018100 -0.044943 -0.031321 0.036801 0.041844 -0.097269 0.090860 0.034509 -0.000458 0.057398 -0.019359 0.099602
 -0.062462 -0.016896 -0.054834 -0.070577 0.025250 0.002884 -0.058865 0.056004 0.052107 0.097733 -0.097631 0.028698 -0.087882 -0.050425 -0.058299 -0.031399 -0.068318 -0.035250 -0.094185 -0.092405 -0.018595 0.059057 -0.025076 -0.055781 0.068166 0.013182 0.032150 -0.018009 0.054248 -0.001017 0.055972 -0.059978
 0.048909 0.043980 0.060721 -0.023940 -0.037164 -0.080729 -0.044631 0.016940 -0.005741 -0.014541 0.061308 0.088669 0.019994 0.069210 -0.073801 0.069999 -0.002937 0.073082 0.007117 0.074869 -0.051868 -0.071291 0.089810 -0.063751 -0.047639 -0.079327 0.091005 0.052549 0.037132 -0.040583 -0.077650 -0.087175
 0.038885 -0.094571 -0.095893 -0.047738 0.065050 -0.022899 0.015882 0.002856 0.014263 0.079634 -0.097500 -0.069529 0.065987 0.097092 0.076101 0.074115 0.079359 0.005274 0.088582 -0.057596 0.022898 0.003388 0.012560 -0.075817 -0.040706 -0.072296 0.051747 0.017200 0.023265 0.057115 0.021497 0.009050
 0.012013 0.001157 -0.067111 -0.080268 0.041931 0.002368 0.024228 0.098244 -0.095113 -0.013187 -0.089533 0.044815 0.085841 0.021930 -0.034598 0.032661 0.081504 0.072318 -0.096729 -0.088572 -0.090800 0.027958 -0.061737 0.038281 0.047175 0.020673 0.018783 -0.051760 0.038778 -0.039943 -0.028424 -0.085782
 -0.085823 -0.062190 -0.069396 0.055960 0.018138 0.066323 0.000169 0.027782 -0.075729 -0.062116 0.097212 0.011618 0.042677 0.055174 -0.083272 -0.091861 0.065575 -0.019473 0.055432 -0.004786 -0.030949 0.007918 0.011317 -0.012982 -0.043104 -0.036808 -0.097190 -0.023023 -0.081649 0.071604 -0.099400 0.032483
 0.020292 -0.004008 -0.094678 0.003298 0.017393 0.052595 -0.069003 -0.014699 -0.007117 0.062846 -0.098178 0.043081 0.034724 -0.094009 -0.028339 0.021552 -0.026886 0.080271 0.007238 -0.015369 -0.016210 -0.077321 0.067052 0.048243 0.071471 0.003030 -0.061285 0.004312 0.002896 -0.062580 0.017972 -0.084722
 -0.090710 0.091683 -0.019287 0.024547 -0.052227 -0.051906 -0.087690 0.006644 -0.009407 -0.056877 -0.002420 -0.051314 0.002691 0.042738 -0.090394 -0.038930 -0.008761 -0.044872 -0.087109 0.063480 0.089895 -0.062123 0.035086 -0.067478 -0.077802 0.015615 -0.094461 -0.001244 -0.060240 -0.040747 -0.017057 0.043902
 0.004267 -0.078272 -0.029901 0.066064 -0.062286 0.045129 -0.038228 0.001768 -0.020198 -0.021691 -0.093121 -0.067635 -0.054045 -0.037608 -0.053500 0.093164 0.026694 -0.091064 0.048609 0.034699 0.000725 0.059214 -0.006244 0.068323 -0.054918 -0.088914 -0.014878 0.050567 -0.045913 -0.066696 -0.082570 0.041273
 0.065477 -0.060472 -0.014443 -0.062849 0.077253 0.016701 0.075602 0.098313 0.076819 0.076340 -0.044268 -0.026842 -0.003354 0.083761 0.042985 0.093292 -0.030241 -0.041083 -0.046100 -0.037726 0.023247 -0.012614 0.023796 0.056638 0.065605 0.069146 0.065595 -0.083182 -0.019947 0.041865 -0.047550 0.064305
 -0.071579 0.067862 -0.083089 0.014207 0.090395 -0.076454 0.081118 -0.070067 0.000160 0.099906 -0.065655 -0.017182 -0.069365 0.091813 -0.037497 -0.075920 0.016733 -0.091078 0.097323 -0.026679 -0.080100 -0.031025 -0.023546 -0.081803 0.048154 -0.060318 0.078573 -0.046423 0.015672 0.081975 0.062912 0.079361
 0.029324 0.049808 -0.056142 -0.077328 -0.017090 0.093112 0.047782 -0.014140 -0.048616 0.072864 -0.055397 -0.032662 0.054731 -0.005161 0.061163 -0.078541 0.058004 -0.054936 0.024668 0.036905 -0.039182 -0.091482 0.016686 0.005600 0.022667 -0.061812 -0.028253 0.005405 0.025458 -0.050938 -0.043854 -0.006872
 0.057779 0.051594 0.056210 -0.012153 -0.043658 0.055875 -0.022077 0.000931 0.004612 0.018083 -0.072494 -0.073075 0.019836 0.046127 -0.042902 -0.091070 0.088051 -0.011046 -0.004362 0.048171 0.091090 0.018970 0.023359 0.035070 -0.063944 -0.034163 0.030188 -0.097732 0.041098 -0.020685 0.018119 -0.068014
 0.094912 0.039372 -0.087487 0.079028 -0.081486 0.054604 -0.035953 0.023200 -0.025669 -0.036977 0.088361 -0.086486 0.081423 0.095259 0.018856 -0.080156 0.021088 0.086842 0.036778 0.086605 -0.023158 0.032306 -0.020896 -0.046467 0.054835 -0.079547 -0.040276 0.086192 0.011173 0.075816 0.097452 -0.088431
 0.018084 0.066474 -0.069870 -0.081725 0.084619 -0.031016 -0.052157 0.000921 -0.042637 0.093878 0.050788 -0.095273 0.022053 0.081698 0.003947 0.002936 0.048477 0.097360 -0.088197 0.038115 0.031397 0.030722 -0.047168 -0.077111 -0.086191 0.060469 0.083995 0.018928 -0.080659 -0.065239 -0.072077 0.051754
 -0.015722 0.084197 0.031594 -0.033704 -0.052474 -0.090784 0.005253 -0.051365 -0.007528 -0.040010 0.099507 0.097712 -0.020135 -0.006780 0.015313 0.093711 0.059453 0.022355 -0.079314 0.055825 -0.095661 -0.005852 0.031317 -0.012966 -0.087469 -0.040009 0.048846 0.087049 0.091137 0.075120 0.043028 0.001119
 0.052034 0.076915 0.012168 -0.031902 -0.016756 -0.016833 0.081733 -0.045147 0.059388 -0.094151 0.044560 -0.068352 -0.054360 0.094829 0.015506 0.040453 0.070008 0.038156 -0.099566 0.085028 0.087134 0.074933 -0.042513 0.092524 0.032912 0.049028 -0.044272 -0.037830 -0.086061 -0.098894 0.015829 -0.007803
 -0.071188 -0.059541 -0.059708 0.046985 0.056481 0.051034 -0.061468 0.067159 -0.039487 -0.044744 -0.018683 0.078715 -0.082344 -0.051744 -0.053879 -0.036091 -0.086188 0.023995 -0.087928 0.030866 -0.070343 0.075168 0.069886 0.026375 -0.046041 0.013405 0.061746 -0.058212 0.065782 0.082581 0.023674 0.025559
 0.045392 -0.012624 -0.054449 -0.089446 -0.084759 0.083731 0.010647 0.060479 -0.014602 0.098181 0.012847 -0.016888 0.010562 -0.008735 -0.020695 -0.075909 0.074421 -0.013666 -0.073233 -0.024887 -0.002658 -0.053407 -0.068737 0.077963 -0.044812 -0.039386 -0.078154 0.015458 0.009834 0.078459 -0.066671 -0.052006
 0.027930 -0.034906 0.051293 -0.081255 0.021847 0.012373 0.057948 0.041406 -0.026497 0.048210 -0.053758 -0.070249 -0.082530 -0.009149 0.072699 0.051025 0.074958 0.089749 -0.080613 0.029642 0.050550 -0.002985 0.066541 0.041844 0.090790 0.020040 0.091136 -0.070325 0.008107 0.096119 -0.015841 -0.086596
 0.089598 -0.012623 -0.030204 0.020199 0.047681 -0.053355 0.025638 0.011347 -0.072349 0.056369 0.083523 0.066502 -0.087404 0.002390 -0.092636 0.025644 -0.028370 0.018193 0.089355 0.061726 0.009587 -0.080185 -0.025903 -0.040758 -0.007442 0.094108 -0.062993 0.088491 -0.060719 -0.020736 -0.098330 -0.035729
]
Total memory size for keys: rot_key_cnt = 1617, rot_key_size = 366238792920 bytes, total_key_size = 366597406448 bytes
Total memory size for weight plain: cnt = 23118, size = 97725801968 bytes
RTLib functions         	       Count	      Elapse
--------------------    	    --------	    --------
FINALIZE_CONTEXT        	           1	   10.903573 sec
PREPARE_CONTEXT         	           1	 1686.570247 sec
ENCODE_ARRAY            	       23689	  461.080385 sec
ENCODE_VALUE            	         396	    1.318458 sec
NTT                     	      351403	  895.461188 sec
INTT                    	       27092	   75.724310 sec
MAIN_GRAPH              	           1	 1399.724360 sec
 HW_ADD                  	      296456	   49.260502 sec
 HW_MUL                  	      186612	  115.648288 sec
 HW_ROT                  	       94998	   16.754071 sec
 COPY_POLY               	          11	    0.004809 sec
 EXTEND                  	        2510	    7.388044 sec
 PRECOMP                 	        3739	  207.006782 sec
 MOD_DOWN                	         295	   17.698631 sec
 DOT_PROD                	        7478	   88.259983 sec
 RESCALE_POLY            	         128	    2.437552 sec
 COPY_CIPH               	         135	    0.340577 sec
 INIT_CIPH_SM_SC         	       29324	    1.575812 sec
 INIT_CIPH_UP_SC         	       23117	    7.466500 sec
 INIT_CIPH_DN_SC         	          59	    0.033281 sec
 BOOTSTRAP               	           6	  482.449721 sec
  BS_SETUP                	           1	   61.914941 sec
  BS_KEYGEN               	           1	   98.319459 sec
  BS_EVAL                 	           6	  482.449711 sec
   BS_COEFF_TO_SLOT        	           6	  227.004768 sec
   BS_APPROX_MOD           	           6	  143.360237 sec
    CHEBY_1                 	          12	   76.924354 sec
    CHEBY_2                 	          12	   45.622917 sec
   BS_APPROX_MOD           	   sub total	  122.547271 sec
   BS_SLOT_TO_COEFF        	           6	  103.480917 sec
   BS_PRECOMP              	         282	   74.762518 sec
   BS_MOD_DOWN             	         174	   36.765515 sec
   BS_DOT_PROD             	        1194	   95.698147 sec
  BS_EVAL                 	   sub total	  681.072100 sec
  FAST_SWITCH_KEY         	        1194	   95.699080 sec
 BOOTSTRAP               	   sub total	  738.383191 sec
 PT_ENCODE               	       23118	  401.885677 sec
MAIN_GRAPH              	   sub total	 1398.210232 sec
Total (non-bs + bs)     	       Count	      Elapse
--------------------    	    --------	    --------
PRECOMP                 	        4021	  281.769300 sec
MOD_DOWN                	         469	   54.464146 sec
DOT_PROD                	        8672	  183.958129 sec
3097.75s 382131704KB
Exit 0 - Check log: /app/ae_result/hpao/vgg13_cifar10_x2.moddown.log
LINK_EXEC RETV:0
LINK_EXEC CMD TIME:3113.953700s
