FAST_DOT_PROD=0
/app/hpao_cmplr/bin/fhe_cmplr /app/model/vgg13_cifar10.onnx -o /app/ae_tmp/vgg13_cifar10.onnx.c -VEC:conv_fast -CKKS:N=131072 -VEC:ms=65536 -P2C:df=/app/ae_tmp/vgg13_cifar10.onnx.weight -CKKS:sk_hw=192 -O2A:ts -FHE_SCHEME:ts -VEC:ts -SIHE:ts -FHE_SCHEME:ts -POLY:ts -P2C:ts -CKKS:ts:q0=60:sf=56 -POLY:ts -P2C:ts -P2C:fp -SIHE:relu_vr_def=10
[/app/hpao_cmplr/bin/fhe_cmplr][ONNX2AIR][--] : phase_time = 0.099288 / 0.099439(s)
[/app/hpao_cmplr/bin/fhe_cmplr][SCHEME_INFO_ANALYZE][--] : phase_time = 0.000056 / 0.099520(s)
[/app/hpao_cmplr/bin/fhe_cmplr][VECTOR][--] : phase_time = 2.129413 / 2.228942(s)
[/app/hpao_cmplr/bin/fhe_cmplr][SIHE][--] : phase_time = 0.486961 / 2.715915(s)
[/app/hpao_cmplr/bin/fhe_cmplr][CKKS][--] : phase_time = 0.503954 / 3.219879(s)
[/app/hpao_cmplr/bin/fhe_cmplr][POLY][--] : phase_time = 1.979223 / 5.199111(s)
[/app/hpao_cmplr/bin/fhe_cmplr][POLY2C][--] : phase_time = 0.511228 / 5.710350(s)
COMPILE RETV:0
COMPILE CMD TIME:6.041242s
/app/hpao_cmplr vgg13_cifar10.onnx /app/test/vgg13_cifar10.c vgg13_cifar10.onnx.c
ckks_param: _provider = 0, _poly_degree = 131072, _sec_level = 0, mul_depth = 34, _first_mod_size = 60, _scaling_mod_size = 56, _num_q_parts = 3, _num_p = 12, _num_rot_idx = 1534,_hamming_wieght = 192
input(tensor): [
 -0.084075 -0.078664 0.073091 0.083986 0.041549 0.047992 -0.068615 -0.053272 0.092571 0.051629 0.073416 -0.048581 -0.009005 0.030486 0.002556 0.082122 0.091810 -0.068403 -0.096602 -0.032103 -0.018423 -0.048181 0.083621 0.062894 0.099582 -0.006082 0.067681 0.038685 -0.054592 -0.090735 0.072681 -0.027836
 0.093923 -0.087587 0.039648 -0.035668 0.013713 -0.099088 0.035007 0.003396 0.075432 -0.036183 -0.019277 -0.032595 -0.019916 -0.022766 -0.006233 -0.050730 0.016510 0.024661 0.078057 0.050158 0.001550 -0.087748 0.064447 -0.019443 0.055008 0.043909 -0.001537 -0.011275 -0.019264 0.033666 0.025113 -0.047361
 -0.042826 -0.061111 0.096229 0.033179 0.083839 0.025461 -0.032441 -0.078536 -0.015733 0.029440 -0.036063 -0.087382 -0.033939 -0.039336 -0.097641 0.052816 -0.062817 0.061284 -0.042452 0.007261 0.010939 -0.034559 0.057119 0.062431 -0.086517 -0.091679 -0.016133 -0.010843 -0.085076 -0.089861 0.076640 -0.053883
 -0.043165 0.048663 0.074347 -0.088233 -0.003196 0.041384 0.036095 0.068107 -0.014198 0.073027 0.070379 0.071449 0.010142 0.082643 -0.061863 0.053638 -0.030153 -0.059590 -0.061157 0.007653 -0.079262 0.037078 -0.000872 0.099338 -0.014659 -0.044701 0.013578 0.095423 0.032053 -0.068555 0.057944 0.006927
 0.081319 0.009315 0.096876 -0.040348 -0.050497 0.020199 0.026301 -0.035915 0.024122 0.072552 0.082741 -0.018380 -0.073925 -0.088752 -0.012484 -0.081570 -0.064546 -0.003020 -0.069826 -0.099186 0.063258 -0.002078 -0.060249 -0.049420 0.043754 0.006623 -0.022932 -0.010280 -0.054153 0.068190 0.053456 -0.072381
 0.056575 -0.000441 -0.042779 -0.068086 -0.064987 0.051673 0.065588 -0.058607 0.053060 0.019773 -0.062171 -0.099903 -0.040585 0.050659 0.002487 0.099059 0.059533 -0.086957 -0.052110 -0.038682 0.034044 0.009908 -0.082169 -0.024338 -0.088705 0.066475 -0.016820 0.063477 0.002234 0.085979 0.050045 0.006516
 -0.024776 -0.092304 -0.070181 0.038220 -0.064949 -0.003927 -0.042805 -0.070417 -0.085603 -0.081784 -0.008214 -0.009533 -0.025779 -0.043264 -0.038180 0.053907 0.073248 -0.056833 0.029797 0.004827 -0.030024 0.023006 -0.083158 -0.004720 -0.050259 -0.013446 -0.076726 -0.046488 0.027620 0.063780 -0.012417 -0.004184
 -0.091088 -0.081067 0.002790 -0.078131 0.055902 -0.003330 0.080214 -0.036927 0.033944 0.098972 0.010132 -0.099992 -0.089270 -0.072873 -0.079849 -0.046208 0.010852 -0.082973 -0.052156 0.007068 -0.018248 -0.077966 -0.092574 0.082596 -0.096625 0.044479 0.050249 -0.057256 0.046997 -0.080574 -0.087606 -0.032594
 0.009275 -0.081178 -0.006090 0.058447 -0.042759 0.030306 0.072579 0.007233 -0.060311 -0.057489 0.040445 -0.006157 -0.065717 -0.057642 -0.003839 -0.094837 -0.046084 -0.002826 -0.071040 0.089004 -0.065997 -0.041292 0.097701 -0.068510 -0.013850 -0.020214 0.033155 0.090536 -0.054923 0.052077 -0.054876 -0.042559
 0.048407 -0.012503 0.059457 -0.068324 -0.097839 -0.055882 -0.059688 -0.040059 0.019399 0.017495 -0.020046 -0.001389 -0.056996 0.074952 0.011080 -0.037791 0.054661 0.008067 0.017662 -0.014405 -0.091323 -0.008942 0.017728 0.094348 -0.019763 -0.042713 -0.045031 0.076626 0.047432 0.040566 0.081601 -0.032786
 -0.080039 0.051820 0.023412 -0.063058 0.093132 -0.058334 0.002609 -0.044726 0.080223 -0.055940 -0.085244 0.025486 -0.064212 -0.083823 0.043399 -0.089210 -0.090477 -0.080860 0.073873 0.092377 0.071832 -0.044745 0.061442 0.015666 -0.024260 -0.090257 0.033645 -0.099917 -0.080902 0.015863 -0.069794 0.002656
 0.086547 -0.082721 0.091119 -0.034896 -0.040677 -0.011823 0.084240 0.043383 -0.069641 -0.047380 -0.006621 0.036179 -0.009582 0.036047 0.033024 -0.052336 -0.063237 -0.027162 -0.033206 -0.007488 0.052950 -0.019403 0.056534 0.061423 -0.099852 0.056465 0.003467 0.059212 -0.076124 -0.067017 -0.020538 0.099961
 -0.093320 -0.065675 -0.013736 -0.059928 -0.084933 -0.045402 -0.081094 0.029382 0.062828 -0.038716 -0.067395 -0.068074 -0.088809 0.088903 -0.046538 0.007197 0.041609 -0.020247 0.037497 -0.056801 -0.059652 -0.070342 -0.032478 -0.074593 -0.099491 -0.052804 -0.000710 -0.066678 -0.092717 -0.033019 0.009957 0.010829
 0.069716 -0.051431 -0.047964 0.023333 -0.025354 -0.003058 0.073747 -0.003601 0.028369 0.049234 0.080295 -0.081648 -0.076630 0.020320 -0.027836 -0.085817 0.039619 -0.084618 0.066203 0.030966 0.055219 0.014125 -0.095543 0.018563 -0.080120 0.017623 -0.041366 0.013660 0.058013 0.008694 0.088440 -0.024491
 0.004498 -0.024721 -0.014141 -0.065407 -0.025754 -0.042065 0.078092 0.036178 -0.064859 0.063201 0.085331 -0.038622 0.083284 -0.037997 -0.021274 0.022257 -0.018315 -0.073421 0.077967 -0.093005 -0.043452 0.030411 -0.052303 0.027757 0.000372 -0.060309 0.014246 0.019792 -0.055100 -0.077283 -0.070948 -0.054268
 -0.039302 -0.003781 0.043901 -0.016390 -0.039214 -0.050135 0.015357 0.038202 0.081712 -0.039367 0.059850 -0.034233 -0.008511 -0.070787 0.093387 0.060580 -0.088120 0.070660 -0.026400 -0.003912 0.075542 0.019408 0.072138 -0.050465 0.074421 0.092738 0.035487 -0.002882 0.033975 0.083136 -0.053648 -0.040123
 -0.032155 -0.098082 0.088298 0.063528 -0.099378 0.024428 -0.089969 -0.082751 0.096385 -0.080351 -0.097921 -0.027357 0.070927 0.031670 -0.028898 0.017669 0.008253 -0.089263 -0.063847 -0.003280 0.070975 0.008847 -0.063952 -0.099053 -0.090289 -0.080869 -0.045451 -0.073077 -0.004440 0.058565 -0.087331 -0.016558
 0.000048 0.045226 0.055507 0.024167 0.028826 -0.022486 0.045655 0.042228 0.045932 0.000846 0.058965 0.046142 -0.055502 -0.069910 -0.004589 0.073745 0.070717 0.070011 -0.075624 -0.069583 0.003169 -0.072165 -0.019902 -0.021830 0.075233 -0.022250 -0.059040 0.022459 -0.084271 -0.075612 0.065130 -0.095623
 0.046037 -0.008861 0.098090 -0.088566 0.036332 0.023835 0.038422 0.063896 -0.095744 -0.040756 0.056775 -0.065755 -0.024912 -0.056608 0.084992 -0.008002 -0.046501 -0.057249 -0.013289 0.083876 0.046536 -0.078386 0.016430 0.000518 -0.073646 -0.058972 0.088205 -0.036174 0.012791 0.012236 -0.045513 0.045622
 -0.008378 0.074851 -0.047605 0.046809 0.041430 -0.004875 -0.003092 -0.021515 0.028912 0.094670 -0.069041 0.024193 0.058210 -0.060420 0.018774 -0.027278 -0.068604 0.064540 -0.010174 0.019966 0.070703 -0.041156 -0.068196 0.042683 -0.069855 0.049505 0.028404 -0.092180 0.072525 0.014985 -0.000806 0.038220
 0.046321 0.008056 0.073151 -0.062027 -0.067640 0.043641 0.036874 0.098671 -0.066165 0.069387 -0.015591 0.004456 0.098496 0.081831 -0.061666 -0.034835 -0.084429 -0.028498 -0.032738 -0.039508 0.009167 -0.032359 -0.038536 -0.026662 -0.060019 -0.027424 0.022333 0.043139 0.086539 -0.095269 0.090191 0.090247
 -0.072623 0.047692 -0.072251 0.090856 0.008356 -0.099596 -0.051449 0.051539 0.012465 -0.063143 -0.087823 -0.015708 -0.032422 0.032624 -0.017073 -0.014534 -0.008959 0.083265 0.021545 -0.061387 -0.074852 -0.036600 -0.050205 -0.037049 0.074115 -0.098841 -0.068860 0.079108 0.008223 -0.055259 0.059993 -0.069055
 0.035357 -0.024625 -0.057129 -0.054652 0.033660 0.037621 0.071884 -0.059429 -0.033439 -0.046176 0.052902 0.091340 -0.067558 -0.067995 0.082723 -0.021985 -0.008559 0.048291 -0.084619 0.066509 -0.063829 0.094457 -0.018551 -0.041530 -0.049072 -0.001796 -0.037374 0.092568 -0.059753 0.078196 0.097908 0.009624
 0.083073 0.064164 0.059941 -0.039448 -0.035477 -0.062891 -0.042565 0.096080 -0.020005 -0.013965 -0.077515 -0.074815 -0.093707 -0.084440 -0.096409 -0.063198 0.087704 -0.054028 0.071289 -0.011012 0.042962 0.080480 -0.071909 -0.070659 -0.030524 0.079437 0.045883 0.054448 -0.025026 -0.020311 0.069854 0.048788
 -0.009622 -0.020425 0.015338 -0.054422 -0.003378 0.040246 -0.065433 -0.050468 0.072336 -0.073928 0.058145 -0.083163 -0.070963 -0.089536 -0.015082 -0.097926 0.062622 -0.082456 -0.036304 -0.065438 0.042837 0.049768 -0.041218 -0.041101 -0.002453 0.090084 -0.034805 0.066145 -0.091579 -0.033938 0.056489 -0.061336
 -0.045817 -0.046922 -0.085767 -0.072493 0.047689 -0.079938 0.041671 0.052111 -0.090866 0.060211 0.034964 0.091554 0.015567 -0.015929 0.001628 0.074840 -0.015222 0.079637 0.079155 -0.025889 -0.036878 0.029259 0.092893 -0.028782 0.018320 -0.074894 0.051524 0.011437 0.011032 -0.090147 -0.002926 0.074188
 -0.035665 0.068646 0.061037 -0.073530 0.040087 -0.032230 -0.014337 -0.087754 -0.039560 0.024515 -0.000845 -0.053395 0.096544 -0.037592 0.026941 -0.093680 0.028530 -0.010102 -0.016322 -0.059474 -0.011319 0.058436 -0.037230 -0.093496 0.013898 0.021038 -0.004204 0.031462 -0.085491 0.095536 0.073619 0.029724
 -0.006636 0.011371 0.090989 -0.040622 0.020259 0.099839 0.090289 0.098638 -0.051134 -0.038807 -0.099925 -0.088912 0.001306 -0.011664 -0.097245 0.033266 0.095972 0.004400 -0.092887 0.012222 -0.086198 -0.085230 0.032309 0.096362 -0.048907 -0.006180 -0.037505 -0.082152 0.003379 -0.067185 -0.036582 -0.088890
 -0.045701 -0.036421 -0.048630 -0.020589 0.041491 -0.024960 -0.090090 0.019958 -0.007778 0.034413 -0.099463 0.088798 -0.090329 0.066431 -0.064690 0.095624 -0.020883 -0.077030 -0.092338 0.017692 0.020018 0.018438 -0.061464 -0.061511 -0.073077 0.000393 -0.045254 0.086477 -0.015843 -0.041361 0.093638 -0.073877
 -0.015571 -0.029982 0.026036 -0.034221 -0.019460 -0.065848 -0.027932 -0.024042 -0.014676 0.077929 0.012809 0.001895 0.034120 -0.095643 -0.019826 -0.030049 0.001761 0.020393 0.083512 0.072195 0.037321 -0.012474 0.016232 -0.060594 0.033300 0.022757 0.011058 0.060355 0.072137 -0.065506 0.074743 0.064943
 -0.022418 -0.038176 -0.027837 0.018356 -0.043480 -0.046111 -0.049806 -0.035988 0.061105 0.019587 -0.009014 0.047340 -0.013168 -0.055620 0.064121 -0.026473 -0.050487 -0.021665 0.097286 0.034160 -0.021649 -0.091749 0.036279 0.071402 -0.021811 0.092992 0.020327 -0.021113 -0.052007 -0.063076 0.045174 0.081093
 0.010213 -0.033363 -0.019073 0.038830 0.088311 -0.097553 0.027924 0.022961 -0.058221 -0.008060 0.064735 0.032500 -0.084242 0.071613 0.063424 -0.022960 -0.082235 0.013550 -0.070119 0.047809 0.003008 -0.014729 0.011035 -0.020438 -0.069104 -0.084563 0.048964 -0.028778 0.059339 -0.047382 0.035939 0.069425
 0.001728 0.093290 0.063396 0.089290 -0.090850 -0.069242 -0.044738 0.086840 -0.097445 0.096555 0.062643 0.074263 -0.092013 0.075194 0.073568 0.028690 -0.001177 -0.021021 0.084026 0.005942 0.070554 -0.089420 0.019907 -0.054129 0.062850 0.043544 0.021680 -0.018352 -0.090705 0.071179 0.086613 -0.060588
 -0.054889 0.057515 0.055931 0.031589 -0.052030 -0.022358 -0.077672 -0.055528 0.083420 0.065772 -0.010983 0.091883 0.092774 0.098290 -0.095697 0.067128 0.083056 0.084269 -0.066400 -0.015945 -0.070423 -0.059412 -0.024098 0.099989 -0.046877 0.058935 -0.079369 -0.000745 -0.031269 -0.072600 0.096144 0.088515
 0.075527 0.042090 0.018306 -0.089845 0.052445 -0.043795 0.092348 0.096855 0.043524 -0.034399 0.010427 -0.020872 0.051725 0.060116 -0.057965 0.079282 -0.022093 0.051206 0.020975 0.057015 -0.094980 0.080615 -0.043532 0.034374 -0.005728 0.003361 0.085439 0.084073 0.079484 0.045399 0.070493 0.088123
 0.022251 0.007568 -0.016002 0.007549 0.023280 -0.061167 -0.066089 -0.001019 0.077379 -0.069484 0.070593 0.055533 0.042738 -0.051580 0.056623 -0.000970 -0.038423 0.054506 0.005849 -0.019505 0.068026 -0.004113 -0.068911 -0.002428 0.036516 -0.011664 0.031119 -0.009244 -0.045833 0.045843 -0.098099 -0.087685
 -0.005245 -0.065362 0.003394 -0.083976 0.038085 0.080222 0.017117 0.057937 -0.070164 0.043433 0.006480 -0.086605 0.083211 0.089832 -0.015482 -0.065887 -0.016687 -0.009765 0.076056 0.020058 -0.067111 0.070073 0.015548 0.006446 0.095193 -0.062372 0.071299 -0.071994 -0.015041 -0.092449 0.044678 0.005234
 -0.099718 0.058963 0.055578 0.031040 -0.059503 -0.016442 -0.071283 0.052573 -0.001758 0.043779 0.017668 -0.058941 -0.095693 -0.010803 -0.096983 -0.007221 0.058682 0.073603 -0.074531 0.022367 -0.010258 0.017427 0.038425 -0.035434 -0.032264 -0.054757 -0.036405 0.030416 0.092618 -0.010058 -0.065320 -0.099929
 -0.039281 0.099276 0.089129 -0.021044 -0.004918 -0.007428 0.082388 0.096515 0.004461 -0.068149 0.014826 0.092031 -0.019688 0.064081 -0.034068 0.041118 -0.073602 -0.032144 -0.035378 0.068080 0.015989 -0.088507 -0.041370 -0.029275 -0.015043 -0.068490 -0.083341 0.038572 -0.019013 0.009813 0.010018 0.040344
 -0.083813 0.009143 -0.073197 -0.075730 0.050566 -0.097821 0.048684 -0.049765 -0.006632 0.060127 -0.008296 -0.078560 0.088149 0.041463 0.035344 -0.010549 0.063668 -0.050909 0.069219 0.067692 -0.052390 0.039668 0.023491 0.008787 0.078720 -0.042646 0.040304 -0.017718 0.011754 0.089655 0.084300 -0.030008
 -0.050640 0.056171 -0.087550 -0.065003 -0.063724 -0.001565 -0.012691 -0.098652 -0.075758 0.023921 -0.067449 0.009397 -0.074146 0.025388 0.027435 0.082023 0.072907 0.066426 -0.091713 -0.005351 0.041862 0.018392 0.094881 0.042023 -0.090571 -0.085548 0.010020 0.072163 -0.078593 -0.018895 -0.086457 -0.022720
 0.004797 0.085008 0.027099 0.076107 -0.068654 -0.004000 -0.094617 0.089131 0.024542 0.028413 -0.003542 0.058652 0.085456 0.051301 -0.037358 -0.027323 -0.060959 -0.009458 0.082674 0.031294 0.059287 0.014712 0.015059 0.008432 0.021456 -0.050767 0.004190 0.048075 -0.071879 0.040168 -0.082730 -0.064171
 0.096314 -0.016222 0.051221 0.084473 0.022645 -0.048391 -0.014332 -0.001598 -0.043840 0.023581 0.099640 -0.092117 -0.029502 -0.091244 0.051260 0.045522 0.077696 0.058576 0.004019 -0.052252 -0.074394 0.063424 0.058293 0.075971 0.034740 0.007378 0.094754 0.067347 0.043561 0.001719 -0.015529 -0.039034
 -0.028444 0.063932 0.099487 0.003075 0.041910 -0.016988 -0.076968 -0.090305 0.000928 0.007719 -0.022158 0.096608 -0.016686 -0.002211 -0.029854 0.065878 0.069239 -0.041826 -0.035812 -0.093075 0.063388 0.066037 -0.018886 -0.024346 0.021918 0.016565 0.091095 -0.060521 -0.005555 0.070890 0.034713 0.029152
 0.060699 0.023967 -0.012845 -0.059548 -0.002481 -0.029039 0.096811 0.090741 0.032414 0.098628 0.031647 -0.053397 0.040819 -0.002243 -0.095157 0.021541 -0.080912 0.098542 -0.062953 -0.001738 0.085738 -0.082194 0.090442 0.027937 0.031673 -0.053682 0.074850 -0.074598 -0.075237 0.019819 -0.083890 -0.004567
 0.008122 0.086019 0.074119 -0.016108 0.023772 -0.051555 0.062269 -0.043056 -0.090092 0.064625 -0.025695 -0.052410 -0.001789 -0.021155 0.017698 -0.051342 -0.026866 -0.001091 0.014497 0.074597 -0.099519 0.071052 0.012904 0.035613 0.057593 -0.012499 -0.083537 -0.026258 -0.059965 -0.027343 0.019772 0.054025
 0.020510 0.068344 0.052831 -0.030215 -0.065554 -0.091136 0.026837 0.033777 -0.056121 0.031187 0.084731 -0.053070 0.006379 0.012598 0.016081 0.044965 0.070298 -0.044838 0.015161 -0.011626 0.030112 -0.045492 -0.007100 0.059663 -0.013644 0.011477 0.002114 0.061339 0.057555 0.028292 -0.057222 0.017061
 -0.095549 0.002647 0.021435 -0.088210 0.011304 0.049719 -0.066952 -0.055601 0.040002 -0.070891 0.018392 -0.067920 0.049514 -0.091863 -0.062979 0.070921 0.063623 -0.024998 -0.061475 -0.040346 0.052556 0.084810 -0.004302 0.077379 -0.092085 -0.011690 -0.049416 0.009262 0.032022 -0.037537 -0.015642 0.056740
 -0.043198 -0.098635 0.083774 0.085228 0.093653 0.061778 0.000401 -0.073988 -0.042352 -0.097812 -0.036616 -0.080087 -0.011783 0.041633 -0.057532 -0.036631 0.086930 0.011666 -0.031292 0.011397 -0.082072 -0.000279 -0.038704 -0.057929 -0.036080 -0.014897 -0.056311 0.086487 -0.055745 -0.080214 -0.065268 0.082765
 0.040165 0.067880 -0.035699 0.070427 0.051369 0.027441 0.072410 0.026319 -0.066082 0.025928 0.034071 -0.017568 0.019345 -0.094030 -0.024262 -0.090854 -0.013497 -0.014556 0.065846 0.026375 -0.002261 0.056939 -0.090989 0.079309 -0.076862 -0.024139 0.084006 -0.082805 0.062217 0.033347 0.094515 -0.009560
 -0.034003 0.025000 0.092927 -0.049491 0.053396 -0.021104 0.015383 0.000770 0.041610 0.035995 0.041088 0.030177 -0.098585 0.018785 -0.031959 -0.030074 0.042949 -0.061182 0.005842 -0.006616 -0.027729 0.002816 -0.032961 -0.003939 -0.025427 0.092562 0.021877 -0.024797 -0.003322 0.039219 -0.029004 -0.098537
 0.087576 0.066170 0.010851 0.013631 0.083703 0.029578 0.034211 -0.029260 0.084992 0.087054 0.058676 -0.040057 -0.073772 -0.049313 -0.020249 -0.005144 0.080909 -0.020609 -0.099057 -0.083833 0.037408 0.072699 0.080413 0.028606 -0.019819 -0.069540 -0.088203 -0.033354 -0.039504 0.084774 0.095704 0.072737
 0.045906 -0.023591 -0.012613 -0.009199 0.078776 -0.024467 -0.036909 0.030328 -0.036704 0.091825 -0.027187 -0.071312 -0.098312 0.018160 -0.066422 -0.018604 0.093952 0.041089 -0.013418 0.038952 0.048986 -0.003863 -0.077665 0.075371 -0.060331 -0.070973 -0.028414 -0.087127 -0.094722 -0.013015 -0.054336 -0.003252
 0.053622 0.082714 -0.047538 0.030873 -0.028255 0.036243 -0.032632 0.009936 -0.000778 -0.008766 0.047076 -0.067180 -0.076378 -0.077165 -0.065039 0.095401 0.076835 0.058157 -0.095750 0.084010 -0.093588 0.018770 0.095985 0.088379 0.071383 -0.046700 0.094824 0.027419 -0.031110 -0.047756 0.073027 -0.071847
 0.059447 0.080960 -0.048951 0.018707 0.022844 0.047317 -0.026487 -0.058248 0.051601 -0.050777 -0.023787 0.067546 0.040390 0.051061 0.095808 -0.075649 0.098791 0.098676 -0.010722 -0.060593 0.037168 -0.059952 0.024867 -0.078812 -0.032624 0.066376 -0.061081 -0.056385 -0.055081 0.043830 0.029102 0.045079
 0.098150 -0.027217 -0.085520 0.006127 0.058122 0.000548 0.035405 0.054639 0.095275 0.053546 -0.048446 0.017625 0.049175 0.002258 0.077903 -0.033178 0.095097 -0.038410 -0.023932 -0.029352 0.040525 -0.045883 0.027711 0.078797 0.087929 0.066812 -0.085191 -0.099740 -0.033108 0.020458 -0.003856 0.017179
 0.058412 -0.036042 0.014115 0.065560 -0.096268 0.062958 0.049645 -0.036560 -0.008146 0.080494 0.019968 -0.016591 0.099658 0.043156 -0.010966 0.053830 -0.072606 -0.007578 -0.028000 -0.013835 -0.018351 -0.013425 -0.035719 -0.069447 0.065052 -0.092571 0.029942 -0.004310 0.086590 -0.076533 -0.039764 0.073756
 0.022372 -0.018009 0.003000 -0.088616 -0.040123 0.097915 0.070326 -0.031868 -0.072809 -0.033034 0.004104 0.095020 0.000848 -0.086636 -0.011801 -0.096905 0.092647 -0.026173 0.014895 0.018129 -0.054342 -0.073293 -0.029327 -0.022826 0.092361 -0.039906 -0.022221 -0.090280 0.073937 0.084119 0.082239 -0.034795
 -0.068306 0.019147 0.083512 -0.047425 0.097196 -0.023561 -0.074617 -0.028881 0.001332 0.036314 0.005950 0.008038 0.073648 -0.019250 0.004642 0.024507 -0.026632 -0.044454 0.078640 0.093972 0.057120 -0.039112 -0.044725 0.012442 0.089057 -0.041956 -0.003469 -0.024561 0.051229 -0.063318 0.013810 -0.061347
 -0.080037 0.020622 0.050405 0.017533 -0.018067 0.020844 -0.029352 0.050700 -0.083890 -0.092755 -0.003667 -0.012233 0.082635 -0.034657 0.026920 0.023304 -0.047117 -0.028315 -0.050884 0.098240 -0.091916 -0.052128 0.000739 -0.003981 -0.036483 -0.074629 -0.058585 0.002422 0.070525 0.064723 0.092188 -0.012047
 -0.076577 -0.033167 -0.048036 -0.029860 0.068639 0.018952 -0.018441 -0.035579 0.026152 0.009443 0.031127 -0.053587 0.080605 -0.017274 -0.042870 -0.003269 -0.000870 -0.021690 0.043300 -0.093442 0.059009 0.009306 0.071444 0.025602 -0.068424 0.041760 0.029381 0.027675 0.018283 0.033503 0.031475 0.012343
 -0.018431 -0.036454 0.024815 0.049110 0.018701 -0.093486 0.089352 -0.097274 0.074823 -0.028988 0.069356 -0.026355 0.068846 0.083531 -0.063465 0.043691 -0.092526 0.017722 0.070935 0.087919 0.027433 0.076002 -0.006542 -0.095785 -0.080406 0.038635 -0.037690 0.006851 0.002390 -0.092871 -0.079214 -0.089938
 -0.088905 -0.070810 -0.000113 -0.004603 -0.084422 0.059614 -0.075984 -0.012670 0.054808 -0.063360 -0.065020 -0.022171 -0.084750 -0.099967 0.021734 0.096024 -0.081398 -0.049586 0.031369 -0.032313 -0.014104 0.026222 -0.017851 0.098271 -0.087714 0.034714 0.063962 -0.072177 -0.065519 0.041025 -0.056310 -0.083294
 -0.064796 -0.052968 -0.091945 0.048654 -0.095741 0.049913 0.069174 -0.056743 -0.032025 0.090188 0.006262 -0.053433 0.054234 -0.090015 -0.010779 -0.067798 -0.016288 -0.007457 0.068260 -0.007107 0.028942 -0.093195 -0.054427 -0.051550 -0.049260 0.017818 0.014829 -0.014623 -0.005310 0.066339 -0.050324 -0.025174
 0.062873 -0.060992 -0.072529 -0.001595 0.015899 0.062250 -0.034322 0.042979 -0.091669 -0.052422 -0.016282 -0.035762 -0.068425 0.066486 0.016136 0.097065 -0.096054 -0.013700 0.070473 -0.056047 0.062968 0.085092 -0.046061 -0.033352 0.074549 -0.059692 -0.094317 -0.047826 -0.080889 -0.039279 -0.026956 -0.078605
 -0.075028 -0.057841 0.087187 0.079837 0.080197 0.009243 0.039331 0.051490 -0.067030 -0.091501 0.027676 -0.033259 -0.012680 -0.026532 0.090190 -0.066238 0.087737 -0.048652 -0.046198 -0.045719 -0.051168 0.072689 -0.084503 0.066554 -0.010332 -0.010656 0.061334 0.074390 -0.067276 -0.054996 0.016662 -0.078730
 0.097458 0.074256 0.060290 -0.068583 0.084619 0.071050 0.065623 -0.025444 0.049349 -0.054779 0.048000 -0.072978 -0.045751 -0.005105 0.088053 0.031998 0.089793 -0.059396 -0.033629 -0.015967 0.007136 -0.063160 0.058457 -0.091092 0.029977 -0.098519 -0.092449 -0.099589 0.068704 0.005469 0.000563 0.005036
 0.001782 0.004371 0.071692 -0.025264 -0.042425 0.095979 -0.049295 -0.076126 0.011672 0.086822 -0.060092 0.089922 0.035311 -0.066433 0.086982 0.078994 -0.082965 -0.076037 0.029821 -0.009924 0.069886 -0.057763 -0.039081 0.006756 -0.045220 0.025156 -0.045459 -0.070440 0.000570 -0.072932 -0.066072 0.076938
 0.017354 -0.046765 0.072712 0.000800 0.026200 0.036414 0.084858 0.067273 -0.055765 0.082372 -0.083647 0.094943 -0.010261 0.000704 -0.008899 0.061654 -0.091985 -0.001297 -0.006845 -0.006657 -0.057044 -0.088791 -0.040458 -0.028880 -0.075467 -0.089404 0.030635 0.070663 -0.019460 0.092623 -0.015343 0.091135
 0.013645 -0.065901 -0.022814 0.077727 0.023705 0.041880 0.049308 -0.077220 -0.041912 0.051155 -0.089308 -0.037001 -0.020382 0.098426 0.010269 0.030904 0.049076 0.015315 0.080132 -0.010913 -0.047292 0.083855 -0.079727 -0.047293 -0.054126 0.052253 -0.046856 0.035484 -0.097820 -0.027992 0.087925 0.057789
 -0.065492 -0.058952 0.015551 0.067360 0.018293 0.004319 -0.027160 -0.005071 -0.087451 0.014541 0.090457 -0.006298 0.035975 -0.088324 0.050436 0.093340 0.026328 -0.003168 0.046111 0.058225 -0.008120 -0.041289 0.003202 0.049400 0.072590 -0.098838 -0.070826 0.024094 0.057934 -0.061769 -0.077726 -0.095539
 -0.011092 -0.081686 0.003948 0.017805 0.058155 -0.031414 0.081194 -0.016452 -0.064003 0.046835 -0.013565 0.057175 -0.042511 0.007999 0.097014 0.037972 0.060105 0.093592 -0.097927 0.041990 0.062617 -0.020759 0.023738 -0.054850 -0.053093 -0.086703 -0.071350 0.035322 -0.045102 -0.064361 0.048779 0.047589
 0.062773 0.083037 0.060889 0.018911 0.004584 -0.096224 -0.041778 -0.021892 0.077355 -0.018559 -0.038625 0.091794 0.054925 0.041752 -0.095678 0.059676 -0.001891 0.064112 0.048333 -0.015906 -0.028599 -0.049469 -0.048323 0.090711 -0.067213 0.034524 0.067523 0.020326 -0.004464 -0.053014 0.097611 -0.086996
 0.013107 0.090049 -0.016923 -0.024136 -0.091448 0.081904 -0.069272 -0.075927 -0.010389 -0.052135 0.050879 -0.087341 0.084565 -0.059691 -0.038573 -0.001864 0.013434 0.093508 -0.044595 -0.000318 0.012003 -0.017694 -0.020918 -0.016250 0.011518 0.033632 -0.088448 0.081687 -0.091621 0.036838 -0.088858 0.018681
 0.038347 0.081288 -0.067095 0.063841 -0.040798 -0.046762 -0.015236 0.091656 0.025039 -0.023873 -0.067396 -0.000298 0.055348 0.092485 0.034675 -0.079903 0.074685 0.062690 -0.028058 0.083567 -0.040051 -0.023595 -0.073995 0.096942 -0.093745 -0.028585 -0.086898 0.011715 -0.000291 0.024247 -0.058142 -0.034913
 0.070940 -0.050309 -0.078348 0.043449 -0.091529 -0.029659 -0.012605 0.097711 -0.034356 0.001078 -0.048075 0.031763 0.008492 0.052437 0.001257 -0.094340 0.003456 0.009719 0.055022 -0.044489 -0.069525 -0.082039 0.057190 -0.079046 0.055741 -0.012987 -0.081499 0.096148 -0.017665 0.076469 0.010070 -0.009472
 0.022868 -0.056939 -0.016705 0.065457 0.047509 0.067474 -0.044032 -0.083546 0.026208 0.090972 -0.004324 0.076190 -0.036716 0.064096 -0.023475 -0.042728 0.065339 0.039439 -0.090015 -0.027166 0.051969 -0.092998 0.061075 0.024156 0.016270 -0.094309 0.059468 -0.047929 0.033919 0.001734 0.069366 0.084858
 0.062329 0.072253 0.063631 -0.040650 -0.034435 0.018462 -0.017025 0.021679 -0.098860 0.030333 0.028444 0.031901 -0.035993 0.028591 0.098530 -0.096628 0.006138 0.048299 -0.042093 0.022125 0.011309 0.068333 -0.096062 -0.025082 -0.070840 0.048791 0.092949 -0.041894 0.059971 0.028630 0.071160 0.086794
 -0.084447 -0.068207 -0.037619 0.031518 0.047304 -0.010252 0.071313 -0.028228 -0.034347 0.056978 0.016394 0.038329 0.028000 0.072874 0.055540 0.071348 -0.090376 -0.087762 0.060309 -0.043810 0.065389 -0.027402 -0.099773 0.024372 -0.012797 0.016034 0.030756 -0.091381 0.031711 -0.060523 -0.084686 0.015744
 -0.043988 0.005749 0.094984 -0.053560 0.066473 0.006356 -0.036135 -0.043625 -0.037240 0.078619 0.094034 0.016562 0.009620 -0.059163 -0.030882 0.001062 0.089064 0.055461 -0.052180 -0.006801 -0.098193 -0.051035 -0.011309 0.070844 0.000801 0.015322 -0.052732 0.044587 0.043052 0.095104 -0.074183 -0.032836
 0.082343 0.081518 -0.000007 0.079210 -0.018434 0.019484 -0.043980 0.017073 0.091639 -0.002671 -0.060764 0.003164 0.069850 0.050290 0.023715 -0.019942 0.013733 -0.008495 0.024073 0.021224 0.027951 0.092934 -0.092101 -0.009730 -0.004928 0.050021 -0.007018 0.046622 -0.071533 0.055845 0.011283 -0.099349
 0.087363 0.065410 -0.052309 0.043965 0.062207 0.089581 -0.069961 -0.032245 0.040439 -0.015529 -0.072201 0.076251 -0.046287 0.002576 0.000571 0.099980 0.027072 -0.009182 0.073214 -0.086607 0.023656 0.005908 -0.020279 0.015467 -0.063357 0.015906 0.000375 0.058085 -0.011748 0.029207 0.062538 -0.027349
 -0.046286 0.058015 0.085332 0.030247 0.096848 -0.096513 0.056071 -0.041651 0.004661 -0.011332 -0.033568 0.004507 0.071187 0.085720 -0.035006 0.026913 0.016598 -0.079918 -0.000677 0.064521 -0.046961 0.002843 -0.050388 -0.011750 -0.075179 0.014898 0.007525 -0.016902 -0.045445 -0.008433 -0.005055 0.011038
 0.036759 -0.048485 0.096022 0.032200 -0.097160 -0.030565 -0.092363 0.053170 -0.015366 0.000441 -0.007842 0.012195 -0.065386 0.003829 -0.028952 -0.041912 -0.048091 -0.052065 0.027686 0.015435 0.022119 0.068680 -0.007764 0.050313 0.081090 -0.025651 -0.061060 -0.080027 0.009362 0.058028 0.008766 0.043784
 0.054419 0.094920 -0.048620 -0.068040 -0.002324 0.044439 -0.041550 -0.033205 -0.082154 0.098289 0.079374 0.099610 -0.099287 0.092223 -0.061460 -0.088219 -0.073573 0.062370 -0.089392 -0.034299 -0.086249 0.024705 -0.040469 0.065217 0.014725 -0.013715 0.086965 0.094725 0.003114 0.034940 0.017633 -0.084949
 -0.002183 -0.058472 0.002504 -0.088886 -0.021025 0.065204 -0.003395 0.095706 0.093244 -0.019619 -0.088432 0.082301 -0.001003 -0.020306 -0.040711 -0.053049 0.049313 0.067534 -0.091369 -0.036987 -0.052507 0.012613 -0.052358 0.049392 0.061020 -0.015708 -0.064140 -0.036945 0.079154 0.094038 0.035770 -0.065716
 -0.001774 -0.078617 0.048680 -0.073346 -0.049934 0.083375 -0.089480 -0.075757 0.089093 0.019564 0.038010 0.003551 0.045787 0.047155 0.049898 0.046074 -0.052875 -0.032426 -0.022457 0.025115 -0.050209 -0.098506 0.000759 0.085823 0.049161 -0.065345 -0.014640 -0.081254 0.051803 -0.063930 -0.087939 -0.004167
 -0.047544 0.037966 -0.044904 -0.081111 0.050353 -0.002330 -0.099069 -0.003603 -0.019415 -0.089599 -0.066604 -0.090213 0.085013 -0.066184 -0.069259 0.005252 -0.065263 0.033969 0.028049 -0.092784 0.094654 0.017346 0.087140 0.045856 0.016429 -0.063861 0.010379 0.022933 -0.010483 -0.009453 -0.007605 -0.016072
 -0.096292 0.037533 -0.081982 -0.033523 0.012606 0.093638 0.071659 0.082455 0.024173 0.078512 -0.012307 -0.058531 0.097769 -0.018851 0.071135 -0.022348 -0.049592 0.004195 0.016517 -0.005470 0.070486 -0.013934 -0.023507 -0.000566 0.022722 -0.075048 -0.004724 0.081815 0.048155 0.080387 -0.038415 -0.027081
 -0.014983 -0.077483 0.094293 -0.075763 0.083037 -0.065647 0.063532 0.067408 -0.010842 -0.096938 -0.022680 -0.014594 -0.072367 -0.068096 0.091258 -0.032540 -0.059160 0.032081 0.033732 -0.034794 0.045645 0.059949 0.064328 -0.099995 0.081599 -0.038859 -0.048162 0.007548 0.008577 -0.047694 0.089946 -0.030210
 0.051584 0.083566 -0.065295 -0.064991 -0.047518 -0.052734 0.020730 -0.043084 -0.056930 0.007944 0.027831 -0.088732 0.054855 0.060549 0.070445 0.032407 0.088012 0.077426 -0.069972 -0.034209 0.057590 -0.079301 0.048305 -0.082077 -0.044008 0.095947 -0.007892 0.075805 -0.082638 -0.080894 0.075610 -0.020241
 -0.059837 0.067886 0.032294 -0.046564 0.071332 -0.020370 -0.076555 -0.088275 -0.071360 0.060376 0.033374 0.041888 -0.019186 0.021266 0.042988 -0.033494 0.062862 -0.044978 -0.003377 -0.046591 0.088053 0.034342 0.063593 -0.071227 -0.052980 -0.061977 0.074090 0.095520 0.071548 0.040913 0.093341 -0.040623
 0.041290 0.056796 -0.064450 0.033215 -0.060143 -0.076808 -0.055824 0.029377 -0.075710 0.009131 -0.043177 0.021510 0.099366 -0.080032 -0.032548 -0.088574 -0.023671 0.077615 0.082345 -0.097288 -0.062406 0.086275 0.006031 0.094170 -0.083381 0.037396 -0.043569 -0.039689 -0.001711 -0.097408 0.031556 -0.034636
 0.022850 -0.008823 -0.033966 0.027470 0.069167 0.031086 0.075848 0.095908 0.017222 -0.039804 -0.087079 0.033548 -0.096813 0.000169 0.037347 -0.092022 0.089527 0.029061 0.004828 -0.003567 0.002755 -0.094197 -0.094338 -0.051713 -0.016178 -0.066911 0.052530 -0.065361 -0.082514 0.061883 -0.008930 0.051040
 -0.072734 0.011931 -0.038558 0.082765 0.023573 -0.070338 -0.012868 0.091822 0.087316 -0.045602 0.005191 -0.098165 0.050978 -0.011619 -0.022159 0.086857 0.045437 -0.061847 -0.000916 0.068662 -0.083160 -0.031314 -0.035850 -0.080967 -0.037873 -0.007493 -0.071032 -0.089629 0.057486 0.005781 -0.086652 -0.043055
 -0.059406 0.050687 0.091962 0.042106 0.004594 -0.086008 -0.053530 0.051177 -0.074031 -0.091942 -0.091435 0.013564 0.012140 -0.083421 -0.009716 -0.095783 0.074958 -0.001435 0.031440 -0.036745 -0.044248 0.084312 0.004063 -0.052457 0.072958 0.036343 0.039811 0.044094 -0.035743 -0.096729 0.087496 -0.094851
]
Total memory size for keys: rot_key_cnt = 1617, rot_key_size = 478144920792 bytes, total_key_size = 478612586224 bytes
Total memory size for weight plain: cnt = 23198, size = 75978341488 bytes
RTLib functions         	       Count	      Elapse
--------------------    	    --------	    --------
FINALIZE_CONTEXT        	           1	   14.338288 sec
PREPARE_CONTEXT         	           1	 2193.888444 sec
ENCODE_ARRAY            	       23769	  417.881349 sec
ENCODE_VALUE            	         824	    3.799374 sec
NTT                     	      491588	 1259.024491 sec
INTT                    	      133108	  361.849351 sec
MAIN_GRAPH              	           1	 2711.739967 sec
 HW_ADD                  	      184022	   25.521839 sec
 HW_MUL                  	      159704	   95.761033 sec
 HW_ROT                  	       25686	    6.151727 sec
 COPY_POLY               	          91	    0.096414 sec
 PRECOMP                 	        3999	  265.315721 sec
 MOD_DOWN                	        7998	  468.678017 sec
 DOT_PROD                	        7998	  142.951711 sec
 RESCALE_POLY            	        1368	   49.905072 sec
 COPY_CIPH               	         146	    0.253369 sec
 INIT_CIPH_SM_SC         	       29961	    2.496138 sec
 INIT_CIPH_UP_SC         	       23607	    7.781090 sec
 INIT_CIPH_DN_SC         	         549	    1.451491 sec
 BOOTSTRAP               	           9	 1305.091639 sec
  BS_SETUP                	           1	   83.450231 sec
  BS_KEYGEN               	           1	  128.456568 sec
  BS_EVAL                 	           9	 1305.091619 sec
   BS_COEFF_TO_SLOT        	           9	  544.166256 sec
   BS_APPROX_MOD           	           9	  403.121757 sec
    CHEBY_1                 	          18	  217.467830 sec
    CHEBY_2                 	          18	  123.118796 sec
   BS_APPROX_MOD           	   sub total	  340.586627 sec
   BS_SLOT_TO_COEFF        	           9	  335.784091 sec
   BS_PRECOMP              	         423	  233.513045 sec
   BS_MOD_DOWN             	         261	   94.577152 sec
   BS_DOT_PROD             	        1791	  274.039958 sec
  BS_EVAL                 	   sub total	 1885.202257 sec
  FAST_SWITCH_KEY         	        1791	  274.041740 sec
 BOOTSTRAP               	   sub total	 1791.040158 sec
 PT_ENCODE               	       23428	  338.506502 sec
MAIN_GRAPH              	   sub total	 2709.961765 sec
Total (non-bs + bs)     	       Count	      Elapse
--------------------    	    --------	    --------
PRECOMP                 	        4422	  498.828766 sec
MOD_DOWN                	        8259	  563.255168 sec
DOT_PROD                	        9789	  416.991669 sec
4920.58s 499049876KB
Exit 0 - Check log: /app/ae_result/hpao/vgg13_cifar10.base.log
LINK_EXEC RETV:0
LINK_EXEC CMD TIME:4940.410904s
