FAST_DOT_PROD=0
/app/hpao_cmplr/bin/fhe_cmplr /app/model/vgg11_cifar10.onnx -o /app/ae_tmp/vgg11_cifar10.onnx.c -POLY:mef -P2C:cte:ctp:df_limit=819200 -VEC:conv_fast -CKKS:N=131072 -VEC:ms=65536 -P2C:df=/app/ae_tmp/vgg11_cifar10.onnx.weight -CKKS:sk_hw=192 -O2A:ts -FHE_SCHEME:ts -VEC:ts -SIHE:ts -FHE_SCHEME:ts -POLY:ts -P2C:ts -CKKS:ts:q0=60:sf=56 -POLY:ts -P2C:ts -P2C:fp -SIHE:relu_vr_def=10
[/app/hpao_cmplr/bin/fhe_cmplr][ONNX2AIR][--] : phase_time = 0.098168 / 0.098320(s)
[/app/hpao_cmplr/bin/fhe_cmplr][SCHEME_INFO_ANALYZE][--] : phase_time = 0.000056 / 0.098402(s)
[/app/hpao_cmplr/bin/fhe_cmplr][VECTOR][--] : phase_time = 1.471403 / 1.569813(s)
[/app/hpao_cmplr/bin/fhe_cmplr][SIHE][--] : phase_time = 0.329362 / 1.899189(s)
[/app/hpao_cmplr/bin/fhe_cmplr][CKKS][--] : phase_time = 0.349306 / 2.248507(s)
[/app/hpao_cmplr/bin/fhe_cmplr][POLY][--] : phase_time = 1.709970 / 3.958488(s)
[/app/hpao_cmplr/bin/fhe_cmplr][POLY2C][--] : phase_time = 391.773967 / 395.732469(s)
COMPILE RETV:0
COMPILE CMD TIME:399.211085s
/app/hpao_cmplr vgg11_cifar10.onnx /app/test/vgg11_cifar10.c vgg11_cifar10.onnx.c
ckks_param: _provider = 0, _poly_degree = 131072, _sec_level = 0, mul_depth = 34, _first_mod_size = 60, _scaling_mod_size = 56, _num_q_parts = 3, _num_p = 12, _num_rot_idx = 1464,_hamming_wieght = 192
input(tensor): [
 -0.044738 -0.039953 -0.053581 0.088810 -0.007999 -0.054992 0.040337 0.077174 0.027561 -0.062178 -0.044431 -0.041822 -0.042516 -0.062844 -0.025565 0.096820 -0.093711 0.000497 -0.049175 -0.074725 0.098174 0.049799 -0.044270 0.057893 -0.039392 -0.086858 0.022400 -0.088565 -0.087021 0.053310 -0.013120 0.018862
 0.043162 0.075885 0.046317 -0.025387 0.037731 0.070255 0.029270 -0.004629 -0.008721 -0.036531 -0.013180 -0.084281 -0.001578 -0.098024 0.072128 -0.027419 0.078755 0.014067 -0.046656 -0.095163 -0.046302 0.014783 0.017816 -0.036841 0.055938 0.009729 -0.045165 -0.013747 -0.026360 0.086588 0.044795 -0.010795
 -0.090783 -0.061064 0.082500 -0.034171 -0.079115 0.001544 0.021234 0.008458 0.039779 0.095278 0.058941 -0.080090 -0.078707 0.089297 0.036287 -0.072432 0.074115 -0.018538 -0.029591 -0.048114 0.059390 0.064753 0.029527 -0.051149 -0.060945 -0.016580 0.066129 0.059611 0.076729 0.012541 -0.008490 -0.089439
 -0.042543 -0.057442 -0.081389 -0.099225 -0.078533 0.022124 0.089342 -0.088761 -0.097278 0.022410 0.017997 -0.018693 0.084276 0.077916 0.011475 -0.003203 0.042401 0.037730 0.019626 -0.020220 -0.060446 0.027020 -0.066741 0.040803 -0.005951 0.049723 -0.072988 -0.031198 0.076222 -0.042912 -0.017212 0.098334
 -0.055623 0.014427 -0.052826 -0.002021 0.069505 -0.037439 -0.026062 0.035955 -0.087006 0.029388 0.009338 -0.093120 -0.080109 -0.098001 0.034215 -0.031936 -0.007941 -0.058838 0.071131 0.012302 0.058610 0.066557 -0.015325 -0.057524 -0.030861 0.062463 -0.019368 0.019898 -0.015345 0.038548 0.007010 -0.009548
 0.072545 -0.056119 -0.070845 0.027968 0.086526 0.046794 0.003244 -0.020181 -0.099638 -0.062065 -0.040094 0.073606 0.043413 0.051655 0.042803 0.019341 0.065114 0.019839 0.028007 0.083756 -0.011751 -0.004042 -0.039278 0.055455 0.058258 0.094033 -0.053390 -0.091514 -0.076465 0.098018 0.013384 0.056802
 0.051900 -0.074729 -0.024110 0.084126 0.046401 0.011566 0.065197 0.084878 0.060783 -0.041563 0.021385 -0.042785 -0.099325 0.023112 0.022508 -0.013546 0.016356 0.026154 -0.093162 -0.045081 0.070189 0.084878 0.072127 -0.059497 0.079347 0.020349 0.015347 -0.024237 -0.043961 0.050568 -0.050199 0.051669
 -0.004203 -0.009482 0.059698 -0.093103 -0.000389 0.039548 -0.068350 0.097410 0.009609 0.083986 0.035954 0.046773 -0.023606 0.060450 0.055869 -0.037079 -0.014949 -0.043257 0.005220 -0.010949 -0.000817 -0.030941 0.031746 0.018858 0.060682 -0.021951 -0.089242 0.073906 -0.010758 -0.063546 -0.027510 -0.092133
 0.000253 -0.087118 -0.095650 -0.047849 0.085586 -0.031529 -0.056132 -0.085222 0.008585 0.099187 0.092727 0.041822 -0.029997 -0.000678 0.014519 -0.050863 0.007516 0.043855 0.083207 0.040607 0.003776 -0.040783 -0.050426 -0.070955 -0.072726 0.030845 0.056527 -0.070028 -0.081311 0.039381 0.023001 0.083362
 0.043304 -0.088185 -0.039034 -0.081683 0.098845 -0.048985 0.014035 0.098074 0.042466 0.037556 -0.021438 0.046918 -0.068551 0.052430 0.045091 -0.018617 -0.030569 -0.045416 0.002480 0.084080 0.033631 -0.054631 -0.041316 0.031957 0.078336 0.079608 -0.079669 -0.070017 0.082203 -0.057082 -0.069671 -0.036843
 -0.012972 0.021459 0.010830 0.073874 -0.030558 -0.012265 0.056691 -0.030593 0.096620 -0.076483 -0.062927 0.030737 -0.045424 0.056347 -0.062489 0.078337 0.054511 0.014038 0.010174 0.091756 -0.016520 -0.078928 0.033031 -0.048331 0.033048 0.062610 -0.058160 0.094583 0.032349 -0.049496 -0.002194 0.057378
 -0.072146 -0.070600 0.087881 0.000791 -0.028367 0.034175 0.061358 -0.091619 0.037179 -0.065881 0.030905 -0.003876 -0.090767 -0.004394 -0.045521 0.070958 0.023447 -0.091078 0.048254 0.013828 -0.060167 0.063792 -0.066578 -0.077541 -0.017696 0.080909 -0.046429 -0.052621 0.085471 -0.053714 0.032617 -0.087819
 -0.063896 0.086468 0.046615 0.036837 -0.058648 -0.094927 0.050977 0.004957 0.079795 0.038368 -0.053886 -0.092989 0.038379 0.044206 0.060006 -0.006038 -0.035505 0.020758 -0.018161 -0.061199 0.027019 0.026394 -0.014810 -0.074331 -0.018928 -0.061315 0.013185 -0.015724 0.003863 0.066623 0.020176 0.004310
 -0.071881 0.088088 -0.005500 0.081610 0.026867 -0.081616 -0.038877 0.069633 -0.012078 0.034412 0.088805 0.050321 -0.057381 -0.093741 0.051517 0.098000 -0.050898 0.065163 -0.074779 -0.037415 -0.052127 -0.056792 -0.056216 -0.005358 0.057625 -0.071975 -0.090257 0.081912 -0.001992 -0.060062 0.003932 -0.043519
 -0.001669 0.070359 0.081061 -0.065120 -0.012635 -0.037009 0.046918 0.081132 0.045000 -0.081958 0.079979 -0.083438 -0.094565 -0.040870 0.035915 0.045461 0.024500 0.044347 -0.028619 -0.002218 -0.083874 0.043957 -0.093022 -0.096284 -0.016030 0.011811 -0.060212 0.088519 -0.057158 0.090503 0.082739 -0.049029
 -0.022416 0.042308 0.000121 0.087825 0.025282 0.010258 0.016223 -0.060503 -0.052606 -0.063748 0.039049 0.062946 0.083217 0.074399 0.096957 0.077387 0.009878 -0.057792 0.007345 -0.097103 -0.023709 0.069914 -0.096255 0.038406 0.042827 0.073617 0.009329 0.094072 -0.024115 -0.087240 -0.086994 -0.047028
 -0.030534 0.048051 0.062659 -0.017325 -0.092797 -0.089069 -0.043299 -0.034510 -0.072075 0.057672 0.054871 -0.024724 -0.004716 0.054110 -0.004694 -0.038619 0.046839 0.018319 0.064730 0.079141 -0.027095 0.094282 0.000861 0.074267 0.024901 0.076896 0.056348 -0.026522 -0.023376 0.084161 -0.045165 -0.093359
 -0.079097 0.072445 0.094969 -0.039377 0.039767 -0.078947 0.081413 -0.045666 0.081395 0.080789 -0.090933 0.066052 0.053259 0.023780 0.060663 0.063446 -0.078348 -0.094548 -0.030882 -0.075607 -0.018176 0.075503 0.073184 -0.037884 -0.028389 0.027580 -0.036722 -0.082800 -0.048076 0.077953 0.001407 0.024590
 0.071526 0.060240 -0.037446 0.085212 0.089123 -0.005038 -0.037398 0.043046 0.031194 0.032769 -0.081811 0.010947 -0.069226 0.042841 -0.014016 0.063505 -0.017075 0.055240 0.055741 0.093985 -0.078530 0.007614 -0.023205 0.044742 -0.095072 -0.098830 0.095364 -0.016434 -0.001389 0.016390 0.079315 0.094948
 -0.072009 0.019358 0.074624 0.039862 0.079662 0.004135 -0.030936 0.012446 0.016344 0.073236 0.097671 -0.012199 0.023051 -0.036822 -0.003512 0.050450 -0.083362 -0.027593 -0.087658 -0.099741 0.051578 -0.083477 0.008708 0.066701 -0.050298 0.038504 0.081890 0.087451 -0.045421 0.053016 0.046475 0.031668
 -0.063070 0.050091 -0.083512 0.053380 -0.082223 -0.008715 -0.085263 -0.007634 0.033286 0.062416 -0.060085 0.068236 -0.035861 0.056185 0.041295 -0.091781 0.088529 -0.021591 0.042281 0.027476 -0.051068 0.088788 -0.031138 0.068746 -0.007767 -0.066988 0.052789 0.022619 0.094461 -0.087904 0.034105 -0.061592
 0.039153 -0.061672 -0.032224 -0.054802 0.021655 -0.033198 0.085806 0.062748 0.044506 -0.034514 -0.019544 -0.094269 0.070040 -0.044067 -0.009368 0.018131 -0.045681 -0.026641 0.083127 0.080381 -0.041686 0.054752 0.072575 0.096424 -0.031055 0.066867 -0.072537 0.012002 0.016998 -0.041471 0.030180 -0.007024
 0.030356 -0.060029 0.059142 0.044055 0.012317 0.013824 0.060688 0.008966 -0.059761 0.053982 0.067347 0.029149 -0.036683 -0.026735 -0.035122 0.017343 0.093776 0.094162 0.017034 -0.033322 -0.010786 -0.008309 0.084580 0.054477 -0.098974 0.072744 0.069877 0.087019 0.025691 0.094027 0.072707 -0.073584
 0.080726 0.038607 0.054960 -0.071146 0.036998 0.045036 -0.027093 0.083118 -0.061781 0.044193 0.017324 0.026937 -0.088734 -0.014323 0.016721 -0.036328 -0.072497 0.011870 0.001191 -0.098354 0.031833 -0.042986 -0.010548 -0.089153 -0.026090 0.013906 0.092960 -0.059129 -0.008491 0.065318 -0.048335 0.028051
 0.014154 0.049019 0.001652 -0.062157 -0.010207 -0.008733 -0.096878 0.009775 -0.060233 -0.087078 -0.011512 -0.022251 -0.078679 0.094762 -0.009837 0.012068 0.072959 -0.077339 0.034416 0.060023 0.051694 -0.075450 0.016748 0.004019 -0.032005 -0.044894 0.037480 -0.030654 0.069268 -0.023658 -0.011403 0.078471
 0.048193 0.092414 0.008023 -0.025591 -0.084425 0.061584 0.018529 -0.027312 0.047932 0.020944 -0.088845 -0.039040 -0.046702 -0.004220 -0.010931 0.042608 0.040241 -0.052643 0.049588 -0.007924 -0.082633 0.085397 -0.099021 -0.051175 0.092886 -0.054220 0.000569 -0.050520 -0.036875 -0.014674 -0.038072 0.045441
 0.065783 -0.082916 0.001811 -0.069264 0.073018 -0.091761 -0.008468 0.024102 -0.007860 -0.094684 -0.005425 -0.040119 0.099079 -0.010781 -0.050662 -0.030531 0.047336 0.044970 0.067259 -0.061331 0.021685 0.001392 0.045809 0.012671 -0.049790 0.015524 0.050961 0.050601 0.018825 0.009399 -0.069290 0.030584
 0.056932 -0.028199 -0.017003 -0.057332 -0.098983 0.020094 0.008396 0.098182 0.055423 0.095358 0.095158 0.011563 -0.079654 -0.095507 -0.050593 0.079621 0.055534 0.082115 -0.096706 0.097822 -0.066034 -0.031638 -0.061230 -0.035847 -0.024957 -0.055785 0.055131 -0.072177 -0.066915 -0.044642 0.094657 0.060011
 0.013077 0.016912 -0.004581 0.023244 -0.037650 -0.048326 0.001283 0.087579 -0.003653 0.051758 0.030410 -0.085465 -0.039141 0.033905 0.073042 0.006486 0.082178 -0.049571 0.065917 -0.083187 0.072115 -0.079147 0.099482 0.043643 -0.061877 -0.011474 -0.080471 0.038406 0.008256 0.074702 -0.045526 0.044264
 -0.015901 0.031704 -0.060445 0.073364 -0.096381 -0.036817 0.068635 -0.007444 -0.075166 -0.022394 -0.007877 0.049381 0.007984 -0.089378 -0.079549 0.005313 -0.060748 -0.003958 -0.090261 0.056973 0.085670 -0.051123 0.013529 0.022076 0.064376 0.052769 -0.047429 -0.010824 0.030414 -0.059846 -0.058283 -0.008985
 0.003646 0.049861 0.017985 0.042427 0.067316 0.018397 0.034282 -0.067270 0.094078 -0.057920 0.007282 -0.075992 -0.070191 -0.098940 -0.027456 0.045874 0.023517 0.003921 -0.059497 0.062042 -0.073471 -0.003327 -0.052207 -0.097905 0.040912 0.018913 0.028412 0.005678 -0.034453 -0.019646 0.023939 -0.054334
 0.096066 0.098914 -0.084538 0.031024 0.061956 -0.087469 0.044322 -0.079121 -0.020729 0.049578 -0.075825 0.089452 -0.043696 -0.015359 -0.068759 0.005921 -0.021939 -0.010761 0.071336 -0.011077 -0.073437 -0.084613 0.057904 -0.072213 0.082124 0.024977 0.004970 -0.072703 0.029565 0.017596 -0.098226 0.090255
 0.061314 -0.068407 0.072620 0.058779 0.082722 -0.064032 0.097618 -0.054509 0.080318 0.047366 -0.083312 -0.070437 0.055003 0.025758 -0.064035 0.099054 -0.029461 -0.000865 0.052933 0.015560 -0.090377 0.079057 -0.089492 0.050265 -0.080586 -0.038271 -0.051703 0.076925 0.079752 -0.079768 0.042894 -0.092321
 0.079911 0.014688 0.049902 -0.054272 0.050226 0.020131 -0.049760 0.032142 -0.061492 0.029830 0.050252 0.068857 -0.085626 -0.034753 -0.002315 -0.049112 -0.089170 0.036726 -0.046019 -0.082177 -0.045071 -0.057514 -0.010917 -0.036526 0.007983 0.077484 0.042679 0.027210 -0.056308 -0.012610 0.024415 -0.044138
 -0.041716 0.078216 -0.087205 0.074397 0.006734 0.000811 0.006977 -0.049617 0.093119 -0.015605 0.078094 -0.045168 0.038208 -0.065948 0.042428 -0.040331 0.072240 -0.044128 0.069142 0.051242 -0.033966 0.007334 -0.039759 -0.058589 -0.010112 -0.008372 0.017579 0.028102 -0.077854 0.067896 0.021884 0.006150
 -0.044720 -0.028987 0.054023 -0.029152 -0.028114 -0.066766 0.050809 0.004692 -0.033491 0.001621 0.084409 0.076659 -0.005603 0.002745 0.035316 -0.010334 -0.026864 -0.099039 -0.043630 -0.087972 0.063772 0.093170 0.018689 0.072812 -0.039838 0.075361 0.072399 -0.092786 0.025781 0.052886 -0.044157 0.067866
 0.081107 -0.047618 -0.044254 -0.029461 -0.045003 -0.069829 0.010879 -0.029456 -0.059030 -0.058001 0.029158 0.085587 -0.085964 -0.039637 0.037291 0.073493 0.080561 0.024703 -0.063019 -0.072778 -0.001615 -0.054628 -0.075704 -0.037235 -0.082627 -0.066744 0.023996 -0.075522 -0.085771 -0.003825 0.085541 -0.007288
 0.097496 0.058796 0.022777 -0.047488 0.061322 0.096882 0.088328 -0.016680 0.041255 -0.079574 -0.092949 0.044080 -0.083621 0.057189 -0.080521 0.052365 -0.053964 0.046802 -0.050047 0.072598 0.022721 -0.051837 0.031308 0.081656 -0.049983 0.062956 -0.017087 0.057852 -0.035654 -0.083226 0.095156 -0.025154
 -0.032457 0.017857 0.033930 -0.066836 -0.015613 0.059672 0.001877 0.093818 -0.079002 -0.097016 0.005960 -0.002007 0.056405 0.026476 0.007563 -0.013926 -0.091354 -0.021380 -0.021820 -0.027924 -0.059710 0.023265 -0.093079 0.082747 -0.042883 0.099684 0.019135 0.057397 0.005786 0.087184 0.033180 0.007251
 -0.017355 0.046432 -0.018873 0.082186 -0.002548 0.049977 0.008861 -0.091611 -0.043657 0.062869 -0.096417 0.084036 -0.014884 -0.001709 0.007201 -0.028285 -0.040769 -0.034741 0.089321 -0.086771 0.056797 -0.027208 -0.075466 -0.087182 0.059052 -0.026851 -0.049643 0.001460 0.019700 0.054873 -0.008271 0.074065
 -0.032500 -0.030276 0.004626 0.079607 0.092488 -0.022806 0.097932 0.007553 0.017045 -0.065656 -0.029528 -0.010739 -0.095896 0.057196 -0.039251 -0.020138 0.033862 -0.041534 0.054629 0.043288 -0.097046 0.070832 -0.039926 0.094683 0.078674 -0.011799 0.087217 0.055824 -0.093485 0.009085 -0.070873 -0.026472
 -0.020926 -0.014328 -0.004731 -0.098351 0.023716 0.012349 0.082287 0.060321 0.065796 0.087026 0.078619 0.008734 0.085246 0.092505 -0.061610 -0.067122 -0.080712 0.055160 -0.061779 -0.008110 0.071911 -0.067155 0.050487 -0.092750 0.046022 0.066321 0.043874 0.006453 0.022164 0.072264 0.092917 -0.060262
 -0.085311 0.089999 0.092977 0.092485 0.053403 -0.000652 0.083518 0.071952 -0.079223 0.028837 -0.010800 0.011060 -0.046747 -0.081296 -0.001251 0.079987 -0.096212 0.022936 0.046358 -0.085774 -0.064701 0.098742 -0.039506 0.031462 -0.023704 -0.010811 0.056938 0.036643 0.089048 -0.040034 -0.058159 -0.006595
 -0.057423 -0.033671 0.079845 -0.019519 -0.016079 -0.035092 0.024669 -0.077747 0.096335 0.060629 0.044007 -0.094238 0.098215 -0.046449 -0.068377 0.071357 -0.003809 0.020304 -0.026473 0.034678 0.033091 -0.002151 -0.094411 -0.042864 0.037338 -0.002488 0.026125 0.037249 0.049344 0.099023 -0.062294 0.007208
 0.044983 0.007392 -0.047171 -0.066896 0.066193 0.073584 0.063632 0.073556 0.035667 0.026790 0.011625 0.074975 0.011091 -0.042929 0.037026 0.061924 -0.050654 -0.049326 0.018041 -0.046341 0.030186 -0.050217 0.067953 0.011278 -0.098512 0.008205 -0.096115 0.073340 -0.037508 -0.037169 -0.073109 -0.005524
 -0.079016 0.044400 -0.006864 -0.056563 -0.085669 0.033783 -0.040874 0.093101 0.076942 -0.009254 -0.064930 0.075764 0.034470 0.093232 0.036507 0.015046 -0.039633 -0.085897 -0.021212 0.080732 -0.088244 -0.039756 -0.048368 0.020072 -0.061251 0.097629 0.072889 0.096358 0.051941 -0.067789 0.028435 0.089515
 -0.002458 0.064537 -0.059032 -0.010351 -0.013561 -0.025042 0.075364 -0.021029 0.061768 0.069837 0.023368 -0.083092 -0.074771 0.011250 -0.020549 -0.045017 -0.049277 0.075855 -0.079238 0.020133 0.042246 -0.070851 -0.095738 0.031408 0.035862 0.041211 0.097104 -0.005488 0.064682 0.093892 -0.043623 0.041889
 0.063850 0.064924 -0.061664 0.067732 0.076037 0.079721 -0.005477 0.012995 -0.063033 0.037101 -0.078961 -0.057855 -0.063251 -0.011549 0.056856 -0.009980 -0.083163 0.041468 -0.068537 0.049131 0.041482 -0.025405 0.081432 0.071401 0.051107 0.014165 0.046092 -0.036411 0.076799 -0.027546 0.028092 -0.033496
 -0.059208 0.086282 -0.007557 0.074103 0.069690 -0.053028 -0.095318 0.087353 0.078998 0.043878 -0.091560 -0.033255 0.099575 -0.018612 0.034378 -0.031071 -0.005079 0.092037 0.096725 0.084813 -0.051700 -0.025773 0.046191 0.051157 -0.062205 -0.083977 -0.097486 -0.060229 0.091823 0.032988 -0.067965 0.056103
 -0.032479 0.002421 0.056792 0.004573 0.045204 0.088697 0.008264 -0.099779 0.073060 -0.010495 0.086201 0.042240 0.017271 -0.017807 0.029874 0.018673 0.069737 0.011426 -0.036133 0.005471 0.091726 0.034780 0.039522 0.007761 0.060539 -0.096867 -0.058301 -0.038855 -0.031665 -0.096822 0.076897 -0.005427
 -0.047293 -0.015020 0.060896 -0.049298 -0.048170 0.080988 -0.077034 0.050288 0.020259 0.048740 -0.071656 0.047970 0.024872 -0.069735 -0.050044 -0.023265 0.066275 0.073689 0.091499 0.014869 0.012897 -0.042148 0.030405 -0.065265 -0.078185 0.090472 0.040382 -0.034010 0.030380 0.097544 0.077204 0.094319
 -0.029069 -0.078548 0.039167 0.075721 0.099180 -0.020286 0.074763 0.094043 -0.014871 -0.094242 -0.074882 0.052534 -0.096740 0.037704 0.021307 -0.051745 -0.015463 0.030190 0.023953 -0.067755 -0.083530 0.017977 0.009069 -0.023856 0.090640 -0.009862 -0.094205 -0.058850 -0.043740 -0.092975 -0.024103 -0.065540
 0.044916 -0.076771 -0.093634 -0.011551 0.009616 -0.039135 -0.075342 -0.013005 -0.015813 -0.093870 0.060862 0.062939 0.058715 -0.004771 0.043573 0.028169 -0.044515 0.067074 0.034947 0.073271 0.013770 0.061793 0.051772 0.053398 0.092353 -0.084745 -0.069213 -0.022337 0.010438 -0.002841 -0.000549 -0.052444
 -0.004252 0.058153 -0.019951 -0.073403 0.084208 -0.045128 -0.067000 0.044228 0.006279 -0.044689 -0.076865 -0.019367 -0.043404 -0.006559 -0.095563 0.058772 -0.079708 -0.066568 0.077271 -0.017218 -0.052254 0.022648 -0.061101 0.011717 0.010798 0.076127 -0.089727 0.007822 -0.083954 0.048407 -0.049246 -0.013614
 -0.062730 -0.034069 0.078079 -0.027478 0.067221 0.091158 0.060166 -0.035368 0.016836 0.089530 0.053878 0.012086 -0.019050 -0.043775 -0.049260 0.096434 0.081802 -0.031956 0.022042 -0.047054 -0.067830 -0.049094 0.017034 0.078480 -0.022146 -0.080304 -0.029940 -0.024447 -0.081514 -0.051682 -0.086078 -0.067652
 -0.067368 -0.017322 -0.084902 -0.033463 -0.041484 0.036115 -0.098897 0.017565 0.070315 0.083002 -0.006273 -0.093643 -0.081526 -0.049758 0.056316 -0.033526 0.098118 -0.064563 0.046844 0.062296 0.087123 0.041182 -0.046301 -0.013884 0.070686 0.030384 -0.021849 0.051888 0.066835 0.089191 0.065650 0.053498
 0.019772 -0.075596 0.038830 0.079615 -0.013473 0.017681 0.061134 0.043424 -0.082143 -0.095129 0.097132 0.073136 -0.069820 0.041047 0.087595 0.024421 -0.066963 0.023970 -0.070068 0.002964 0.051625 -0.091151 0.022096 0.092400 -0.022576 0.034543 0.093487 0.016879 -0.082534 0.001171 -0.028927 0.033313
 -0.026986 -0.044488 -0.011954 0.008024 -0.079999 -0.077520 -0.058444 -0.072979 -0.082051 0.050639 -0.005900 0.088165 0.065266 -0.079834 0.038617 0.059321 0.005216 -0.057622 -0.038861 0.040335 0.025729 0.036467 -0.026502 -0.088045 0.003643 0.066838 0.079956 -0.079727 -0.012776 0.012215 -0.072921 0.015753
 -0.022293 0.081839 0.051662 0.044606 0.076506 -0.011469 -0.048188 0.028757 0.019535 -0.048907 -0.089454 0.042023 0.092640 -0.030582 -0.085509 0.027116 0.007216 -0.056480 0.024057 -0.025092 0.095058 0.039519 0.023132 0.013232 -0.047065 -0.071173 -0.096392 0.091415 -0.087150 -0.058046 0.076926 -0.067401
 -0.012163 0.036049 -0.023411 -0.097905 -0.008258 0.049061 -0.040778 0.059701 0.034074 -0.020243 0.061808 0.071961 0.034686 -0.079383 -0.030168 -0.018561 -0.066422 0.028085 0.074718 -0.033592 0.049026 -0.044811 -0.071341 -0.033459 -0.036316 -0.010843 -0.048314 -0.028507 -0.082121 0.007786 -0.003747 0.038649
 0.012001 0.023231 -0.010971 -0.028154 0.009412 0.063200 -0.035846 -0.021166 0.047363 0.059879 0.087309 -0.012461 -0.056255 -0.060608 0.047092 0.097615 0.054408 -0.009424 0.012887 -0.043886 0.037602 -0.007453 0.072625 -0.042067 -0.063100 -0.064864 -0.045450 -0.042118 0.056318 0.072312 -0.042902 0.063085
 0.039153 0.015972 0.020659 0.059147 -0.068541 -0.008461 -0.012023 0.018263 0.029845 -0.098462 0.031374 -0.062680 0.041904 -0.058443 -0.046451 0.094663 -0.064195 -0.068299 0.089147 0.017564 0.039047 -0.010710 0.032392 0.098220 -0.035394 0.092513 0.041448 0.042973 -0.030055 -0.021557 0.068562 0.086982
 0.078672 0.032692 -0.019557 -0.058089 0.037015 -0.059942 0.036740 -0.043310 -0.017463 -0.075628 -0.021315 0.095578 -0.060791 0.089230 -0.013301 -0.044124 0.094711 -0.006470 0.074965 -0.023981 0.050173 -0.005107 0.006593 -0.008936 0.004353 0.043607 -0.096594 -0.096670 0.002968 0.004005 0.064351 -0.006453
 -0.043887 0.096059 0.095725 0.028832 0.014908 0.097342 0.063451 -0.027503 0.010071 -0.076769 0.054025 -0.001446 0.041386 0.061172 0.000428 0.023055 -0.043893 -0.023158 0.077077 0.078645 -0.062264 0.034476 0.055185 0.089934 0.004777 0.061272 -0.061068 0.025363 0.066245 -0.017001 0.075319 -0.055405
 -0.044890 0.083691 0.096408 -0.063045 -0.019758 -0.084154 -0.012410 0.002161 0.072339 0.099860 -0.059809 -0.061417 0.093458 0.096556 0.089680 -0.097916 0.089160 0.010007 -0.000232 0.079354 -0.014763 -0.097372 0.017802 -0.072683 -0.087440 0.019097 0.076131 0.064520 -0.009377 0.041463 0.068263 -0.074844
 0.015155 -0.094759 0.013770 0.013523 0.055877 0.018254 -0.050000 0.013356 0.021839 0.019855 0.074012 -0.088139 -0.042643 -0.094163 0.054004 0.067701 -0.052229 0.029292 -0.014039 -0.055901 -0.045410 0.086573 0.093976 0.094657 0.059657 0.014622 0.038731 -0.005601 -0.084351 -0.063757 -0.063295 0.036838
 -0.046291 -0.053364 0.083633 -0.073369 0.042965 -0.033843 0.035034 0.059830 0.048710 -0.010151 0.083090 -0.066716 0.069817 0.094342 0.031472 0.057332 -0.052616 0.099689 -0.049834 0.010249 0.050719 -0.006855 -0.055181 0.090235 -0.024893 -0.008742 0.012832 0.073020 -0.047274 0.074844 0.073449 0.087529
 -0.040957 -0.062728 0.003437 0.073823 -0.086863 -0.019042 -0.036863 -0.089436 0.015045 0.085511 -0.048836 0.074050 0.096786 -0.033477 0.036577 0.046759 -0.069883 0.015379 0.017868 -0.079240 -0.057171 -0.033140 0.025403 0.049053 -0.062173 -0.031600 -0.040205 -0.063468 0.082780 -0.035418 0.000973 -0.008119
 0.062862 -0.083026 -0.022436 -0.053548 0.063823 0.030917 0.054563 -0.032441 -0.011964 -0.013906 0.083254 -0.048825 -0.095911 0.030137 0.074433 -0.033418 -0.022137 0.088851 -0.088603 0.054273 0.058356 -0.051723 0.050473 -0.023740 0.059153 0.038951 -0.011794 -0.082791 -0.051996 -0.024332 0.015636 0.045968
 -0.006209 0.093859 -0.092977 -0.083704 0.002565 0.090524 -0.073893 -0.013985 0.046733 -0.064405 -0.057764 -0.059386 0.010714 -0.086820 -0.099476 -0.070431 -0.092856 0.077048 0.003321 0.010768 -0.062355 0.014138 -0.037043 0.045254 -0.068367 -0.047327 -0.024651 0.081149 0.042903 0.098567 -0.040735 0.017636
 0.030021 -0.037074 -0.076304 0.006493 -0.030826 -0.007004 -0.062623 -0.015469 0.079289 0.017764 -0.061570 0.050112 0.066942 -0.007229 0.016145 0.033559 0.046916 -0.040656 -0.082085 -0.072194 -0.094570 0.099903 -0.094705 0.011894 0.005665 0.035706 -0.017922 0.047351 -0.075832 -0.083636 0.078332 -0.016861
 0.064707 -0.064952 0.073434 0.078065 -0.027849 0.076821 0.088507 -0.084381 -0.041293 -0.032915 0.000126 0.012721 0.089367 -0.030216 -0.016932 0.041993 -0.016811 -0.057218 0.092960 0.023523 -0.057043 -0.000010 0.075989 -0.057468 -0.071932 -0.073549 -0.059652 0.089680 0.056665 -0.080473 -0.009166 0.075189
 0.035886 0.061532 -0.031945 -0.059181 0.053671 0.014236 0.027020 -0.081237 -0.012307 -0.071610 0.068847 0.095167 0.036024 0.009088 -0.032595 0.074278 -0.014112 -0.001301 0.057055 -0.017145 -0.016762 0.027802 -0.052373 -0.043142 0.052719 -0.025890 0.046662 0.025268 -0.011390 0.024450 -0.093652 -0.029174
 0.083697 0.090552 -0.044428 0.038121 0.022141 -0.017832 0.024740 -0.072792 -0.099151 0.060859 -0.041937 -0.041865 0.044351 0.050587 0.095737 0.041256 0.081900 -0.090317 -0.056419 0.009620 0.088102 -0.096447 0.079337 0.060918 -0.001526 -0.027707 -0.018829 -0.061227 -0.040297 0.043534 -0.042437 0.050496
 0.096193 -0.067987 -0.074008 -0.073937 0.071348 -0.077155 0.020701 0.004383 0.054768 0.016225 -0.040129 0.032227 -0.093698 -0.036819 -0.020957 0.065192 0.026254 -0.022999 0.024531 -0.057900 -0.003999 0.090683 0.067721 0.002875 -0.024039 0.086678 0.040582 -0.097420 0.049912 0.048075 0.090485 0.067834
 -0.048424 0.080661 0.040767 -0.078063 -0.039810 0.059830 0.024612 -0.006873 0.096797 -0.099747 0.029287 -0.079086 0.066431 -0.030735 0.000358 -0.036736 0.011407 -0.004372 0.036452 0.020593 -0.015131 0.093664 0.053825 -0.020862 -0.057398 -0.001041 0.094379 -0.025609 -0.093665 -0.085864 -0.066158 -0.082164
 0.032378 0.052901 -0.000066 -0.083685 -0.020158 0.076859 0.048533 -0.052470 -0.043238 -0.062634 0.097798 0.071915 -0.047638 0.020399 0.079100 0.072164 -0.047281 -0.020444 0.084392 0.051868 -0.027585 0.086236 -0.086927 0.069814 0.056016 0.060034 0.055541 0.034343 -0.011557 0.076305 0.060833 0.025977
 -0.051272 -0.002167 -0.017992 -0.009046 0.048239 0.056127 0.050694 -0.012248 0.044833 -0.097893 0.036344 0.090136 0.043814 0.086530 -0.045243 0.075343 0.053499 -0.053193 0.056136 0.033969 -0.082496 -0.023054 0.041439 -0.048590 0.095559 0.046913 0.036271 0.087343 -0.042179 0.094342 -0.028499 0.038828
 -0.084574 -0.015546 0.053680 0.019193 -0.015853 0.090193 -0.050879 -0.007996 -0.007993 -0.059904 0.006991 -0.090264 -0.028211 -0.057055 -0.039076 0.049953 -0.038693 0.002594 -0.081927 0.093004 -0.006958 -0.024190 0.074850 0.028559 0.079057 0.081671 -0.035968 0.027695 0.027817 -0.085641 0.059771 0.036902
 0.022193 -0.072847 0.011037 -0.089588 0.073087 0.087421 -0.014733 -0.075165 -0.060712 0.047732 0.088397 -0.056579 -0.090400 0.086405 0.015994 -0.011850 0.007144 -0.035094 -0.061498 0.084190 0.075254 -0.098693 0.031876 0.010508 0.060310 -0.041373 0.023846 0.024660 -0.067415 -0.092596 0.030454 0.019470
 0.066938 0.065889 -0.011458 0.033488 0.079305 0.084483 0.047920 -0.036171 0.039532 -0.058532 0.000743 -0.039041 -0.082316 -0.098431 0.060253 -0.087206 0.056952 -0.028806 0.031598 0.037819 0.011406 -0.083226 -0.091024 -0.054408 0.065612 0.030412 -0.079086 0.001637 -0.094207 -0.024179 0.018813 -0.009953
 -0.057883 0.074926 0.003680 -0.026996 -0.022114 0.051953 -0.060979 0.048040 0.051715 -0.047593 0.004144 -0.066881 -0.067645 -0.039970 0.000405 0.004457 0.000399 -0.097778 -0.054075 -0.058305 -0.031325 0.056830 0.058178 -0.097092 -0.064097 -0.024808 -0.010542 -0.068074 -0.076308 0.065347 -0.000594 0.055310
 0.089370 0.035126 -0.020403 0.053462 -0.064929 -0.035895 0.053971 0.049432 -0.022366 -0.066822 0.093060 0.071755 0.058286 0.055926 0.003749 0.088521 0.070744 0.017062 -0.009375 -0.083246 -0.072376 0.069375 -0.027805 -0.009031 -0.073378 -0.052347 0.042856 -0.035976 0.066094 0.075863 -0.065526 -0.030025
 -0.080173 -0.021157 0.013262 -0.068474 0.036598 -0.061625 0.054828 0.047615 -0.027608 -0.010369 0.055443 -0.019653 -0.004577 0.070296 0.080543 0.088575 0.060866 -0.074715 -0.030170 -0.075775 -0.058392 -0.055778 -0.004983 0.069258 0.017230 -0.034126 0.042092 -0.019732 0.083537 0.021332 0.069200 0.044012
 0.055068 -0.081151 -0.054699 0.041059 -0.099281 0.080802 -0.094192 0.058564 0.061021 0.068740 -0.011105 -0.088252 0.010826 0.081364 -0.084082 -0.073125 0.001341 0.074456 -0.072092 -0.016101 -0.053806 -0.026120 -0.078618 0.064317 0.071995 -0.098129 0.044606 0.005819 0.027938 -0.074780 0.041159 0.070112
 -0.080533 0.071109 -0.037857 -0.069463 0.067410 0.053312 -0.098084 -0.078470 -0.017923 -0.028248 -0.077998 0.075571 -0.034301 0.042529 -0.046239 0.061898 0.011229 -0.014609 0.049463 -0.032678 -0.027910 -0.017433 0.093146 -0.018138 -0.059274 0.034061 0.075074 0.092722 0.053447 -0.019084 -0.092622 0.060202
 -0.013654 -0.071067 -0.020506 0.029793 0.074231 0.056563 -0.022303 -0.079752 0.013674 0.057556 0.054436 0.022063 -0.042501 0.099615 0.015877 0.010375 0.019077 0.094742 -0.073476 -0.098100 -0.047963 0.012047 -0.024047 -0.077378 0.045567 0.010302 -0.073358 0.088226 0.041244 0.021201 -0.076592 0.067641
 -0.025012 -0.017677 -0.071837 -0.041070 -0.064816 0.065131 -0.041931 -0.041266 -0.081519 -0.082366 -0.059593 0.079590 0.068221 -0.070877 0.049689 -0.031456 -0.073687 0.042328 -0.039548 0.061244 -0.044142 -0.036893 -0.005573 -0.065395 -0.029983 0.066442 0.068069 0.019105 0.064425 -0.018120 0.031369 -0.099060
 -0.019436 0.018289 0.038921 -0.078506 -0.012433 0.045559 -0.023885 0.035370 0.003477 -0.008227 -0.016002 0.096018 -0.080812 0.083096 0.036296 0.084276 0.045853 0.097352 0.029565 -0.084580 -0.070952 -0.036203 -0.046573 -0.013541 0.084093 -0.070396 0.080661 -0.005190 0.013617 0.074737 -0.021118 -0.044360
 0.041749 0.069187 0.004487 0.007959 0.040784 -0.049797 -0.080984 -0.043085 -0.050343 0.040858 0.071589 0.087483 0.075013 0.030669 0.001058 0.017772 0.061877 -0.053154 0.001983 0.093323 0.022481 0.054610 -0.089506 -0.012627 0.003893 0.047760 -0.039557 -0.057611 0.058838 -0.020879 0.059033 -0.004476
 0.047968 -0.019848 -0.020875 0.011836 0.075785 -0.034767 0.027812 0.016711 0.048277 -0.033043 -0.062506 0.050079 -0.012134 -0.001434 0.062032 -0.028555 -0.069217 0.011852 -0.094427 0.039191 0.020806 0.096893 0.013852 0.033838 -0.020918 0.008275 -0.060272 -0.045008 -0.019541 -0.088905 -0.063490 0.075543
 0.002607 0.029209 -0.027551 -0.006794 0.091945 -0.024671 0.054416 -0.072665 0.009596 0.010091 0.010911 -0.001625 0.035203 -0.005717 -0.023400 -0.081618 -0.061418 -0.030012 0.076859 -0.074564 0.034053 -0.000897 -0.012188 0.014902 0.054016 0.060123 -0.026773 0.004735 0.070086 -0.082740 -0.020811 -0.091970
 -0.043493 -0.062103 0.035260 -0.031959 -0.038507 0.076366 -0.018011 -0.077979 -0.080954 0.077437 -0.016281 -0.089811 0.007279 -0.086422 0.080152 0.099578 -0.043752 0.001140 0.072889 -0.031191 0.061927 0.027308 -0.010719 0.067410 -0.073587 -0.063533 -0.080935 0.086255 -0.067758 0.001026 -0.015905 0.082695
 -0.067697 0.007332 -0.001881 0.076500 0.072704 -0.075358 -0.062424 -0.074476 0.034142 0.088806 0.069173 0.047806 -0.016738 0.049806 -0.041007 -0.008002 0.080829 -0.093458 -0.080275 -0.055694 0.063522 -0.032814 0.026875 -0.016552 -0.060477 -0.079651 0.092699 -0.011298 -0.010758 -0.081544 -0.044406 -0.095825
 0.073175 -0.058393 0.031721 0.063909 0.043675 -0.068407 0.012985 -0.013956 -0.049016 -0.024031 -0.072413 -0.086699 0.023552 -0.070624 0.002880 -0.098645 -0.066509 0.043594 0.058583 -0.032697 0.017311 -0.008744 -0.057068 -0.054070 0.076237 -0.025616 -0.039117 0.088472 0.084239 0.086924 -0.068157 -0.095223
 -0.004437 0.027168 -0.077188 -0.051851 -0.042295 0.069615 -0.059994 -0.023587 0.099924 -0.080876 0.005636 0.040148 -0.011544 -0.037128 -0.097568 0.073970 -0.049595 -0.096567 -0.068846 -0.068922 0.036976 0.067687 0.093180 -0.081236 0.064859 -0.043987 -0.052627 -0.049834 -0.013863 -0.003272 -0.024762 -0.032500
]
Total memory size for keys: rot_key_cnt = 1567, rot_key_size = 463359981992 bytes, total_key_size = 463827647424 bytes
Total memory size for weight plain: cnt = 64, size = 1166021120 bytes
RTLib functions         	       Count	      Elapse
--------------------    	    --------	    --------
FINALIZE_CONTEXT        	           1	   13.448086 sec
PREPARE_CONTEXT         	           1	 2117.724125 sec
ENCODE_ARRAY            	         635	   84.113597 sec
ENCODE_VALUE            	         646	    2.642073 sec
NTT                     	      389853	  992.075714 sec
INTT                    	      121038	  332.687003 sec
MAIN_GRAPH              	           1	 1922.214726 sec
 HW_ADD                  	      170236	   20.633590 sec
 HW_MUL                  	       14800	    9.684603 sec
 MULP_FAST               	       42708	   34.624835 sec
 HW_ROT                  	       24646	    5.134685 sec
 COPY_POLY               	          73	    0.077144 sec
 PRECOMP                 	        3734	  248.880727 sec
 MOD_DOWN                	        7468	  442.545134 sec
 DOT_PROD                	        7468	  125.261247 sec
 RESCALE_POLY            	        1104	   41.280861 sec
 COPY_CIPH               	         120	    0.274532 sec
 INIT_CIPH_SM_SC         	       27695	    2.192227 sec
 INIT_CIPH_UP_SC         	       21776	    6.791928 sec
 INIT_CIPH_DN_SC         	         444	    1.757190 sec
 BOOTSTRAP               	           7	  956.502445 sec
  BS_SETUP                	           1	   82.194590 sec
  BS_KEYGEN               	           1	  139.461276 sec
  BS_EVAL                 	           7	  956.502431 sec
   BS_COEFF_TO_SLOT        	           7	  395.761995 sec
   BS_APPROX_MOD           	           7	  307.453229 sec
    CHEBY_1                 	          14	  167.073439 sec
    CHEBY_2                 	          14	   95.467066 sec
   BS_APPROX_MOD           	   sub total	  262.540505 sec
   BS_SLOT_TO_COEFF        	           7	  237.194147 sec
   BS_PRECOMP              	         329	  179.206973 sec
   BS_MOD_DOWN             	         203	   73.178916 sec
   BS_DOT_PROD             	        1393	  190.024747 sec
  BS_EVAL                 	   sub total	 1382.820006 sec
  FAST_SWITCH_KEY         	        1393	  190.026355 sec
 BOOTSTRAP               	   sub total	 1368.184653 sec
 PT_ENCODE               	         248	    4.124992 sec
 PT_GET                  	       42739	   21.356541 sec
MAIN_GRAPH              	   sub total	 1921.122681 sec
Total (non-bs + bs)     	       Count	      Elapse
--------------------    	    --------	    --------
PRECOMP                 	        4063	  428.087700 sec
MOD_DOWN                	        7671	  515.724050 sec
DOT_PROD                	        8861	  315.285994 sec
4054.21s 487562004KB
Exit 0 - Check log: /app/ae_result/hpao/vgg11_cifar10.fm_cte.log
LINK_EXEC RETV:0
LINK_EXEC CMD TIME:4073.267975s
