FAST_DOT_PROD=0
/app/hpao_cmplr/bin/fhe_cmplr /app/model/vgg16_cifar10_x2.onnx -o /app/ae_tmp/vgg16_cifar10_x2.onnx.c -POLY:mdh -VEC:conv_fast -CKKS:N=131072 -VEC:ms=65536 -P2C:df=/app/ae_tmp/vgg16_cifar10_x2.onnx.weight -CKKS:sk_hw=192 -O2A:ts -FHE_SCHEME:ts -VEC:ts -SIHE:ts -FHE_SCHEME:ts -POLY:ts -P2C:ts -CKKS:ts:q0=60:sf=56 -POLY:ts -P2C:ts -P2C:fp -SIHE:relu_vr_def=10 -CKKS:resbm=1
FML[0x10000000] "input", TYP[0x12](record,"CIPHERTEXT")
: [scale=1,level=1]
FML[0x10000000] "input", TYP[0x12](record,"CIPHERTEXT")
: [scale=1,level=2]
FML[0x10000000] "input", TYP[0x12](record,"CIPHERTEXT")
: [scale=1,level=3]
FML[0x10000000] "input", TYP[0x12](record,"CIPHERTEXT")
: [scale=1,level=4]
FML[0x10000000] "input", TYP[0x12](record,"CIPHERTEXT")
: [scale=1,level=5]
FML[0x10000000] "input", TYP[0x12](record,"CIPHERTEXT")
: [scale=1,level=6]
FML[0x10000000] "input", TYP[0x12](record,"CIPHERTEXT")
: [scale=1,level=7]
FML[0x10000000] "input", TYP[0x12](record,"CIPHERTEXT")
: [scale=1,level=8]
FML[0x10000000] "input", TYP[0x12](record,"CIPHERTEXT")
: [scale=1,level=9]
FML[0x10000000] "input", TYP[0x12](record,"CIPHERTEXT")
: [scale=1,level=10]
FML[0x10000000] "input", TYP[0x12](record,"CIPHERTEXT")
: [scale=1,level=11]
FML[0x10000000] "input", TYP[0x12](record,"CIPHERTEXT")
: [scale=1,level=12]
FML[0x10000000] "input", TYP[0x12](record,"CIPHERTEXT")
: [scale=1,level=13]
FML[0x10000000] "input", TYP[0x12](record,"CIPHERTEXT")
: [scale=1,level=14]
FML[0x10000000] "input", TYP[0x12](record,"CIPHERTEXT")
: [scale=1,level=15]
FML[0x10000000] "input", TYP[0x12](record,"CIPHERTEXT")
: [scale=1,level=16]
FML[0x10000000] "input", TYP[0x12](record,"CIPHERTEXT")
: [scale=1,level=17]
FML[0x10000000] "input", TYP[0x12](record,"CIPHERTEXT")
: [scale=1,level=18]
FML[0x10000000] "input", TYP[0x12](record,"CIPHERTEXT")
: [scale=1,level=19]
FML[0x10000000] "input", TYP[0x12](record,"CIPHERTEXT")
: [scale=1,level=20]
FML[0x10000000] "input", TYP[0x12](record,"CIPHERTEXT")
: [scale=1,level=21]
FML[0x10000000] "input", TYP[0x12](record,"CIPHERTEXT")
: [scale=1,level=22]
FML[0x10000000] "input", TYP[0x12](record,"CIPHERTEXT")
: [scale=1,level=23]
FML[0x10000000] "input", TYP[0x12](record,"CIPHERTEXT")
: [scale=1,level=24]
FML[0x10000000] "input", TYP[0x12](record,"CIPHERTEXT")
: [scale=1,level=25]
FML[0x10000000] "input", TYP[0x12](record,"CIPHERTEXT")
: [scale=1,level=26]
FML[0x10000000] "input", TYP[0x12](record,"CIPHERTEXT")
: [scale=1,level=27]
FML[0x10000000] "input", TYP[0x12](record,"CIPHERTEXT")
: [scale=1,level=28]
FML[0x10000000] "input", TYP[0x12](record,"CIPHERTEXT")
: [scale=1,level=29]
FML[0x10000000] "input", TYP[0x12](record,"CIPHERTEXT")
: [scale=1,level=30]
FML[0x10000000] "input", TYP[0x12](record,"CIPHERTEXT")
: [scale=1,level=31]
RESBM consume 0.514729 sec.
[/app/hpao_cmplr/bin/fhe_cmplr][ONNX2AIR][--] : phase_time = 0.146030 / 0.146174(s)
[/app/hpao_cmplr/bin/fhe_cmplr][SCHEME_INFO_ANALYZE][--] : phase_time = 0.000041 / 0.146237(s)
[/app/hpao_cmplr/bin/fhe_cmplr][VECTOR][--] : phase_time = 3.040867 / 3.187109(s)
[/app/hpao_cmplr/bin/fhe_cmplr][SIHE][--] : phase_time = 0.655887 / 3.843009(s)
[/app/hpao_cmplr/bin/fhe_cmplr][CKKS][--] : phase_time = 1.189426 / 5.032446(s)
[/app/hpao_cmplr/bin/fhe_cmplr][POLY][--] : phase_time = 3.304921 / 8.337383(s)
[/app/hpao_cmplr/bin/fhe_cmplr][POLY2C][--] : phase_time = 0.634507 / 8.971903(s)
COMPILE RETV:0
COMPILE CMD TIME:9.581586s
/app/hpao_cmplr vgg16_cifar10_x2.onnx /app/test/vgg16_cifar10_x2.c vgg16_cifar10_x2.onnx.c
ckks_param: _provider = 0, _poly_degree = 131072, _sec_level = 0, mul_depth = 26, _first_mod_size = 60, _scaling_mod_size = 56, _num_q_parts = 3, _num_p = 9, _num_rot_idx = 1534,_hamming_wieght = 192
input(tensor): [
 -0.056263 -0.072844 0.001066 0.021751 -0.070183 0.022443 0.023896 0.021923 -0.036402 -0.099414 -0.013624 0.049759 -0.025843 -0.063461 0.099736 0.054748 -0.027616 0.003134 0.068329 0.011353 0.028264 0.051693 -0.018428 -0.007195 0.073361 0.023261 0.071319 -0.086889 -0.091307 0.011298 0.084504 -0.056262
 -0.035704 0.091980 -0.039717 -0.095963 -0.040177 -0.086144 0.040778 0.061163 0.078269 0.087902 0.035339 -0.042360 -0.054401 0.031626 -0.049199 0.099406 -0.072103 0.054314 -0.028905 -0.053693 0.041835 -0.018253 0.040083 -0.046215 0.020375 0.059482 -0.064420 -0.054340 -0.010638 -0.088555 0.049781 -0.075446
 0.007721 -0.014422 0.070062 -0.033204 -0.000804 0.095544 -0.085361 0.066196 0.080844 0.065652 0.034898 -0.026540 -0.048841 0.019598 0.072533 -0.073982 -0.099853 0.016346 -0.034057 0.038593 -0.060532 0.023626 -0.092763 -0.003531 -0.091325 0.075855 -0.047880 0.080082 0.013862 -0.042530 -0.034966 -0.065127
 0.075488 -0.006327 0.053109 -0.034450 -0.030796 -0.059775 0.057773 -0.021244 -0.085386 0.041868 0.086404 -0.012609 0.002777 0.018405 0.088965 -0.081841 -0.093437 0.018555 -0.035682 0.009198 0.083564 0.099423 -0.075585 -0.002507 0.061240 0.037764 0.005351 -0.060939 0.044587 -0.072994 -0.068950 0.099848
 -0.058616 0.054697 -0.016791 0.060759 -0.082283 -0.002138 -0.023798 -0.051524 -0.062640 0.015808 0.039477 0.095744 -0.061408 0.011982 0.039656 0.010224 0.061903 0.054274 -0.073541 0.028078 -0.078165 0.032398 -0.021944 0.099866 0.086111 -0.042152 0.018212 0.078299 -0.062398 0.004662 0.022228 0.020853
 -0.005713 -0.043763 0.018149 -0.021320 0.071977 -0.096086 0.083953 -0.064983 -0.066986 0.026662 -0.029453 0.072995 -0.083914 0.029557 -0.097149 0.037652 -0.059130 0.014048 -0.058680 0.040807 0.034870 0.053293 0.008443 0.031121 -0.081424 0.099741 -0.081730 -0.042424 -0.024417 -0.088965 0.011184 0.056907
 0.052643 0.021171 -0.079793 -0.046183 -0.003877 -0.067302 0.039905 -0.061580 0.096357 -0.008959 -0.025972 0.070731 -0.098465 0.076258 0.053216 -0.063175 -0.085152 -0.055792 -0.057966 0.023728 0.022286 0.047172 -0.097457 0.050942 -0.031264 0.002464 0.067483 -0.090344 -0.062744 -0.094162 -0.084484 -0.058506
 -0.089724 0.074721 -0.030204 0.058335 0.048893 0.026351 -0.071416 0.067759 0.069407 0.015022 0.011813 -0.056357 -0.036660 0.097712 0.095146 0.028334 -0.008085 -0.087613 -0.050502 0.001971 -0.031854 -0.073154 -0.013532 0.028443 -0.025144 -0.010726 -0.099699 0.097726 0.007351 0.078240 0.065510 -0.005503
 -0.029904 -0.088475 -0.046912 -0.097829 0.076265 0.023066 -0.057995 -0.001981 0.012556 -0.023441 -0.069593 -0.062826 -0.050777 0.036629 0.012781 0.060457 -0.035435 0.057236 0.069442 0.086722 -0.027491 -0.034402 0.036405 0.009929 -0.063562 -0.097472 -0.013140 0.001556 0.029191 -0.055220 -0.040307 0.046992
 -0.073163 0.002630 -0.030423 0.018920 0.075976 -0.081012 -0.045411 0.051579 -0.039479 0.012031 0.066095 -0.096633 0.091534 0.032094 -0.075986 0.023210 0.086569 -0.025804 -0.065870 0.080628 0.078166 -0.058036 0.039886 0.071091 0.067368 -0.008970 0.075948 -0.060718 -0.017605 -0.036701 0.070932 -0.015450
 -0.064032 -0.014537 0.022668 0.049868 0.096008 -0.082894 -0.085952 0.026379 -0.082916 -0.084551 -0.049113 -0.051074 0.081091 -0.062506 0.052988 -0.059583 -0.014035 0.084454 0.053352 -0.090086 0.074529 -0.033705 -0.083522 0.089199 -0.055688 -0.082155 -0.097157 -0.020606 0.031071 0.041474 -0.014914 0.009768
 0.085321 0.054212 0.020152 0.042314 0.039689 0.008687 0.054921 -0.087689 0.062080 -0.036647 0.034897 0.015525 0.098855 -0.012840 0.012937 -0.071338 0.091868 0.059833 -0.063800 -0.060706 0.023609 -0.097966 -0.073866 -0.076300 0.063508 -0.071283 -0.014242 0.024385 -0.032702 -0.027436 -0.096633 0.063250
 0.087182 -0.074059 0.050270 -0.017825 -0.066523 0.083668 -0.085750 0.011948 -0.016193 -0.037913 0.028082 0.051159 -0.045158 0.067265 0.093011 -0.023902 -0.044282 0.039656 0.099702 0.034559 0.006483 -0.085009 0.064797 -0.023952 0.048184 0.054593 -0.055887 -0.037008 0.087376 0.014763 0.026678 -0.051251
 -0.009009 -0.002773 0.028866 0.021470 0.057364 -0.005353 0.017223 0.048929 -0.009717 0.041175 -0.004273 0.069613 -0.009919 -0.056910 -0.066255 0.048746 0.095502 -0.047128 -0.070814 -0.067771 -0.015345 0.042843 0.081047 -0.056715 -0.028091 -0.096743 0.094723 -0.047595 0.041735 -0.056161 0.099042 0.054407
 0.069362 0.034507 0.095701 0.066162 0.093669 0.087682 0.062063 0.019871 -0.023459 -0.047183 0.041724 -0.029977 0.074498 -0.057541 -0.065004 -0.072361 -0.046154 -0.030813 -0.097068 0.055133 -0.081805 -0.003799 0.085603 0.069943 0.006333 -0.091075 0.001566 0.008224 0.083969 0.016536 -0.035201 0.054031
 -0.029344 -0.028574 -0.079823 -0.072461 0.025241 -0.002966 -0.067262 -0.057266 0.034435 -0.026597 -0.052182 -0.055530 -0.009105 0.029029 -0.027851 -0.095410 -0.017027 0.040793 0.026588 0.011602 -0.059307 0.067673 0.016959 -0.083631 0.066896 -0.088630 -0.093374 0.040609 -0.078274 -0.008190 -0.022179 -0.019239
 -0.071921 0.053061 0.055155 -0.068847 -0.091691 0.089564 0.007792 0.030211 -0.092972 -0.006699 -0.066241 0.012033 -0.054843 -0.032740 0.005492 -0.065455 0.098228 0.012670 -0.077893 0.097750 -0.047833 0.099487 0.081740 -0.047257 0.058509 0.035837 -0.055649 0.051102 -0.029400 0.082648 -0.000714 -0.042055
 -0.072113 0.027983 0.077893 -0.067683 0.004596 -0.075061 -0.020729 0.083089 -0.003470 -0.027443 0.098386 -0.031024 -0.053037 0.000868 0.068431 -0.076479 -0.019339 -0.068880 0.049579 0.026197 0.035378 0.064424 -0.047459 -0.058106 0.026521 -0.025741 0.060257 0.076569 0.057921 0.097828 0.000014 -0.077664
 0.040936 0.076163 -0.096080 -0.036422 -0.030626 0.087983 0.020707 0.005306 0.059759 0.097614 -0.055499 -0.024184 -0.092481 0.077871 0.033373 -0.010531 0.050572 0.028565 -0.065704 -0.005422 0.005625 -0.017158 -0.032903 0.084131 -0.040116 -0.079692 -0.074257 0.096738 -0.064511 0.047019 0.074178 -0.049404
 -0.047326 0.087092 0.054305 0.067546 0.082352 -0.070524 0.062077 0.074601 -0.032606 0.023773 0.032847 0.034730 0.030306 -0.073061 0.006304 -0.024273 -0.012833 -0.047102 0.091347 -0.014341 0.043088 -0.088428 -0.048675 0.069628 -0.015253 -0.029812 0.056915 -0.050011 0.010429 -0.005225 0.020049 0.037151
 -0.069804 0.089828 -0.030123 0.086175 -0.003559 0.010512 0.072580 0.055879 0.074427 -0.039967 -0.020967 -0.040282 0.082292 0.069192 0.060748 -0.086258 0.048136 0.098094 0.042520 -0.015502 0.012518 0.043245 0.086797 -0.070572 0.017838 -0.009359 -0.019298 0.072134 -0.061173 -0.031626 -0.003930 -0.095453
 -0.015541 -0.072271 0.063084 -0.063082 0.099326 0.018910 0.060109 -0.029195 -0.019382 -0.068994 0.079301 -0.048022 -0.063187 -0.051325 0.007525 -0.060100 -0.099672 -0.049598 0.055775 0.024874 -0.013804 0.028271 0.064171 0.061108 0.072608 -0.091087 0.014376 0.013326 -0.029779 0.007266 -0.002224 -0.068021
 -0.076090 -0.085925 -0.009180 -0.097511 -0.065160 -0.034926 0.032608 0.069110 0.023759 -0.027358 -0.041003 0.033601 0.090144 0.044068 0.038257 0.026920 -0.009673 -0.001848 -0.099817 0.091322 0.081217 -0.077394 -0.022925 0.007803 -0.091497 0.089559 0.044806 0.037779 0.009277 -0.073009 -0.036493 0.059396
 0.081573 -0.041655 -0.084341 -0.017179 -0.088972 0.028739 0.056410 -0.094524 -0.065121 0.083730 0.054535 -0.027087 0.098916 -0.006695 0.029190 -0.044194 -0.044088 0.005003 0.074320 -0.034372 -0.088636 0.020185 0.005839 0.092030 0.068868 -0.033968 0.063227 -0.059097 -0.026536 -0.089792 -0.054876 0.050579
 0.096747 0.081928 -0.090740 0.078111 -0.015145 -0.040854 -0.025239 0.059442 0.098514 0.005852 -0.002354 0.072606 -0.007410 0.042314 -0.071245 -0.080432 0.019223 -0.054103 -0.086375 0.085993 0.082374 -0.090996 -0.084870 -0.010844 -0.025904 -0.094986 0.016336 -0.072146 -0.078572 -0.034734 -0.007694 0.054280
 -0.093247 0.090349 -0.055485 -0.079193 0.088799 0.026345 -0.094984 0.037530 -0.006699 0.087381 0.060282 0.080363 0.087699 0.088107 -0.033858 0.058439 0.043889 0.053483 0.032136 -0.090993 -0.094794 0.088209 0.068922 0.097687 -0.010988 0.099739 0.038478 0.036890 0.075501 0.074121 -0.090362 0.087886
 0.053420 0.074664 -0.059560 -0.001520 0.050275 0.090586 -0.046529 -0.016466 -0.080845 0.046269 0.078481 0.043998 0.071765 0.043874 0.081830 -0.097850 -0.057844 0.022764 -0.072924 -0.004654 0.078000 0.005315 0.002424 0.038965 -0.031079 -0.004024 -0.085367 0.017505 -0.079741 -0.063988 -0.024893 -0.015700
 -0.012089 -0.083822 0.034222 -0.023720 0.071497 0.048747 -0.082733 -0.061159 0.025415 0.036016 0.092253 -0.021696 0.029000 0.018827 -0.019985 -0.077405 -0.054525 0.052938 -0.062312 0.082513 -0.099177 -0.046912 -0.089056 0.047914 0.017526 -0.064771 0.007227 -0.047920 0.041351 -0.004761 0.095889 -0.006506
 -0.054667 -0.073432 -0.060369 0.096930 -0.015997 0.045207 -0.030041 -0.095710 0.012494 -0.030132 0.090693 0.044706 0.047999 0.053335 -0.068606 -0.011564 -0.090415 -0.037150 -0.010678 -0.091035 0.073079 -0.087231 0.077783 -0.049370 -0.032319 0.094143 -0.029079 -0.085854 0.007564 -0.014147 0.001457 -0.002430
 -0.061690 0.021077 0.046802 0.003501 0.056651 -0.009336 0.081704 -0.032416 -0.090146 0.016023 0.008602 -0.071770 -0.033082 0.071198 0.027749 -0.080605 -0.018515 0.013739 -0.002772 -0.007971 0.010670 -0.022103 0.038558 -0.042435 -0.058970 0.092297 0.024649 0.049034 0.057654 -0.026948 0.054371 -0.075062
 0.085606 -0.071795 0.011961 0.023482 -0.051164 0.054645 -0.066851 0.038082 -0.096320 0.077617 0.068609 0.002408 -0.052632 0.026411 0.081317 -0.077222 -0.043461 0.073270 0.025439 -0.038576 0.040217 -0.072379 -0.040395 -0.001869 -0.033874 -0.011405 -0.044105 -0.096077 -0.020893 -0.001294 0.022144 0.075887
 -0.015291 -0.073204 0.061254 0.063728 0.090448 -0.000943 0.027207 0.050092 0.047854 0.075113 0.031199 -0.046641 -0.065759 -0.087761 -0.065270 -0.033346 0.052932 0.054303 -0.078634 -0.024729 0.050006 0.082610 -0.047864 0.030174 -0.079742 -0.030248 -0.068295 0.054334 -0.056262 -0.001858 -0.083917 0.052766
 0.079621 0.063121 0.008573 0.048556 -0.090504 -0.034783 0.042801 -0.075236 -0.028433 0.058958 0.086417 -0.045592 0.082937 0.046677 0.074690 0.062564 -0.036059 -0.066928 0.084427 0.066188 0.051553 -0.073682 -0.030477 0.085671 -0.044787 0.041782 -0.097595 -0.076225 0.041277 -0.030134 -0.037613 -0.027186
 0.044819 0.071189 0.027143 0.003048 -0.035149 0.022984 -0.037010 0.019187 0.002858 0.042599 0.084726 -0.093371 0.076464 0.073316 -0.073901 0.065752 -0.007198 -0.077580 -0.023007 -0.049314 0.011884 0.034395 -0.065311 0.071280 0.075290 0.012677 0.099438 -0.033433 0.006206 0.044430 -0.008499 0.029346
 0.007240 -0.035126 -0.079656 -0.056184 0.028552 -0.077708 0.096745 0.025690 0.010412 -0.045848 0.019243 0.072691 -0.075097 0.064449 0.077683 -0.007432 0.050105 0.094115 0.032475 -0.035859 0.003644 0.097534 -0.013232 -0.064470 0.089321 -0.090695 -0.030867 -0.089479 -0.018344 0.014463 -0.098212 0.089095
 0.059744 0.074379 0.093784 -0.010922 -0.006490 0.016718 0.051289 0.076437 0.061126 0.018819 0.097955 -0.061737 -0.088741 0.017501 -0.065859 -0.094052 -0.009301 0.006349 -0.064007 -0.036772 -0.070599 0.015159 -0.027130 -0.067429 0.029025 0.019512 0.039258 0.000854 0.058584 0.018819 0.042323 0.075594
 0.054804 0.086075 0.037200 -0.002331 -0.027569 -0.059349 -0.092590 0.046073 -0.005106 0.062844 0.025036 -0.028052 -0.016000 0.097099 -0.005867 -0.001399 -0.079296 -0.033541 -0.049452 0.067960 -0.054130 -0.064718 0.022173 -0.085881 -0.029092 0.023395 0.076342 -0.021555 -0.059761 -0.013374 -0.096647 -0.062152
 0.048301 0.035869 0.047892 0.029979 -0.071904 -0.085587 0.022658 -0.081725 0.024419 -0.016740 0.026971 0.041177 0.019122 -0.024481 -0.012693 -0.073250 0.043400 0.044212 0.009736 0.073095 0.054074 0.023876 -0.066521 -0.028918 0.000436 0.035411 -0.000922 0.048046 0.022598 -0.023777 -0.063348 0.036023
 -0.062015 -0.031908 -0.079014 0.082324 0.031865 -0.034543 0.050535 -0.083347 0.038471 0.056057 -0.017835 0.035033 0.067328 0.092921 0.011549 -0.061574 0.041782 -0.080277 -0.089660 0.018045 -0.016435 0.063674 0.066819 -0.030281 -0.070288 -0.073671 0.042697 -0.059742 0.000648 -0.018156 0.048437 0.031734
 0.071119 0.051998 0.042063 0.084457 0.007356 0.025370 -0.085990 0.049357 0.068368 0.079475 0.076268 -0.077352 0.092849 0.058019 0.092025 0.036776 0.031312 -0.008979 -0.092268 0.056033 -0.027644 0.034888 0.027463 -0.034584 0.013016 0.099591 0.011340 -0.056978 -0.052425 -0.084390 0.051508 0.019019
 0.051373 0.071621 0.019494 -0.025264 -0.007941 -0.010726 0.060006 -0.030720 -0.062716 -0.053481 0.090479 -0.043510 -0.066692 0.054541 0.002350 -0.030755 0.019919 0.067616 0.084857 -0.049362 0.063754 0.008800 0.076007 0.036808 0.068772 -0.032888 0.051501 0.038532 0.038029 -0.038700 0.053832 -0.050223
 0.061032 -0.050122 -0.017720 0.027024 -0.000598 -0.060227 -0.045660 -0.026659 -0.079663 -0.093382 -0.010037 -0.058496 -0.007718 0.023214 -0.019195 -0.024724 -0.087854 0.025939 0.043629 -0.025428 0.059499 -0.081389 0.009686 -0.007317 0.008770 0.076892 -0.071849 -0.091553 -0.091777 -0.028204 0.056584 0.039400
 0.007760 0.091616 0.031014 0.093815 0.044437 -0.066220 0.048076 -0.057784 -0.061571 0.042053 -0.013187 -0.066150 -0.026911 -0.060080 -0.004768 -0.093920 0.079350 -0.004058 0.070590 -0.068857 0.031682 0.025280 -0.022715 -0.061469 -0.049324 0.034835 0.007524 -0.077746 -0.047649 0.080341 0.038067 0.003693
 -0.026073 -0.007201 -0.060491 0.011368 -0.080446 -0.095468 0.047632 0.065303 0.029827 -0.015423 -0.061951 0.013315 -0.082222 0.021924 0.049571 0.050825 -0.065565 0.046720 -0.069814 -0.065423 0.091556 0.070019 0.037547 0.044969 -0.073306 -0.045013 0.044839 0.031022 0.031408 0.055379 0.050521 -0.024566
 -0.091959 0.081480 0.082387 -0.064841 0.097580 0.004829 -0.079059 -0.041990 -0.082522 -0.017236 0.093247 -0.080612 0.043234 -0.025915 0.084763 0.063557 0.086471 0.003058 -0.085187 0.098770 -0.058156 0.098465 -0.010205 -0.084709 -0.019565 -0.074227 0.056871 -0.067625 -0.019531 -0.002223 0.084774 0.086956
 0.089928 0.076128 0.064329 -0.006152 -0.079185 0.004069 0.087360 0.027707 -0.035245 0.089110 -0.015866 -0.071350 0.058114 0.045232 0.019481 0.089836 0.008291 0.096777 0.070141 -0.020680 0.044109 0.059955 -0.080208 0.002964 0.066953 0.025944 -0.091927 0.063194 -0.036263 0.026290 -0.053528 0.075513
 0.011248 0.048901 -0.016229 0.084737 -0.057902 -0.083337 -0.088714 -0.066833 0.085695 0.084260 0.034277 0.003806 -0.022529 -0.086703 -0.080562 0.083002 -0.033065 0.032982 -0.078799 -0.093731 -0.070377 -0.093710 0.042295 -0.044215 0.000517 -0.099628 -0.072947 0.075599 -0.007664 0.070550 -0.033642 -0.036656
 -0.091481 -0.024120 0.056209 0.039309 0.063245 0.030842 0.087554 -0.036974 0.015624 -0.065187 -0.081072 -0.016020 -0.066802 -0.059157 -0.012011 0.092611 -0.075395 -0.005751 -0.087893 0.049245 0.008561 -0.073452 -0.008912 0.018762 0.019499 0.029473 0.002526 0.083634 0.020891 -0.055010 -0.071038 -0.099149
 -0.023238 -0.083879 0.012105 0.040173 0.043209 -0.004004 0.049471 -0.036133 -0.027082 -0.083284 -0.047991 -0.006522 0.056802 0.032194 -0.084184 0.063680 0.090913 0.063227 0.022383 -0.085344 0.083655 -0.016151 -0.051189 -0.021294 -0.066554 0.077463 0.023875 -0.019690 0.029300 -0.004707 0.079407 0.032714
 0.092516 -0.003686 0.011929 0.015379 -0.037721 -0.077231 -0.016219 0.092519 0.005255 0.044189 0.021534 -0.011908 0.071885 0.069276 -0.035973 -0.058848 -0.066596 -0.006416 0.043770 -0.065010 0.045926 -0.028841 -0.030922 0.000904 -0.037613 -0.069047 0.060462 0.021058 0.080148 0.008599 0.049680 0.020934
 -0.078573 0.008750 0.057528 -0.040737 0.031567 -0.045800 -0.080069 0.041558 -0.005173 0.034900 0.011119 0.010331 -0.092731 0.056299 -0.086836 0.046773 -0.014179 -0.014243 -0.057853 -0.029523 -0.036380 0.091928 0.060936 0.072028 -0.033859 -0.009437 -0.092505 0.007169 -0.023742 0.002211 -0.025743 -0.031318
 0.091464 0.049792 -0.011043 0.084525 -0.009279 -0.050302 0.030145 -0.051541 -0.093375 0.048237 -0.049073 0.089343 0.035905 -0.071264 -0.094815 0.050417 -0.067472 -0.077264 0.027380 0.010880 -0.050101 0.039286 -0.095881 0.013912 0.022002 0.037167 -0.086855 -0.005514 -0.088987 0.097470 -0.053225 -0.058913
 0.005030 -0.049626 -0.077874 -0.078189 0.059059 -0.079900 0.044877 0.038354 -0.082587 0.097080 -0.092401 -0.091590 0.043481 0.050139 0.017188 -0.043625 -0.060579 -0.051995 0.070987 0.027972 0.037285 -0.041826 -0.034342 0.041922 -0.023679 -0.074425 0.050698 0.032392 0.005903 -0.069902 0.010470 -0.056838
 -0.094021 0.016326 -0.014041 -0.039301 -0.062948 -0.025529 -0.016498 -0.098504 -0.052028 -0.022233 -0.038483 -0.024667 -0.026702 0.043055 0.006459 -0.023398 0.042775 0.092519 0.019198 0.043333 0.031006 -0.069078 -0.023946 -0.086921 -0.083965 0.003342 -0.048840 -0.091614 -0.023838 0.042285 -0.014889 -0.027175
 0.017845 -0.069088 0.020347 0.081959 -0.055585 -0.021869 0.066965 -0.030950 0.050713 0.091711 0.084817 0.036800 0.082870 -0.022157 0.003851 -0.027353 0.004114 -0.049997 -0.052867 -0.082741 -0.077032 -0.017986 0.003469 -0.091610 0.030532 0.041617 0.060717 -0.093660 -0.034525 -0.078243 0.090695 -0.096060
 -0.028753 -0.000472 0.021096 0.046223 -0.055635 -0.014256 -0.068429 0.029721 -0.068630 -0.052454 -0.008209 -0.046476 -0.008261 0.017397 0.016824 0.052468 -0.042339 0.063008 0.007198 -0.019439 0.004255 0.095140 0.090862 0.033598 -0.019309 -0.098276 0.061256 -0.024530 -0.038104 -0.080794 0.012619 -0.088738
 -0.078294 0.065164 -0.006898 0.060892 0.069762 -0.095481 -0.027980 -0.073904 -0.075735 -0.067947 -0.032821 0.030242 0.033435 0.083896 0.055238 0.070854 -0.028789 -0.030621 0.037615 -0.022651 -0.035732 -0.086448 -0.071857 -0.093518 -0.004636 0.073595 -0.079977 -0.053352 0.096401 0.029516 -0.057507 -0.040188
 0.027030 -0.038750 0.009596 -0.095028 0.094960 -0.012182 0.035445 -0.094135 0.002853 -0.086090 0.043383 0.098888 -0.011078 0.011686 -0.080541 -0.098754 0.004846 -0.095490 -0.086573 -0.030402 -0.072820 -0.050159 0.018522 0.002409 -0.039533 -0.081740 -0.099993 0.080916 -0.071438 0.022960 0.095166 0.085126
 0.032935 0.095588 -0.098212 0.044939 0.081658 0.001270 -0.041761 -0.039864 -0.041842 0.012943 -0.083042 0.023021 -0.084512 -0.036069 0.035036 -0.009332 0.034515 -0.024966 -0.083595 0.033706 0.092775 -0.024566 -0.022941 0.079252 0.078500 0.040865 -0.075643 0.019587 -0.008045 -0.025371 -0.034115 -0.000780
 0.040731 0.047753 0.029749 0.052641 -0.051849 0.054523 0.000581 0.062254 -0.017367 0.048485 -0.033843 -0.032174 0.089801 0.041927 -0.014030 0.019245 0.090168 -0.042187 0.066453 -0.092472 0.025004 0.095169 -0.037442 0.060711 -0.051071 0.047249 0.017985 0.006256 0.082881 0.098475 -0.009612 -0.040526
 -0.003814 -0.071452 0.070524 -0.090386 0.072489 -0.025139 0.048459 -0.068461 0.024480 0.085003 -0.031752 -0.087010 0.091441 0.097143 -0.091069 0.034208 0.052926 0.000329 0.007397 -0.069450 0.009372 0.017896 -0.013524 0.072505 -0.064304 -0.071448 0.013585 -0.070185 -0.098961 0.017607 -0.023427 -0.050754
 0.014310 -0.098149 0.085745 0.074721 0.067858 0.020586 -0.052682 -0.024344 -0.002050 -0.036088 0.067575 -0.005977 0.096312 0.029457 0.043812 0.001385 -0.084306 -0.021837 0.048286 0.031366 0.013770 0.054233 0.095338 -0.029047 -0.009015 -0.050509 0.017642 -0.085728 0.096508 0.089563 0.026317 0.096687
 -0.016633 0.065669 0.080895 0.096600 0.084494 0.029600 -0.071386 -0.043932 0.019602 0.014770 0.055471 0.043283 -0.059928 0.078294 0.094442 0.081998 0.095640 0.015438 0.098152 -0.044673 0.083054 0.065286 0.055665 -0.069807 0.059083 0.084432 0.058573 -0.078158 0.080360 -0.025235 -0.099252 0.019586
 -0.037962 -0.079132 -0.015846 -0.069355 0.099568 0.089515 0.017709 0.035444 -0.004457 -0.073029 0.018664 0.065944 0.047106 -0.057095 0.064087 -0.098072 0.027177 -0.093841 0.027901 -0.076941 0.010987 -0.019805 0.064676 -0.055855 -0.089159 -0.014220 -0.045554 -0.053583 -0.006528 0.041371 -0.065794 0.058826
 -0.063055 0.008708 -0.071226 0.089692 -0.035010 -0.085169 0.030439 -0.036255 -0.086520 0.070174 -0.023089 0.030083 0.007065 -0.040826 0.059142 0.004470 0.021353 0.044250 -0.074574 0.074920 0.068980 0.032067 -0.060859 0.018308 -0.070442 -0.071503 -0.089893 0.032173 0.090828 -0.013228 0.016426 0.099642
 -0.038965 0.082656 0.094057 -0.097472 0.003268 0.063426 -0.036007 -0.061021 0.003812 0.032640 0.075596 0.003869 -0.001452 -0.063922 -0.013724 -0.012488 -0.026575 -0.014666 -0.004113 -0.027673 0.004689 0.061465 -0.062265 0.066717 -0.078350 -0.092355 0.017162 0.090735 0.005179 0.015781 -0.041284 0.078752
 0.000302 0.092011 -0.024919 0.081823 0.072023 -0.021235 -0.050030 0.039950 0.052753 -0.033625 -0.056610 0.014132 -0.085766 -0.053424 -0.024439 -0.081702 -0.050788 -0.015209 0.062980 -0.058144 -0.039871 -0.026091 0.028119 0.005123 -0.012519 0.008824 0.058145 -0.063060 0.070619 -0.049938 -0.018305 0.083428
 -0.020709 -0.053891 0.037831 0.080556 -0.011039 0.086842 0.049577 -0.023711 0.029094 0.024115 0.033728 -0.037107 0.001894 -0.093077 -0.009272 -0.005519 0.080387 0.077239 0.060908 0.033244 -0.050362 -0.008792 0.024069 -0.020705 0.006186 -0.078130 -0.033068 0.069269 0.051337 0.092989 0.049901 0.093327
 -0.062475 -0.090252 0.011028 -0.064943 0.093676 0.092063 0.028363 -0.016116 0.097092 -0.054139 0.007657 -0.044773 0.057173 -0.026824 -0.004664 0.066872 0.078709 -0.072709 -0.057528 -0.031881 0.057123 0.011188 -0.010816 -0.007175 -0.049397 -0.084601 -0.044858 0.021699 -0.070404 0.074362 0.024488 -0.097602
 -0.035793 0.016997 0.000303 0.033569 0.017687 0.009101 0.075025 0.036494 -0.029409 0.077660 -0.039108 0.016922 -0.039824 0.048166 -0.042324 -0.084946 -0.004135 0.099433 0.010447 0.030212 0.043610 0.002718 0.041793 0.082786 0.035852 0.011588 0.044256 -0.018470 -0.031542 0.019663 -0.017937 -0.054257
 0.038235 -0.052125 -0.024654 0.085461 0.053873 -0.017731 0.011944 -0.024865 0.043971 -0.092838 0.052596 -0.050250 0.053610 -0.025777 0.074940 0.082517 -0.071667 -0.035998 0.095029 -0.012148 0.007965 -0.030617 -0.073898 0.059713 -0.073199 0.080025 -0.086443 0.002711 0.056412 -0.082610 0.049707 0.049862
 -0.000668 -0.010577 0.020565 -0.031625 -0.024348 -0.036159 -0.039160 0.063342 -0.001715 0.026822 -0.091038 0.045430 -0.077604 -0.012580 -0.037523 0.084512 -0.062511 0.080920 0.029728 -0.072887 0.071770 0.055310 -0.055933 -0.022539 -0.052405 0.046086 0.027573 -0.028610 0.065701 0.090092 -0.022542 0.057998
 0.009885 0.060681 0.083567 0.080268 0.005058 -0.010413 -0.061220 0.043498 -0.079808 -0.019080 0.090686 0.038554 0.064712 -0.018676 -0.001908 -0.014799 0.035729 0.038211 0.096179 -0.087716 0.023336 0.080999 -0.081670 -0.036392 0.049116 0.031954 0.025135 0.044726 0.086632 -0.042493 0.079619 -0.017480
 -0.038694 0.058677 -0.035187 0.079938 -0.070511 -0.098917 -0.096238 -0.085667 0.005663 -0.096622 -0.010773 -0.012641 -0.079394 0.063648 -0.078065 -0.044696 -0.034773 -0.080397 -0.070025 0.024954 -0.067671 0.068482 0.020332 0.053693 0.025900 -0.066079 0.079788 0.027124 -0.091606 -0.014411 0.068260 -0.073784
 -0.019291 -0.015500 0.008898 0.001332 0.000410 0.066754 0.075491 0.025450 0.083755 -0.057335 0.042946 0.051548 0.005709 0.084737 -0.042656 0.002658 0.031185 0.092271 0.012405 -0.048993 -0.009155 -0.024480 0.078353 0.098516 -0.056162 -0.090802 0.087325 0.035795 0.026210 -0.093720 -0.030486 0.075907
 -0.060492 0.006477 0.000903 0.011665 0.085194 0.085122 -0.009343 -0.065539 0.078911 -0.002089 0.090703 -0.001762 0.076798 -0.075360 -0.007949 0.045552 0.022145 -0.083958 -0.079718 0.016075 0.013401 0.007100 -0.089338 -0.087610 0.056767 -0.014840 0.005489 0.001477 -0.089059 0.049571 -0.030742 0.012688
 0.024260 -0.020648 -0.042883 -0.074617 -0.025628 -0.058964 0.085974 -0.000216 -0.029774 0.075667 0.090070 -0.067716 -0.021156 0.022360 -0.001403 -0.087252 -0.091863 0.008870 -0.070754 -0.005578 -0.017272 -0.082796 -0.083600 0.078459 -0.073452 0.059307 -0.079729 -0.070202 0.055910 -0.070241 0.011176 0.063858
 -0.021926 0.078650 0.021928 -0.083719 -0.091396 0.034463 -0.022503 0.005853 -0.087143 0.093882 0.008446 -0.028924 -0.023514 0.034990 -0.084391 -0.055664 -0.035411 0.070119 -0.081314 -0.080026 0.072087 -0.014914 -0.079831 -0.019994 0.095491 0.002296 0.012093 0.034848 -0.040650 0.090133 -0.024974 0.019193
 0.077987 0.078752 -0.073087 -0.005548 0.043142 -0.024011 0.014225 0.079546 0.067701 0.097829 0.056161 0.041346 -0.054389 0.002059 0.099375 0.014949 0.009859 -0.083198 0.086099 0.093418 0.007197 0.041468 0.014455 -0.096285 0.009019 0.040413 -0.058092 -0.024492 0.006016 -0.027354 0.019325 -0.015215
 0.065445 0.045030 0.017173 0.015104 0.051567 -0.064938 -0.025812 -0.078076 0.039178 0.058307 0.038532 0.031288 0.028836 0.030336 0.007866 -0.015996 -0.086764 0.007330 0.049374 -0.055550 -0.080471 0.046271 0.048750 -0.006159 0.052191 0.059529 0.047701 -0.098469 0.022999 0.003994 0.026977 0.067472
 0.094207 -0.095270 -0.027676 0.099167 -0.061514 0.071465 0.041275 -0.008636 0.095429 -0.010342 -0.045798 -0.092246 0.084961 -0.004760 0.098868 0.041010 0.066797 0.017103 -0.035521 0.010087 0.096460 -0.075277 0.045239 0.086801 0.035507 -0.084151 -0.063351 0.064989 -0.039813 0.047485 0.047423 -0.035305
 -0.036805 -0.086154 -0.058064 0.036332 -0.086858 -0.013817 -0.093333 0.018720 -0.081136 -0.083940 0.021112 -0.052357 0.043487 -0.050297 -0.079285 -0.090224 -0.028852 0.060218 -0.089461 -0.076045 0.096095 0.074296 -0.095874 -0.028863 0.026954 0.085869 0.049544 -0.058808 -0.063150 -0.094352 -0.060143 0.081510
 -0.078687 -0.026576 -0.017054 -0.040884 0.077223 0.033299 -0.069565 -0.062606 0.005261 0.072704 0.063796 -0.016515 -0.031860 -0.079681 -0.067429 0.040506 0.089609 -0.024437 0.081691 0.048110 0.022630 -0.045269 -0.074786 -0.007728 -0.069254 0.084235 0.063606 -0.015450 0.042826 0.007050 0.019322 -0.070347
 0.040517 0.034457 -0.019285 -0.099585 0.076087 -0.064783 0.086096 0.013420 0.032559 -0.065689 0.089167 -0.061894 -0.007941 0.057000 0.010685 0.065975 0.011873 0.072149 0.027893 0.047795 0.041389 -0.093201 -0.049988 0.005477 0.070775 0.075670 -0.029989 0.066230 -0.004632 0.030970 -0.029276 -0.042755
 0.036413 0.029031 0.000782 0.016800 -0.094200 0.095147 -0.078057 -0.043106 -0.078124 0.027571 -0.025977 -0.099345 -0.046217 0.081358 -0.012207 0.005648 0.032449 -0.066612 0.096968 -0.015802 0.008575 0.027150 -0.000196 0.079679 0.004062 -0.058357 0.072743 0.030601 -0.093515 -0.037425 0.077689 -0.056745
 -0.040597 0.098239 0.023313 -0.059467 -0.094528 0.065969 0.001042 0.020835 0.057182 0.008963 -0.006675 0.073738 -0.003640 -0.013495 0.007144 0.028748 -0.020159 -0.015365 -0.097994 0.034928 0.001966 -0.037291 0.033021 -0.041618 -0.053609 -0.000453 -0.019156 -0.005661 0.074805 0.031206 0.018188 -0.015113
 0.060774 0.026350 0.088953 0.005171 0.008232 -0.081321 0.097039 -0.073899 0.074844 0.083001 -0.003008 0.080900 0.011800 -0.003251 0.068609 -0.012557 -0.097053 -0.028470 -0.029427 -0.049959 0.033540 0.060429 -0.075914 -0.016170 -0.090549 -0.058722 0.038712 0.075470 -0.016960 -0.011194 -0.081821 -0.034667
 0.086125 0.028192 0.035646 -0.029125 -0.082447 0.072414 -0.066462 -0.001548 -0.037531 0.071535 -0.050006 -0.039701 0.033012 -0.093934 0.096331 0.000255 0.071402 -0.092795 -0.086008 0.031811 0.051188 -0.043730 -0.010368 -0.079992 0.087433 -0.010096 -0.012149 0.036678 0.005364 -0.092618 -0.073675 -0.030231
 -0.026729 -0.032081 0.061587 -0.085759 -0.010759 0.011602 -0.082564 -0.058102 -0.022753 0.008923 0.075632 -0.075895 0.034831 0.006942 -0.098378 0.041868 -0.062736 0.082177 0.026388 -0.078138 0.060052 -0.047211 -0.006286 0.047481 0.032154 -0.081876 -0.015348 0.024737 -0.093744 0.047715 -0.096672 -0.084010
 -0.079440 -0.050207 0.099227 0.089445 -0.010989 -0.003138 0.073520 -0.062077 -0.022816 -0.086612 0.076739 -0.089852 -0.000743 0.095883 -0.028112 -0.079925 0.029139 0.022400 0.052061 0.024330 0.085711 -0.014739 0.021109 0.087493 -0.079779 0.054431 -0.021276 0.011853 0.018953 -0.077066 -0.072366 -0.094624
 -0.063072 0.072866 0.019926 -0.030223 0.028004 -0.064728 0.040153 -0.002569 -0.004591 0.095819 0.036796 -0.003740 -0.058637 -0.033435 -0.013371 -0.005517 -0.014679 0.019166 -0.082490 0.003915 -0.023469 0.094389 0.093543 -0.011652 0.056825 -0.066699 0.018015 -0.050741 -0.092595 0.098700 0.001247 0.094517
 0.024266 -0.074593 -0.095002 -0.096234 0.032690 -0.036158 -0.084245 0.031318 -0.011033 -0.020978 -0.024108 0.094695 -0.045258 -0.039601 0.098164 0.055195 0.021612 0.009540 -0.043778 -0.017407 0.047319 -0.079073 0.019097 -0.032741 0.035164 0.030342 -0.001803 0.062975 0.099616 0.099744 0.041747 0.056691
 -0.041114 -0.022849 -0.028769 -0.016239 0.019275 -0.003325 0.047393 0.065079 -0.039957 0.008866 0.088623 0.085395 0.072254 -0.088787 0.000480 0.078714 0.017125 0.087407 0.010878 -0.012093 -0.015821 -0.025698 0.072323 -0.037023 -0.098135 0.005486 0.016583 0.015802 0.002417 0.036526 -0.056386 -0.036905
 -0.047637 0.039727 0.031417 0.077139 0.025295 0.030891 0.033318 0.042033 -0.091676 -0.033850 -0.089264 -0.033329 0.031847 -0.011436 0.015155 0.046182 -0.013401 0.080631 0.099926 0.073189 0.079816 0.009098 0.041412 -0.028438 0.027244 0.023825 -0.014839 -0.064192 -0.011278 -0.053313 -0.072446 -0.003426
 -0.011484 -0.099390 0.081631 -0.034205 -0.091502 -0.027048 0.037403 0.078587 -0.066524 -0.049581 0.066373 -0.048870 -0.044500 0.004929 -0.020373 -0.061327 -0.079070 -0.094360 0.003440 -0.059767 -0.054337 -0.048585 0.018964 -0.057150 -0.064258 0.018054 0.031390 -0.093310 -0.008608 -0.030771 -0.037561 -0.005509
 0.068369 -0.034451 -0.085004 0.003579 -0.076648 -0.001860 -0.031305 -0.088699 0.025069 -0.092625 -0.046860 0.076257 0.033109 0.098393 -0.043279 0.041601 0.015482 -0.075884 -0.025647 0.095840 -0.068988 0.080153 -0.081181 -0.039467 -0.052973 0.027403 0.028569 -0.003762 -0.014436 0.033892 0.005995 0.072034
]
Total memory size for keys: rot_key_cnt = 1617, rot_key_size = 366238792920 bytes, total_key_size = 366597406448 bytes
Total memory size for weight plain: cnt = 34647, size = 133981147256 bytes
RTLib functions         	       Count	      Elapse
--------------------    	    --------	    --------
FINALIZE_CONTEXT        	           1	   10.350039 sec
PREPARE_CONTEXT         	           1	 1696.986205 sec
ENCODE_ARRAY            	       35218	  620.310454 sec
ENCODE_VALUE            	         594	    1.793241 sec
NTT                     	      408823	 1038.654662 sec
INTT                    	       35942	  100.406318 sec
MAIN_GRAPH              	           1	 1911.460057 sec
 HW_ADD                  	      411782	   68.947865 sec
 HW_MUL                  	      255804	  156.125838 sec
 HW_ROT                  	      125892	   23.194980 sec
 COPY_POLY               	          14	    0.005376 sec
 EXTEND                  	        3796	   10.632619 sec
 PRECOMP                 	        5052	  265.624305 sec
 MOD_DOWN                	         367	   20.736165 sec
 DOT_PROD                	       10104	  108.819895 sec
 RESCALE_POLY            	         155	    2.686303 sec
 COPY_CIPH               	         171	    0.381247 sec
 INIT_CIPH_SM_SC         	       43443	    2.245286 sec
 INIT_CIPH_UP_SC         	       34646	   10.604260 sec
 INIT_CIPH_DN_SC         	          71	    0.031083 sec
 BOOTSTRAP               	           9	  678.295149 sec
  BS_SETUP                	           1	   61.726794 sec
  BS_KEYGEN               	           1	   97.721427 sec
  BS_EVAL                 	           9	  678.295131 sec
   BS_COEFF_TO_SLOT        	           9	  322.853102 sec
   BS_APPROX_MOD           	           9	  200.286820 sec
    CHEBY_1                 	          18	  107.555837 sec
    CHEBY_2                 	          18	   64.310241 sec
   BS_APPROX_MOD           	   sub total	  171.866078 sec
   BS_SLOT_TO_COEFF        	           9	  143.216856 sec
   BS_PRECOMP              	         423	  100.432844 sec
   BS_MOD_DOWN             	         261	   52.150954 sec
   BS_DOT_PROD             	        1791	  130.610833 sec
  BS_EVAL                 	   sub total	  949.551410 sec
  FAST_SWITCH_KEY         	        1791	  130.612327 sec
 BOOTSTRAP               	   sub total	  968.355678 sec
 PT_ENCODE               	       34647	  561.511235 sec
MAIN_GRAPH              	   sub total	 1909.841608 sec
Total (non-bs + bs)     	       Count	      Elapse
--------------------    	    --------	    --------
PRECOMP                 	        5475	  366.057149 sec
MOD_DOWN                	         628	   72.887119 sec
DOT_PROD                	       11895	  239.430727 sec
3619.48s 382515976KB
Exit 0 - Check log: /app/ae_result/hpao/vgg16_cifar10_x2.moddown.log
LINK_EXEC RETV:0
LINK_EXEC CMD TIME:3640.815271s
