FAST_DOT_PROD=1
/app/hpao_cmplr/bin/fhe_cmplr /app/model/vgg11_cifar10_x2.onnx -o /app/ae_tmp/vgg11_cifar10_x2.onnx.c -VEC:conv_fast -CKKS:N=131072 -VEC:ms=65536 -P2C:df=/app/ae_tmp/vgg11_cifar10_x2.onnx.weight -CKKS:sk_hw=192 -O2A:ts -FHE_SCHEME:ts -VEC:ts -SIHE:ts -FHE_SCHEME:ts -POLY:ts -P2C:ts -CKKS:ts:q0=60:sf=56 -POLY:ts -P2C:ts -P2C:fp -SIHE:relu_vr_def=10 -CKKS:resbm=1
FML[0x10000000] "input", TYP[0x12](record,"CIPHERTEXT")
: [scale=1,level=1]
FML[0x10000000] "input", TYP[0x12](record,"CIPHERTEXT")
: [scale=1,level=2]
FML[0x10000000] "input", TYP[0x12](record,"CIPHERTEXT")
: [scale=1,level=3]
FML[0x10000000] "input", TYP[0x12](record,"CIPHERTEXT")
: [scale=1,level=4]
FML[0x10000000] "input", TYP[0x12](record,"CIPHERTEXT")
: [scale=1,level=5]
FML[0x10000000] "input", TYP[0x12](record,"CIPHERTEXT")
: [scale=1,level=6]
FML[0x10000000] "input", TYP[0x12](record,"CIPHERTEXT")
: [scale=1,level=7]
FML[0x10000000] "input", TYP[0x12](record,"CIPHERTEXT")
: [scale=1,level=8]
FML[0x10000000] "input", TYP[0x12](record,"CIPHERTEXT")
: [scale=1,level=9]
FML[0x10000000] "input", TYP[0x12](record,"CIPHERTEXT")
: [scale=1,level=10]
FML[0x10000000] "input", TYP[0x12](record,"CIPHERTEXT")
: [scale=1,level=11]
FML[0x10000000] "input", TYP[0x12](record,"CIPHERTEXT")
: [scale=1,level=12]
FML[0x10000000] "input", TYP[0x12](record,"CIPHERTEXT")
: [scale=1,level=13]
FML[0x10000000] "input", TYP[0x12](record,"CIPHERTEXT")
: [scale=1,level=14]
FML[0x10000000] "input", TYP[0x12](record,"CIPHERTEXT")
: [scale=1,level=15]
FML[0x10000000] "input", TYP[0x12](record,"CIPHERTEXT")
: [scale=1,level=16]
FML[0x10000000] "input", TYP[0x12](record,"CIPHERTEXT")
: [scale=1,level=17]
FML[0x10000000] "input", TYP[0x12](record,"CIPHERTEXT")
: [scale=1,level=18]
FML[0x10000000] "input", TYP[0x12](record,"CIPHERTEXT")
: [scale=1,level=19]
FML[0x10000000] "input", TYP[0x12](record,"CIPHERTEXT")
: [scale=1,level=20]
FML[0x10000000] "input", TYP[0x12](record,"CIPHERTEXT")
: [scale=1,level=21]
FML[0x10000000] "input", TYP[0x12](record,"CIPHERTEXT")
: [scale=1,level=22]
FML[0x10000000] "input", TYP[0x12](record,"CIPHERTEXT")
: [scale=1,level=23]
FML[0x10000000] "input", TYP[0x12](record,"CIPHERTEXT")
: [scale=1,level=24]
FML[0x10000000] "input", TYP[0x12](record,"CIPHERTEXT")
: [scale=1,level=25]
FML[0x10000000] "input", TYP[0x12](record,"CIPHERTEXT")
: [scale=1,level=26]
FML[0x10000000] "input", TYP[0x12](record,"CIPHERTEXT")
: [scale=1,level=27]
FML[0x10000000] "input", TYP[0x12](record,"CIPHERTEXT")
: [scale=1,level=28]
FML[0x10000000] "input", TYP[0x12](record,"CIPHERTEXT")
: [scale=1,level=29]
FML[0x10000000] "input", TYP[0x12](record,"CIPHERTEXT")
: [scale=1,level=30]
FML[0x10000000] "input", TYP[0x12](record,"CIPHERTEXT")
: [scale=1,level=31]
RESBM consume 0.358379 sec.
[/app/hpao_cmplr/bin/fhe_cmplr][ONNX2AIR][--] : phase_time = 0.102842 / 0.102965(s)
[/app/hpao_cmplr/bin/fhe_cmplr][SCHEME_INFO_ANALYZE][--] : phase_time = 0.000035 / 0.103020(s)
[/app/hpao_cmplr/bin/fhe_cmplr][VECTOR][--] : phase_time = 1.478908 / 1.581932(s)
[/app/hpao_cmplr/bin/fhe_cmplr][SIHE][--] : phase_time = 0.338568 / 1.920512(s)
[/app/hpao_cmplr/bin/fhe_cmplr][CKKS][--] : phase_time = 0.719497 / 2.640019(s)
[/app/hpao_cmplr/bin/fhe_cmplr][POLY][--] : phase_time = 1.429301 / 4.069334(s)
[/app/hpao_cmplr/bin/fhe_cmplr][POLY2C][--] : phase_time = 0.342388 / 4.411731(s)
COMPILE RETV:0
COMPILE CMD TIME:4.722597s
/app/hpao_cmplr vgg11_cifar10_x2.onnx /app/test/vgg11_cifar10_x2.c vgg11_cifar10_x2.onnx.c
ckks_param: _provider = 0, _poly_degree = 131072, _sec_level = 0, mul_depth = 23, _first_mod_size = 60, _scaling_mod_size = 56, _num_q_parts = 3, _num_p = 8, _num_rot_idx = 1464,_hamming_wieght = 192
input(tensor): [
 0.046941 -0.081194 -0.089247 0.082334 -0.013212 -0.013394 -0.004187 0.055945 0.097254 0.007952 -0.018163 0.037859 -0.071631 0.077774 -0.009305 -0.043090 0.012593 -0.097660 -0.015068 -0.025203 0.031951 -0.028321 -0.038952 -0.052135 -0.067679 -0.086376 -0.071315 0.047811 -0.010961 0.068924 0.077023 -0.067708
 0.046539 -0.052488 -0.036687 0.003936 0.036911 -0.033924 0.011431 -0.001196 0.019587 0.076956 0.077695 -0.055915 0.065695 -0.086687 -0.085959 -0.087117 -0.021813 0.082181 0.078249 0.059183 -0.077520 0.036725 0.078794 0.008565 -0.034234 -0.007683 -0.021663 -0.017614 -0.022107 0.043348 -0.043830 -0.055017
 -0.074858 0.083164 -0.017098 -0.019578 0.009710 0.048157 -0.088527 -0.073365 -0.021132 0.053463 0.003578 0.082252 -0.023465 0.028643 -0.093535 0.009679 -0.069501 -0.091358 -0.095045 0.041699 0.054329 -0.057199 0.022503 -0.028711 0.028323 0.024414 0.018365 0.041384 -0.079157 -0.047809 0.004057 0.032414
 0.058129 -0.096473 -0.068004 0.072911 0.047426 -0.002885 0.018972 0.067880 0.044214 -0.022090 -0.011365 0.041953 0.053024 0.031553 0.036158 0.031260 -0.007078 -0.036785 0.029379 -0.097449 0.045886 0.074257 0.076175 -0.045737 0.028014 -0.007745 0.059099 -0.075410 -0.043699 0.018160 -0.041530 0.005392
 -0.030265 -0.050367 -0.032393 -0.070782 0.018128 0.082716 -0.007670 0.061237 -0.054223 0.039906 0.025421 -0.033598 -0.006742 -0.051836 0.004032 -0.051313 -0.098402 -0.097780 -0.070858 0.034129 0.086534 0.086549 0.014485 0.070520 0.006065 -0.085360 0.082740 -0.057966 -0.037268 0.098566 0.042240 0.004536
 -0.094486 0.045656 0.028244 0.042264 -0.076011 -0.082990 0.009788 0.046984 -0.089351 -0.082519 0.001268 0.042573 0.065493 0.044784 0.061962 0.048011 0.053347 -0.062300 -0.001040 0.059894 0.091921 0.002135 0.021326 -0.051222 -0.045647 0.040539 -0.030698 -0.072477 -0.078944 -0.063077 0.043993 0.077515
 0.014234 0.023521 0.000403 -0.058298 0.058844 -0.065095 -0.040603 -0.037998 -0.052386 -0.051531 0.010755 -0.017762 0.055890 0.081509 -0.037416 -0.030936 0.072356 -0.028879 0.014854 -0.088298 -0.087299 0.008518 0.025887 0.001634 -0.015599 0.045664 -0.028427 0.040817 0.094693 0.053903 -0.098377 0.063131
 0.028317 0.092117 0.085535 -0.013396 0.054759 0.021023 -0.069190 -0.011111 -0.019852 -0.016541 -0.027714 -0.014511 0.034157 0.086398 -0.088296 -0.032295 -0.069590 0.032758 0.060778 -0.056341 -0.096769 -0.051367 0.042762 0.040765 0.009104 -0.060083 0.041817 0.021628 -0.061108 0.069877 -0.054908 0.084024
 -0.028740 -0.029498 0.037098 -0.049191 -0.015918 0.092821 0.061283 -0.045796 0.060499 0.052192 -0.052831 -0.057533 -0.030653 -0.010813 -0.045748 0.005194 0.068388 -0.096087 -0.085073 -0.002552 -0.024613 -0.072492 0.003306 -0.010814 0.065593 -0.059542 -0.023235 0.034772 -0.029589 -0.011795 0.028357 0.088687
 0.061191 -0.006209 -0.027162 0.049104 -0.075976 -0.062100 0.011478 -0.029873 0.008074 -0.099253 -0.094451 0.037990 -0.077806 -0.028616 -0.006757 -0.047669 0.013248 -0.003393 -0.090189 0.041549 0.043824 0.050317 0.053583 -0.060833 -0.040525 0.012295 0.046519 0.009758 -0.065195 0.035276 -0.092521 -0.036909
 -0.092506 -0.049392 -0.032136 -0.032367 -0.089563 0.057209 0.059703 -0.074893 0.057088 0.074513 0.089973 0.045839 0.082052 -0.029820 -0.031721 -0.040000 -0.093674 0.023393 0.091312 -0.000886 0.044464 -0.029781 -0.080708 -0.029141 0.014630 0.047078 -0.010185 -0.044517 -0.048986 -0.095681 0.092522 -0.037044
 -0.059547 -0.072428 0.029862 -0.066350 0.023139 0.086792 -0.048864 0.046373 0.002648 -0.034945 -0.012410 -0.063536 -0.007785 0.051260 0.069581 -0.020875 -0.035652 0.099031 0.094586 0.001527 -0.073280 0.026966 0.031777 0.030941 0.040825 -0.032599 -0.087707 -0.062243 -0.006717 -0.005958 0.059297 -0.077103
 0.050182 0.008665 -0.072942 -0.059793 -0.062844 -0.030577 -0.076769 0.000910 -0.036438 -0.078632 0.031548 0.070095 0.059092 -0.000969 0.053946 -0.005351 -0.040914 -0.073038 -0.004446 0.013433 0.023695 0.073519 0.028279 0.048701 0.020713 0.058499 -0.064473 -0.086029 -0.047218 0.037827 -0.037627 0.071429
 0.000296 0.005744 -0.018353 0.095536 0.096234 -0.081802 -0.080740 -0.027488 -0.071879 0.007798 -0.034387 -0.088404 -0.007156 -0.001621 -0.044596 -0.098802 0.006454 0.069079 0.001389 0.033893 -0.061428 0.010246 0.030528 -0.003500 -0.087927 -0.088510 -0.076198 0.029092 -0.079138 0.069034 -0.012355 -0.021837
 0.023347 -0.010065 0.059829 -0.003945 -0.044333 -0.049826 0.054056 -0.033317 -0.087006 0.037901 0.083393 -0.030671 -0.021934 -0.058222 -0.042216 -0.070249 -0.087323 -0.062278 -0.002432 -0.071594 -0.071089 0.085197 0.095690 0.060685 -0.080614 0.026932 -0.093210 -0.037014 -0.043815 0.034025 0.036224 0.021970
 -0.006498 -0.085832 0.066682 -0.016804 0.025869 -0.000770 -0.054765 -0.034254 -0.053646 -0.095848 -0.046268 0.031545 -0.076268 -0.032404 0.051383 -0.038834 -0.031012 0.070968 0.046919 0.056622 -0.014081 0.067977 0.063988 0.038370 -0.068008 0.049759 -0.014146 0.023116 0.088548 -0.047271 0.049535 -0.058299
 -0.001865 -0.076366 -0.058574 0.034672 0.059086 -0.015806 0.014652 -0.040411 -0.080674 -0.002107 -0.062351 0.083745 -0.048255 0.099702 -0.059473 0.051648 0.029902 0.099853 -0.056447 -0.040201 -0.051528 -0.077504 0.001907 0.080006 0.018246 0.017193 0.027540 -0.007385 -0.042627 0.006101 -0.025724 0.075243
 -0.070134 0.091379 -0.086406 -0.026649 -0.084479 -0.030642 0.087040 -0.097215 -0.069862 0.099635 -0.057170 0.086504 0.066983 -0.007856 0.044319 -0.023258 -0.025120 -0.054641 0.022638 -0.024343 -0.057464 -0.006581 -0.042408 0.045294 0.080033 -0.088992 -0.000687 -0.093121 -0.054772 0.042485 0.039486 -0.052941
 0.099223 0.022342 0.003992 0.088542 -0.001891 0.051872 -0.099837 0.046175 -0.007574 -0.089804 -0.027426 -0.030851 -0.095508 -0.082335 0.078010 0.014429 0.065196 -0.072643 -0.007827 -0.090340 -0.085935 0.093068 0.055522 0.079286 0.007686 -0.080565 0.099493 0.016567 0.061413 0.013551 -0.097228 0.016996
 -0.005460 0.078779 0.024646 0.034174 -0.089267 -0.056022 -0.004905 0.001320 -0.048731 -0.068366 0.072765 -0.084998 -0.012736 -0.005335 -0.067928 0.099449 -0.086365 -0.005088 -0.043254 -0.089596 0.017569 0.019456 -0.050719 0.070270 -0.056913 0.026365 0.023342 0.035329 -0.012984 -0.032147 0.068005 -0.000612
 -0.023935 -0.056410 -0.023433 -0.095887 -0.009485 0.065479 0.023205 -0.070034 -0.086931 0.091076 0.054646 0.099485 -0.052586 0.087843 -0.070313 -0.066403 0.018988 -0.079628 -0.039187 0.028620 -0.088035 -0.029795 -0.084026 0.017378 0.039431 0.093815 0.063477 0.039483 0.014699 -0.004807 -0.099389 0.010247
 -0.082616 0.088206 0.018916 0.084735 0.039824 -0.081003 0.013748 0.035714 0.011063 -0.051839 0.072800 -0.037262 -0.067617 -0.025736 -0.092857 -0.020130 -0.076583 0.033152 0.004871 0.069576 -0.082554 -0.061703 -0.003407 -0.040260 -0.055973 -0.049351 0.086218 0.054170 0.000445 -0.076888 -0.058942 0.057492
 -0.042460 -0.068232 -0.064135 -0.083972 -0.098374 -0.013974 -0.071641 -0.026975 -0.030658 0.006023 -0.012841 0.005293 0.048492 -0.083335 0.081683 0.098653 0.035526 0.051831 -0.074291 -0.015078 0.056865 0.097282 -0.012958 -0.028794 -0.097449 -0.096609 -0.055825 -0.083606 -0.066862 0.096372 -0.026121 -0.091817
 -0.060535 0.037809 0.024025 0.051500 0.026824 0.093278 -0.057611 -0.089948 -0.070428 0.099780 0.000626 0.075579 0.036317 -0.072368 0.046747 -0.040790 -0.090524 -0.029291 -0.000213 0.065277 0.075516 0.008378 0.081027 -0.044181 0.022632 0.041110 -0.024063 -0.034695 -0.097483 -0.051063 -0.065327 0.083531
 -0.060191 0.034717 0.012263 0.052537 -0.035909 0.077616 -0.036992 -0.018699 -0.022044 -0.075887 0.023469 -0.017597 0.012447 0.081851 0.041668 0.008212 -0.005645 -0.004751 0.071890 0.016170 0.036005 0.035001 0.072255 0.020479 0.021572 0.044324 0.047253 0.009650 -0.000452 0.052104 -0.007222 -0.045086
 -0.011899 -0.046531 -0.036424 -0.054659 0.058269 -0.028658 -0.066556 -0.089225 -0.025767 0.098982 -0.018714 0.011952 0.064254 -0.099896 -0.013750 -0.084569 -0.009835 -0.039667 -0.040354 -0.053916 0.057829 0.048759 -0.062584 0.051404 -0.071092 0.003151 -0.057849 -0.018594 -0.098328 -0.038124 0.065252 -0.084791
 -0.036437 -0.006048 0.042385 0.092516 0.004181 -0.022498 0.047636 -0.027588 0.030634 -0.012059 0.028560 -0.097907 -0.050044 0.099886 -0.050517 -0.015258 0.092042 0.046032 -0.054979 0.053516 -0.078724 -0.034602 0.050255 -0.096461 0.060885 -0.029997 -0.056465 0.067130 0.038245 -0.075695 -0.065522 -0.030561
 -0.011306 0.089354 0.092563 -0.054002 0.059166 -0.073187 0.002875 -0.051883 0.086066 -0.072294 -0.029870 -0.091383 0.011096 0.052579 0.011754 0.042043 -0.076259 0.003723 -0.088230 0.061496 0.042147 -0.076482 -0.080276 0.065417 0.074255 -0.096774 0.074003 0.077083 0.024849 -0.076016 -0.070812 0.009462
 0.021160 0.062171 -0.099607 -0.068295 0.036439 -0.035790 0.017226 -0.030630 -0.037617 0.007487 0.063335 -0.066766 0.008139 0.002880 0.053133 0.044641 -0.087890 -0.044215 -0.044915 -0.057906 -0.075478 -0.025586 0.047492 -0.031458 -0.075733 -0.045168 0.074212 -0.079158 0.055451 -0.043433 -0.068375 -0.049056
 0.018479 -0.075128 -0.087708 0.056551 -0.028048 -0.039861 -0.045132 -0.046402 -0.023663 0.066255 -0.023351 -0.027407 0.071807 0.032765 0.017432 -0.047590 -0.025901 -0.075663 0.013082 0.065693 0.064837 0.050920 0.014205 -0.096154 -0.086816 -0.093377 0.011909 -0.011156 -0.072319 0.025997 0.051569 -0.037119
 -0.012298 0.030521 0.071578 -0.039418 -0.033887 0.038402 -0.033669 -0.046306 0.079875 -0.093022 0.070640 0.069432 0.021724 -0.054089 0.032246 -0.010036 -0.038631 -0.030195 0.054107 0.019973 0.016791 0.000143 0.017229 0.058035 -0.047417 -0.004862 -0.096288 0.003541 -0.067650 0.095609 0.094998 -0.020444
 0.083984 0.007616 0.028418 -0.039834 -0.066153 0.065782 0.088898 -0.016108 -0.052663 -0.002711 0.027282 0.083808 -0.045974 0.064778 0.069920 -0.093174 0.077096 -0.014598 -0.046393 0.080678 0.003260 -0.050347 -0.049342 -0.079604 0.009871 -0.013182 -0.026573 0.018694 -0.007939 -0.094134 0.067935 0.050154
 0.036821 -0.069809 0.027272 0.006224 0.086360 -0.046424 -0.067395 0.091226 -0.029473 0.056076 -0.047272 0.016352 -0.041369 -0.063574 -0.051265 -0.037950 0.065514 0.060078 -0.010602 0.021654 -0.045453 -0.089616 0.087254 -0.007740 0.050292 0.087070 -0.023655 -0.006928 -0.080319 -0.057394 0.054978 0.017134
 -0.049568 0.038606 -0.031149 -0.043863 -0.063686 0.054537 0.013596 0.070870 -0.040711 0.028483 -0.063017 -0.006386 0.078040 -0.033439 -0.088986 -0.075463 -0.048038 0.067338 0.058883 -0.031737 0.063142 -0.066371 -0.024396 0.096199 -0.013665 -0.007530 0.088894 -0.093357 0.091084 0.063264 0.087403 0.007040
 -0.052664 0.000895 -0.048400 0.024638 -0.071566 -0.007197 0.041820 -0.074267 -0.002085 -0.002473 0.097659 -0.023203 0.023037 0.016490 0.077894 -0.041140 0.047914 -0.005968 0.098998 -0.054418 0.065252 -0.032557 0.087286 0.071792 -0.069926 -0.021078 0.021086 0.091069 -0.049678 0.061416 -0.035177 0.096513
 -0.022282 -0.087679 -0.058978 0.012728 0.003669 -0.061913 0.056942 0.074223 -0.080079 -0.078372 0.053440 0.017502 0.057080 -0.010166 -0.087645 0.008107 0.006447 0.076501 0.019513 0.052320 -0.073574 0.072186 -0.008450 -0.035049 -0.092250 -0.017538 -0.021091 0.030703 -0.025019 0.014963 0.008547 -0.034225
 0.094712 -0.085260 -0.036289 -0.079218 -0.045277 -0.011617 0.094287 0.061701 0.073273 0.006298 -0.090923 -0.033891 0.003758 0.068308 -0.027792 -0.045336 -0.086693 0.075956 0.064700 -0.066236 0.036598 0.011179 0.083499 0.014453 -0.096010 -0.000380 -0.074792 -0.049351 0.081809 -0.043637 0.000066 0.061045
 -0.048162 0.072254 -0.038651 0.007332 0.016787 0.094809 0.034391 -0.084912 0.002936 -0.033785 0.032267 -0.004821 0.092175 -0.075095 -0.077413 -0.016802 0.013997 0.045044 -0.079410 0.037179 -0.051048 -0.063668 -0.047105 -0.016393 0.041869 -0.044286 0.086439 -0.091755 0.061046 0.014667 0.073595 -0.057153
 -0.028581 0.016786 0.096504 0.090438 0.090275 -0.043048 0.035567 0.091788 -0.037544 0.036158 -0.036463 -0.096722 -0.086229 0.000662 0.075782 -0.033214 -0.059042 -0.063018 -0.093219 -0.065479 0.028018 0.074353 0.006265 0.070428 -0.033219 0.067175 0.018383 0.067747 -0.070809 -0.024641 -0.043999 -0.074781
 0.014367 -0.042928 -0.059333 -0.092311 -0.097615 -0.050840 -0.048632 -0.051078 0.082810 0.021108 0.069718 -0.051009 -0.070557 0.000067 0.025107 0.014465 0.050037 -0.050647 0.055083 0.018697 -0.092917 -0.027526 0.031411 -0.096377 0.026633 0.081008 -0.089427 0.048529 -0.074705 -0.024311 0.025014 0.095490
 0.035973 0.021717 -0.007636 -0.014537 0.056155 0.056886 0.041788 0.058116 -0.017102 -0.045945 -0.027702 -0.017104 -0.019118 -0.054998 0.078533 -0.024121 -0.069822 -0.006157 -0.085651 0.021440 -0.082132 -0.097217 -0.037197 -0.066844 0.030195 -0.031677 -0.002506 0.047226 -0.095628 -0.030998 -0.023880 -0.002893
 -0.070793 -0.019984 -0.097794 -0.007795 -0.011152 0.036686 0.039913 0.091109 -0.008254 -0.039568 0.051526 0.071015 0.056612 0.010059 0.026743 -0.027000 -0.071507 -0.064477 0.045574 -0.074394 0.049224 0.003290 0.070044 0.041573 -0.027502 -0.027553 -0.077989 0.065545 0.058905 0.083725 -0.014653 0.055302
 0.084427 0.096612 0.076038 0.011284 -0.031446 0.066705 0.078539 -0.054044 0.038736 -0.097126 -0.088476 0.004977 0.087861 -0.003599 0.040622 0.021620 0.079638 -0.032665 0.041816 0.066991 0.067421 0.004373 0.023765 -0.097605 0.002463 -0.080640 -0.040383 0.060193 -0.070741 -0.021125 -0.049139 -0.088512
 -0.043329 0.038203 0.088305 0.068746 0.099077 0.029280 -0.090172 0.068391 0.081909 0.054840 0.056091 -0.084091 0.096268 -0.005106 0.093979 0.044024 -0.066189 0.072784 -0.083556 -0.044850 0.009121 -0.047786 0.072220 0.032189 -0.053044 -0.027154 -0.009039 0.001336 -0.063627 -0.047806 0.078831 0.048756
 -0.097904 0.071168 0.075944 -0.070504 0.059438 0.099138 0.073668 0.033262 0.049392 -0.067145 0.098402 -0.095560 0.021070 0.019300 0.074774 -0.077261 0.024249 0.029562 0.091817 0.087878 0.071713 -0.021850 0.038387 -0.038512 0.083791 0.048546 -0.004969 -0.064856 -0.033514 0.046383 0.029219 -0.066167
 0.049231 0.038665 -0.023378 -0.035277 0.033363 -0.042381 0.038214 -0.090897 0.001112 0.032842 0.096908 -0.087539 0.021367 -0.050248 0.067107 0.017809 0.008335 0.006809 -0.002287 0.006042 0.007067 0.006379 0.047645 0.038569 0.017375 -0.099691 -0.091668 0.043588 0.099785 -0.059000 0.001783 -0.052139
 0.077234 0.062308 -0.015972 0.093754 -0.063547 -0.094177 -0.016491 0.012683 0.065986 -0.096665 0.085742 0.081877 -0.005507 0.011951 0.026616 -0.049800 0.057764 -0.061014 0.051539 0.006556 0.050013 -0.035486 0.058266 0.056780 0.047771 -0.068252 0.020658 -0.091525 0.080014 0.094077 -0.028797 -0.007767
 0.084902 0.020257 0.081570 -0.081163 -0.076297 -0.063993 -0.072216 -0.048226 -0.016589 0.069810 0.076469 0.027049 -0.091996 -0.017910 0.004183 -0.023779 -0.055195 -0.084470 -0.081387 0.056050 0.088187 0.093403 -0.069901 0.062696 0.017791 0.007502 -0.076494 -0.005337 -0.096122 0.085371 -0.020664 0.044561
 -0.066877 -0.078541 0.011009 0.084799 0.019715 -0.002013 -0.015020 -0.052415 -0.008143 0.004352 -0.028546 -0.092625 -0.047104 0.074849 0.044658 0.046437 -0.074758 -0.013196 -0.025181 -0.015325 -0.066148 0.053429 0.088530 -0.048644 -0.034709 -0.004322 -0.016002 0.043798 -0.044957 -0.062133 0.097767 -0.030046
 -0.073760 -0.015461 0.069259 0.064963 -0.085504 0.098751 -0.017115 -0.023944 -0.011928 0.001924 0.031620 -0.059029 -0.084602 0.058013 -0.098338 -0.002488 -0.095486 0.000590 0.012476 0.014747 0.019212 -0.023202 -0.018475 -0.057265 -0.061244 0.084116 -0.034162 -0.062389 0.063087 0.054531 0.044541 -0.003751
 0.009154 -0.082828 -0.013935 -0.015249 0.046352 -0.039573 -0.075380 0.064123 -0.068705 -0.019465 0.041380 0.092547 -0.076382 -0.001159 -0.022762 -0.051632 -0.051216 -0.022732 -0.003677 -0.082493 0.054321 -0.083480 0.062120 -0.043933 0.058768 0.024150 -0.078530 -0.068961 0.042808 0.027291 0.010644 0.057311
 0.003898 0.044891 0.044042 -0.077977 0.019881 0.082392 0.094558 0.052378 0.072266 -0.080765 -0.081518 0.032635 -0.088212 0.043987 -0.074019 0.043358 0.059572 -0.055104 0.000929 0.060629 0.007012 -0.079336 0.083182 -0.054252 -0.018812 -0.057936 0.059733 0.054469 -0.093671 -0.016245 0.047183 -0.057433
 -0.034199 0.097021 0.096268 -0.033052 0.049342 -0.072279 0.002177 -0.013447 -0.007812 0.076622 -0.090860 -0.099263 -0.062445 0.052291 0.005826 -0.086400 0.059329 0.094579 -0.057384 0.065838 -0.010416 -0.076021 -0.066239 0.046613 0.012860 0.060453 0.075791 -0.033791 -0.032225 0.022099 -0.015823 0.070115
 -0.053025 -0.050699 -0.098521 -0.006879 -0.035043 -0.062182 -0.013520 0.015874 -0.065024 0.006361 0.032876 -0.026644 -0.064807 0.083229 0.074398 -0.088669 0.094154 -0.049141 0.016901 -0.087044 0.054199 0.069392 -0.037720 0.018588 0.051812 0.039324 0.092514 -0.055814 -0.016167 0.033908 -0.094216 0.048831
 -0.000431 -0.079251 0.086416 -0.060197 0.018400 -0.069750 -0.082811 -0.045350 0.060037 0.038322 -0.082626 0.000830 0.051827 -0.009239 0.072195 0.041516 0.043954 0.068279 0.055891 0.077247 0.044784 0.062671 -0.094303 -0.053869 0.018112 0.099956 -0.089170 -0.009196 0.048662 0.039482 -0.020850 -0.065342
 0.034493 -0.059945 -0.093344 0.008570 -0.084275 0.001333 -0.052066 0.074667 -0.067773 -0.063926 0.055912 -0.056729 0.012273 0.080525 -0.050673 -0.039844 -0.085640 -0.067406 0.008462 0.023522 0.008439 -0.025932 -0.088676 0.060662 0.077114 0.014079 -0.092975 -0.064142 -0.049711 0.065740 -0.025022 0.088852
 -0.094811 -0.016059 0.083537 -0.054605 -0.079810 0.029621 0.042465 0.012657 0.068226 -0.092019 0.045365 0.027746 0.096484 -0.058934 -0.092232 -0.033473 0.034638 0.069128 0.027931 -0.034814 -0.091166 -0.056696 -0.050322 0.094408 -0.086304 0.009857 0.078866 -0.014360 0.004324 -0.044391 0.060403 0.011611
 -0.017087 0.075970 0.075615 -0.054635 -0.068438 0.069101 0.082826 -0.045220 0.081183 0.012912 -0.083751 0.043328 -0.018626 -0.014563 -0.022519 -0.012896 -0.010031 0.078825 0.096425 -0.013678 -0.020843 -0.020090 -0.080443 -0.084365 0.001063 -0.098333 0.012605 0.062282 -0.043958 0.090666 -0.015638 0.058996
 -0.075759 0.040417 0.078984 0.073640 0.089262 0.049740 -0.029841 0.046791 -0.053570 -0.026056 0.054609 0.036181 0.044754 0.064441 -0.034648 -0.057790 0.045791 -0.067680 -0.031932 0.004390 -0.051589 -0.060233 0.097672 0.076708 0.008723 0.006981 0.013447 -0.020229 0.013786 0.011932 0.062540 0.028861
 -0.034889 0.049087 -0.038915 0.090138 -0.096732 -0.023078 0.090869 0.007914 0.004367 -0.036219 0.027240 -0.024700 -0.077548 -0.066228 -0.067114 0.083747 -0.056840 0.088076 -0.082809 -0.065250 0.092896 -0.002916 0.036264 -0.048560 0.064271 0.017909 -0.017420 -0.050144 0.084273 -0.037951 -0.002307 0.012715
 0.026913 -0.043041 0.063118 0.010888 0.060150 0.003847 -0.077368 -0.038645 -0.055313 0.019410 -0.012856 0.005010 -0.029626 -0.017191 -0.052447 0.035322 0.067026 -0.048200 0.086285 0.093945 0.007877 -0.097823 -0.014998 0.008901 0.013192 0.051764 0.022803 -0.088925 -0.032943 0.067791 -0.061879 0.031465
 0.092699 -0.063765 0.078614 -0.091956 0.013124 -0.004498 0.023567 0.077245 -0.007612 -0.071409 -0.053895 0.030885 0.001018 -0.022123 -0.064311 0.081413 -0.012046 0.082818 0.003811 -0.044092 0.059444 0.040328 0.081399 0.043799 0.019259 0.003640 -0.071898 -0.078407 0.067949 -0.081975 0.042287 0.049043
 -0.002144 -0.057265 0.061952 0.098885 -0.030662 -0.028312 -0.078502 -0.047983 -0.069740 0.020621 0.064233 0.033443 0.078615 0.057062 0.006708 0.037592 0.073021 -0.062393 0.037849 -0.049903 -0.074374 -0.089866 0.095931 -0.076057 0.085819 -0.062981 -0.034224 0.081984 0.023324 -0.059859 -0.022451 -0.088120
 0.098672 0.054577 -0.081776 -0.006363 -0.075938 0.092928 -0.090641 0.081267 -0.043719 0.004220 0.028007 0.040067 -0.011584 0.089058 0.044880 0.018129 0.073771 0.078424 -0.016907 -0.016500 0.063569 -0.042275 -0.081386 -0.051645 -0.012400 -0.060893 -0.030722 0.094886 0.038413 -0.090950 -0.066938 -0.036340
 0.044751 -0.099620 -0.090047 0.057380 0.082737 0.083894 -0.068554 0.042004 -0.054231 0.028218 0.094933 0.096556 0.075735 -0.065506 0.039544 0.037009 0.055053 -0.004116 -0.020086 -0.066113 -0.081824 0.004005 0.019231 -0.093589 -0.062699 -0.004827 -0.085800 -0.007795 -0.085001 -0.085323 0.020358 0.047577
 0.088290 0.079176 -0.086291 -0.000822 -0.076048 0.063529 0.051406 -0.045379 0.054072 0.094456 0.019714 -0.008797 -0.062547 -0.065387 0.036748 0.074460 -0.069897 0.014899 -0.093961 -0.060321 0.092699 -0.045101 0.046837 -0.012273 -0.079056 -0.065134 0.062310 -0.041498 0.063084 0.024518 -0.098130 0.093887
 -0.038600 -0.035701 0.023668 0.049048 -0.026864 0.017213 0.080476 0.044112 -0.065623 -0.048833 0.085504 -0.092256 0.090700 -0.099638 0.022868 -0.095380 0.010085 -0.024124 0.010029 -0.027665 0.097363 0.073231 0.007079 -0.068513 0.088036 0.008145 -0.041685 -0.055646 -0.036766 0.035520 -0.097720 -0.087313
 0.091478 0.007056 0.018088 0.098721 -0.024283 -0.097955 0.043699 -0.005190 0.047591 0.047139 0.090501 -0.089243 0.008086 0.038753 -0.064927 -0.063667 0.064769 -0.019410 -0.008417 0.085111 0.069975 -0.007151 -0.062850 0.046941 -0.099976 -0.088534 0.011200 0.048223 -0.027067 -0.047285 -0.069091 -0.053635
 -0.009055 0.054195 -0.021500 -0.090768 -0.032612 -0.038840 -0.067459 0.060515 -0.030441 -0.078110 0.024853 0.046619 -0.047374 0.012951 0.007291 -0.088582 0.066645 0.000783 -0.044537 -0.072028 -0.019512 -0.024327 -0.012662 0.049350 -0.052539 -0.052622 -0.008624 0.006703 0.096030 -0.032016 -0.081246 -0.063646
 0.099182 -0.088881 -0.048997 0.099849 0.037958 0.089850 0.084906 0.059098 0.073585 0.077270 -0.069450 -0.071512 0.037976 -0.022048 0.091664 -0.014663 0.097707 -0.094696 -0.066890 0.052201 -0.072479 -0.027889 -0.048052 0.067223 -0.072509 0.089019 0.037685 0.091361 0.052148 0.062146 0.072759 -0.073803
 -0.064347 -0.044960 0.027634 0.043873 0.035746 -0.048733 0.064741 0.029842 -0.013114 -0.027621 -0.023764 0.017865 0.086510 0.025166 0.099980 -0.054089 -0.096353 -0.059120 0.004579 -0.081665 0.004152 -0.057467 -0.010982 -0.070741 0.051743 -0.006441 -0.064437 0.077344 0.092166 0.029686 -0.084535 -0.082889
 0.003758 0.016903 -0.095895 -0.053603 0.087501 -0.099091 -0.092167 -0.011724 0.091686 0.024091 0.075441 0.088556 -0.007102 -0.016240 -0.074949 0.047261 0.034792 0.075041 0.028164 -0.054817 0.025929 0.097295 0.025559 0.068759 0.067112 -0.044309 0.069038 0.060778 0.009385 0.096498 -0.019046 0.035789
 -0.005629 0.027974 -0.020498 -0.039391 -0.061680 -0.075620 0.054609 0.045238 0.074990 0.088227 -0.045195 0.010960 -0.064695 0.078216 0.053022 0.022559 0.079482 0.063304 0.058279 -0.035144 0.059759 -0.074433 0.090573 0.085315 -0.099604 -0.057423 -0.023164 -0.025608 -0.084090 -0.092166 0.014773 -0.003712
 -0.034923 0.042711 0.035852 0.078252 -0.009972 -0.012238 -0.099958 -0.056975 -0.016765 -0.041397 0.020577 -0.085030 -0.075360 0.029580 -0.065011 -0.028771 -0.000704 0.041359 0.062559 0.055543 -0.060656 -0.040662 -0.024929 -0.074500 0.066836 -0.077129 0.018442 -0.010799 0.048136 0.003528 -0.005992 0.034585
 -0.039810 0.057759 0.036411 -0.004798 -0.087276 0.032490 0.027304 0.019640 0.054396 0.034729 -0.073879 0.057984 0.001050 0.011480 0.073417 0.023901 0.017637 0.006859 0.007502 -0.051766 0.055975 0.097781 0.055160 -0.089369 0.087027 0.062628 -0.008400 -0.093894 0.055108 -0.053695 0.035753 -0.014643
 0.067589 0.085100 0.084774 -0.026697 0.086875 -0.004894 -0.056456 -0.004622 -0.075224 0.054203 -0.074930 0.083980 -0.048610 -0.028283 0.081147 -0.079688 0.010518 -0.052917 0.055768 -0.052235 0.019402 0.068986 0.013044 -0.058579 0.002565 0.053689 -0.036963 0.091031 -0.017669 0.055893 -0.099716 -0.065590
 -0.061262 0.058252 -0.028173 -0.078945 0.024181 -0.070198 0.092254 0.043835 0.034909 -0.033313 0.046181 -0.046521 0.054942 0.032490 -0.036865 0.010368 0.015637 -0.022875 0.057830 0.034929 0.077007 -0.012211 0.020228 -0.076835 0.097774 -0.099376 -0.014704 0.010712 0.057666 0.069232 -0.065013 0.075573
 0.044950 0.073920 0.037794 -0.087866 0.065604 0.033487 -0.060686 -0.031216 -0.072491 0.000559 0.017479 0.063175 0.087592 -0.069164 0.049016 0.056396 -0.082562 -0.091978 -0.093393 -0.072761 -0.074181 -0.042667 0.092809 0.054513 0.003091 0.060505 0.039665 -0.062576 0.096751 0.054548 -0.037191 -0.059049
 -0.036090 0.071246 0.047502 -0.057172 -0.082669 0.083223 -0.054475 -0.072990 -0.094225 -0.007730 0.019762 0.046336 0.067255 -0.008691 -0.068792 -0.057432 0.089071 0.078914 -0.052297 0.063110 -0.065038 0.083490 -0.024619 0.088173 -0.095793 -0.091348 0.045567 0.049846 -0.006062 0.012297 0.056431 -0.055295
 0.093972 0.093567 0.085399 -0.058053 0.046415 0.070582 0.070588 0.027399 0.065157 0.098261 0.053079 0.056802 -0.050646 0.032779 0.046419 -0.012832 0.049582 -0.094001 0.040423 0.065066 -0.052318 0.030354 0.090214 -0.040437 0.052822 0.083191 -0.067912 -0.099139 0.030466 -0.063373 -0.056632 -0.077861
 0.007455 0.043734 0.064971 -0.044693 0.045620 0.071929 0.030357 -0.064943 -0.095606 -0.087678 0.001646 0.063039 0.068113 0.077843 0.037204 -0.078541 0.050838 -0.061734 -0.052950 -0.028196 0.082061 -0.001915 0.060370 -0.059839 0.063258 -0.095805 0.010459 -0.001289 -0.018650 -0.002686 0.089429 -0.019818
 0.027563 -0.006522 -0.064370 0.012336 -0.087432 -0.077578 -0.009157 0.063649 0.005147 -0.011699 0.055922 -0.010589 -0.021966 0.007056 -0.088457 -0.075826 -0.062040 0.084604 -0.058789 -0.043105 0.047580 -0.068514 0.011019 -0.034923 -0.022970 -0.067068 -0.021099 0.061704 0.000637 -0.066346 -0.065157 0.033314
 0.015790 0.018439 0.029804 -0.014930 -0.028497 -0.004634 0.011230 0.038201 -0.093818 0.067947 0.088601 0.020685 0.012855 -0.064735 -0.091104 -0.006444 0.040432 -0.020115 -0.089353 0.083459 -0.069367 -0.024284 0.034990 0.024709 -0.079398 -0.022288 -0.090485 0.054292 -0.049439 -0.068073 -0.008193 -0.089150
 0.095059 -0.072319 0.067920 0.054371 -0.063893 -0.058696 0.035847 0.028751 0.034503 -0.028918 -0.029178 0.082903 0.079288 -0.086188 -0.014989 0.083999 -0.046772 -0.019478 0.028523 -0.095567 -0.058907 0.044904 0.030564 -0.028910 0.081753 0.027619 -0.000026 0.094498 -0.024246 -0.025378 -0.089294 0.038934
 -0.010994 0.074168 -0.068579 -0.025090 0.075447 -0.083279 -0.076207 -0.085606 -0.010863 0.038748 0.005990 0.018291 0.011610 -0.011791 -0.096124 0.006540 -0.090671 -0.019134 -0.084982 -0.082193 0.066821 0.075634 -0.072246 -0.013049 -0.013899 0.061554 0.007149 -0.037743 0.051661 -0.072899 -0.083907 -0.006590
 0.037912 0.058043 -0.009141 -0.019248 0.023846 -0.096479 0.025052 -0.090107 0.048424 -0.096612 0.027849 -0.068590 0.061013 -0.047063 0.000351 0.039046 0.091264 0.006358 0.021078 -0.074517 -0.061640 0.011886 -0.086061 -0.008338 0.065375 0.032679 0.045030 -0.082243 -0.092930 0.003888 -0.051786 0.053623
 0.043439 0.099556 -0.045285 -0.064664 0.033527 -0.039915 0.018208 -0.040989 -0.092548 0.096951 -0.006355 -0.066632 -0.062589 0.029443 -0.025153 0.004217 0.019233 0.063957 0.036618 0.070819 0.062990 -0.068092 -0.024662 -0.065891 -0.085473 -0.094570 0.001867 -0.074517 -0.002089 -0.052311 -0.089704 0.024506
 0.034017 -0.076035 -0.084101 -0.089862 -0.055938 -0.080297 0.014399 -0.062729 -0.052422 0.058232 0.022274 0.069824 -0.060449 0.028063 -0.069214 0.087203 0.056610 -0.029511 0.017158 -0.078139 0.068747 0.045969 0.085561 0.047654 0.008639 0.030737 -0.096753 0.085618 0.075049 0.018185 -0.004227 -0.071701
 -0.078431 0.071581 0.048836 -0.000159 0.091262 0.092505 -0.067370 -0.066198 0.018138 0.058832 -0.075365 -0.020048 0.003908 0.033214 -0.000697 0.068052 -0.041812 0.053770 0.009134 0.019004 -0.011686 -0.023656 -0.016825 0.070457 -0.055088 0.025147 0.046834 -0.008582 0.094665 -0.058675 -0.077550 -0.083590
 0.054523 -0.005167 -0.030045 0.011323 -0.007013 0.030560 -0.002170 0.096888 0.027937 0.043034 0.093154 -0.011340 0.012985 -0.080824 -0.072225 -0.029366 -0.044456 -0.047792 0.014023 0.025400 -0.054185 0.022879 -0.072916 -0.093081 -0.093313 0.083418 -0.012425 0.036847 -0.043466 0.025579 0.041067 0.028003
 0.089226 -0.084686 -0.057009 0.053726 -0.033140 -0.008537 -0.043195 0.023802 0.052724 0.073572 -0.069597 -0.008492 -0.061646 -0.063126 0.048245 -0.082832 -0.085586 0.039258 0.010827 0.006557 -0.054640 0.057837 0.008593 0.039775 -0.023752 0.038427 0.024630 0.087808 -0.061305 -0.075742 0.037621 -0.070687
 -0.050098 0.047830 -0.077801 0.027005 -0.039529 -0.024232 0.062321 -0.048321 -0.042445 -0.026594 -0.051191 -0.091990 0.085673 -0.052510 -0.062082 0.058738 -0.035532 0.098735 0.010841 0.037211 -0.036080 0.092519 -0.090877 -0.093675 -0.096030 0.037313 -0.090563 0.021162 -0.061350 0.023901 0.005148 -0.099574
 -0.024780 -0.053301 -0.029086 0.048892 0.084554 0.004812 -0.016127 -0.084183 0.011579 -0.003078 0.063795 -0.047986 0.054227 -0.098095 -0.039923 0.061672 -0.032661 -0.065911 0.007983 -0.086504 0.087823 0.035617 -0.046736 0.000480 0.008695 -0.016271 0.068128 -0.093262 0.018405 -0.003025 0.049880 0.018233
 -0.024719 -0.063251 0.089913 0.004511 0.006667 -0.052126 -0.050820 0.036294 -0.033116 -0.086788 0.074235 0.086558 -0.072879 0.031342 -0.012951 -0.087317 0.087312 -0.077913 0.059310 -0.063939 0.069518 0.005446 0.059301 -0.056168 -0.001924 0.069748 -0.056596 -0.059701 -0.018035 0.020859 0.024347 -0.093465
 0.063774 -0.046411 0.004325 -0.039349 -0.075164 -0.087241 0.035126 -0.057769 0.032157 0.094231 -0.062206 0.017422 -0.083381 0.025168 0.053442 0.041494 0.076043 0.068121 0.019258 0.033420 -0.025945 -0.037250 0.027484 0.078607 0.026310 0.048735 -0.085933 -0.016671 -0.097785 -0.007422 -0.017997 0.000533
 -0.048619 0.052414 -0.044949 -0.051695 0.010130 -0.005940 -0.070765 -0.002379 0.095605 0.089060 -0.040672 0.007176 -0.092962 -0.076327 0.009860 -0.080807 -0.010295 -0.061701 -0.079229 -0.091191 0.089653 0.049888 0.046332 -0.000835 -0.033275 -0.040190 0.047244 0.065108 0.073170 0.053541 -0.081730 -0.090323
]
Total memory size for keys: rot_key_cnt = 1567, rot_key_size = 315479308712 bytes, total_key_size = 315798076352 bytes
Total memory size for weight plain: cnt = 21385, size = 80413687432 bytes
RTLib functions         	       Count	      Elapse
--------------------    	    --------	    --------
FINALIZE_CONTEXT        	           1	    8.934997 sec
PREPARE_CONTEXT         	           1	 1441.843134 sec
ENCODE_ARRAY            	       21956	  393.010915 sec
ENCODE_VALUE            	         330	    1.064018 sec
NTT                     	      328567	  837.593149 sec
INTT                    	       78637	  214.427889 sec
MAIN_GRAPH              	           1	 1425.561314 sec
 HW_ADD                  	      184702	   28.424558 sec
 HW_MUL                  	      153550	   95.368096 sec
 HW_ROT                  	       29760	    5.208583 sec
 COPY_POLY               	           9	    0.004990 sec
 PRECOMP                 	        3526	  201.622906 sec
 MOD_DOWN                	        7052	  331.144747 sec
 FAST_DOT_PROD           	        7052	   66.713314 sec
 RESCALE_POLY            	         112	    2.513918 sec
 COPY_CIPH               	         112	    0.357525 sec
 INIT_CIPH_SM_SC         	       27181	    1.640471 sec
 INIT_CIPH_UP_SC         	       21384	    7.368007 sec
 INIT_CIPH_DN_SC         	          52	    0.022835 sec
 BOOTSTRAP               	           5	  342.649512 sec
  BS_SETUP                	           1	   53.259317 sec
  BS_KEYGEN               	           1	   94.722572 sec
  BS_EVAL                 	           5	  342.649505 sec
   BS_COEFF_TO_SLOT        	           5	  155.773268 sec
   BS_APPROX_MOD           	           5	  107.189796 sec
    CHEBY_1                 	          10	   57.486087 sec
    CHEBY_2                 	          10	   34.314623 sec
   BS_APPROX_MOD           	   sub total	   91.800710 sec
   BS_SLOT_TO_COEFF        	           5	   73.010373 sec
   BS_PRECOMP              	         235	   59.238408 sec
   BS_MOD_DOWN             	         145	   27.561676 sec
   BS_DOT_PROD             	         995	   40.429025 sec
  BS_EVAL                 	   sub total	  463.202545 sec
  FAST_SWITCH_KEY         	         995	   40.431365 sec
 BOOTSTRAP               	   sub total	  531.062759 sec
 PT_ENCODE               	       21385	  342.026392 sec
MAIN_GRAPH              	   sub total	 1425.065854 sec
Total (non-bs + bs)     	       Count	      Elapse
--------------------    	    --------	    --------
PRECOMP                 	        3761	  260.861313 sec
MOD_DOWN                	        7197	  358.706423 sec
DOT_PROD                	         995	   40.429025 sec
2876.95s 330294388KB
Exit 0 - Check log: /app/ae_result/hpao/vgg11_cifar10_x2.lmr.log
LINK_EXEC RETV:0
LINK_EXEC CMD TIME:2888.948617s
