FAST_DOT_PROD=1
/app/hpao_cmplr/bin/fhe_cmplr /app/model/vgg16_cifar10.onnx -o /app/ae_tmp/vgg16_cifar10.onnx.c -POLY:muh:mdh:mef -P2C:cte:ctp:df_limit=819200 -VEC:conv_fast -CKKS:N=131072 -VEC:ms=65536 -P2C:df=/app/ae_tmp/vgg16_cifar10.onnx.weight -CKKS:sk_hw=192 -O2A:ts -FHE_SCHEME:ts -VEC:ts -SIHE:ts -FHE_SCHEME:ts -POLY:ts -P2C:ts -CKKS:ts:q0=60:sf=56 -POLY:ts -P2C:ts -P2C:fp -SIHE:relu_vr_def=10
[/app/hpao_cmplr/bin/fhe_cmplr][ONNX2AIR][--] : phase_time = 0.151944 / 0.152083(s)
[/app/hpao_cmplr/bin/fhe_cmplr][SCHEME_INFO_ANALYZE][--] : phase_time = 0.000040 / 0.152146(s)
[/app/hpao_cmplr/bin/fhe_cmplr][VECTOR][--] : phase_time = 3.037324 / 3.189475(s)
[/app/hpao_cmplr/bin/fhe_cmplr][SIHE][--] : phase_time = 0.672372 / 3.861859(s)
[/app/hpao_cmplr/bin/fhe_cmplr][CKKS][--] : phase_time = 0.688880 / 4.550748(s)
[/app/hpao_cmplr/bin/fhe_cmplr][POLY][--] : phase_time = 4.837204 / 9.387962(s)
[/app/hpao_cmplr/bin/fhe_cmplr][POLY2C][--] : phase_time = 696.072532 / 705.460506(s)
COMPILE RETV:0
COMPILE CMD TIME:715.200532s
/app/hpao_cmplr vgg16_cifar10.onnx /app/test/vgg16_cifar10.c vgg16_cifar10.onnx.c
/app/ae_tmp/vgg16_cifar10.onnx.c: In function 'Main_graph':
/app/ae_tmp/vgg16_cifar10.onnx.c:206:6: note: variable tracking size limit exceeded with '-fvar-tracking-assignments', retrying without
  206 | bool Main_graph() {
      |      ^~~~~~~~~~
ckks_param: _provider = 0, _poly_degree = 131072, _sec_level = 0, mul_depth = 34, _first_mod_size = 60, _scaling_mod_size = 56, _num_q_parts = 3, _num_p = 12, _num_rot_idx = 1534,_hamming_wieght = 192
input(tensor): [
 -0.047076 0.045741 -0.007297 0.031141 0.036714 0.009370 -0.033393 -0.045989 -0.042040 0.057972 -0.067008 0.062832 -0.015972 -0.026974 0.058593 -0.014017 0.073196 -0.090036 -0.078783 -0.099907 -0.077110 -0.044902 -0.074612 -0.013738 -0.068480 0.021153 -0.033187 0.052481 -0.066784 0.039833 0.048027 0.023351
 0.061187 -0.065798 0.006898 -0.024079 0.056058 0.036603 -0.028404 0.034689 0.001036 -0.043070 -0.000677 0.054741 -0.096062 0.009534 0.077365 0.042926 -0.022656 0.068039 0.080708 0.039264 0.058774 -0.069622 0.024790 -0.061559 -0.083535 0.006542 -0.062381 -0.046880 0.039831 0.030248 0.004676 -0.078481
 -0.050214 0.058624 0.084713 -0.073047 0.065710 -0.068622 0.005909 -0.098693 -0.078998 0.075685 -0.015893 -0.032145 -0.042669 -0.047154 0.049769 -0.073641 -0.007277 -0.051366 0.022771 -0.021903 -0.057116 0.028415 -0.037623 -0.033811 -0.058178 -0.077576 0.006263 -0.048761 -0.070103 -0.052077 0.060257 -0.013424
 -0.018793 0.002822 0.084342 0.064701 -0.045392 0.063178 -0.015294 0.011630 -0.047243 -0.087480 0.096191 -0.045129 -0.073036 -0.056523 0.038791 0.010246 -0.007181 -0.087679 -0.078606 -0.021836 0.064733 0.090379 -0.054987 0.044938 -0.029902 0.010117 -0.070633 0.086102 -0.036583 -0.048777 0.062599 0.084862
 0.057355 -0.066925 0.057312 -0.059192 -0.027322 0.080439 -0.038800 -0.001902 -0.050285 -0.078240 0.098607 -0.088155 -0.070392 -0.063132 -0.016291 0.034707 0.079592 -0.047638 0.032078 0.076555 0.091603 -0.017717 0.013792 0.062790 -0.013792 -0.097222 -0.086943 -0.080888 0.092601 0.051095 -0.015929 0.082570
 0.075853 0.050526 -0.047622 0.056421 -0.029566 0.036437 -0.011335 -0.041301 -0.082706 -0.035855 -0.086772 -0.097150 -0.064234 -0.014014 0.088291 -0.022160 -0.018895 -0.059443 -0.059134 -0.073011 0.058794 0.083842 0.057200 0.088809 -0.096431 -0.036075 0.030490 0.064968 0.001650 -0.060370 0.000412 -0.096369
 -0.063007 0.067457 0.037042 0.015504 0.040346 -0.047111 0.060699 0.020256 0.036693 0.080159 0.021604 0.032161 0.014585 0.092672 0.012657 -0.027967 -0.080268 -0.012006 -0.056524 -0.003596 -0.093683 0.043723 0.000616 0.042968 -0.052273 -0.090583 -0.070382 -0.018386 0.023237 0.077547 -0.036833 -0.070527
 0.098841 0.099191 -0.029469 0.051757 -0.098958 -0.073264 -0.017964 0.077046 0.091771 -0.053207 -0.067383 -0.044809 -0.022048 -0.094530 -0.078473 -0.061862 0.064176 -0.047452 0.026348 0.075075 0.011340 -0.056165 0.064597 0.086613 -0.063308 -0.098938 -0.029671 -0.090640 -0.061271 -0.015687 -0.051484 0.033714
 -0.097452 0.099446 -0.074988 0.090392 -0.004277 -0.021358 -0.044306 -0.091039 -0.090206 0.086798 -0.018171 -0.054786 -0.015148 -0.032651 -0.019938 -0.075114 -0.023989 -0.087780 -0.063935 0.049193 -0.033088 -0.045757 -0.084544 -0.067827 0.013482 -0.071006 -0.074751 0.046051 -0.000490 0.050829 0.064539 -0.037322
 -0.069015 -0.069533 0.046440 0.022116 0.021246 0.088402 0.023149 0.029962 -0.023932 0.039387 -0.060610 0.010518 -0.072687 -0.004779 0.049604 -0.042332 -0.042854 0.052146 0.068386 0.046951 -0.014483 0.004883 -0.001666 0.063825 -0.062332 0.012286 -0.077288 -0.004477 0.016358 0.092892 -0.081919 0.056681
 -0.037841 -0.014615 -0.030534 0.087881 0.001512 -0.063099 0.011993 0.032209 -0.061342 0.080859 -0.012997 0.060498 0.004387 -0.024729 0.018835 0.009508 -0.039851 0.012642 0.034061 -0.087795 -0.040812 0.001182 0.090759 -0.029957 0.098125 0.063208 -0.029687 0.007122 -0.089119 -0.041089 -0.083225 -0.091060
 -0.061884 0.030230 0.074996 -0.050557 -0.024486 0.013904 0.092153 0.091437 0.040862 -0.005437 -0.010572 0.025148 -0.040441 0.006278 0.019008 0.099928 0.056113 -0.045928 -0.097082 -0.045073 -0.030016 -0.016300 0.020894 0.065688 -0.047263 0.050892 -0.045640 -0.097659 -0.028705 -0.039155 -0.018519 -0.083395
 -0.006549 0.098023 0.047356 -0.088570 -0.076482 0.063408 -0.087421 0.070749 -0.012967 -0.083409 -0.037079 -0.089721 -0.048390 -0.064976 -0.089832 -0.093487 0.092294 -0.098985 -0.068335 0.090837 -0.078878 0.054229 -0.042015 -0.085917 0.008027 0.002103 0.006380 -0.065389 -0.050271 0.042392 -0.073582 -0.056441
 0.048322 0.037881 0.013008 -0.058733 -0.078121 0.041294 0.073632 -0.063547 -0.008595 -0.090337 -0.003948 -0.071163 -0.034497 0.079335 -0.069041 -0.037720 -0.057040 -0.002521 0.054515 0.081428 -0.059223 0.055667 -0.076143 -0.043191 -0.072133 -0.017688 0.035420 0.059029 -0.002816 -0.034420 -0.001441 0.085693
 0.048799 -0.095204 -0.055009 -0.019034 -0.015678 -0.043244 -0.009138 0.046919 -0.003077 -0.014921 0.048535 0.077851 0.062126 -0.044999 -0.038893 -0.078623 0.079050 0.070689 -0.044959 0.080260 0.008557 -0.042637 0.016228 -0.003828 -0.079269 0.099345 -0.076118 -0.050230 -0.046415 -0.089248 -0.015689 0.030286
 -0.034676 0.068248 -0.009899 -0.013359 0.041246 -0.064187 0.099909 -0.029011 0.012876 -0.094995 -0.094160 0.015064 -0.074892 -0.017115 0.033550 -0.063351 -0.015651 -0.083594 -0.010134 0.029761 0.029919 -0.098551 0.055733 -0.032580 0.082996 -0.008198 0.055748 -0.069195 -0.036447 0.099080 0.089070 -0.083473
 0.047004 0.005187 -0.099277 -0.007076 -0.067293 -0.037914 -0.086022 -0.009392 0.075298 -0.098108 0.034648 -0.036421 0.045590 -0.005014 0.039277 -0.010448 0.022076 0.036338 -0.042635 0.048486 0.096951 0.093924 -0.033992 0.055519 0.082188 -0.065247 0.073644 -0.011181 -0.075873 -0.057909 0.089106 -0.033690
 -0.068640 0.086015 -0.013056 -0.009466 0.041302 0.043461 -0.039944 -0.011861 0.027712 0.086795 -0.021738 0.089853 0.083972 0.058759 0.047314 -0.015107 -0.029072 -0.035246 0.039084 0.048744 0.044451 -0.018914 -0.006768 0.050861 0.017991 0.036224 0.047865 -0.050429 -0.070568 -0.053040 0.082427 -0.031232
 -0.037236 0.015752 0.094718 -0.057834 0.030984 0.062755 0.041866 0.070455 0.082937 0.073107 -0.051018 0.065984 0.020194 0.051918 0.017303 -0.034976 -0.045024 -0.001251 -0.095504 -0.032682 -0.087160 -0.090198 0.076532 -0.008528 0.033889 -0.005950 0.001323 -0.032398 0.047652 -0.081925 -0.061032 0.016678
 0.007117 0.084717 0.096721 -0.035425 0.037868 -0.010380 -0.087112 0.091569 -0.064588 -0.082784 0.024898 -0.090546 -0.077260 -0.065252 -0.050274 -0.023156 -0.004690 0.033622 0.080177 0.043616 -0.046542 0.022688 -0.095856 0.046841 -0.032124 -0.033809 0.055121 0.005460 -0.004343 0.032073 -0.096443 0.044525
 0.038688 -0.036126 -0.091229 0.054814 -0.009530 0.004119 0.042245 0.040340 -0.052961 -0.028056 0.093091 -0.059295 0.098627 -0.085382 -0.058754 0.018069 -0.048917 -0.001966 0.009882 -0.025225 0.079796 0.093895 -0.090016 0.042615 0.050711 -0.038145 -0.047436 -0.024668 -0.098397 -0.047552 0.055682 -0.074637
 0.088218 0.013335 -0.003080 -0.004547 0.044357 -0.051200 -0.046076 -0.003784 0.094942 0.004251 -0.071640 -0.002922 0.019137 -0.077187 -0.098146 0.004537 -0.055270 0.058685 -0.029726 -0.086240 -0.075170 -0.000282 -0.070109 -0.041889 0.065918 -0.068201 -0.020411 -0.021530 0.088143 0.058305 0.006838 0.000091
 0.000270 0.025163 0.010526 -0.090824 -0.085470 -0.007849 0.075018 0.049876 -0.093797 -0.000370 -0.070469 0.040194 0.093791 -0.054413 -0.032847 0.099893 -0.033595 -0.088466 0.001144 -0.028676 0.022923 0.084446 0.022833 -0.047604 -0.027869 -0.089764 -0.061084 -0.078886 0.064513 0.051329 -0.044420 -0.048580
 0.063015 -0.071629 -0.096578 0.044899 -0.014199 0.013576 0.022777 0.088508 -0.011695 0.083924 -0.041430 0.086428 -0.036348 0.031767 -0.035795 0.040303 0.050282 0.070819 -0.037336 0.062245 0.057299 0.078596 -0.034778 0.034731 -0.027784 0.010461 -0.013133 0.033263 -0.049254 -0.024270 0.057675 0.010355
 0.014291 -0.079331 0.038729 0.010968 -0.023312 0.066173 -0.027737 -0.037624 -0.064571 0.058136 0.083933 0.047378 0.068177 -0.031081 0.022894 0.089025 0.069509 -0.019054 -0.001886 0.028935 0.014806 -0.028817 0.028437 -0.052222 0.047789 0.063382 -0.059346 0.049443 0.035176 0.023302 -0.008462 0.075321
 -0.096978 -0.072797 -0.002360 -0.033636 -0.038728 0.002446 -0.063914 0.062680 0.010181 0.015483 -0.077547 -0.088951 0.062672 -0.041817 0.008428 -0.091718 0.079022 0.066217 -0.065860 0.057915 -0.002699 0.053028 -0.011220 0.009447 0.007189 -0.097171 0.014592 0.031736 -0.001869 0.028569 -0.005183 -0.093482
 0.029229 -0.014872 0.010651 -0.010045 -0.079423 -0.011055 0.030457 0.092022 -0.080076 0.069671 0.012427 0.025872 -0.067789 -0.082324 -0.053117 -0.040445 0.003154 0.060889 -0.055615 0.029069 -0.070718 0.085066 0.061954 -0.056428 -0.043433 0.020516 0.086065 -0.004253 0.089973 -0.074597 -0.049080 0.030808
 0.078826 -0.007116 -0.072135 -0.020196 -0.081181 -0.000699 0.040884 -0.029961 0.017163 0.016779 0.002577 -0.081504 -0.030179 0.025276 0.073907 -0.029736 0.092106 0.055762 -0.044204 0.057238 -0.017727 -0.002925 -0.024367 0.003917 -0.056420 0.030719 0.062469 -0.021792 -0.037204 0.079811 -0.081086 -0.077224
 0.003879 0.019856 -0.086364 0.096033 0.069577 0.004843 -0.097865 -0.004441 0.044616 0.094278 0.066843 0.099641 -0.087005 -0.056532 -0.016708 0.063008 -0.045757 -0.048989 0.056730 0.085512 -0.069122 -0.024733 -0.034401 0.012713 0.002722 -0.094196 -0.047990 -0.029141 -0.062344 0.091710 0.007815 0.057336
 0.013426 0.000035 -0.085925 0.079625 -0.083870 -0.034303 0.086448 -0.094632 -0.025541 0.006233 -0.012701 -0.094136 -0.089961 0.052482 -0.048785 0.054037 -0.092278 0.006414 -0.071036 -0.091619 -0.079246 -0.019363 0.073546 0.041027 0.097007 -0.012856 -0.057357 -0.023124 -0.099576 -0.051729 -0.062472 -0.059951
 0.049110 -0.064145 0.037778 -0.091198 -0.027174 0.018854 -0.095298 -0.093009 0.001608 -0.054465 0.062405 -0.076307 0.025952 -0.044924 -0.054669 -0.054008 0.068811 -0.001459 0.041479 -0.041494 0.029768 0.023425 -0.016487 -0.069418 0.022522 -0.001139 -0.015057 -0.042395 -0.066773 0.087274 0.069769 0.090833
 -0.051238 -0.072010 -0.091804 0.014252 0.086317 -0.067649 -0.067438 0.001824 0.030183 -0.079912 0.013536 0.075550 -0.086547 0.095213 -0.077002 -0.068421 0.089112 0.071955 -0.094270 0.039759 0.009590 -0.045891 -0.062152 0.063890 -0.051848 0.034870 -0.025843 0.082114 0.039953 0.070727 0.045860 0.043901
 0.017466 -0.018711 -0.016671 -0.069218 -0.054863 0.016509 0.061455 0.094320 0.042951 0.095758 0.073409 0.007582 -0.031719 -0.014263 -0.000900 -0.046268 -0.010320 -0.010113 0.044122 0.054404 0.022124 -0.090514 -0.084076 -0.040261 0.074262 -0.082064 -0.078973 0.002353 -0.001550 0.036635 0.031291 -0.099590
 0.016788 -0.067441 0.008359 -0.030816 0.046810 -0.089540 0.035030 -0.008961 0.075971 0.072406 0.098721 0.087437 0.068228 -0.072585 0.044239 -0.042981 -0.029415 -0.002107 -0.039691 0.009422 -0.071912 -0.078718 -0.054555 -0.003490 0.027485 -0.003922 -0.006737 0.017906 0.091471 -0.005921 0.057861 -0.082806
 0.013338 0.013532 -0.049030 -0.077420 0.064942 0.093044 0.034283 -0.048263 -0.059886 0.091045 -0.012474 0.060518 0.034374 -0.064191 -0.002511 0.092910 0.008561 0.028797 0.063202 -0.010191 0.029402 0.044482 -0.085592 -0.077331 -0.084010 -0.094604 -0.051668 0.092172 -0.005245 0.067573 0.007732 -0.045650
 -0.051041 0.078935 0.008828 0.061635 0.050697 -0.073537 0.095570 0.090958 -0.009165 -0.043909 -0.056665 -0.020916 -0.025591 0.062899 -0.000369 0.088124 -0.090951 0.066717 -0.050478 -0.064990 0.067566 0.086048 0.062204 0.019620 0.069851 0.048705 0.006219 0.062820 0.092420 -0.029311 0.087548 -0.078383
 -0.000933 -0.077655 -0.007683 -0.064512 0.069375 0.032557 -0.032673 0.033937 0.059580 0.033828 0.074631 -0.090914 -0.091716 -0.069717 -0.051080 0.064423 -0.070807 0.089886 -0.072205 0.016803 0.057674 0.026897 -0.008435 0.016950 -0.010487 0.069073 -0.027306 0.033007 0.079140 0.054737 -0.027525 -0.097465
 0.061368 0.082211 -0.011687 -0.039197 -0.024816 0.040170 0.027663 0.092584 -0.011901 -0.020555 0.067899 0.097482 0.083321 0.069694 -0.075989 -0.076729 0.098083 0.087059 -0.059138 -0.065816 0.047266 -0.004507 0.082758 -0.007038 -0.045207 0.082034 0.045246 -0.011940 0.078706 -0.055015 -0.082244 0.008154
 -0.001290 -0.001669 0.043597 0.008645 0.026885 -0.016100 -0.070838 -0.040949 -0.077830 0.021260 -0.094443 -0.043332 -0.008172 0.034422 -0.042885 0.048727 0.033534 -0.030993 -0.010189 -0.035840 -0.054292 0.045669 0.025491 0.018000 -0.009226 -0.046543 -0.014847 0.009682 0.038165 -0.015265 -0.090162 -0.047029
 0.006871 0.042545 -0.034704 -0.010187 0.074272 0.018403 -0.002653 -0.075178 -0.000116 -0.014813 -0.079526 0.052787 -0.056095 0.082938 0.051811 -0.077461 -0.060863 -0.007704 -0.077013 -0.001002 -0.067072 0.093980 0.042813 -0.001110 -0.054938 -0.084167 -0.010864 -0.012462 -0.089132 0.081093 -0.034543 -0.061471
 0.088593 -0.041208 0.042553 0.067126 -0.035373 -0.084886 0.094470 -0.039241 0.036259 -0.070977 -0.031392 -0.070884 -0.026855 -0.047702 -0.051809 -0.033323 0.021332 -0.099546 0.054862 -0.046701 0.043082 -0.012239 0.001566 0.094713 0.030557 -0.033542 -0.048762 -0.072009 -0.074405 -0.039322 -0.022014 -0.044864
 -0.027180 0.088197 0.061733 0.075866 0.072005 -0.036590 -0.086981 0.077516 -0.039111 0.081822 0.014706 -0.039430 0.061142 0.048815 0.089437 0.001919 -0.054553 -0.093254 0.042015 0.084021 0.014325 0.059027 0.076905 0.098211 -0.083097 -0.029676 0.082397 -0.006311 -0.001497 0.089893 0.067757 0.092156
 0.031104 -0.014195 -0.038564 -0.097001 0.001721 0.024050 -0.057915 0.004291 -0.011530 0.029765 0.034487 0.009367 0.001006 -0.088176 0.007832 -0.044439 -0.088708 -0.089921 0.039499 -0.065091 0.097712 0.074575 0.013385 0.080834 -0.083319 0.067128 -0.068815 -0.011263 0.008166 0.076399 0.087763 -0.052657
 0.083857 -0.085839 0.085226 -0.089564 -0.057206 0.047257 -0.059729 0.096552 0.091257 -0.086726 0.066178 0.048396 0.050146 0.057271 -0.008391 0.087804 -0.034764 0.052467 0.011924 0.092162 0.056272 0.089640 0.058569 -0.055224 0.000616 -0.044282 -0.002418 0.018947 -0.025560 0.089000 0.094100 -0.028667
 -0.080267 -0.076517 0.039262 -0.067392 0.071347 0.023743 -0.084940 0.051204 0.086489 0.009996 0.031955 -0.064025 0.024227 0.039675 -0.023155 0.000901 -0.010312 -0.087271 -0.017101 0.049116 -0.021648 -0.000035 -0.004105 -0.047740 0.000276 -0.031847 -0.081954 0.078399 -0.093841 0.059992 0.009072 -0.009477
 -0.099383 -0.067241 0.078398 0.018477 -0.016326 0.006400 -0.083719 0.034177 0.054063 0.006014 0.011798 -0.028362 0.052167 -0.069965 -0.029853 -0.049730 0.059152 -0.068860 -0.035158 0.005549 0.065528 -0.085949 -0.075276 0.024544 0.094449 -0.034806 0.014179 -0.084461 -0.055267 -0.075910 0.047599 0.004554
 0.084078 0.074630 -0.015102 -0.006397 0.088091 0.044819 0.054618 0.066382 0.037483 0.086222 -0.088113 0.086333 0.019618 -0.055016 0.074309 -0.002251 0.001683 -0.088883 -0.048494 -0.026827 0.028341 -0.054513 0.032871 0.052794 -0.090709 -0.071110 -0.047612 0.090394 0.030503 -0.044872 -0.079687 -0.067767
 0.069995 0.054333 -0.030494 -0.084452 -0.052758 -0.045431 -0.014774 -0.035298 -0.011179 0.099547 0.048283 0.029594 -0.033993 0.065340 -0.046889 0.028353 0.027211 -0.021651 -0.086032 -0.042941 0.075845 0.099613 0.019545 0.038676 0.012064 0.059556 0.015927 0.026631 -0.041473 0.002561 -0.036566 -0.071157
 -0.055569 -0.042224 -0.062301 -0.051595 0.032570 0.071476 -0.051100 -0.038801 -0.049981 -0.053931 -0.093638 0.088828 -0.072800 0.093747 0.071468 -0.061111 0.031300 0.028978 -0.047770 -0.041337 -0.075377 0.018906 0.048573 -0.044076 0.014539 0.070737 0.003293 0.003043 0.013251 0.037168 -0.040293 0.081104
 0.097386 0.092120 0.038836 0.052132 0.090519 -0.058860 -0.002562 0.084518 0.031739 0.009289 -0.071138 0.027609 0.063398 -0.087227 0.040507 0.009971 0.097937 -0.073804 -0.055391 -0.032496 0.049213 -0.093924 -0.052439 -0.052076 -0.038586 -0.063126 0.090254 0.080073 -0.011642 0.032625 -0.020837 0.036480
 -0.053779 0.039390 -0.026703 0.075749 0.085750 0.076797 0.043870 0.050591 -0.082701 -0.067928 -0.020649 0.090993 0.087163 0.043977 -0.005609 -0.076072 0.011792 -0.045725 0.083122 -0.035533 0.068064 -0.056244 0.074967 -0.068631 -0.038302 0.077080 -0.094288 -0.033824 0.025423 0.010980 -0.006095 -0.026867
 -0.065687 -0.029950 0.037455 0.090460 -0.050429 0.081312 0.039043 -0.045389 0.029085 0.000469 0.025869 -0.079304 0.064367 -0.035581 -0.035613 0.003475 0.036023 -0.022553 0.017063 0.073263 -0.059623 -0.069240 -0.052028 -0.086427 -0.077906 0.012048 -0.014956 0.014114 0.098087 0.013725 -0.092491 0.012615
 0.067480 0.091903 -0.051800 -0.014428 0.081591 0.008256 0.027039 -0.083879 -0.069830 -0.098676 0.031723 0.019856 0.011064 -0.086791 -0.073221 0.017617 0.022263 -0.047119 -0.098171 -0.059233 -0.087324 0.089072 0.062383 0.014368 -0.078736 -0.018212 0.050779 0.019489 -0.045872 0.075726 -0.056141 -0.000838
 0.073665 0.074206 -0.072144 0.004707 0.039209 0.075228 -0.006677 0.040105 0.079230 -0.085741 -0.001572 0.038676 -0.042722 0.048610 -0.057274 0.054047 0.043133 -0.012702 -0.067277 0.099747 -0.034296 -0.029506 0.065386 -0.043264 -0.085511 -0.002194 0.074413 -0.012196 -0.053345 -0.036532 0.082601 -0.033037
 0.086885 0.002995 -0.087481 -0.026984 0.043790 -0.036657 -0.019385 0.007602 -0.081278 0.098541 -0.079929 -0.076375 0.027533 0.070154 0.009526 -0.031624 0.086980 -0.074657 -0.059404 0.006224 0.094721 -0.045638 0.021127 -0.051519 0.044103 -0.070612 -0.091407 0.078303 0.038295 0.056756 0.077287 0.016576
 0.018505 0.043410 0.075948 -0.001089 -0.016649 -0.053678 0.090306 0.047627 -0.057272 -0.090988 0.080763 0.009679 0.001633 0.004285 0.075744 0.084185 -0.017815 -0.096225 0.015156 0.080985 0.046341 0.085499 0.014234 0.089410 -0.022117 0.006931 0.021793 -0.068341 -0.019671 0.020594 -0.093370 0.056641
 -0.037458 0.097432 0.013993 0.081750 -0.046791 -0.040807 -0.061040 -0.017092 -0.010826 -0.039130 -0.088006 -0.071002 0.034706 0.089045 0.012289 0.085756 0.067439 0.051977 0.022695 -0.056428 -0.010558 0.062286 -0.035491 0.053148 -0.007929 -0.034261 0.072019 0.081063 -0.082052 -0.095762 0.048353 0.011772
 0.066270 -0.011349 -0.033486 0.064883 -0.097135 0.067081 0.039674 0.010755 -0.020918 0.003323 0.049114 0.016590 0.018151 0.012296 -0.076487 0.040134 0.019406 -0.013604 0.094217 -0.053485 0.053167 0.028808 -0.072283 -0.093553 0.098273 -0.072647 -0.081278 0.068100 0.081317 0.038581 -0.009374 0.040845
 0.015616 0.028259 0.036233 0.008771 -0.023033 -0.062208 -0.089015 -0.073528 -0.083476 -0.056758 -0.027337 0.027043 0.069545 0.068829 0.019892 -0.061460 0.024642 0.058487 0.008609 0.095077 -0.075306 0.017662 0.001918 -0.097756 -0.011579 -0.009544 0.064504 -0.057857 -0.017417 0.088617 -0.007824 0.013671
 -0.033222 0.014337 0.026061 -0.034663 0.094575 -0.068208 0.029018 0.039344 -0.021796 -0.069641 0.013801 0.046802 0.049582 -0.090651 0.055958 -0.009625 -0.067258 -0.001797 -0.001959 0.054288 -0.077651 0.075888 0.006965 0.006124 0.019069 -0.005788 -0.011897 0.025742 0.004398 0.078006 0.027882 0.091905
 -0.035452 -0.013881 0.021708 0.043505 -0.054958 -0.060782 0.035291 0.059800 0.031991 -0.004306 0.092896 -0.046975 0.098893 -0.050394 0.009088 -0.088969 0.026844 0.046222 -0.095378 -0.026913 -0.090726 -0.089329 -0.072180 -0.082080 0.090043 -0.005601 0.066084 -0.084888 0.068115 0.040748 -0.065956 0.042125
 0.031702 0.046694 0.035870 -0.026354 -0.032861 -0.094864 0.060022 -0.009690 0.045619 0.076435 0.024319 -0.008938 -0.095344 0.009212 -0.043231 -0.082282 0.026249 -0.027492 0.085739 0.026689 0.003150 -0.084740 0.033780 -0.015278 0.082627 -0.036009 -0.001365 0.003691 -0.078941 -0.012573 -0.083576 -0.007059
 0.097163 0.057982 0.071002 -0.014274 0.058093 -0.084227 0.004155 0.097062 -0.017767 0.054988 0.080842 0.068049 0.084366 0.092125 0.059463 0.079383 -0.029461 0.055661 -0.024231 0.071730 0.024307 0.091088 0.054803 0.005871 -0.098697 0.043058 0.027876 -0.041071 0.034626 0.091230 -0.034878 -0.024044
 0.049535 0.030721 -0.025191 0.078282 -0.037861 -0.098004 0.009181 0.053623 0.006066 0.078984 0.067493 -0.069561 0.018957 0.043201 0.088307 0.030883 0.017800 -0.030510 0.011327 -0.095191 -0.061807 -0.058273 -0.020376 -0.045149 -0.060068 -0.024453 -0.090392 -0.007721 -0.036436 -0.091583 -0.047425 0.027973
 0.040871 -0.000502 0.057080 -0.055833 -0.072905 -0.023243 -0.077539 0.085724 0.067639 0.022986 -0.059595 -0.084154 0.043433 -0.057839 0.086918 -0.049450 -0.088996 -0.092725 0.038755 0.077451 0.006197 0.061531 0.075758 -0.069296 0.001790 0.063289 0.042474 0.017483 0.057185 0.067281 -0.060585 0.059623
 -0.092095 0.097947 -0.033993 -0.079806 -0.008124 0.043531 0.019986 0.061739 0.085530 0.085571 -0.005391 -0.037674 -0.053851 0.000388 -0.028355 -0.094737 -0.076783 -0.059867 0.027935 0.004220 -0.003310 0.010565 -0.086342 -0.064348 0.071493 -0.030347 0.012773 0.050333 -0.030890 0.070640 -0.035129 0.076741
 -0.098988 -0.082367 0.085275 -0.046808 0.060655 -0.034725 -0.010258 0.090333 0.097610 -0.024701 -0.028502 0.022696 0.031162 0.056505 -0.084780 0.025192 -0.012276 0.064322 -0.009000 -0.030077 0.074497 0.097259 -0.073955 -0.056349 0.040320 0.096489 -0.086872 -0.021966 -0.053723 0.039592 -0.001713 0.080766
 0.019254 0.002108 -0.017664 -0.041722 0.064797 0.037287 -0.045599 0.065665 -0.033139 0.055132 -0.041578 -0.028126 0.048095 -0.039397 0.008660 0.018873 0.079831 0.024380 0.042772 -0.034493 0.012572 0.034904 -0.031131 -0.081565 0.091482 -0.091745 0.047321 -0.006961 0.096768 0.031783 0.005536 0.082506
 -0.001851 -0.077668 -0.038535 -0.098408 -0.095240 -0.053253 0.041707 0.093093 0.075647 0.057246 0.096873 0.087595 0.068066 0.072973 0.027716 -0.043629 0.023964 -0.031619 0.027095 0.042671 -0.022047 -0.050392 0.067266 0.021022 -0.085544 -0.088541 -0.069495 -0.028218 0.096067 0.018492 -0.017215 0.002876
 -0.012546 0.060789 -0.028667 0.041164 -0.084811 -0.086799 -0.094190 -0.092252 0.006367 -0.048229 -0.067458 0.068528 0.078361 -0.057762 -0.003852 -0.000779 0.028359 -0.082719 0.083254 0.019558 -0.004523 -0.010815 0.026837 -0.089083 0.095015 0.087019 0.019503 0.082550 0.035305 -0.029132 -0.050714 0.044370
 -0.047842 0.071915 0.074005 0.078593 -0.000472 0.029661 -0.028027 0.058888 -0.015955 0.082012 0.067617 -0.025315 0.076466 0.003037 0.093814 0.030137 -0.030025 0.086789 -0.081771 -0.016821 0.048804 -0.005070 -0.094234 -0.067125 -0.077277 -0.058307 -0.043395 0.069444 0.018426 0.064921 -0.019539 0.046968
 -0.042477 0.034339 0.070547 0.087050 -0.076563 0.062988 0.067320 -0.064488 -0.029912 0.030429 0.022707 0.005578 -0.028798 0.050044 -0.006265 -0.007861 0.018209 -0.046557 -0.043151 -0.039589 -0.024020 -0.018161 0.007136 0.021383 0.077676 -0.013567 0.043712 0.087444 -0.022223 -0.084906 0.005061 -0.071831
 -0.016689 0.089559 0.014432 0.087837 -0.027798 -0.022355 -0.048470 0.051226 -0.078463 0.028482 -0.007997 0.014325 0.082350 0.047381 0.057054 -0.045520 -0.050018 0.083812 -0.034634 -0.014221 0.087735 0.092791 -0.098465 -0.074798 -0.019901 0.034177 0.077573 -0.083105 0.077664 0.013345 -0.061467 -0.065523
 0.040205 -0.024355 -0.020520 -0.013612 -0.024987 0.002811 0.071783 0.069760 0.040874 -0.049627 -0.033768 0.018305 -0.084939 0.094343 0.025873 -0.023868 0.095162 -0.062534 -0.020707 -0.099105 -0.051640 -0.006170 0.060815 0.003596 0.031103 -0.031259 -0.005053 0.029955 0.086459 -0.003232 0.053647 -0.027101
 0.079795 -0.071476 0.072354 -0.080912 -0.023468 -0.075104 0.070472 0.058691 -0.061657 -0.015592 0.091364 -0.002547 0.063484 -0.059646 -0.048549 -0.038634 0.071340 0.020636 -0.074041 0.041740 -0.006129 0.042061 -0.079637 0.031675 0.081364 -0.024628 0.001411 -0.017076 -0.059692 0.079700 0.018341 -0.003678
 -0.034075 -0.023155 0.065929 0.093382 -0.071146 -0.060046 0.080939 -0.014685 0.095639 0.033761 0.099652 -0.081206 -0.094459 -0.047706 -0.092255 -0.056248 -0.056908 0.002436 -0.001847 0.021921 -0.027498 0.069620 -0.071273 -0.071681 -0.019094 0.090253 0.020333 0.091038 0.003460 -0.052776 -0.029396 -0.045959
 -0.012622 -0.017568 0.000234 0.071075 0.019193 -0.040004 -0.066755 0.020989 -0.023837 -0.025970 0.027177 -0.019809 0.053464 0.026391 -0.044258 -0.084755 -0.023841 -0.091349 -0.057470 -0.028275 0.087321 0.004158 -0.092670 0.049295 -0.059839 0.085463 0.000408 0.085292 -0.013883 -0.097305 0.048582 -0.061643
 0.035165 -0.085154 0.062214 0.080292 -0.006770 -0.031831 -0.090500 -0.033260 0.071878 -0.007559 0.095427 0.099315 0.028258 -0.021780 0.026137 0.072921 0.078128 -0.094067 -0.030463 0.017255 -0.065107 -0.042458 -0.042919 -0.045870 0.027307 -0.030799 0.041820 0.039755 0.007244 -0.049014 0.032943 -0.016110
 0.014925 -0.005965 -0.046049 0.094661 0.011191 -0.070562 -0.030820 -0.064959 0.063782 -0.022319 -0.053591 -0.062347 -0.072208 -0.061044 -0.009104 -0.000757 0.044565 0.007281 -0.076216 0.067812 0.086316 0.044251 -0.041722 -0.087244 -0.086296 0.093900 0.076430 -0.027902 -0.036008 0.029222 0.023947 -0.062144
 -0.021518 0.020297 -0.002589 0.030681 -0.096089 0.033925 0.003054 0.031339 -0.016254 -0.016717 -0.036481 -0.045320 -0.097867 0.053345 -0.032763 0.032470 0.010021 -0.038591 -0.082705 -0.050907 0.037277 0.014293 0.069673 -0.099461 -0.060617 -0.094258 0.052681 0.090802 -0.026834 0.073573 -0.043225 -0.003209
 -0.044289 -0.067737 0.082957 -0.096675 -0.027742 0.049161 -0.051331 0.045628 0.019559 -0.037496 -0.094225 0.077781 -0.043657 -0.071987 -0.030523 -0.087167 -0.089077 -0.025557 -0.018096 0.048446 -0.059067 -0.085158 0.090797 -0.057022 0.021897 0.016652 0.092481 0.001182 -0.095429 0.010004 0.071190 -0.086964
 -0.028790 0.032774 0.028391 -0.099811 -0.099797 -0.025758 -0.034371 0.018374 0.092045 0.054127 0.086385 -0.003634 0.082469 -0.010819 0.083283 0.006768 -0.016695 0.061861 -0.054658 -0.022733 -0.028258 0.081832 0.013848 -0.003912 0.016612 0.008837 0.027963 -0.053732 0.044027 -0.087373 0.093925 -0.028290
 0.066258 0.005604 0.036054 -0.000256 0.030155 0.064465 0.014763 -0.096866 0.004906 0.069377 0.063509 -0.071208 -0.078034 -0.022024 0.059262 0.007859 -0.023836 -0.045389 0.025830 0.015492 -0.048082 0.063168 0.013641 -0.066824 -0.059408 0.099384 -0.062321 -0.086540 0.046788 0.096508 -0.027150 0.023593
 0.094759 -0.081870 -0.088992 0.024415 -0.063697 -0.013852 -0.089218 0.062416 0.057529 0.019229 0.025197 -0.054157 -0.002439 -0.048351 0.078756 -0.032409 -0.007532 -0.099416 0.011503 0.023009 0.052555 -0.030179 -0.027887 -0.036180 0.062888 -0.036751 -0.089800 -0.025155 -0.089507 -0.065971 0.017952 -0.002485
 -0.036369 -0.065405 0.028131 -0.041302 -0.068148 0.043465 -0.063297 -0.073669 0.049341 -0.065086 0.040467 -0.056298 -0.015776 0.098273 0.084996 0.070106 0.024677 -0.077227 0.021665 -0.078543 -0.043358 0.077069 -0.086592 -0.035063 0.047770 -0.096300 -0.057008 -0.053531 -0.067177 -0.025481 -0.012606 0.065140
 -0.060186 -0.044058 -0.012736 -0.082434 -0.038133 -0.088483 -0.004495 0.021010 0.073934 -0.064335 0.089496 -0.094840 -0.058475 0.030952 -0.015074 0.034519 0.036163 -0.013767 0.010503 -0.065722 -0.069838 -0.067371 -0.027426 0.010624 0.061757 -0.091632 -0.000094 0.002945 0.084964 0.083886 -0.007866 0.017915
 -0.058960 -0.033420 0.074802 -0.019035 -0.016646 0.023835 0.068694 0.025819 0.022597 0.001192 0.002964 -0.038823 0.039528 0.075310 -0.074160 0.054036 0.089327 0.070641 0.025285 -0.067094 0.031796 0.078772 0.093556 0.058599 -0.017942 -0.017203 -0.096070 -0.096274 -0.035104 0.040216 0.016597 -0.037245
 0.025282 0.064497 -0.041615 -0.037374 -0.011275 -0.012717 -0.078804 0.019020 -0.052259 -0.006733 -0.007507 -0.052790 0.056021 -0.017034 0.052708 0.055356 0.075689 0.017386 -0.077741 -0.064545 -0.085219 0.088652 0.013882 0.005977 -0.032631 0.056987 -0.097041 -0.059889 -0.002050 0.069892 0.011438 -0.045842
 0.056507 -0.053205 -0.081846 0.008564 0.061133 0.085333 -0.081186 0.058427 -0.067218 -0.005057 -0.004812 0.002348 -0.099142 -0.001377 0.060983 0.033322 0.025322 -0.063768 -0.020163 0.020044 0.028983 0.064833 0.084140 -0.014345 0.018563 -0.083959 0.044238 -0.025011 -0.041801 -0.052753 0.075988 -0.090984
 -0.093371 0.036787 -0.017639 -0.083901 0.069550 -0.007193 -0.063670 -0.048700 -0.008914 -0.068798 -0.027967 -0.085912 -0.028255 -0.068682 0.035770 -0.092506 -0.050621 0.034704 0.036479 -0.089315 -0.014995 -0.004798 0.088910 -0.084876 0.008081 -0.073286 0.039866 0.069640 0.041405 -0.027203 -0.076971 0.014456
 -0.057390 0.075144 -0.068282 0.004018 0.061915 -0.023958 -0.042555 -0.040099 -0.088749 -0.066376 0.010201 -0.087431 0.057326 -0.029791 0.042657 -0.094921 -0.040889 0.015333 0.009498 -0.048432 -0.050704 0.093261 0.063506 0.005615 0.096388 0.097934 -0.079655 -0.083368 -0.096275 0.010922 0.034214 0.014681
 0.073940 0.019064 0.048442 0.051809 0.051450 -0.096429 0.013555 -0.029151 -0.071542 0.043117 0.017453 0.081726 0.071753 0.014582 0.097884 0.092374 -0.088662 0.083535 -0.037273 0.023268 -0.037302 0.027788 0.018342 0.081092 0.096050 0.033445 0.000505 -0.066323 0.019087 -0.097180 -0.089044 0.051367
 -0.083123 0.014224 -0.037384 0.099534 0.056230 0.095219 -0.042776 -0.062503 0.035228 0.042017 -0.063004 -0.057077 -0.032945 0.086504 -0.006913 -0.072853 0.074176 0.068885 -0.096416 0.035125 0.008303 -0.055346 0.039484 -0.075237 0.074784 -0.016110 0.089385 -0.087972 -0.088940 0.056991 -0.099069 -0.042104
 0.040433 -0.097439 0.016140 -0.098974 0.004842 0.036880 -0.025366 0.093044 0.080816 -0.048879 -0.067513 0.020960 0.085872 -0.088576 -0.030947 0.034014 -0.069818 -0.027406 -0.005184 0.043110 0.008900 -0.020449 -0.078432 -0.091383 0.075857 0.081836 -0.065801 -0.068075 -0.016214 -0.033546 0.024108 0.013588
 0.084980 -0.085163 -0.048369 0.089216 -0.089364 0.059610 -0.021635 0.081227 -0.049477 0.073083 0.046821 -0.066061 0.099021 0.097734 0.081827 0.050528 0.031452 -0.024077 0.001056 -0.036975 0.038924 0.038390 -0.026660 -0.081722 0.076669 -0.040484 -0.010689 -0.076801 0.088345 0.077031 0.003631 -0.004422
 0.042991 -0.095741 0.072901 -0.008350 0.023829 0.049727 -0.061218 -0.082161 0.018515 -0.078328 0.094897 0.015577 -0.099602 0.088923 -0.011907 0.083766 0.022181 -0.041460 0.031187 0.043207 0.014266 0.093227 0.078828 -0.030049 0.004159 0.051098 -0.058090 0.064968 0.004311 -0.033981 0.075373 0.009973
]
Total memory size for keys: rot_key_cnt = 1617, rot_key_size = 478144920792 bytes, total_key_size = 478612586224 bytes
Total memory size for weight plain: cnt = 104, size = 1795169600 bytes
RTLib functions         	       Count	      Elapse
--------------------    	    --------	    --------
FINALIZE_CONTEXT        	           1	   13.390484 sec
PREPARE_CONTEXT         	           1	 2185.501980 sec
ENCODE_ARRAY            	         675	   86.450773 sec
ENCODE_VALUE            	        1091	    4.910474 sec
NTT                     	      423933	 1083.401414 sec
INTT                    	       55774	  156.627101 sec
MAIN_GRAPH              	           1	 2251.232014 sec
 HW_ADD                  	      445001	   68.141843 sec
 HW_MUL                  	       22138	   13.991377 sec
 MULP_FAST               	       69204	   70.520660 sec
 HW_ROT                  	      151140	   30.641988 sec
 COPY_POLY               	         118	    0.122195 sec
 EXTEND                  	        3796	   10.736135 sec
 PRECOMP                 	        4128	  262.171833 sec
 MOD_DOWN                	        1043	   82.317373 sec
 FAST_DOT_PROD           	       10780	  128.738461 sec
 RESCALE_POLY            	        1767	   61.652541 sec
 COPY_CIPH               	         185	    0.310383 sec
 INIT_CIPH_SM_SC         	       44269	    3.391013 sec
 INIT_CIPH_UP_SC         	       35283	   11.356733 sec
 INIT_CIPH_DN_SC         	         708	    2.656872 sec
 BOOTSTRAP               	          12	 1443.149537 sec
  BS_SETUP                	           1	   82.740889 sec
  BS_KEYGEN               	           1	  128.478862 sec
  BS_EVAL                 	          12	 1443.149516 sec
   BS_COEFF_TO_SLOT        	          12	  574.036829 sec
   BS_APPROX_MOD           	          12	  472.410521 sec
    CHEBY_1                 	          24	  252.401632 sec
    CHEBY_2                 	          24	  148.624328 sec
   BS_APPROX_MOD           	   sub total	  401.025960 sec
   BS_SLOT_TO_COEFF        	          12	  371.266123 sec
   BS_PRECOMP              	         564	  268.902104 sec
   BS_MOD_DOWN             	         348	  122.682861 sec
   BS_DOT_PROD             	        2388	  162.689532 sec
  BS_EVAL                 	   sub total	 1971.987969 sec
  FAST_SWITCH_KEY         	        2388	  162.695203 sec
 BOOTSTRAP               	   sub total	 1817.064471 sec
 PT_ENCODE               	         403	    6.523295 sec
 PT_GET                  	       69249	   52.873503 sec
MAIN_GRAPH              	   sub total	 2249.295742 sec
Total (non-bs + bs)     	       Count	      Elapse
--------------------    	    --------	    --------
PRECOMP                 	        4692	  531.073938 sec
MOD_DOWN                	        1391	  205.000233 sec
DOT_PROD                	        2388	  162.689532 sec
4451.11s 503479056KB
Exit 0 - Check log: /app/ae_result/hpao/vgg16_cifar10.all.log
LINK_EXEC RETV:0
LINK_EXEC CMD TIME:4472.234378s
